; Map created with FinalAlert 2(tm) Mission Editor
; Get it at http://www.westwood.com
; note that all comments were truncated

[Header]
Width=45
Height=45
StartX=233
StartY=30
Waypoint1=239,65
Waypoint2=268,38
Waypoint3=0,0
Waypoint4=0,0
Waypoint5=0,0
Waypoint6=0,0
Waypoint7=0,0
Waypoint8=0,0
NumberStartingPoints=2

[TerrainTypes]


[Preview]
Size=0,0,100,50

[PreviewPack]
1=JhIAIAAGoKStpKixpKixen6KeX2Kk5agpKixmJulSwCgo6xIAEABSABAAUgABqSosLK1vb
2=i6wUwEQAdIAEABSwB7gIxLAHh8iEwEUAVIAEABSwCEiJQwjABcBSdcAGoGpK1YAQODh5N4
3=fYlAATC8AFwIQApIAEABSABCAYSIcAWdCJO8DkwBQAdYB1wISwCjp69YAVACSABABEgAYg
4=2jrEwHSABQCEgAQAFIAEABSABABye8AEABSABAB0gAQAFIAEABuAcADKKmrp2gqW1xf5aZ
5=o3F1g6OgUKSZTJ+ZS6WYRrmpVKABVAlYCkgAQAFIAFglSAAzxAQBgYWRn4QsKvcBmJylpA
6=5QDioUA1ACSABTAqers0ABSABMAUgAQAFIAEABSABACqQjXA5AAVgHUAUwNAQnXABAB0gA
7=QAdIAEABSABAAUgAXAgn/AJAAUgAQApIACqcAlAFSABQBUgAQAFIAEABSABAAUgAoAFUAA
8=+unk2jpa5NU2QkK0CKjpmQjUZUAAOho6yej0lYJUgASCdEC0gMSABAAUgAWCVIAC3HBH2B
9=jS3sCQaeoquDiJOanqdbDZufqF8dpqqyTAFIAFwOSABAAUgAQAFIAIMBsLi7fFZQOEAZWC
10=JIAEghiQOxrAQCkpagpanMASpcACosAFgQJxwBJ8wCVA8njAlQCyq8AD8sAFwRdhuZTExJ
11=WCJAIkgkCaeaTJ+gTmNod2lufFcDj5OdSANYJUgAQARUJEgPSABAAUgAWCVUAEgYSABYDU
12=gAQAGkVqwBWAFYE68BfICMQB9IDFglXwKcoKlIA1AFQC5ABFAR6QCvUCO8R18CmJymVAZU
13=LUgkWAFAB1AvQAFIAEwBiAArZBDwCAGutbi/J5wCKmQEUAsn7ABAAUgAkQixQAFIADksAL
14=QDfB3nJpyRR1ACBo+SnaOmrjtBVFAmBnt/i5udp62aSUgqSABLJ6mmT1gQTzenqrNAGVwF
15=SAAnlAEGl5qkhYiUm56oUAJIALwCSB6sAS28ACd3DKSnsCpEA1AFSACsB4AB3E1DVYKGkr
16=wCJ7QFXBdUNlAjUAhMJUwTSABQAkgAUBSUADocCiccAbQ2mA0uvABMBC5kAfCVTQ2pmIh0
17=EgWnr2ZreUJIWlwmCZqdp7yhS4WJlISHk0wQRBRIAEgMWARIDEgAQAFMxEAiQKADn6KrqK
18=uzVBUwjABYBEgPUCNEBS1UF1AISABABEgAQAFYBKgAUAhIAC2sAUwEJ7QFXBFYFkgAQAFI
19=AEABSABAAUA6XAhIAFAFSABAAUgAQAFIAEABSABAAUgAJxwBSAxQAkgAUAJIAEABSACgAX
20=QAKY8YtZdKWG1IAERuSAMJjpGcIig+SlBhiIyXRL8Gr59JqpxMfoKOXCZQv0CdUBFIGK86
21=uLvBWApIAAOhpK2lqLBAAbgcob6AgwCsq4BcAkgAUAtAbUABSABMAUgAQAFIAEABiQCwrA
22=pECEgeSABADUgATA1JALiM8agDUAJIAFgurAdQelAFWAEwFAZMQ0BwUA5cC1AFSABAAUgA
23=QAFIAEABTAdEO1QJTAFIAFACSABAAUgATA1cAkQLSABAAUgAQAFIAEABQG1YJUgARCYDXm
24=NyoqStRF8DYmZ1io2YWCVQv0pyopRk5qwESAZAB0gAoBlIDFALqABYFpAkKxMAn6RfTARM
25=EKgAjAHUbFQGXAhACkgATAeJA7FUGFACWAGkIFgoWAFABEgAUAKsBEgJQAFIAEABQCJAAU
26=gATAFIAEABSABAAUgAQAFIAEABSABAAUgAQAFIAFwOQCVQUEgMUAJIAFACSABELEhOeD0j
27=fCVEDkgPSABAAUgAQAFIAEABZiaXS6yUDBQUFIqNmZ6hqnd7iKCiq1u+am98QLVMBFRyXA
28=VIAEgGVABIAEABSIdIDycgAyukBJABWBlEEUgSUBFUCUgVIAwEBLQnSAxUG7wIKpwUW6OT
29=l6G8ArzvSOdQAlcejJCaTAEn3AFMYUgPrBZYFkw9SAC8VkwESAOoAKAEJzgDtA+wAlQGQA
30=FIAEABSABYJaxJWExIb1AjWLsDJCtAWl9vQHNYdlwCUwV0eIVQwlwFTAFYCkA0SABEDgaa
31=o1WxrJ6rqYaQJHAAVBhUtEgtrOJA4kgAQBCsB1QASABAFkwHSABQBUgAQAFIAEABSABAAa
32=gYej2jrFgBUAItnBRQhkgAUO9QI1BirAS8EawBSAZQDkgAJ9wBWBZcDkgAWCVAN1g9VAxQ
33=AkgAUAIn1ABAAUgAWAdAB0kDhCNsLEAETAFIAEABSABAAUgAQAFMSVMFkZWfV5aho6xYKF
34=uaen6LTxOnqrJPAbGzu1g9TARACqgAKiwAAZCUnqCcWaQXUyaDiJNQJifYAkgMQEaVALFf
35=WZygqVxBWCK0J1wXqABYMbwISAxDAZ2hqiFoIbykWAFQAkgAWDEnLABAAbQ5XAJMAUgAQA
36=FIAFwOvJgqlBm8ILwdRBHCAaStJ9QATBBAEEgYSABECEgASAakBdIFo6xASUyUSABPSZGU
37=niEEK1Pdj5OdUBRLAKSmr1cAkJOeVHVIG0gAUAtIAEgSUAtICawBWAFUIVg3QARMAVw+VA
38=CoAFgiJwwCUAVIAFwCUHRYN7wRWD1QEUgAVAlYB0AESABMBEAuWBZQI1guWAFLMP8AAKgA
39=QAREOC00B0wEXAJIAEABSABAAUgAQAFIAEABSABAAVgfQA1IAEwNpAJQAkw3A46SnIKHkl
40=gNUAJXA5KVn1wCWBNQF0w6UAVQAkgAQAFIAFRySABATEQmQAcAA3V5hqSnr5udp6OlroeK
41=lmtvfXN3hSe0DrQbpCBMClwLSABAAUQRWCV1CagiPCNMEKwNrFJESkgAWARQBUgAQAFIAF
42=wRSABAB1QGUBFIAEABK8YEh5NQBUyUtCQqFABQOEgAtDlMBEgAQApIAEABXDhIAEyXTAFI
43=AFACSABEArwLSAxAAXAO/EpMN1ACVBUMV1xsUldnVVpqYmd2hIeTXAJEBUgAVANIAEABSA
44=BAAUgAbhmZTKQmJ2cEZWp4TE+nKZyRR1AFSEhYH7QwJyQCQAFIAEgSULxAAUgATAEqrAEq
45=BARIA0AESABAAUgAUBRID0gATBBIMCdcAEABSABABKxMJ6AEUAKkdEgDTAFIAEABiAAxZC
46=JcDlQkWFhIcpwLJYQ+J9QAQAFIAFsHjZGbWFhMFgNgZXR4fIlQy7wCVCpME0gAWAdIAEQg
47=VACoAFyVuwGtmklPqSUsQSEYPiLIQiYsMExPXEdIAFgQSAxAClARSAAqHAdY1lwCSABABE
48=wNKgQEXNe8AkgDVAasDUgPQAFYBEgwXAJABEgAQAFIACe0PkgDUFC8AkwBRH2sAUwETFhI
49=A0ANvAhICUABSABIJKyXXAVAASe8AFAFSA9YAUgAWAdIAEABSABAAUu0rK62rAFYAaABRA
50=tIACdYAUQLTAGoAEwBXEqzmJaZo0RxXJhA5VguWyufl0tATEjnWCUwfBlAKFwLSABADUQm
51=J9w3WAEqLABIFSesAUABRA5YGUgAQAdIAFAFSABAAVRvXB1IlkwBSABQAkgAQAFIAEABSA
52=BAAUgAQAFIAEQgSFSkjFguJ1wAQAFJD6UshD5QAkgGSABAAUgAQAFIAEABD7m0nrixpKyr
53=gKyqe7u0qLi1nbwCSANAAaQmQBZIAEwWVABIAEABXEpIb0gAtHJAJQR2eod+go+1LCwwJ1
54=QFSAZDB4eLlkR9KsQESAyADSLkL6wBmAElRCpIBkAHKpQERCwnLAlAW1wOvAVPB2hte1tJ
55=hoqVWKlQAkgAUAJIAEABSEtYZ0gwSIRQOEAQvAJQwkh4sAhYBFACSABYBEgqWARIACekAF
56=QDJDgkIhgk7gCyqtT8VAaoDFglQBZYFqgAJywAQAFIAFslvKFLIbQvBn2AjWtwfmxwfkgY
57=Qyi0n0qo5EwBQwSmqbFEUAObnqh+go5c5kKvuLoilDRAE6gASAlcEVAOSABcDlhAXA5MAU
58=AWSANAAUgAKoQOUAVIAFACSABQC08Em56nTPQDkpWgu73DXAsBqauzkCbEIkwEQApIAEwK
59=RAUqTAGgJUAESAAn3QGgI5wjpAW0Y6yI8CQoHQCaI9xATAeoAEhXVCRAB0gAQAFIAEABSA
60=BAAUgATLtMSVQhXG5c6QNhZnV8gI1YIlQGSOQDjZCbqay0VOcDf4KOiYyXVCRYGUt1nJ+o
61=T3+oqrNc5i2sB7wUSA9IG0gAVBtQxVACSABQAkgAQAFIAEABSABAAUgAQAFoAAinr6Omr6
62=Klrbm7wlACpXSaIzxNWAFiBKixJ1wStMxIVEwlLRQPRBcndANAAUgARBSUAGT4VEukJSbs
63=NiABvDZUJEgARAhUAEC+SHIqPB0Df4KPRktdJwcrj5KcIXsmiIyXIecjbnOAIXhWWGRQQU
64=wHvA5cCEw9SABQTVAaSBtIAEABSAADpaewf4OPRCBMASfcB1gEVFFYB0AHTAFQBUgAQARI
65=AFCPrAFTa3d7iCFoJFh2XAJQAkgAQAFIAEABSABAAUwEQAFIAEwBSAAnTAGkAlALSAxQm1
66=CASACwAlQJXC9UDKicSHtAT1gEUAVIAFAFuARUCUABSABAAVg9QARIAEAEMDwdW5Sunk1Y
67=BEskaW18IXBMW0mKjZghiCJQ5lgfQARIUaAltABcCMgAnF9MB1gBWE9LDGxxf1QATAFYUl
68=wCUE1IAEAQQARcAlA+QE9cAkATSABAAUgAQAFIAEABSABQmCcsAFAFM0QGJxQGrApQC0QL
69=SABYAVALJ/gApCZUD0ABRAtcAlgrSABcmyewAC3sBlQDqANICUABSABAAUxqXOmsAVRyQG
70=28TUxzTHAnByusnk+s5VjlUAUnoARUGCdXAqirs1giBnR5homNmHp+i1dReX2KSN5Ie1gT
71=UBRIAEAWSABQGkgPWB9UAFACSABABFgTSACkjLS3TEBcAkgAQARIBlwFSABQGlgBTKAn7A
72=lACkgAQASkBUwKRBSkBVAFUAJYCkgApAtIS0QsXEpMBEQFSwB4fYlMAVwUQAG8BUgGSAxA
73=ClwCSABMBEgAQAFIAEABSABAAUgAQAFIAEBtVABAH1CtJ/xoQHZEwkgAW76lmEYnsABEBU
74=ATvAtIDEy1VF1AdgOUl6F+go68AkgwQwF1eodIflijSBtIAFARvCxIA0AHXBdEL1QJTAFI
75=AESSvAJMAUABoBxEQW4No6xQAkgAKowAQApAIlQSSABQCEgAQAFIAEABVKsnlA28d1AFTK
76=C0n1wIZhGrs0QCXBRIAEQCWA1MBFwCWAdQCEgAQAFIAEABSABAAUgATL4nNARcHSf8aFCY
77=Q3NNU2RQRyeAAKQmJ+wAJwcQuLrBdC0nVA4CpK2mqLFIfkx5RxFZXm0hCy2Eh5NME1AgQB
78=NIAEwTWAFQF1hkUAIz9BZQF0C4WCWkLEhLUAUqhBdAB0gJVBhIEkgAQAFIAFwvWCtIEmoD
79=pK1XUYqOmSrUAF8Cl5qkSAlQ2kABUAhIAFACSABYDVAsSANITkAKSABACkgAQAFIAEABSA
80=BUIaRxVCEn9A1MAVCYQ3NARlghWFVMBEgAJ4wJWwSilExYnVAISABQCFgTQD2sDVwOfuym
81=r0h+A2BldJyfqSc8AlQnXBdMr0wEUAK0JFgZTAFYHEBnvAJICagAQAqIA3TbQAFIAEAESA
82=BUA1goSA9IAFQPSABAAUgAQAFIAFglSACwBUQFRAtYAUQURAJIAFsHjZGcIYgurAFYAUwE
83=QA1UJEgAUAJIAFACWExACkgAQApIACcgAKwBuAFDIrSfSkhLJIRHUJhAHEgAWAdYJUgAQA
84=RcmECarAFUKkAHXBFAQCqsAV8Fn6KrvA5MAUAEoBZMAVTtQApLAHt/i0AESABQAlRyQARY
85=VVBoUBcqvABABCdcCUxSSE5AGVACVAYq5AItLABICVwITBO8AlQAWCVIBrivtABUCVhJWC
86=5QF0AKSAAkoDpAAUwHSABIA7goUE1QDlQJSABICUgAKlQOWHBIS7zjSCdYAbRyUFADoqSt
87=foKORGtYJSQkNUwHRB1JALgj7F1MDVQbvEdcEdYbo6xABEgArARQAlgEUBdIAEABSABAAb
88=wRJ3gCWAq8AkgDQAFIAEABSABAHEAZWBZIAGwEI4RipLZYAVACSABAAUgAQAFIAEABSABI
89=D0gAtA9ICUQIqABABEgACKCjrLi6wXuAjKCkEQAAnA+YGgmtpKixfYGNhIiUoKRsAVgBQA
90=EJkpagpamxeHyImJulSwCgo6xLAKSZTEgAAAOej0mlmEaOkpx1eYakp6+bnadpbXxYAQAD
91=QEZYoaStk5agkJOenqGqtZdKvKFLJ+8AsrW9SABEC18LgoeSSwCTl6FPAXuAjEgAQA1cC0
92=AESwC4usFcAkQFSABAAUgAQAFIAEMBp6uzQAFIAEwBSwCYnKUnLABAAUgAUALWAKOsSA9T
93=GoOHk0gASAxIALQMJ18AeH2JQAS8BUgDSA8Gtbi/pKewoqauTARIAEgSSABMBAOeoquDiJ
94=NDIpygqbwIUBRABwaYnKaIjJd8gIxMAQOdoaqanqdfCISIk6wETAdbJZ+ZS0gARCYJrJ5P
95=n5dLnJFHqaZPSCcJo6WugYWRa299jZCbSwOilExMBFAOqABMB1wRSABADVAaWyWChpJAAU
96=gAUAtIAFgETARAFlgTQAFcAgasqnuyqp6fpF9MAUATSAakLEwBWBNQAkgAQAFIAEABSABY
97=HEAHXAgDpKiwp6qzVCRIAwOQlJ6anqhUAwGjp68UgAAtzwWgpK1IAEAERB1MB1QPQAcqJA
98=VLA4qOmawETAFMHFgEQA1AGbACVBJIBlgTSABMAUwEWBlIAEAKWAREJgOQjUatmklAJVwm
99=SABYIgZ/go9GS11PVWWgJbgoXAJIAFALqABMB1glVAC0DFQAqAC8C0wEqRWA4wC0rpBABF
100=QDqABQEVsWpqqyWAFEI1wFSAlMFicsALAFUAJUDEgASANEBVACSABAAUAZQAFIAEwBWCZA
101=AUgATAFIAEQIqA9UHlACSABQAkgAQAFIAEABSABMBKQOXAtAAVwLSABIDCeAAEwERBRIAE
102=ANTAEnVAW8BUgGQAFAc0RuBqKkrX2AjX6Cj1gQoyWilkdUKkgAQAQnxARcBVA+XAtIAEAK
103=SABATKwBSAzwJCgcAAN9gY24u8FABEgAUAWsGVgWSQCfjG2sEFgKoAFUAEgAWAFIAEwZQF
104=VEayoEAVQMKjQNXAi8BSpUAkhRVFcn1AMnvABMClRsSFRQU0QRUEdIDFglSAxAAUgAbgGo
105=sUQaJ8gAsAtAB0gATwGjoFBAlFQhTAQDio2ZbHB+VHhIcgNNU2QkK0BEQVsltJ9KSCdUdV
106=wFSABAB1gKWB9IFUgALSwDJ6QEUCNcEUgAXFkqvABIBlAIpEFcZUwBSABMCkAKSAZAAVgB
107=SABAAUgAQAFIAEABpQiQ9HIt3AdQIEgJrARUeEgSSAlFGqDkuUgkJywAQAFIAEAESABYE0
108=gJQDdIDGgAnAVEMkAESANEF0gAUAusAUAEVCFIALxHTLsGfICNp5pMn6BOQCWkKViXoBZQ
109=BUgATAFIAEABRDJIHlgKUA5IAFQ5XDVcpFQAUAJIAFACSABQEVgEUwJobntAAbwCUDtAAU
110=gAQARcEUAKtABAAUQLSABAAUgAQAFIACfUAFAFSAZIAEABvAVIA0QLSABYGUAiWApUDEgG
111=tLpQEVAFSABcBUgAgQGwpClMAVQ2qABYKydcCVQYSANQBUgAJyAATAFcC0gAUA5QC0hvSA
112=BQmEgAA5GVn5GUnktLqKuzJxgFTE9QFwO5qVSunk1cBUwBVABIALQ5KVkBsCfcAUQRJywD
113=QARIAFAOSABAAUgAQAFIAEABTF5UdUABeAEvbA5AGUhsagOkraQgUJ5QBUgAUAJQI0ABrN
114=lYASovAHd7iFs0jJCaRyaSlqBIA0AEQA1bE6Kmr0gqWBMnFANAGVwCTBlMBIgAKBQDQAcD
115=h4uWhIeTXAJYJUgARCZAvkQjSACsTCpEIVjBJEQhSANcm1xxUAtIAEwNSABAAVQMKugBSI
116=02lARYBEgAUDtMEEgAQBBIAEAQVABIBqQCUBEq5AtcC1wCSABMBFRdQAFIAEwBSCRAB1BK
117=UAJEbkQCSABYAVACoARMAUABSABcAqRrSAZIJ0QsTARUDEQLUHdIGFgNQAFYAUQXWBOoBl
118=sBpqmxRJIDm56ofoKOU26lqLBICUgwSAZUA0gAWCVIAFgiTEktRCEJnaCpbHF/Zmt5eX2K
119=KowJJ+wAQAFIHlAUSwBobXtLGIaKlSE4J1cPnKCpWDqkEawEXA5cAkgAoAFUAEgAWAFIAE
120=ABSABYakwBSABMAVNKm5+oWCJcSkRlJ5AmtANDBJKVn0wBSABMAUS8QAFMDUgAKlwGVLFA
121=E0gARCZYBEwEKvQEJ/ACXw6prLQh8CkDf4KOiYyXVySPk51UAAacn6inqrKoqrNcLFAFSA
122=BYJUgAWCUqRCFeAqWndyptcX9DFqGjrFDCQARIAEgqXAVIJ6hOSGZYMUcCm56nSAwDkpWg
123=u73DRDJQ7FQ5UDJMqUwEXBRIAEAWSACgAVQASABYAUgAQAFIAEABSABAAagATAFA3EwBoB
124=xAAUgAUwJXXGxQCwNZXm14fIlQZVACSABcAkgzWBZIAFIRuLorRB5EEawEXCZMCkw6XAVI
125=AFACSABAAUsAj5KcTJEGZmt6jpGcbnOAXERQPmobpK1IMEgAQBlQC0gAXAtUIVgfBp+iq2
126=pvfVZba1wRQFIGp6mxY2h3aW58RBFIIVhPQJ2s5VjlQAdIAEwHTBNECwajpq+ipa25u8JA
127=EEgAQBBUBkAErF5MBFACUA5IAEABVAOkAqwBWAFAAQGipa6pWqansEwBSABTAoOIk0+R/w
128=AASABYAVDRVAxYPQNgZXScn6msBFwCQAFIAEwir0Cytb1UErwCpFy8TVyhQAG8AlwFQAGs
129=UidcAAaKjZiXmqSWmaNIRUAESBWoAFQYSABMCkgAQAFIAEABRCkMc3eEk5ahj5KdpqixpK
130=avo+U7QVRTJnt/iyG4NEydQ3NCSFpHApqdp0AHSABMBzDsA1gNXBGkhqAZXOlQAkQaQHNA
131=AVQDSABAAUxeTCJHNW1yf1NZYmd2SA9cAkgkLQgAXAVYBEgDQAFIAEABVHUn7AlUDExqRA
132=5cAkgAQARIAFACSD9IAFQPWChIAEgVXAJABKQpQCJMl0gSQE+8AgOsqnusq4CsPbQbQBxA
133=AUgAQAFIAEABSABDAbGzukhpJGAvBq2hTnZ6h2twfkwuUEdIVAYiKD5KUGGIjJdPAZSXoU
134=MxpZtNQAcqrAFYEFAOSABAAUgAQAFIAEwWSABAJaQCQBZAAUgASAMMp6qydHmGVFlpoaSs
135=foKOS42anaZQO1TzKqwEUAVIAFwFSABAAUiZRCxEOFQAWxyKjpm8m6ABrARcIKgAWBNIBl
136=ACYhCjrKwBWAFIEkgAUAKshSfTKLKqnqwESAMndANQwkwBSAC4BEABSABEJlRyQJRIAE+U
137=YmZ1I+wqB42goqteY3KhpK1DvoWIlCFcOUwlRBpQDqwNvAtYAYABKIQjmQGxXAJAE1ALJ+
138=QCRAJIA0gAQwGMkJpIMEgkXwujpq5QAlQhUyClqbFUvVSfQARAtSRUIFQDSAZUAEgGTCtY
139=BEyRUAtAAUwlXAJIAEAETEMtrAFYB0AKSANAAVBNSABMAVdRmqNVpCAqFABQCEgAQAQqrA
140=q0JyeYAFglSABTGp6PSVglSABEJlg3KjwmRBpIe0RiIhompK1AvkEBuJyqqDlUAEBeSABQ
141=AlgNUA5EAkgAQAFYAUgAQAFIAEABSABAAUgAQAFIlkABuGpYAUwBpCYqBAS8AkgDQQG4KW
142=w1WAFQAkgAQAFJAJwszEG8AlApQAFIAEAEiAAifCW7AayljCcEBCcgAEwEVANIAEABSABA
143=AUgAQAFEJieMAEAlWCVIAEABZiaXS7e6qaZPKjwmXDIDen6KmZylTARUw7wIRINAB0gATA
144=dIAFglQIJQAkAlsAJEAkgAJwwFWEZYuERoQAG/RIyQmlBE1gmosUABSABEFEgAQQGcJkwi
145=VAkn7BhItCpMAVgEUAVIAEBSSEtIJEwBUAKsB0QsJzACpBRIA0gATARcArAgWBNEAkgAUA
146=JIAEQdJywAQAFIAFACRCZMEEgAUAhIAEABSABAAVS6BqKlrm1yf2xxf0vedXmGTOtMAUi9
147=SHIklDRYT0BMvFBIBkAHSABAAUgAQAFIAEABtAxADSosAEj5J1wAJzQNUGVQSlkBkyMkTU
148=AESABAB0gARClAZ0hjUCBMAUgAWBZBCrIjFE5YHEwEVB60JEwEQQeQJow5QQegIzw4SAZA
149=BCcsAEA6SAawFEQvVAlQCEgAWCtDLp+jrFgKUAVIAFACSABAAVwFSABIA1QGSABIBkgASN
150=Vbr4mNmEQCSNVIhEA6UAJMAUwlR9dxdYMhnSaQIxVIojXsQlwIWAe0AKABMPQBQBBIAKQR
151=oAFMAVh/XB1QlUwBUAJIAEABSABAAVg9SABMASoHBKKmr7QnMBQVSAZQBUgAQQGiL5QiKv
152=QEQDFMBEgAUAVcnkAWSABQF6wWSCSoAFACSABcAkgAQAFIAEMBn6GqSNVMZFjfQElI1Ujh
153=Bnp+i3N3hUJIWkuZY2h3IeAqUAsnLABUJ0gAWHNcTVAISABcCEAEVA9AATbsBnwCJnBPsA
154=VEdLzdXTuMI9w3QJonvAlsASZMUlwFSABcC0gAJ/QETAFcU7wCSFSgAVwvUK1YZFg9TD0k
155=lCKoA1wFRL+sASQMJrgivEdIUUE3aCl8QEQsSBtQR0DlXBpMAUgAQAFcbkjVBq2jUIyQm0
156=VLXScIIUO7kZSeS5k7QVQh4CoqLABYJUgAJ8QERBFICaQOUA5IEkgAUAKsNzBcAEgDQARI
157=AEABKrwAWAFQR7wCTAFAAUAiQAREd0wBSABQAokAsFgWgAEBsZicpUzEQaOnOJQiTAQn7A
158=BAAbQkVABAE1gBXAgqvAlYAVACSABAAVwCXBFIAEgnRA5MHEgAQAFLAK+fSSEDOF5jciEn
159=R5+XSyc1BI4pnF8qLABIw6wKtAAwdAxcEUgAVEVABEgAVA9IAEABUAJIAFSxTAFIAFACiA
160=B811hhTAFQAkgAQAFIAEABSABAAUgAVAZAHFQnSABQAkgAUAJIAEABSABAAUhUWGRIP0z6
161=JJQivAJIA0wHpB1I0lAIJ1wAQAFIAEAESABAAUgAQAFIAEABSABAAUgAWCVcX1BQVCRQCE
162=gAQAFIAECUUCC4Abglv0eipK1btWJmdSEQK1i+WARIw0zoQwr///9cBUgAWAdQHUQCQBOo
163=AEwBSABYDS1cAFAFSAC8BUQFrAFZAbIpJBdAB0gATAdIAEABWARIACAD5wWpq7NEBawKXA
164=4nLABcC1ACSABAAVwCTApIAFALSABMBKwBXAJEhlgQgAF89UgDqABAB0gATAdIAEABSABA
165=AUgAQAFIAEABSABEJkgApyaKjZlcv0SDCaCiq6CkraCkraSosREAAA==

[AITriggerTypesEnable]
043F40BC-G=yes
043F521C-G=yes
043F874C-G=yes
044082BC-G=yes
05CB5B6C-G=yes
05CB830C-G=yes
05CBAEDC-G=yes
05CBC04C-G=yes
05CBC19C-G=yes
05CBC2EC-G=yes
05FC088C-G=yes
05FC0C9C-G=yes
05FC13EC-G=yes
05FC1A8C-G=yes
05FC1C5C-G=yes
05FC333C-G=yes
05FC37CC-G=yes
05FC3C9C-G=yes
05FC50EC-G=yes
05FC747C-G=yes
05FC75CC-G=yes
05FFA7DC-G=yes
05FFB18C-G=yes
06002BFC-G=yes
0611A1EC-G=yes
0611A33C-G=yes
0612B11C-G=yes
0612CD8C-G=yes
0612EAEC-G=yes
0612F46C-G=yes
0612F9AC-G=yes
0616004C-G=yes
06C551AC-G=yes
078F4B2C-G=yes
07C04C7C-G=yes
07C04EDC-G=yes
07C0B14C-G=yes
07C30A5C-G=yes
07C310BC-G=yes
07C3266C-G=yes
07C329FC-G=yes
07C330CC-G=yes
07C33DDC-G=yes
07C4853C-G=yes
08A3EEDC-G=yes
08B902EC-G=yes
08B90B1C-G=yes
08B911BC-G=yes
08B9154C-G=yes
08B9213C-G=yes
08B9305C-G=yes
08B9356C-G=yes
08B940EC-G=yes
08B9423C-G=yes
08B9483C-G=yes
08B9586C-G=yes
08B9641C-G=yes
08B9708C-G=yes
08B9767C-G=yes
08B97C6C-G=yes
0A31295C-G=yes
0A44F17C-G=yes
0A44F2CC-G=yes
0A452C6C-G=yes
0A452E5C-G=yes
0AA845AC-G=yes
0AA846FC-G=yes
0ABC484C-G=yes
0AD2BAEC-G=yes
0C0C7AEC-G=yes
0C0D184C-G=yes
0C0D251C-G=yes
0C1245AC-G=yes
0C1246FC-G=yes
0C32599C-G=yes
0C32D84C-G=yes
0C87B45C-G=yes
0C87B99C-G=yes
0C87E5AC-G=yes
0C8B81BC-G=yes
0C8BC5AC-G=yes
0C8C2AEC-G=yes
0C8C2C3C-G=yes
0C8C430C-G=yes
0C8C4C3C-G=yes
0C8C51BC-G=yes
0C8C56FC-G=yes
0C8C645C-G=yes
0C8C6EDC-G=yes
0C8C71BC-G=yes
0C8E2C3C-G=yes
0C8EE1BC-G=yes
0C8EEAEC-G=yes
0C8EEEDC-G=yes
0C91D45C-G=yes
0C92C1BC-G=yes
0C92C45C-G=yes
0C955AEC-G=yes
0C955C3C-G=yes
0C9561BC-G=yes
0C9565AC-G=yes
0C96F45C-G=yes
0C96F5AC-G=yes
0CA1F84C-G=yes
0CA24D8C-G=yes
0CA2A04C-G=yes
0CA2B06C-G=yes
0CA2D99C-G=yes
0CA2FEDC-G=yes
0CA5945C-G=yes
0CA6621C-G=yes
0CA6AEDC-G=yes
0CAD0B2C-G=yes
0CAD0C7C-G=yes
0CAD0DCC-G=yes
0CAD130C-G=yes
0CAD145C-G=yes
0CAD25AC-G=yes
0CAD2AEC-G=yes
0CAD2C3C-G=yes
0CAD5AEC-G=yes
0CADD99C-G=yes
0CADDEDC-G=yes
0CB29EDC-G=yes
0CB2CEDC-G=yes
0CDF899C-G=yes
0CDF8D8C-G=yes
0CDF8EDC-G=yes
0CE2395C-G=yes
0CE23AAC-G=yes
0CE26B5C-G=yes
0CE26CAC-G=yes
0CE2E8DC-G=yes
0CE2EA2C-G=yes
0CE44D0C-G=yes
0D022B1C-G=yes
0D022C6C-G=yes
0D052AEC-G=yes
0D0803CC-G=yes
0D08461C-G=yes
0D0848BC-G=yes
0D084A0C-G=yes
0D084B5C-G=yes
0D0873DC-G=yes
0D087D8C-G=yes
0D0B3B9C-G=yes
0D2769BC-G=yes
0D2C41EC-G=yes
0D2C448C-G=yes
0D2C45DC-G=yes
0D53099C-G=yes
0D53130C-G=yes
0D53430C-G=yes
0D535EDC-G=yes
0D62145C-G=yes
0D6215AC-G=yes
0D6216FC-G=yes
0D62199C-G=yes
0ECCB2BC-G=yes
0ECCB40C-G=yes
0ECCB55C-G=yes
0ECCB7FC-G=yes
0ECCBC3C-G=yes
0ECCF14C-G=yes
0ECCF29C-G=yes
0ECCF68C-G=yes
0ECCFA7C-G=yes
0ECCFCAC-G=yes

[Alliance]
IQ=0
Edge=North
Color=AlliedLoad
Allies=Alliance
Country=Alliance
Credits=0
NodeCount=0
TechLevel=1
PercentBuilt=0
PlayerControl=no

[Americans]
IQ=0
Edge=North
Color=AlliedLoad
Allies=Americans
Country=Americans
Credits=0
NodeCount=0
TechLevel=1
PercentBuilt=0
PlayerControl=no

[Basic]
Name=MO: No Bridge For You (2)
Percent=0
GameMode=standard
HomeCell=98
InitTime=10000
Official=no
EndOfGame=no
FreeRadar=no
MaxPlayer=2
MinPlayer=2
SkipScore=no
TrainCrate=no
TruckCrate=no
AltHomeCell=99
OneTimeOnly=no
CarryOverCap=0
NewINIFormat=4
NextScenario=
SkipMapSelect=no
CarryOverMoney=0.000000
AltNextScenario=
MultiplayerOnly=1
IceGrowthEnabled=yes
VeinGrowthEnabled=yes
TiberiumGrowthEnabled=yes
IgnoreGlobalAITriggers=no
TiberiumDeathToVisceroid=no

[British]
IQ=0
Edge=North
Color=AlliedLoad
Allies=British
Country=British
Credits=0
NodeCount=0
TechLevel=1
PercentBuilt=0
PlayerControl=no

[CellTags]

[China]
IQ=0
Edge=North
Color=DarkRed
Allies=China
Country=China
Credits=0
NodeCount=0
TechLevel=1
PercentBuilt=0
PlayerControl=no

[Confederation]
IQ=0
Edge=North
Color=DarkRed
Allies=Confederation
Country=Confederation
Credits=0
NodeCount=0
TechLevel=1
PercentBuilt=0
PlayerControl=no

[French]
IQ=0
Edge=North
Color=AlliedLoad
Allies=French
Country=French
Credits=0
NodeCount=0
TechLevel=1
PercentBuilt=0
PlayerControl=no

[GDI]
IQ=0
Edge=North
Color=Gold
Allies=GDI
Country=GDI
Credits=0
NodeCount=0
TechLevel=1
PercentBuilt=0
PlayerControl=no

[Germans]
IQ=0
Edge=North
Color=DarkRed
Allies=Germans
Country=Germans
Credits=0
NodeCount=0
TechLevel=1
PercentBuilt=0
PlayerControl=no

[Germany]
IQ=0
Edge=North
Color=AlliedLoad
Allies=Germany
Country=Germany
Credits=0
NodeCount=0
TechLevel=1
PercentBuilt=0
PlayerControl=no

[Greece]
IQ=0
Edge=North
Color=AlliedLoad
Allies=Greece
Country=Greece
Credits=0
NodeCount=0
TechLevel=1
PercentBuilt=0
PlayerControl=no

[Headquaters]
IQ=0
Edge=North
Color=ThirdLoad
Allies=Headquaters
Country=Headquaters
Credits=0
NodeCount=0
TechLevel=1
PercentBuilt=0
PlayerControl=no

[Houses]
0=Americans
1=Alliance
2=French
3=Germany
4=British
5=Greece
6=Russians
7=NorthKorea
8=Germans
9=Confederation
10=China
11=YuriCountry
12=UriArmy
13=Headquaters
14=Scorpion
15=GDI
16=Nod
17=Neutral
18=Special
19=UnitedStates
20=Europeans
21=Pacific
22=USSR
23=Latin
24=Chinese
25=PsiCorps
26=ScorpionCell
27=Headquaters
28=Guild1
29=Guild2
30=Guild3

[IsoMapPack5]
1=ig4AIAUyAAEAbQAAAEAAAjEAAgAeXABJADIoKQAzKCsAMAADTANLAAEAMUoB//+JATIoKQ
2=AzKCkANEkBH1wDSwAvAARUAEsAAQAwKCkAMUgBJwYBBADJATMoVQA0SQEmVAZJADVIAccT
3=LgAF7QUvSAFRAwBFGDAoKQAxSAHRCTIoKQAzKCkANEgB2QY1SAHNBTZIAdcNLQAGnANdCi
4=4oKQAvKCkAMCgpADEoKQAyKCkAMygpADQoKQA1SAEntQEG9Rg3KFQAAiwABwAdqQ8tSAHN
5=BS4oKQAvKCkAMEgBiAVtMQfxCTJUAtkGMygpADRIAc0FNUgBwQQ2KCkANygpADhIAdw2Ai
6=sACABtngYALEgBJ2UCCPUNLlQC0QkvKCkAMEgBlAZkEyetADJUAs0FMygpADRIAc0FNUgB
7=wQQ2KCkANygpADhIAcUTOUgBjAUCAAAqAAnxFCsoKQAsSAEnvQIJKLwCJykAL0AEhAhtUg
8=mIEFk9MShVADIoKQAzKCkANEgBkwUBADUoKQA2KCkANygpADhIAcVKOUkBIp4GADpIAdMq
9=KQAK6RcqKCkAKygpACxIAScVAwq/BwEALlQCjwEBAC8oKQAwSQEnmAJPcwoAIKkBMlQCyQ
10=EzKCkANEkBKKEENUgB3SA2KCkANygpADgoKQA5SAHBMDpIAdUYOygrACgAC+EaKSgpACoo
11=KQArKCkALEgBJ20DCyiEBicpAC9ABMUTMEgBxSkxSAHFgTJIAdEqM0gB2RE0SQEk7hsLAN
12=kcNlQC0Qk3KCkAOCgpADlIASdsAycVAztUAt0KPCgrACcADPkcKCgpACkoKQAqKCkAKygp
13=ACxIASfFAwwoxAMnKQAvQATRFDBIAZAYbWgMhAEBAAEAMlQC3SAzSAHdIDRIAd0gNUgByQ
14=w2SAHRCTcoKQA4KCkAOUgBJ8QDJ0EDO1QCJ8QDJ1UAPShXACYADfHEJygpAChIAc0QKUgB
15=xQgqSQEhsRcrSAHdFSxJASW1Ai1IAYQBdVoNhAFZHC9UAskXMEgBmAJ9IA3tJjJUAsEEMy
16=gpADRIAcEaNUgB0UA2SQEgiggANygpADgoKQA5SQEjoQQ6SAHJFzsoKQA8KCkAPSgpAD4o
17=KwAlAA7lEyYoKQAnKCkAKEgBxRMpSAHJDCpIAdE1K0gBwRosKCkALSgpAC5IAYwUbX4OhQ
18=EAZJcnKQAxQATFCDIoKQAzKCkANEgBzRA1SAHNEDYoKQA3KCkAOEgB3TY5SAHdNjooKQA7
19=KCkAPEgBxT89SAHdCj4oKQA/KCgAASQADwDFPyVIAd0VJigpACcoKQAoSAHdFSlIAd0KKk
20=gBJ80ED/UuLFQC0QktKCkALkgBhCVtJg+EAYwmJykAMUAE2QYyKCkAMygpADRIAc0QNUgB
21=zRA2KCkANygpADhIAcUTOUgB3Qo6KCkAOygpADxIAd0KPUgB3Qo+SAHVLj9IAdUuQCgrAC
22=MAECZ5ICRIAYUaAUEqEP0gJlQCwQ8nKCkAKEgB1Q0pSAHVDSpIAd0VK0gB2QYsKCkALSgp
23=AC5IAc3LL0gBzaowSAHNEDEoKQAyKCkAM0gB2QY0SAHRbDVIAc0QNigpADdIAdEfOEgB1U
24=Q5SAHFEzooKQA7KCkAPEgBzRs9SAHdCj5IAc0bP0gBxQhAKCkAQSgrACIAEbsnAAAjSAHZ
25=BiRIAc0bJSgpACYoKQAnSAHNGyhIAc0bKUgBzRAqSAHJkCtIAc0mLEgB3QotKCkALkgB3b
26=ovSAHRHzBIAckXMSgpADIoKQAzSAHZBjRIAcFGNSgpADYoKQA3SAHdCjhIAc0QOSgpADpI
27=AdUNOygpADxIASd+BREAxTQ+VALRCT9IAdkGQCgpAEEoKQBCSAHHCCEAEuktIigpACNIAS
28=fUBcAEdFonKQAmQATJDCdIAdEJKEgByS0pKCkAKigpACtIAcEwLEgBwTAtSAHRCS4oKQAv
29=SAHJIjBIAcEEMUkBPXgCZO8nOQIzVAJwAk2JNEgBzQU1SAHVAjZIAdUCNygpADgoKQA5SA
30=HNRzpJASCeBgA7KCkAPEgBxUo9SAHVIz5IAYsFAQA/SAHJDEAoKQBBKCkAQkgBwSVDSAGM
31=BQIAACAAE+k4IUgBwUYiKCkAI0gBwTskSAGYBm0xE782AQAmKFUAJ0gByQwoSAEnLQYTJm
32=0kKihVACsoKQAsSAHBGi1IAckMLigpAC9IAdkcMEkBP2wBd/8TADSpATJUAtkGM0gBcgIA
33=AVADJ5ECNShVADZIAc0FNygpADgoKQA5SAHVGDpIAdUYOygpADxIAdlePUgB1SM+SAHBDz
34=9IAdVEQEgB1QJBKCkAQkgB2XRDSAHVLkRIAd/mHwAUvCtlNBTpvCH3AgEAIigpACNIAckM
35=JEgBzRslKCkAJigpACdIAc0bKEgBzRspKCkAKigpACtIAdkcLEgB2RwtSAHVDS4oKQAvSA
36=HFHjBIAcEEMUkBQGwBdWUUYQEAWTIzVAKMAWQ02Bwi7DQngQA2QATVGDcoKQA4KCkAOUgB
37=1Rg6SAHVGDsoKQA8SAHFSj1IAdEJPigpAD9JATxzEAEAQEgBZAFFE0FIAc0FQigpAEMoKQ
38=BESAHBD0VIAcMPHgAV4VwfSAHNJiBIAc0mIUgB3QoiKCkAI0gBwQ8kSAHZfyVJASCYAkZr
39=FQDJASdUAtl/KEgBwQ8pKCkAKigpACtIAdEfLEgBwQ8tKCkALkgBhAwiFyQVADpsASLnKB
40=UAOakBMSiBADIoKQAzSQG5oQQ0yQEBfjYVAHQCAQIBADZUAnwDAQABADcoKQA4SAHNGzlI
41=AdUYOkgB1Rg7KCkAPEgByRc9SAHJFz4oKQA/SQE+bAx/NhUANakBQVQCzQVCKCkAQygpAE
42=RIASfcBiexBkZUAs8QHQAW6TgeKCkAH0gB2REgSAFwDU0bIUgB1Q0iSQFBewIBACNIAdUC
43=JEgB1Q0lSAHJDCYoKQAnKCkAKEkBIWcIAAApSAHFgSooKQArSAHZSCxIAckMLSgpAC5JAT
44=tkCHU5FlCeTAF1ORagiHykJykAMkwFWQMAVRgzSAF9NgN1cBaJOAR0OakBBXU5FogFTQU3
45=TAWPAQEAOEgBzRs5SAHNGzooKQA7KCkAPEgB2Sc9SAHJFz4oKQA/KCkAQEgBwTtBSAHBO0
46=JIAdkGQygpAERIAc0QRUgBzRBGKCkARygrABwAF+E7HSgpAB5IAdUuH0kBJZIbACBIAYUB
47=AUriFwDdmSIoVQAjKCkAJEgBxbglSAHdNiZJASKKCAAnSAHFEyhIAd0gKUgBwRoqKCkAK0
48=gBlwYBACwoKQAtSAHJ3S5JATZkBG08F0BtTAFtPBflYDFABN0KMkgBWQMAXTYzSAFtPAZt
49=PBeNPAdsPKkBCG08F4gFTQU3TAWMAW08F0yPkQE5VALNGzooKQA7SAHZHDxJASSIBV8lFw
50=AgqQE+VALJAT9JASi1AkBIAYcBAQBBSAHdr0JIAdUCQygpAERJASaaAgBFSAHNEEYoKQBH
51=KCkASCgrABsAGPk9HCgpAB0oKQAeSAHNMR9IAc0mICgpACFIAcFRIkgBwVEjSAHNBSQoKQ
52=AlKCkAJkgBzVInSAEn5QcY7fcpVALFCCooKQArSQG6eBxmPxgAaAEBAQEALdUCAiINRBh6
53=AwAAZT8Y6XowQATZtjFIAdEUMkgBkwUBADNIAdUNNCgpADVIAcEENkgBwQQ3SAHVAjhIAd
54=UCOSgpADooKQA7SAHZHDxIAdkcPSgpAD5JASGWCQA/SAHFa0BIAZACZj8YAN0rQlUCN3sC
55=AQBDSAHRz0RIAXACRR5FSAHZEUYoKQBHSAHBBEhIAcEESSgrABoAGSY9ShsoKQAcSQEinA
56=ZJMhlEfI0BHlQC0RQfSAHRCSBIAdl/IUgB1QIiSAHJFyNIAd0VJEgBwQQlKCkAJkgBwSUn
57=SAHBJShIAdVPKUgB2QYqKCkAK0gBcEBVsizJAQR9QRmJQwV9QRmcFlUjL0AEjAFlgRnxKj
58=FVAjF4AiLNJRnl+jNUAtUNNCgpADVIAcnHNkgBwRo3SAFgCEkMOEgB2QY5KCkAOigpADtI
59=Adl0PEgB2XQ9KCkAPkkBJZQJXEEn6QJAVAKQAn1BGfVaQlQC1Q1DKCkAREgB2aBFSAHBRk
60=ZIAdleR0gB0QlISAHFCEkoKQBKSAHPMRkAGvUNGigpABsoKQAcSAHNBR1IAdE1HkgByQwf
61=SAHNJiBJATh4AnzFJ10BIlQCcAJZJyNIAdkRJCgpACUoKQAmSAHVDSdIASeXCBoAJIoIAC
62=lUAtWnKkgBkwIBACtIAXVEBnWGGohDXbot1QIIdEQnOQIvVALZBjBIAdkRMUgB3a8ySAHV
63=AjMoKQA0SAHZHDVIAdkcNkgBzQU3SAHdCjhIASUVJDlIAdUCOigpADsoKQA8KCkAPUgB0Q
64=k+KCkAPygpAEBIAdEJQUgBzQVCKCkAQygpAERIAc0FRUgBzQVGSAHFdkdIAcFGSEgBzQVJ
65=SAHNBUpIAc0xS0gBlQIAUYobWIWXBRkAGyjsCCcpABsoVQAcSAHFCB1IASftCBuYB11BH1
66=QCJT00IEgBmAJvRxsAJ44BACJVAiCpASMoKQAkKCkAJSgpACZJASOtBSdIASftCBvh4ClU
67=AtlIKkkBKK0FK0gBhAFsRydlAi1UAtk9LkkBM2QEZc4bJoEhMFQCiCIiPSkbJs0wMlQCzQ
68=UzKCkANEgBwUY1SAFtCQAirCEntQE3KFUAOEgB3Qo5KCkAOkgBxUo7SAHFCDwoKQA9SAHZ
69=Bj4oKQA/KCkAQEgB0SpBSQEgiggAQigpAEMoKQBEKCkARUgBwSVGSAGXBgEAR0gB3TZISA
70=HVAkkoKQBKSQEmmgIAS0gB2aBMSAHHzhcAHOXOGEgBxaIZSAHVGBooKQAbKCkAHEgBJ0UJ
71=HOFRHlQC2QYfKCkAICgpACFIAdkGIkgByUMjKCkAJCgpACVIAcD2BSYAHAAeAAAAEQAAnA
72=4AIAUAAAAnABwAHlwASAABKAAcAMkBKUkBIkgCSQAqSQEdXABJACtKAf//QwEBACwoKQAt
73=SQE+UAIBAAEALkkBNqkBL0kBOKkBMEgBZAFBBDFIAc0FMkkBMXsCAQAzSAHNBTRIAckMNS
74=gpADZJAbytBTfIAQEBAQA4yAEBAgEAOcgBAQMBADpIAcUIO0kBO7kGPEkBNakBPUgBwQQ+
75=KCkAPygpAEBJASZvBQAAQUgBySJCKCkAQ0kBIqEEREkBbakBRUkBJKkBRkkBKKkBR0gB1Q
76=1ISQE/dwIBAElIAdkRSkgBcAJVI0soKQBMSAHNEE1IAcwQARYAHQCTCQAAF0gB2TIYSAHF
77=CBkoKQAaKCkAG0kBJ4QESQkdVDSNAR1VAiWEAVQ+3woBAB9UAosMAQAgKCkAIUkBH60FIk
78=gBxR4jKCkAJCgpACVIAcUTJkgB0QknKCkAKCgpAClIAd0KKkgB2QYrSAHZBiwoKQAtKCkA
79=LkgBlxEBAC9IAc0FMCgpADEoKQAySQE8cAV8TCeZAzRUAtkGNSgpADZIAXxMAQQBADfJAQ
80=V+TB0AdQIGfEypAQd8TCcxATtNBTqpDDxIAdVaPUkBN7UCPkkBOakBP0gBZAFZPUAoKQBB
81=KCkAQkgBxRNDSQEmkgUAREgB0UBFSAHVT0ZIAc0mR0gB2QZIKCkASUkBQGcIAQBKSAFkAU
82=EPS0gBzQVMKCkATSgpAE5IAdkyFVBDwQ8WKCkAF0kBJZYJABhIAdEJGSgpABooKQAbSAHQ
83=CXyL3RUdVAKBCAFBAR60WnRPJykAIFwC3QohSAHFCCJJASGeBgAjSAHFEyQoKQAlSAHFEy
84=ZIAYkFAVScJ10BKFQC3QopSAHdCipJASSSBQArSQEgqQEsKCkALSgpAC5IAdV7L0gB0Qkw
85=SQFBewYBADFIAdUCMkgBwZ4zSAHNfjRIAcEENSgpADZIAX1MCHVPHolOCXRPqQEKdE+pAQ
86=t0T8sfAQA7WAbJDDxIAcGpPUgBdBEBAAEAPkgB1Q0/SQE9ewIBAEBIAdUCQUgBcAJNBUJI
87=AdUCQygpAEQoKQBFSAHNJkZIAdU5R0gB2QZIKCkASSgpAEpIAcEPS0gBzQVMKCkATSgpAE
88=5IAckMT0gB0Y0UiJOZFBVIAcUIFigpABdIAZkDAU1SH+VKGVQCzQUaKCkAG0gByQwcSAHV
89=GB1IAcUIHigpAB8oKQAgSQEnhgQAIUkBI6kBIkgBxQgjSAHVDSQoKQAlKCkAJkgBlAZsUi
90=eRAihUAtkGKUgBxRMqSAHRHysoKQAsKCkALSgpAC5IAc0QL0gB0QkwKCkAMSgpADJIAc0Q
91=M0gBxZc0SAHZUzVIAcEENkgBbVIMbVIfjVINbFKpAQ5sUqkBD25SHwDNPDtYBsUIPCgpAD
92=0oKQA+SAHRFD9IAd1XQEgBzRBBSAHFCEJIAc0FQygpAEQoKQBFSAHNJkZIAd14R0kBIIoI
93=AEhJASipAUlIAYQBZqIfAMXDS1QCyQxMKCkATSgpAE5IAckMT0gB2TJQKCkAE1jlhwgAAB
94=RIAc0xFUgBlwIBABYoKQAXSAHNEBhIAcVKGUgB3RUaKCkAG0gB3UwcSAHdCh1IAd0KHigp
95=AB8oKQAgSAHdFSFIAd0VIkgBxQgjSAHFCCQoKQAlKCkAJkgBxRMnSAHFEygoKQApSAHFEy
96=pIAckMKygpACwoKQAtKCkALkgBxTQvSAHZMjBIAckiMSgpADJIASUBJzNIASVpKTRIAdWc
97=NUgB2QY2SAHBGjcoKQA4KCkAOUgBzQU6SAHZ4jtIAdkGPCgpAD1IAdEfPkgB0RQ/SAHFCE
98=BIAdFWQUgB0VZCSAHRCUMoKQBEKCkARUgB2TJGSAHNJkdIAdHaSEgB2ddJSAHRCUpIASek
99=CscxAQBMVALRFE1IAd0CTkgB2TJPSAHJDFAoKQBRKCkAEliY3cgTKCkAFEgBzRAVSAHFHh
100=YoKQAXKCkAGEgBJYkiGUgB0QkaSAEliSIbSAHNEBxIAdVPHUgBzRseKCkAHygpACBIAcEl
101=IUgBxQgiSAHFCCNIAcUIJCgpACUoKQAmSAHFEydIAdkRKEgByS0pSAHdFSooKQArKCkALE
102=gB2QYtSAHNEC4oKQAvSAHZETBIAcElMSgpADJIAd02M0gB3RU0KCkANUgB2QY2SAHBBDco
103=KQA4KCkAOUgBzQU6SAHNBTsoKQA8KCkAPUgB2Sc+SAHdbT9IAclZQEgBxQhBSAHRFEJIAc
104=kMQ0gB0UtESAHRS0VIAdFLRkgBySJHSAHdIEhIAcUISUgByQxKSAHdbUtIAdUCTEgB0RRN
105=SAHRCU4oKQBPKCkAUCgpAFEoKQBSKCsAEQAi6f4SSAHd0BNIAdUNFEgBJfU1FUgBxXYWSA
106=HdFRdIAc0FGCgpABkoKQAaSAHdFRtIAdlIHEgB1WUdSAHFCB4oKQAfKCkAIEgBxQghSAHF
107=HiJIAcU0I0gByS0kSAHRNSVIAdEUJigpACdIAcFcKEgBzRApSAHNECooKQArKCkALEgBzR
108=AtSAHNEC4oKQAvSAHVOTBIAdEJMUgB2ScySQE0fBEiRDUn1QU0VALNBTVIAXwDAQABADZI
109=AdlIN0kBIJoCADgoKQA5SAHZHDpIAcUIOygpADwoKQA9SAHFHj5IAc1zP0gB3RVASAHFCE
110=FIASdUCyeRAkNUAsUIREgB2X9FKCkARigpAEdIAdEqSEgBhBci5D7YDiL8ICcpAEsogQBM
111=SAHJDE1IAckETkgByS1PSAHNR1BIAc0QUSgpAFIoKQBTSAHGCBAAIrg9lRARSAHZHBJIAd
112=kcE0gB1QIUSAGHBQEAFUgBJYUnFkkBM3sCAQAXSAHFYBhIAdkGGSgpABpIAdVEG0gB3Ssc
113=SAFgCAEAAQAdKCkAHigpAB9IAdk9IEgByYUhSAHRHyIoKQAjKCkAJEgBxWAlSAHdQSZIAc
114=UTJygpAChIAc0QKUgBwQQqKCkAKygpACxIAdUYLUgBzRAuKCkAL0gBzRswSAHRCTEoKQAy
115=SAHFlzNIAcEENCgpADUoKQA2SAHVDTdIAdUNOCgpADlIAdkcOkkBIJoYADtIAcUePEgBkw
116=IBAD0oKQA+SAHFSj9IAc1SQEgBzQVBSAHRQEJIAdUCQygpAEQoKQBFKCkARkgBwRpHKCkA
117=SEgBwX1JSAElBUNKKCkAS0gBzUdMSAHFCE1IAdEfTkgB0R9PSAHdK1BIAc0FUSgpAFIoKQ
118=BTSAHZHFRIAdxiAQ8AJADRCRBIAdEJEUgB0QkSSAElJSYTSAHBXBQoKQAVSAEl5SgWSAEl
119=dUYXSAElESkYSAHRCRkoKQAaSAHZERtIAdUuHEgBzQUdKCkAHigpAB9IAd0gIEgByRchKC
120=kAIigpACMoKQAkKCkAJUgB2RwmSAHVDScoKQAoSAElpUEpSAHBBCpIAdXeK0gB1QIsSAHZ
121=ES1IAdkRLigpAC9IAdUNMEgB2QYxKCkAMkgBxUozKCkANEgBwX01SAHJWTZIAc1+N0gB1Q
122=04KCkAOSgpADooKQA7SAHdYjxIAdFhPUgB2RE+KCkAPygpAEBIASV1MEFIAcE7QkgB2VND
123=SAHFCERIAdUYRSgpAEZIAcEERygpAEgoKQBJSAHZBkpIAc0FS0gB0YJMSAHVAk1IAcktTk
124=gBybxPSAHNR1BIAc0FUSgpAFIoKQBTSAHVDVQoKQBVSAHDUQ4AJfFhDygpABBIAck4EUgB
125=xQgSKCkAE0gByWQUSAHZXhVIAdkRFkgBwRoXSAHFCBgoKQAZKCkAGigpABsoKQAcSAHRCR
126=0oKQAeKCkAH0gB1RggSAHVeyEoKQAiKCkAIygpACRIAcHgJUgB2RwmSAHVDScoKQAoSAHJ
127=FykoKQAqSAHNGytIAcEELEgB0TUtSAHFVS4oKQAvSAHNUjBIAcFcMUgB2VMySAHRCTMoKQ
128=A0SAHZHDVIAdkcNigpADcoKQA4KCkAOSgpADooKQA7KCkAPEgB2Ug9SAHRHz5IAc21P0gB
129=zbVASAHBnkEoKQBCSAHFP0NIAcUIREgB1RhFKCkARkkBZnsCAQBHSQFgqQFISAHZBklIAX
130=ECACIVJCUm4S1LVALBBEwoKQBNSAHJLU5IAck4T0gBxQhQSAHZBlEoKQBSKCkAU0gBzQVU
131=SAHNBVUoKQBWKCsADQAm6WQOKCkADygpABBIAc0QEUgB0QkSKCkAEygpABRIAcEPFUgBzQ
132=UWKCkAFygpABhIAc0FGUgB2ScaSQFeewIBABtIAcUpHEgB1acdSAHFSh5IAcW4H0gBdAZd
133=KyBIAc08IUgByZsiSAHZESMoKQAkSAHJLSVIAd1XJkkBIJYJACcoKQAoSAHBDylIAdEJKi
134=gpACsoKQAsSAHVWi1IAdVaLkgBzXMvSAGHCAAAMCgpADFIAc0QMkgB1Q0zSAGPBQEANCgp
135=ADUoKQA2SAGYFSLNUSbxSzhUAtkGOUkBu2QEIs5RJgBpAQEiHFyoAQECAQA8wQQDIhwlJw
136=UBPlQCxQg/KCkAQEgBbAkBAAEAQUgBwQRCKCkAQygpAERIAd02RUgBwRpGSQFpaAh3ZSYA
137=X6kBSFQCZAFdCklIAdkGSkkBIJoCAEsoKQBMKCkATUkBLqEETkgBzX5PSAGTAgEAUCgpAF
138=FIAd0KUkgB3QpTSAHFE1RIAcEaVSgpAFYoKQBXSAHBRgxQQ8E7DSgpAA4oKQAPSQEikhAA
139=EEgBwTsRSAHBDxJIAcEPE0gBiwUBABQoKQAVKCkAFkgByRcXSAHFCBhIAcUIGUkBZWsIAQ
140=AaSQGWqQEbSAHdKxxIAc1SHUgBwSUeSAHJ3R9IAdVlIEgBYAgBAAEAIUgBwQQiSAElVW4j
141=SAHBJSRIAd0KJUgBxR4mSAHRxCcoKQAoSAHNiSlIAcUIKkgB3XgrSAHVAixIAc0QLSgpAC
142=5IAdUNL0gBwTAwKCkAMSgpADJJAb1rCAEAM8gBWV40yAEBAgEANcgBWV42yAEBBAEAN0gB
143=zRA4KCgAAjkAJwC7EQAAlA4AIAgAAAAEAQA6ACcAu0gBAgUBADsAqAEBBgEAPMgBAQcBAD
144=1IAVwDAgAAAQA+SQEnjgEAP0kBIKkBQCgpAEEoKQBCKCkAQygpAERJASO5BkVJAR2pAUZK
145=Af//TwEBAEdJAWVEAQEAAQBISQFgqQFJSQEmawEAAEpJAR6pAUsoKQBMSQEitQJNSAHdCk
146=5IAd0KTygpAFAoKQBRSQEfuQZSSAGPBQAAU0gBxQhUSAGXAgEAVSgpAFYoKQBXSAHFCFhI
147=AYwFAgAACwAotwoBAAxIAZcCAQANKCkADigpAA9IAc0bEEgBzRsRKCkAEkkBJbkJE0kBum
148=sBAQAUyAEBAQEAFcgBAQIBABZIAdEJF0kBIm8FAAAYSAHBGhlIAd0rGkkBlmMEAQAbKCkA
149=HEgB1S4dSAF8A00xHigpAB9JAUB7AgEAIEgBZAFBBCFIAdkcIigpACMoKQAkSAHNBSVIAd
150=EUJkgBxR4nKCkAKEgBxR4pSAHZBipIAcEPK0gB1QIsKCkALUgBzRAuKCkALygpADBIAdkG
151=MSgpADJJAb1YAgEFAQAzyAEBBgEANMgBAQcBADXIAQEIAQA2yAEBCQEAN0gB1Q04KCkAOU
152=gBeGlNBTrIAU0FO8kBCmVrKJ1tC2ZrKADFCD5ABNlIP0kBbVgRSQBAKCkAQSgpAEIoKQBD
153=KCkARCgpAEVIAdk9RkkBZkQJRTRHSAHZPUhJAWO1AklIAc0QSigpAEsoKQBMSAHFE01IAd
154=0KTkgB2QZPKCkAUCgpAFFIAdkGUkgBwRpTSQEkYw8AAFRJASCpAVUoKQBWKCkAV0gByYVY
155=SAGXDQAAWSgrAAoAKfknC0gBjAl8bSdVAA1UApsGAQAOKCkAD0gBzQUQKCkAESgpABIoKQ
156=ATSAF9bQN+bSkAaQEEfG2oAUFGFkAEyQwXSAHFHhhIAcElGUkBaXsNAQAaSAHBMBsoKQAc
157=SAHNMR1IAWgFAQABAB5JAUFvAQEAH0gByQwgSQEndwIAACFJASCpASIoKQAjSQEotQIkSA
158=GHAQEAJUgBxQgmKCkAJ0gBwQQoSQE9bQEBQAEn+QQqUAHZBitIAcEPLEgByQwtSAHBBC4o
159=KQAvKCkAMEgBeAoBAAEAMUgBzQUySAF8bVFhM8gBUWE0yQEMfm0pAGEEDXxtqQEOfW0pjA
160=lRCThMBY8BAQA5SAF8bVkGOsgBWQY7yAFZBjzJAQ98bScFAT5VAiaICEXZKVgtjQFAVALV
161=kUEoKQBCKCkAQygpAEQoKQBFSQElgggARkgB2T1HSAHBO0hIAZ8DAQBJSAHJLUpIAckiSy
162=gpAExIAdlITUgB2UhOSAHNBU9IAdEJUCgpAFFIAcEaUkgB1RhTSAHNwFRIAdVwVUkBIYoI
163=AFZIAc0FVygpAFgoKQBZKCkAWigrAAkAKulvCigpAAtIAZgKdHAngQANVALJFw4oKQAPSA
164=HNBRBIAcEEESgpABIoKQATSAFpbwZ1cCqVcAd0cKkBCHTeJ7UBF0wF2ScYSAHZJxlIAckM
165=GkgBxTQbSAHFNBxIAdkRHUgBzQUeKCkAHygpACBJASaQBVVwKu1HIlQCxSkjSAHdQSRIAd
166=EJJUkBP3sGAQAmSQE3qQEnKCkAKEkBOLUCKUgB2QYqKCkAK0gBzRssSAHNGy1IAc0FLigp
167=AC8oKQAwSAF4CkFnMUgBzQUySAFwbF1iM8kBEHXeKolvEXRwqQESdHCpARN0cCepBThZBi
168=eAC1RwcPONATpUAskMOygpADxIAd2ZPUgBhAUiPCknMQE/VALZBkAoKQBBSAHNBUJIAcEE
169=Q0gB1QJEKCkARUgB3StGSAHdK0coKQBISQEzfAZ2cCoAyS1KVAJwAlUjS0gByQxMSAHJLU
170=1IAcktTkkBvHMFAQBPyAEBAQEAUMgBAQIBAFHIAV3FUkgB0QlTSAHBRlRIAdVEVUgB1URW
171=SAF4Ck0QVygpAFhIAcUIWSgpAFooKQBbSAHQFAIIACsAJIoIAAlJASCpAQooKQALKCkADC
172=gpAA0oKQAOKCkAD0kBKKUIEEgBzRARKCkAEigpABNIAYgFbXMr8YIVVALZBhYoKQAXSAHd
173=FRhJASSeBgAZSQEoqQEaSAGEASJFKiuEAQEAAQAcKFUAHUgByU4eSAHZBh9IAZAFIkQqJ9
174=kAIShVACIoKQAjKCkAJEgB0RQlKCkAJigpACdIAd0KKEgBzQUpKCkAKigpACtIAc0bLEgB
175=zRstSQEgiggALigpAC8oKQAwSAHVGDFIAckMMkgBbXMUIkUqK4FyFWxzqQEWbHOpARdsc6
176=kBGGxzJwEGOEQI2RE5SAHdVzpIAckMOygpADwoKQA9SAHNaD5JATdpFwFG5CsAyQFAKFUA
177=QUkBOaEEQkgB3QpDSAHFCERIAcEERUgBagUAAUTkJ4UGR1QC2QZISAElbS9JSAHVAkpIAd
178=k9S0kBIIoIAExJASOpAU1IAc0bTkgBbXMEbnMrAGkBBWxzqQEGbHOoAQEHAQBSTAXJDFMo
179=KQBUKCkAVUgBhQwBROQnvQJXKFUAWEgBxQhZKCkAWigpAFtIAcEwXEkBbZQJAgAHACwAyQ
180=EIKCkACSgpAAooKQALKCkADCgpAA0oKQAOKCkAD0gB3SAQSAHFExEoKQASKCkAE0kBJ7kR
181=FEgB0SoVKCkAFigpABdIAcktGEgByRcZSAHVDRpIAYwJZXYshQEAZHYnKQAdQATdIB5JAS
182=SpBB9IAdleIEgB3RUhKCkAIigpACNIAd0VJEkBIKUIJSgpACYoKQAnKCkAKCgpACkoKQAq
183=KCkAK0gBzRssSAHNGy0oKQAuKCkALygpADBIAdEfMUgByRcyKCkAMygpADRIAckXNUgByR
184=c2KCkANygpADhIAdkROUgByQw6SAHJDDsoKQA8KCkAPUgBhCJ16Sz9rz9UAtkGQCgpAEFI
185=Ac0FQkkBQW8BAQBDSAHNBUQoKQBFSAHJF0ZIAdE1R0gBzQVIKCkASSgpAEpIAdk9S0gB0S
186=pMKCkATUgBzRtOSAF5dAhldiyFdglkdqkBCmR2qQELZHYnbQNTWAbNEFQoKQBVSAF9GQBk
187=dif1CVcoVQBYSAHZBlkoKQBaKCkAW0gByRdcSAHJF10oKwAGAC3xdwcoKQAIKCkACSgpAA
188=ooKQALKCkADCgpAA0oKQAOKCkAD0gByWQQSQEghhoAESgpABIoKQATSAHBRhRIAd0VFSgp
189=ABYoKQAXKCkAGCgpABlIAc0xGkgBkA19eC2FAQB8eCcpAB1ABNUjHkgB1Q0fSAHFCCBIAd
190=0rISgpACIoKQAjSAHFCCRIAcUIJSgpACYoKQAnSQG+tRAoyAEBAQAAKcgBAQIAACrKAQMA
191=UqstAG4FBABINSeFBi1ABMkMLigpAC8oKQAwSAHJLTFJASC1DTIoKQAzKCkANEgByS01SA
192=HdCjYoKQA3KCkAOCgpADlIAckMOkgByQw7KCkAPCgpAD0oKQA+KCkAPygpAEAoKQBBSQEo
193=vRVCSAHVLkMoKQBEKCkARUgB1S5GSAHRNUdIAdkGSCgpAEkoKQBKSAHZBktIAcUeTCgpAE
194=1IAdEJTkgBfXgMfXgtnXgNfHipAQ58eKkBD314Le2UU1gGzRBUKCkAVUgBiBt8eCetAFdU
195=AtWRWEgBxSlZKCkAWigpAFtIAdE1XEgByRddKCkAXigrAAUALul6BigpAAcoKQAIKCkACS
196=gpAAooKQALKCkADEkBVo4XAA1JAVCpAQ5IAc0QDygpABAoKQARKCkAEigpABMoKQAUKCkA
197=FSgpABYoKQAXKCkAGCgpABlIAdVPGkgBzSYbKCkAHCgpAB1IAc0mHkgB3RUfSAHNPCBIAd
198=E1ISgpACIoKQAjSAHBRiRIAcUIJSgpACYoKQAnSAFkdgEFAAAoyQEGdXsunXgHdHupAQh0
199=e6kBCXR7J7EGLVgGyQwuKCkALygpADAoKQAxKCkAMigpADMoKQA0KCkANUgByTg2SQFOqT
200=g3KCkAOEgBwTs5SAHNEDooKQA7KCkAPCgpAD0oKQA+KCkAPygpAEAoKQBBSAHdNkJIAd02
201=QygpAEQoKQBFSAHdNkZIAdkGR0gB2QZIKCkASSgpAEpIAdkGS0gB1RhMKCkATUgB0QlOSA
202=HRCU8oKQBQKCkAUSgpAFIoKQBTSAHNlFRIAYApIg1lLoUBAHV7LuWBV0AEzUdYSAHZEVko
203=KQBaKCkAWygpAFwoKQBdKCkAXigpAF8oKwAEAC/hfQUoKQAGSAHZPQdIAdk9CCgpAAkoKQ
204=AKKCkACygpAAxJAVGpGg0oKQAOSAHVRA9JAbihBBDIAUXZEUgBwQ8SSAHBDxMoKQAUSAHF
205=CBVIAckiFigpABdJAbm9ChjIAV0KGcgBReQaSQHCoQQbyAFBBBxIAcEPHUgByQweSAHJDB
206=9IAcU/IEkBIKUIISgpACIoKQAjSAHZSCRIAd0KJUgBwRomSAHJDCdIAW1+Cm1+L4F9C2x+
207=qQEMbH6pAQ1sfqkBDm5+LwDdCi1ECNEJLkgB3RUvKCkAMCgpADEoKQAyKCkAMygpADQoKQ
208=A1SQFVuRw2SQFMqQE3SAHBOzgoKQA5SAHNGzpIAdkRO0gB2RE8KCkAPSgpAD4oKQA/KCkA
209=QCgpAEEoKQBCKCkAQygpAEQoKQBFKCkARigpAEcoKQBIKCkASSgpAEooKQBLKCkATEgB3S
210=tNSAHBGk5IAcEaTygpAFAoKQBRKCkAUigpAFNIAd3FVEgB3cVVKCkAVigpAFdIASfMDydt
211=DllUAsEPWigpAFsoKQBcKCkAXSgpAF4oKQBfKCkAYCgrAAMAMLONAAAESAHFHgVIAdU5Bk
212=gBxT8HSAHFPwgoKQAJKCkACigpAAtJAVOhRgxJAcWpAQ3IAV1tDkkBV7UCD0gBZIFNcxDI
213=AQEDAAARSAHVTxJIAcEPEygpABQoKQAVSAHdFRZIAdE1F0gBZIFRCRjIAQEEAAAZyAFN7B
214=pIAWSBQA8KGwAwAMIAAAADAAAcABEAANoOACABMABVAIAAAh0AMABMhgEAHkkBTqkBHygp
215=ACAoKQAhSQFQoQQiSgH//40BIygpACRIAd0KJUkBUZ4DACZJAVOpASdJAb5IAQEPAAAoyA
216=EBEAAAKcgBAREAACrIAQESAAAryAEBEwAALEgB3QotSAHdFS5IAd0VLygpADAoKQAxKCkA
217=MigpADMoKQA0KCkANUgB3Qo2SQFPUBRJADdJAbhcAEkAOMgBAQEAADlJAVlIAkkAOkgB2R
218=w7SAHZETwoKQA9KCkAPigpAD8oKQBAKCkAQUgB3StCSQFtXAtJAEMoKQBEKCkARSgpAEYo
219=KQBHKCkASCgpAEkoKQBKKCkASygpAExIAd0rTUgB0R9OSQHFQBBJAE/IAVEfUEkBWkgCSQ
220=BRSQFUXABJAFJIAd0VU0kBJEgCSQBUSQEgXABJAFUoKQBWKCkAV0kBI1QDSQBYSAHFCFko
221=KQBaSQFWVANJAFtIAd0rXCgpAF0oKQBeKCkAXygpAGBIAdEqYUgB0FYCAgAxAMFQCkkAA8
222=gBTRsESAHBOwVIAcE7BkgB3VcHSQHETAZJAAjIAVkGCcgBAQIAAArIAQEDAAALyAEBBAAA
223=DEgBZClBBA3IAUEEDkgB1Q0PSQFSUApJABAoKQARSAHBDxJJAcBUA0kAE8gBQQ8UyAFdCh
224=VIAdEJFkgB2QYXSQG5TAYBBgAAGMgBAQcAABnIAQEIAAAaSQHCQARRFBvIAQEFAAAcSAHR
225=CR1IAd0gHigpAB8oKQAgKCkAIUgBzWgiSAHRNSMoKQAkSAHRSyVIAWAPTQ8myAFBGidIAX
226=2DFH6DMQBpARV8g6kBFnyDqgEXAFyDqQEYfoMxAN1XLUQIzRAuSAHJFy8oKQAwKCkAMSgp
227=ADIoKQAzKCkANCgpADUoKQA2SAHdKzdIAXyDQTA4yAFBOzlIAc0bOsgBTRs7SAHRFDxIAd
228=EUPSgpAD5IAd0VPygpAEAoKQBBSAHZJ0JIAdVlQygpAEQoKQBFSAHBZ0ZIAcVgR0gB2V5I
229=yAFFE0lIAc0FSkgB3TZLKCkATEgB3RVNSAHNEE5IAdVaT8gBUR9QSQG6VDpJAFHIAUkMUs
230=gBQSVTSAHVcFQoKQBVSAHNEFZIAd0VV0gBzQVYSAHBBFlIAdEUWkgBzSZbKCkAXCgpAF0o
231=KQBeKCkAXygpAGBIAcEaYUgB1Q1iKCgAAQEAMgDVAgJIAXgnVRgDyAFFHgRIAc1zBcgBRR
232=4GyAFNBQdIAXSGRWsIyAFBcgnIAUFyCsgBQXILyQEJdoYyAHwrTXMNVAJoAUUIDkkBw1Ar
233=SQAPyAFVDRDIAVUNEcgBRRMSSAFkE0kBE8gBUQkUyAFRCRVIAWQTUQkWyAFRCRfIAVEJGM
234=gBRQgZyAFFCBpIAWBcVRgbyAFVGBxIAXQjUQkdyAFRCR5IAWwQVQIfyAFVAiDIAUkMIUgB
235=0Y0iSAHVOSMoKQAkSAHdbSVIAWAPWQYmyAFFEydIAdUYKMgBSQwpyAFNBSrIAU0FK8gBVR
236=gsSAHBDy1IAckMLkgB0QkvyAFRCTDIAVEJMcgBUQkyyAFRCTNIAdVENEgBxQg1yAFFCDbI
237=AUUIN8gBRQg4yAFFCDlIAc0bOsgBQQQ7SAEn1RAyJqkmPVQC0VY+SAHdKz/IAVUNQMgBVQ
238=1BSAHFCEJIAcFnQygpAEQoKQBFSAHBMEZIAckiR0gBYDtRCUjIAUUTSUgB2SdKSAHZBkso
239=KQBMKCkATUgB0QlOSAFoWUUeT8gBQVFQSAF0hl0KUcgBQQRSyAFBBFNIAdl/VEgB1RhVSA
240=HBD1YoKQBXSAHBBFhIAcWXWUgBzSZaSAHRNVtIAdE1XMgBWSddyAFFHl7IAUUTX8gBRRNg
241=SAHRKmFIAdmVYkgB3QpjKCsAAgAzI6whWQYDyAFBGgRIAXw2XQoFyAFBBAbIAUEEB0kBWF
242=RmSQAISAHdCglJAbdIAkkACsgBXRULSAHBBAxIAXwrTXMNyAFNcw5IAXSGSQwPyAFJDBDI
243=AU0FEcgBTQUSSAHJLRNIAc0bFEgByQwVSAFsJkUIFsgBRQgXyAFFCBjIAV2ZGcgBXZkaSA
244=HdChtIAd0KHEgB0UsdyAFJIh5IAdUjH8gBSRcgyAFBDyFIAWAaXSAiyAFdICPIAV02JMgB
245=UQklSAFka0UIJsgBRQgnSAHVGCjIAVUYKcgBVRgqyAFVGCvIAVUYLEgBfBVBDy3IAUEPLk
246=gB0QkvyAFRCTDIAVEJMcgBUQkyyAFRCTNIAdEqNEgBxQg1yAFFCDbIAUUIN8gBRQg4yAFF
247=CDlIAc0bOsgBTRs7SAHNczxIAclkPUgB1XA+SAHdKz/IAVUjQMgBRQhBSAHFCEJIAcUIQy
248=gpAERIAdEJRUgBbBBJIkbIAUkiR0gBYCVdCkjIAV0KSUgBeBxNBUrIAU0FS8gBXTZMyAFd
249=Nk3IAUUITkgB1VpPyAFJIlBIAXSGQSVRyAFVAlLIAUElU0gB1RhUSAHdFVVIAWQTTRBWyA
250=FNEFdIAc0FWEgBxR5ZSAHZBlpIAdE1W0gBdBhBGlzIAU0QXcgBTRBeyAFNEF/IAVE1YEgB
251=yQxhSAHdCmJIAd0KYygoAAEDADQA1WUESAHdmQUoKQAGKCkAB0gB1ZwISAHFawlIAWiFUS
252=oKyAFRKgtIAdUNDEgBcCpRFA3IAVEUDkgBwQ8PSAHBDxAoKQARKCkAEkgBwSUTKCkAFEgB
253=2QYVKCkAFigpABcoKQAYKCkAGSgpABpIAcEaG0gBwSUcSAF8Nl1BHcgBQTAeSAHdFR9IAc
254=EPIEgB3SAhSAFohVkGIsgBWQYjyAFdNiTIAV02JUgBaFlVAibIAVUCJ0gBzSYoSAHVDSlI
255=AckMKkgBaC1FSivIAUVKLEgBfBVBMC3IAUEwLkgBxQgvSAHdFTBIAdEJMUgBcEtRCTLIAV
256=EJM8gBUQk0yAFRCTXIAU0bNkgB3Qo3SAHRCThIAckXOUgBzRs6yAFNGztIAXQjVQ08yAFV
257=DT3IAVUNPsgBVQ0/SAHJ0kBIAdEUQcgBWQZCyAFZBkPIAVkGRMgBURRFSAFsEEEERsgBQQ
258=RHSAHRFEgoKQBJSAFoDFE1SsgBWTJLyAFJF0zIAV1XTcgBXVdOSAHVWk/IAVUCUEgBcAlZ
259=HFHIAV0VUsgBWRFTyAFZEVTIAV0VVUgByThWyAFBBFdIAWgMUQlYyAFRCVlIAckMWsgBVQ
260=JbyAFJDFzIAUUIXcgBSQxeSAHBMF/IAVkGYMgBWQZhyAFZBmJIAcAlAQQANQDJbwUoKQAG
261=KCkABygpAAgoKQAJSAHJTgooKQALKCkADCgpAA0oKQAOSAHBcg9IAcEPECgpABFIAdl0Ek
262=gBJW06EygpABRIAc2fFUgBxQgWKCkAFygpABgoKQAZKCkAGkgByQwbSAHJDBxIAdleHUgB
263=zRseSAHJDB8oKQAgKCkAIUgBzQUiSAHVZSNJAbtUOkkAJMgBTTElyAFNMSbIAU0xJ0gBwQ
264=8oSAHVIylIAdEUKkgBcIJZBivIAVkGLEgBZEpFPy3IAUFcLkgBJT0pL0gB0QkwSAElySox
265=SAFwS00FMsgBUWEzyAFRYTTIAVFhNcgBWV42SAHdCjdIAd0KOEgB0R85KCkAOkgB3SA7SA
266=FsUlEUPMgBQQ89yAFBDz7IAUEPP0kBV0AmSQBASAHRFEHIAU0FQsgBTQVDyAFRFETIAVEU
267=RUgBcIJVDUbIAVUNR0kBvFAKSQBIyAFNMUnIAVEqSsgBUSpLSAHBk0xIAWgXWQZNyAFZBk
268=7IAVkGT8gBWQZQSAHdFVHIAV0VUsgBXRVTyAFdFVTIAV0VVUgByThWyAFdFVdIAXCCSQxY
269=yAFJDFlIAckMWsgBSQxbyAFJDFzIAUkMXcgBSQxeSAF0GEkiX8gBSQxgyAFFCGHIAUQIAQ
270=UANgDRYQYoKQAHKCkACCgpAAlIAdVwCkgByWQLKCkADCgpAA0oKQAOSAHVWg9IAdUNECgp
271=ABEoKQASKCkAEygpABQoKQAVKCkAFigpABcoKQAYKCkAGSgpABooKQAbKCkAHEgBwRodSA
272=HRFB5IAdEUHygpACAoKQAhSAHZBiJIAdkGI0gBeH9VLiTIAVUuJcgBVS4myAFVLidIAcUI
273=KEgBxQgpSAHBDypIAd2DK0gB3W0sKCkALSgpAC5IAc0xLygpADBIAcV2MUgBxQgyKCkAMy
274=gpADQoKQA1KCkANkgBxQg3KCkAOEgB1Q05KCkAOigpADtIAdUNPCgpAD0oKQA+KCkAP0gB
275=yQxASAHZBkEoKQBCKCkAQygpAERIAdGNRUgBeH9dK0bIAV0rR0gBeH9NMUjIAU0xScgBTQ
276=VKyAFNBUtIAcmQTEgBwWdNyAFZBk7IAVkGT8gBWQZQSAHFNFFIAdkRUkkBvVSHSQBTyAFB
277=iFTIAVV7VcgBVXtWyAFRFFdIAXh/SQFYyAFBD1lIAckMWkgB1SNbKCkAXCgpAF0oKQBeKC
278=kAXygpAGBIAdMUBgA37X4HKCkACCgpAAkoKQAKKCkACygpAAwoKQANKCkADigpAA8oKQAQ
279=KCkAESgpABIoKQATKCkAFCgpABUoKQAWKCkAFygpABgoKQAZKCkAGigpABsoKQAcKCkAHS
280=gpAB4oKQAfKCkAICgpACEoKQAiKCkAI0gBYH1RriTIAVGuJcgBAQoAACbIAQELAAAnSAHJ
281=eigoKQApKCkAKkgBxYErSAHFaywoKQAtSAHdgy5IAdEJLygpADBIAcUIMUgBxQgyKCkAMy
282=gpADQoKQA1KCkANigpADdIAdUNOEgB1Q05KCkAOigpADtIAcEPPEgBwQ89KCkAPkgB1Xs/
283=KCkAQEgBzQVBKCkAQigpAEMoKQBEKCkARUgBxWBGSAHJWUdIAWB9TTFIyAFNMUnIAU0xSs
284=gBTTFLSAElOSNMSAHRCU0oKQBOKCkATygpAFBIAdUYUUgBJUklUkgBYH1ZdFPIAV2DVMgB
285=XYNVyAFFE1bIAUUTV0gBYH1NBVjIAU0FWUgBxRNaSAHVDVtIAcElXCgpAF0oKQBeKCkAXy
286=grAAcAOPV7CCgpAAkoKQAKKCkACygpAAwoKQANKCkADigoAAcPADgAbQAAAAAAEQAAZA4A
287=IAYAEAA4AG0AAABBABEoKQASKCkAEygpABQoKQAVKCkAFigpABcoKQAYKCkAGSgpABooKQ
288=AbKCkAHCgpAB0oKQAeKCkAHygpACAoKQAhKCkAIigpACNJAbtUGQEMAAAkyAEBDQAAJcgB
289=AQ4AACbIAQEPAAAnSQFtTAVJACgoKQApKCkAKigpACsoKQAsKCkALSgpAC4oKQAvKCkAMC
290=gpADEoKQAyKCkAMygpADQoKQA1KCkANigpADcoKQA4KCkAOSgpADooKQA7KCkAPCgpAD0o
291=KQA+SQFZRB9JAD9JAVNcAEkAQEgBySJBKCkAQigpAEMoKQBEKCkARUgB0QlGSAHRCUdJAb
292=xQCk0xSMgBTTFJyAFNMUrIAU0xS0gBxQhMSQFRWAZJAE0oKQBOKCkATygpAFAoKQBRSAHB
293=D1JJAb1YBwEKAABTyAEBCwAAVMgBWRFVyAFZEVbIAVkRV0kBxVgGAQgAAFjIAQEJAABZSQ
294=FVVAJJAFpJAU9cAEkAW0gBwSVcKCkAXSgpAF4oKAABCAA5AM0FCSgpAAooKQALKCkADCgp
295=AA0oKQAOKCkAD0kBIUAQSQAQSQEeXABJABEoKQASKCkAE0kBIlQDSQAUSAHNEBUoKQAWKC
296=kAFygpABgoKQAZKCkAGigpABsoKQAcKCkAHSgpAB4oKQAfKCkAICgpACEoKQAiKCkAIygp
297=ACQoKQAlKCkAJigpACcoKQAoKCkAKSgpACooKQArKCkALCgpAC0oKQAuKCkALygpADAoKQ
298=AxKCkAMkgBwTAzSAHBMDQoKQA1KCkANkgBwTA3SAHBMDgoKQA5KCkAOkgB3Qo7SAHdCjwo
299=KQA9KCkAPigpAD8oKQBASAHVDUFIAdUNQigpAEMoKQBEKCkARSgpAEYoKQBHKCkASCgpAE
300=koKQBKKCkASygpAEwoKQBNKCkATigpAE8oKQBQKCkAUSgpAFJIAXB3UYJTyQEQcnc5AHQC
301=AREAAFXUAgESAABWyAEBEwAAV0kBWkBdSQBYSQFSXABJAFlIAc2JWkgB3YNbSAHVI1woKQ
302=BdKCsACQA65XYKSAHZMgtIAdkyDCgpAA0oKQAOSAHBMA9JAR1AEEkAEEoB//9DAQEAESgp
303=ABIoKQATSQEmXANJABRIAckMFSgpABYoKQAXKCkAGCgpABkoKQAaSAHNEBtIAdkcHCgpAB
304=0oKQAeSAHNGx9IAcEPICgpACEoKQAiSAHdCiNIAd0KJCgpACUoKQAmKCkAJygpACgoKQAp
305=KCkAKigpACsoKQAsSAHFEy1IAcUTLigpAC8oKQAwKCkAMSgpADJJASVEKkkAM0gBWAACAA
306=ABADRIAc0xNSgpADZIAcEwN0gB1Q04KCkAOSgpADpIAd0KO0gB0Qk8KCkAPSgpAD5IAcEP
307=PygpAEBIAdUNQUgB1Q1CKCkAQ0gByS1ESAHJLUUoKQBGKCkARygpAEgoKQBJKCkASigpAE
308=soKQBMKCkATSgpAE4oKQBPKCkAUCgpAFEoKQBSSAFhchRt7DqNcxV4dKkBFnh0qgEXAFh0
309=qQEYeHQnZQ1YRAjNG1koKQBaKCkAWygpAFwoKAABCgA7AMVrC0gBwTAMKCkADSgpAA5JAR
310=+GMAAPSAHZBhBIAdkGEUgBIrgoSUMSyAEBAQEAE8gBAQIBABTIAQEDAQAVSAHZBhYoKQAX
311=KCkAGEgBkw0BABkoKQAaSQEmmgIAG0gB2T0cSQEitQIdSAHdIB5IAdEUH0gB1Q0gKCkAIS
312=gpACJIAc0bI0gBxQgkKCkAJSgpACYoKQAnKCkAKCgpACkoKQAqKCkAKygpACxIAcUTLUgB
313=xRMuKCkAL0kBPWMaAQAwSAHBBDFJATu1AjJJATepATMoKQA0KCkANSgpADZJATmtBTdIAW
314=QBRTQ4KCkAOSgpADooKQA7SAHBDzwoKQA9SQG+awgBAD7IAU08P8gBAQIBAEDIAU08QcgB
315=AQQBAEJIAdEJQ0gByS1ESQFtcwkAAEUoKQBGKCkARygpAEgoKQBJKCkASigpAEsoKQBMKC
316=kATSgpAE4oKQBPKCkAUCgpAFEoKQBSKCkAUygpAFQoKQBVKCkAVigpAFcoKQBYKCkAWSgp
317=AFooKQBbKCgAAQsAPADVIwwoKQANKCkADkgBzSYPSAHNRxBIAZQnbuE8AGhvSS0SVAJpAQ
318=Vob7UCBmhvqQEHaG8ntQEWTAXBDxcoKQAYSAHdChlIAcEEGigpABsoKQAcSAHFEx1IAdU5
319=HkgB0RQfSAHFCCAoKQAhKCkAIkkBJpoNACNIAcl6JEkBIrUCJUgB3QomKCkAJ0kBIaEEKE
320=gB2QYpKCkAKigpACtIAdEJLEgBxRMtSAHFEy5JAT9zCQEAL0kBNqkBMEgB0WwxSQE4tQIy
321=SAHZBjNIAXACWWk0SAHVAjUoKQA2SAHBBDdIAckMOEkBM3sCAQA5SAHNczpIAXACUQk7SA
322=HRCTwoKQA9SAFob0E7PsgBAQYBAD/IAUE7QMgBAQgBAEHJAQlobye5B0NUAtE1REgB0SpF
323=KCkARigpAEdIAd0rSEgB3StJKCkASigpAEsoKQBMKCkATSgpAE4oKQBPSAHNMVBIAc0QUS
324=gpAFIoKQBTKCkAVCgpAFUoKQBWKCkAVygpAFgoKQBZKCkAWigrAAwAPf1tDSgpAA5JASaE
325=MF/bPQAtqQEQVQIoqQERSAFkawEIAQASyAFdKxPJAQpxbD2VcAtwbJy3IpkkFkEEZmcIAQ
326=AXSQFeqQEYSQFgqQEZSAHZPRooKQAbKCkAHEgB3TYdSAHNJh5IAclZH0gBxQggKCkAISgp
327=ACJIAXANUUsjKCkAJEgBxR4lSAHNPCZIAcU0J0gByQwoSAHJDCkoKQAqKCkAK0gB0RQsSA
328=HZBi1IAdkGLigpAC9IAdkRMEgBwQQxKCkAMigpADNJASeSBQA0SQEgqQE1KCkANkkBKLUC
329=N0gB0Qk4SQFAdAJwbCe5BzpUAtEJO0gB0Qk8SAHFCD1IAXBsVTk+yAFVOT/JAQx+2z0AYQ
330=QNcGypAQ5wbCeJAUNMBd0gREgB0TVFKCkARigpAEdIAcElSEgByRdJKCkASigpAEtIAXwZ
331=AQABAExIAc0FTSgpAE4oKQBPSAHNEFBIAc0QUSgpAFIoKQBTSAHBfVRIAdFAVSgpAFYoKQ
332=BXSAHJQ1hIAd0KWSgrAA0APowUURQOKCkAD0gB3UwQSQElqQQRSAF4aVEqEsgBUSoTyAFR
333=KhTJAQ96aT4AzWgWVQKWZAh6aT4AyQEYVQJftQIZSQFBqQEaSAHBJRsoKQAcSAHVIx1IAd
334=UYHkkBJHsGAAAfSQEgqQEgKCkAISgpACJIAcFGI0gByQwkKCkAJSgpACZIAdUNJ0gB2T0o
335=SAHZBilIASVZJypJATVjDwEAK0gBzSYsSQEtdQIAUpI+AMUTLlQCyQEvKCkAMCgpADEoKQ
336=AyKCkAM0kBI7EJNEgB0R81KCkANkgB0RQ3SAHRFDgoKQA5KCkAOkgBzRs7SAGNBQBdrD4m
337=UTE9VAJ0ZUk4PskBEG3WPo1oEXhpqQESeGmpARN4aScZCUNYBt0gREgB2VNFKCkARigpAE
338=dIAdFLSEgBmxEBAEkoKQBKKCkAS0gBmCB5aT75wU1UAtkGTigpAE9IAdkcUEgB1WVRSAHZ
339=EVIoKQBTSAHNEFRIAckMVUgB3QpWKCkAV0gB3QpYSAHNMQ5M+s0FDygpABBIAdEJEUgBwQ
340=QSKCkAEygpABRIAc0FFUkBZW8BAQAWSAHVZRcoKQAYSAEn4AwjgCICAAABABpUAnQGSQEb
341=SAHJphxIAc1HHUgB3RUeKCkAHygpACAoKQAhSAHNJiJIAdUjI0gB1RgkKCkAJSgpACZIAd
342=UjJ0gBzVIoSAHZBilIAZ9EAQAqSAElfSYrSAHJFyxIAc1HLUgB0TUuSAHRmC9IAdUYMCgp
343=ADFIAd0VMkgB2QYzKCkANCgpADVIAdEJNkgBwYg3SQEgkhAAOCgpADkoKQA6SAHFKTtIAd
344=UNPEgB1SM9SAFhZxQinTU/lWUVYGepARZgZ6kBF2BnqQEYYWc/6VlDRAjJpkRIASWtIUVI
345=AYMTAQBGKCkARygpAEhIAd0rSSgpAEooKQBLSAHFCExIAc0FTSgpAE4oKQBPSAHJOFBIAc
346=k4UUgB2QZSKCkAUygpAFRIAckMVUgBzQVWKCkAV0gB3woPAEDlHhBIAdkGESgpABIoKQAT
347=KCkAFCgpABVJAWl8BmtkQABhqQEXVALJARhIAcFnGUgBxSkaSAHFExtIAd1MHEgBwUYdSA
348=HJQx5IAd1MH0gB2T0gSAHNBSFIAcU/IkkBuq0QI8gBAQEBACTIAQECAQAlSAHBDyZIAd0g
349=J0gB1U8oSAHVTykoKQAqSAHN1itIASN7KgEALEgB0QktKCkALkgB3QovSAHJFzAoKQAxSA
350=HVOTJIAcUIMygpADQoKQA1SAHRCTZIAdEJNygpADgoKQA5KCkAOigpADtIAdUNPEgBcCMB
351=AAEAPUgBwQ8+KCkAPygpAEBIAcWXQUgB0R9CSAHZBkNIAdGjREgBzTxFSAElkS5GSAHZPU
352=dIAcEPSCgpAEkoKQBKSAHVDUtJASCSBQBMKCkATSgpAE4oKQBPSQEurQVQSAHRQFFIAdEU
353=UigpAFMoKQBUSAGXBgEAVUgBzQVWKCsAEABB/WIRSAHNBRJIAc0FEygpABQoKQAVSAHNBR
354=ZIAc0FF0gBJUklGEgB1WUZSQFjcAV9xUFcMU8BAQAbVALZBhwoKQAdSAHRQB5IAdFAH0gB
355=wTsgSAHZBiEoKQAiSAFwYQEDAQAjyQEEcmFBAHUCBXBhnBJt1iZABNVwJ0kBIlQRSQAoSA
356=HVDSkoKQAqSAHBDytIAdXILEkBNUwGAQABAC1IAdkRLkgByRcvSAHRCTBIAQshAAAAAAAA
357=MQBBACUAABEAAMkOACAHAAAAADIAQQD//0ABAwEAMwBBAMkBNCgpADVJAR9cA0kANkkBbV
358=wASQA3KCkAOCgpADlJASFUA0kAOkkBHlwASQA7SQElXABJADxIAVgAAgAAAQA9KCkAPigp
359=AD9JASeGBABASQEjqQFBSQEdqQFCSAHRFENJAWV3AgEAREkBlqkBRSgpAEZJAWO1AkdIAd
360=kGSCgpAEkoKQBKSQEmbwUAAEtJASKpAUxIAcUeTSgpAE4oKQBPSAHFE1BIAZcGAQBRSAHV
361=DVIoKQBTKCkAVEgB2RxVSQEgnAYDABEAQgAoqQESSAHFCBMoKQAUKCkAFUgBxQgWSAHZBh
362=dIAYMIAQAYSQE/bwEBABlJATOpARpJATipARtIAckMHCgpAB1IAd0gHkgByTgfSAHJOCBI
363=AdkGISgpACJJAbpcCgEGAQAjyAEBBwEAJMgBAQgBACVIAdkGJigpACdIAdFLKEgByS0pKC
364=kAKkgB3SsrSAHFCCxJAT5UDQEAAQAtSQE5qQEuSAHRCS9IAdEJMEgBxQgxSAFoBVkGMkgB
365=0QkzKCkANCgpADVIAdEJNkgB0Qk3SAHBXDhIAdUjOUgB1SM6SAHJDDsoKQA8SAHVDT1JAU
366=FnBAEAPkgB1QI/SAHVDUBIAdUNQUkBJG0FAEABJ2kIQ1ABJ9oLQgAn2wtCAF9vBQEARkEE
367=J2sBAABHSQEgqQFISQEoqQFJSAGHAQEASigpAEtJASaaAgBMSAHNG01IAdFhTkgB0R9PSA
368=HFHlBIAZQGeV5ChAEBAAEAUlQCzRBTSQEgvQJUSAHIegESAEMA1QITKCkAFCgpABVIAc0F
369=FkgB3SAXSAHVGBhIAdknGUkBPGsMAQAaSAHVAhsoKQAcKCkAHUkBPa0FHkgBZAEBAAEAHy
370=gpACAoKQAhSAHRCSIoKQAjSAHZBiRIAcEEJSgpACYoKQAnSAHBOyhIAcE7KSgpACpIAdlT
371=K0gB3QosKCkALSgpAC5IAcU0L0gBxTQwSAHNMTFIAcUIMigpADNIAc0xNEkBIIYEADVJAS
372=6pATZIAdEJN0gB0Qk4SAHNGzlJATtvBQEAOkkBN6kBO0gByW88SAHNBT0oKQA+KCkAP0gB
373=yRdASAHVDUEoKQBCSAHBD0NJAWmpDERJAWGpAUVIAdG5RkgB0SpHSAHRKkhIAdVESUgB1U
374=RKSAHFE0soKQBMKCkATUgB0QlOSAHNMU9IAdkGUCgpAFEoKQBSSAHZBlNIAY8FAAATRNHZ
375=ERQoKQAVKCkAFigpABdIAdUNGEgBhAhttURE30geaVlEXABLAAEAG0AEyTgcSAHNGx1IAd
376=mgHkgB2TIfSQE1VgYAAUJsRADZBiFVAiB3AgAAIigpACNIAdEJJEgBzRAlKCkAJigpACdI
377=AcUeKEgB2RwpSAHRgipIAck4K0gBkw0BACwoKQAtKCkALkgB1Q0vKCkAMCgpADFIAcUIMi
378=gpADNIAdlINEgB2Ug1SAHBDzZIAdkGNygpADhIAd1XOUgBweA6SAHNEDtIAdkGPEgB1QI9
379=KCkAPkgBwQQ/KCkAQCgpAEEoKQBCKCkAQ0gB0QlEKCkARSgpAEZIAdEqR0gB0SpISAHRKk
380=lIAc0bSkgB0QlLSAHVyExIAdUCTUgB0QlOSAHRS09IAcEEUCgpAFEoKQBSSAHYBgEUAEUA
381=zRAVKCkAFigpABdIAd0KGEgB3QoZKCkAGigpABtIAd0KHEgB2QYdSAHZBh4oKQAfSQFAYC
382=xxVkVYsW4BACFUAtkRIigpACNIAcF9JEgB1VolKCkAJigpACdIAdXIKEgB0QkpSAHZESpI
383=AdkRKygpACxIASXxJC1IAcVrLkgBwZ4vSAHZBjAoKQAxSAGDFwEAMkgB2cwzSAHVAjRIAd
384=kGNUgBzVI2SAElfSY3KCkAOEgBxVU5SAHZBjooKQA7SAHVezxIAd0gPSgpAD5IAdV7P0gB
385=xQhASAHFE0FIAdUCQkgB0QlDSAHRCUQoKQBFKCkARkgB0SpHSAHRKkhIAdEqSUgBxR5KSA
386=HVDUtIAdUNTCgpAE1IAdVETkgBxQhPSAHNBVAoKQBRKCsAFQBG5VUWKCkAF0gByUMYSAHV
387=GBkoKQAaKCkAG0gB1RgcSAHBDx1IAcEPHigpAB8oKQAgSAHdFSFIAdEfIigpACMoKQAkSA
388=HdeCVIAdmVJigpACcoKQAoSAEloSUpSAHZESpIAdkRK0gBzX4sSAHVAi1IAcktLkgB1QIv
389=SAHRSzBIAdFLMSgpADJJATZ8BiLaN0YAwVw0VALJATVIAcEENigpADdIAc1SOEgBYAgBAA
390=EAOUgBzUc6SQEgmgIAO0gB3Ss8SAHdID1IAd0gPkgByZs/SAHJF0BIAcWBQUgB1QJCSAHV
391=LkNIAdUuREgB3QpFSAHdCkYoKQBHKCkASEgB1Q1JSAGMFCL+K0YAJeUoSyhVAExIAcEaTU
392=gB1RhOSAHRS09IAdkcUCgrABYAR+1SFygpABgoKQAZKCkAGigpABsoKQAcSAHJDB1IAckM
393=HigpAB8oKQAgSAHFEyFIAckiIigpACMoKQAkSAHFSiVIAdEqJigpACcoKQAoSAHJLSlIAd
394=kGKkgB2QYrKCkALCgpAC1IAc0mLkgB3Y4vSAEliSIwSQExey4BADFJATSpATJIAWUBAGFR
395=R4QBSQE0VALVDTUoKQA2KCkAN0gBkwUBADhIAc0FOUgBJXkgOkgB3UE7SAHFazxIAcEaPU
396=gB2QY+SAHRCT9IAdmVQEgBwQRBKCkAQkgB1SNDSAHVLkRIAd0KRUgB2QZGKCkARygpAEhI
397=AdUNSUgBzQVKSAEnIQpHJh1GTFQC1Q1NSAHVDU4oKQBPKCsAFwBI9U8YKCkAGSgpABooKQ
398=AbKCkAHCgpAB0oKQAeKCkAHygpACAoKQAhKCkAIigpACNIAcFyJEgB3W0lSAHZHCYoKQAn
399=KCkAKEgB2RwpSAHFYCpJASCGJQArKCkALCgpAC1IASUJMy5IAdUNL0gBlwYBADBJATpsAW
400=lOSERFTAFp80j9KzNABNFWNEgB1Q01KCkANigpADdIAdVaOEgBwRo5KCkAOigpADtIAcEa
401=PEgByUM9SAHZBj5IASWBIT9IAc2qQEgBSxQAAAEhUUhIJukuQlQC2RxDSAHVWkRIAcUeRU
402=kBvXwGIu4/SABqAQEBQEOqAQIBWAOoAQEDAQBJUAFhBARtn0gmqTFLVALFE0xIAckXTUgB
403=J8gJKXEJSf1MGVgJwQQaKCkAGygpABwoKQAdKCkAHigpAB8oKQAgKCkAISgpACIoKQAjSA
404=HFKSRIAWAeQSUlSAHJFyYoKQAnKCkAKEgBwRopSAHdFSooKQArSQEhlgkALEgB3SstSAHd
405=Ky5IAZ8DAQAvSAEnYR1J5UoxVALNEDIoKQAzSAHBDzRIAcEPNSgpADYoKQA3SAHNGzhIAd
406=EJOSgpADooKQA7SAHdCjxIAdkGPUgB2QY+KCkAP0gByRdAKCkAQUgB3aRCSAHZHENIAc0F
407=RCgpAEVIAWFGBXFLSZFLBnBLqQEHcEupAQhwS6kBCXFLSfFsS0QIxRNMSAHJF01IAcsiGQ
408=BK5UoaKCkAGygpABwoKQAdKCkAHigpAB8oKQAgKCkAISgpACJIAc08I0kBJZ4cACRIASVJ
409=JSVIAZMCAQAmSQEnjAFHcEoAIKkBKFUCI6kBKUgByRcqKCkAK0gBzTEsSAHFHi0oKQAuKC
410=kAL0gBJZEjMEgBmApslCIUWlABbZRKXABIAHniSkgSSwEAADRMBdlTNSgpADYoKQA3SAHN
411=GzhIAc0QOSgpADooKQA7SQEmmgoAPEkBLakBPUgBxR4+KCkAP0kBKKEEQEgB3QpBKCkAQi
412=gpAENIAYgFIlheJxUDRVQCeUgKeUhKmUgLeEipAQx4SKkBDXhIqQEOeUhKUDCZCUtECMUT
413=TEgBzzEaAEvtRxsoKQAcKCkAHSgpAB4oKQAfSAHdQSBIAdEqISgpACJIAcUpI0gBxR4kKC
414=kAJSgpACZIAcUpJ0gB0QkoSQEihhcAKUgBJ8AIJ70CK1QCJ8EIS/VlLVQCxYwuSAEnvTlL
415=qAlw2ietADFABJgCYEYnVQAzVALdFTQoKQA1SAHNBTYoKQA3KCkAOEgBydI5SAElCUk6SA
416=HZBjsoKQA8SAHFHj1IAcUePkgBxR4/SAHNG0BIAdkRQUgB3W1CSAHdCkMoKQBEKCkARUkB
417=vUUED2FGS4FGEGBGqQERYEapARJgRqkBE2FGSyb1QEtECNcuGwBM9UQcKCkAHSgpAB4oKQ
418=AfSAHJFyBIAckXISgpACJIAcElI0gBJcE0JCgpACUoKQAmSAHJOCdIAdEJKEgB2ScpSAHZ
419=JyooKQArSAHVTyxIAdkGLUgBJY0oLkgB1QIvSQG7QSUAakNMAGkBAWyJqQECaEOpAQNtiU
420=z9TDRYBsUINUgByU42SQEzsQk3SAHRQDhIAXACSQw5SAHNEDpIAdUCO0gB0Qk8KCkAPSgp
421=AD5IAcG/P0gB3StASAHZBkFIAdEJQkgB2RFDSAHdK0RIAdkRRUgBaUMUaUNMiUMVaEOpAR
422=ZoQ6kBF2hDqQEYaUNM60McAE39QR0oKQAeKCkAH0gB0RQgSAHRFCFIAd1XIkgB3RUjSAHB
423=BCQoKQAlKCkAJkgBzQUnSAHFCChIAdkGKSgpACpIAc0FKygpACxIAckiLUkBOGcEAQAuSA
424=FkAVkyL0gBZT8EcUBNkUAFcECpAQZwQKkBB3FATSgQCCcpADVECCWtLDZJATFjCwEANygp
425=ADhJATe1AjlIAc0QOkgBcAJNEDtIAcEaPCgpAD0oKQA+SAEnEghNAN0rQFQCxQhBKCkAQk
426=gBxeRDSAHdCkRIAdVPRUgB2QZGKCkAR0gBzQVIKCkASSgrAB0ATuU/HigpAB9IAdkRIEgB
427=xQghKCkAIkgB1Q0jSQEnjgEAJEkBIKkBJSgpACZIAdHlJ0gB0QkoSAHVhilJATV7BgEAKk
428=gBZAEBAAEAKygpACxIAdkcLUgBxQguKCkAL0gBeT0IeT1OmT0JeD2oAU3sMsAETewzSAHJ
429=DDRIAQg/AAAAAAEANQBOABEAAL4JshQJMQAAAAABADYATgA2RAEBAAEAN0kBOKkBOEoB//
430=9PAQEAOSgpADpIAU0CAE0FO0gBwQQ8KCkAPSgpAD5JAR+SBQA/SQEkqQFASQEoqQFBSAGH
431=AQEAQkgB0QlDSAHVAkRJAT5vAQEARUkBOakBRkgBZAFNEEdJASeOAQBISQEgqAECHgBPAG
432=2pAR9IAcEPIEgBwQQhKCkAIigpACNJASO5BiRIAcUIJSgpACZJAR2hBCdIAd0VKCgpAClI
433=Ad0VKkkBNW8FAQArSAFkAQEAAQAsSQFAbwEBAC1IAWQBVQIuKCkAL0kBu1gCAQwBADDIAQ
434=ENAQAxyAEBDgEAMsgBAQ8BADNIAUgFbTE0KCkANUgByQw2SAHBBDdIAd0VOCgpADkoKQA6
435=SAHFKTtJASCeBgA8KCkAPSgpAD5JAS6hBD9JAR6pAUBJASWpAUFIAYQBYjtPAN0KQ1QCxT
436=9ESAHZEUUoKQBGKCkAR0gBz0cfAFD1OSAoKQAhKCkAIigpACMoKQAkKCkAJSgpACZIAd1B
437=J0gB2REoSAHdFSkoKQAqSQE6eAJqOFAA1TksVAJxAgBrOFAAO28BAQAuVALBBC9IAXACQQ
438=QwKCkAMUgBxR4ySQE/ZARpOFBUa08BAQA0VAJAAXU5NSgpADYoKQA3SAHFKThJASCQBVYH
439=UADJATpUAt1XO0gB3Vc8SQEhrQU9SAHRNT5IAdE1P0gBxRNAKCkAQSgpAEJIAc0xQ0gBxW
440=BESAHZBkUoKQBGKCsAIABR/TYhKCkAIigpACMoKQAkKCkAJSgpACYoKQAnSAHdNihIAd02
441=KUgBzRAqSAHJbytIAd2ZLEkBN3AfcTVRXGhMAXA1JykAL0AE3TYwSAFaAwAAfm1RAN0KMl
442=QCyQEzKCkANEkBPXEFAVhCJ60ANlQCzQU3SAHNJjhIAc0xOUgBzTE6SAHNMTsoKQA8SAHZ
443=Mj1IAWQMWRE+KCkAP0gByQxAKCkAQSgpAEJIAcEPQ0gBJ7AGJ5ECRVQCxwghAFLlNCIoKQ
444=AjKCkAJCgpACUoKQAmKCkAJygpAChIAdUNKUgByQwqKCkAKygpACxIAc0bLUgB3TYuSAHd
445=Ni8oKQAwSAHFNDFIAd0KMkgByW8zSQEzdAluaFIA2dc1VALNBTYoKQA3SAHVIzhIASdaBl
446=IAyRc6VALZBjsoKQA8KCkAPUgBcA2ZMlKEAUkBP1QC3UFASAHFCEEoKQBCSQEmtQVDSQEt
447=qQFESQEgqwEiAFPtMSMoKQAkKCkAJSgpACZIAdlIJ0gB2UgoSAHNRylIAc0QKigpACsoKQ
448=AsSAGcDn1iU+1dLlQC2QYvKCkAMEgBwcoxSAHZBjJIAd02M0kBNHgCYTBTYAFtaDVUAo8B
449=AQA2KCkAN0gB3SA4SAHJFzlIAckXOkgBzRA7KCkAPEgB2T09SAElISA+SAHJDD9IAdEUQE
450=gB1QJBKCkAQigpAENIAdNAIwBU9S4kSAHRKiVIAcUTJkgBxRMnSAHdCigoKQApKCkAKigp
451=ACtJAb1wBWr+VABpAQFoLakBAmiQqAEBAwEAL80FBGn+VHAGeScxVALFSjJIAckiM0kBPG
452=gEaS1U/TY1VAJxAgBoLScFATcoVQA4KCkAOSgpADpIAd0KOygpADxIAckMPUgBwQQ+SQFB
453=bwwBAD9IAdUCQEgBcAJBD0FIAdUCQigrACQAVeVrJUgBwQQmKCkAJygpAChIAdEJKSgpAC
454=pIAdkGK0gBZSkFcSpVkSoGcCqpAQdwKqkBCHAqqQEJcSpVmApRFDFECNVEMkgB3QozSAHV
455=AjRIAdUCNUgBnAZxKlXpLTdUAsEEOCgpADlIAc0FOkgBxVU7SAHRzzxIAcGTPUgBxQg+KC
456=kAPygpAEBIAdEJQUgBzwUlAFbtECYoKQAnKCkAKEgB2QYpKCkAKigpACtIAXknCnknVpkn
457=C3gnqQEMeCepAQ14J6kBDnknVpgKmCcnKQAyUAnZUzNIAdEUNCgpADVIAZwGeidWAM0FN1
458=QCzQU4SAHBJTlIAcW4OkgBwSU7SAHFCDwoKQA9SAHFCD4oKQA/KCkAQEkBJ5wGAQAmAFft
459=JicoKQAoSAGfAwEAKUgB0QkqKCkAK0gBYSUPYSVXgSUQYCWpARFgJakBEmAlqQETYSVXmA
460=qBJVcmYSgyUAnBGjNIAYQEcXdXXGhQASL+IFcA1UQ2QQQxUAJFCDdJATOpAThIAdUCOUgB
461=xa06SAHJFzsoKQA8SAHRHz1JASBnCAAAPigpAD8oKAABJwBYAMEEKEkBKK0FKUgB3QoqKC
462=kAK0gBaSIUaSJYiSIVaCKpARZoIqkBF2giqQEYaSJY/SAxRQg0aAwiCTNYYgEAACL9K1jp
463=QzRABJgCaCIngQA2VALZzDdIAd0gOEkBNnAFIm06WOn+OlQCyRc7KCkAPEgB1b09SAHJ/j
464=4oKwAoAFntlClIAcUIKigpACsoKQAsSAF8DkkXLUgBzQUuKCkALygpADBIAckXMUgB3RUy
465=SQE3aAhxH1npFzRUAnACXQo1SAHdCjYoKQA3SAHNlDhIAc0FOUgBzQU6KCkAOygpADxIAS
466=fxA1no3QIpAFoAIIoIACpIAcU/K0gBkAJtPFqFAQBsPCcpAC5ABCXdMi9JATVoBGw8J4EA
467=MVQCcAJZBjIoKQAzSAHRFDRIAcEENSgpADYoKQA3KCkAOCgpADlIAdVaOkkBIIgIQEsnFQ
468=M8VQIjtwIqAFv1OStIAcEPLCgpAC1IAYgFcVZbhQEAcVZbWGRUAWIaWwAlgSExTAXFCDJI
469=AVkDAE0FM0gB1QI0SAHFEzVIAcUpNkgBwQQ3KCkAOCgpADlIAdkyOkgBzVI7KCsAKwBc5Z
470=csKCkALSgpAC5IAdkRL0gB1Q0wKCkAMSgpADJIAdEUM0kBIJ4GADRIAc0mNUgBJf0rNkgB
471=0Qk3KCkAOCgpADlIASfpAlzkSgEsAF0A3QotKCkALkgBySIvSAHdCjAoKQAxKCkAMkkBJq
472=UTM0kBIqkBNEgB1SM1SAEnkQJd9SM3VALdCjgoKQA5SAHTFC0AXq8FAAAuSQEkvQovSAHd
473=FTBIAdEUMUgBnANtlF6FAQB5dF5EyZUBNEAEJWEoNUkBLZICADZJASCpATcoKQA4KCsALg
474=Bf4SUvKCkAMEgB2RExSAHNEDJIAcEaMygpADQoKQA1SAHNGzZIAY0FAEXIX/scLwBg9Q0w
475=KCkAMUgB2ScySAGYBm0bYLgGaNInKQA1QAQniAHUAgIAADAAYf0KMUgBJzEBYeUIM1QC3Q
476=o0KCkANUgB0AkBMQBiAMUeMkgBzSYzKCkANCgrADIAY/QNCDMAYwBtAAAAAAAAEQAA

[Lighting]
Red=0.300000
Blue=0.300000
Green=0.500000
Level=0.032000
Ground=0.000000
IonRed=0.300000
Ambient=1.000000
IonBlue=0.200000
IonGreen=1.000000
IonLevel=0.032000
IonGround=0.000000
IonAmbient=1.000000
DominatorRed=0.850000
DominatorBlue=0.300000
DominatorGreen=0.200000
DominatorLevel=0.000000
DominatorGround=0.000000
DominatorAmbient=1.500000
DominatorAmbientChangeRate=0.009000

[Map]
Size=0,0,50,50
Theater=LUNAR
LocalSize=2,4,46,44

[Neutral]
IQ=0
Edge=North
Color=Grey
Allies=Neutral
Country=Neutral
Credits=0
NodeCount=0
TechLevel=1
PercentBuilt=0
PlayerControl=no

[Nod]
IQ=0
Edge=North
Color=Gold
Allies=Nod
Country=Nod
Credits=0
NodeCount=0
TechLevel=1
PercentBuilt=0
PlayerControl=no

[NorthKorea]
IQ=0
Edge=North
Color=DarkRed
Allies=NorthKorea
Country=NorthKorea
Credits=0
NodeCount=0
TechLevel=1
PercentBuilt=0
PlayerControl=no

[OverlayDataPack]
1=BQAAIP4AIACABQAAIP4AIACABQAAIP4AIACABQAAIP4AIACABQAAIP4AIACABQAAIP4AIA
2=CABQAAIP4AIACABQAAIP4AIACABQAAIP4AIACABQAAIP4AIACABQAAIP4AIACABQAAIP4A
3=IACABQAAIP4AIACABQAAIP4AIACABQAAIP4AIACABQAAIP4AIACABQAAIP4AIACABQAAIP
4=4AIACABQAAIP4AIACABQAAIP4AIACABQAAIP4AIACABQAAIP4AIACABQAAIP4AIACABQAA
5=IP4AIACABQAAIP4AIACABQAAIP4AIACABQAAIP4AIACABQAAIP4AIACABQAAIP4AIACABQ
6=AAIP4AIACABQAAIP4AIACABQAAIP4AIACA

[OverlayPack]
1=BQAAIP4AIP+ABQAAIP4AIP+ANAAAIP4tAv+Br/73Af+B9v4BBv+BrdYPBIGu/vgD/4H1/v
2=wB/4H3/hkE/4Gw/tcH/4H4/tYD/4BbAAAg/jIA/4Gx/u0B/4Gw/hAA/4Gs/gEE/4Gp/ggA
3=/4Gr/hcA//+7ATECga7+CAL/ga/sIwCBqv7bAf+B9f7xBf+B9P9fBOcP/9gBUAj+1QX/gf
4=f+JgD/gfb+tQH/gCkAACD+JAT/ga7+HAb/gff++QP/gfn+6QX/gfb+/QH/gbD+DAT/gfT+
5=zwX/gAsAACD+Owb/ga3+xBn/gAUAACD+ACD/gAUAACD+ACD/gAUAACD+ACD/gAUAACD+AC
6=D/gAUAACD+ACD/gAUAACD+ACD/gAUAACD+ACD/gAUAACD+ACD/gAUAACD+ACD/gAUAACD+
7=ACD/gAUAACD+ACD/gAUAACD+ACD/gAUAACD+ACD/gAUAACD+ACD/gAUAACD+ACD/gAUAAC
8=D+ACD/gAUAACD+ACD/gAUAACD+ACD/gAUAACD+ACD/gAUAACD+ACD/gAUAACD+ACD/gAUA
9=ACD+ACD/gAUAACD+ACD/gAUAACD+ACD/gAUAACD+ACD/gAUAACD+ACD/gA==

[Russians]
IQ=0
Edge=North
Color=DarkRed
Allies=Russians
Country=Russians
Credits=0
NodeCount=0
TechLevel=1
PercentBuilt=0
PlayerControl=no

[Scorpion]
IQ=0
Edge=North
Color=ThirdLoad
Allies=Scorpion
Country=Scorpion
Credits=0
NodeCount=0
TechLevel=1
PercentBuilt=0
PlayerControl=no

[Smudge]
0=CRATER07,54,89,0
1=CRATER07,33,66,0
2=CRATER07,43,41,0
3=CRATER02,49,14,0
4=CRATER02,37,26,0
5=CRATER02,26,61,0
6=CRATER02,54,70,0
7=CRATER02,77,62,0
8=CRATER03,58,74,0
9=CRATER03,68,75,0
10=CRATER03,41,61,0
11=CRATER03,31,34,0
12=CRATER03,46,41,0
13=CRATER03,57,25,0
14=CRATER04,40,30,0
15=CRATER04,48,69,0
16=CRATER04,68,43,0
17=CRATER05,73,33,0
18=CRATER05,38,72,0
19=CRATER05,56,85,0
20=CRATER06,51,96,0
21=CRATER06,55,60,0
22=CRATER06,72,65,0
23=CRATER06,22,35,0
24=CRATER06,41,19,0
25=CRATER07,38,60,0
26=CRATER07,60,31,0
27=CRATER07,56,82,0
28=CRATER08,33,45,0
29=CRATER08,42,82,0
30=CRATER08,64,60,0
31=CRATER09,65,30,0
32=CRATER09,58,16,0
33=CRATER09,49,41,0
34=CRATER10,30,33,0
35=CRATER10,66,77,0
36=CRATER11,55,77,0
37=CRATER11,85,45,0
38=CRATER11,44,15,0
39=CRATER11,25,67,0
40=CRATER12,21,56,0
41=CRATER12,41,35,0
42=CRATER12,63,81,0

[Special]
IQ=0
Edge=North
Color=Grey
Allies=Special
Country=Special
Credits=0
NodeCount=0
TechLevel=1
PercentBuilt=0
PlayerControl=no

[SpecialFlags]
Inert=no
FogOfWar=no
IonStorms=yes
MCVDeploy=no
Meteorites=no
Visceroids=yes
FixedAlliance=no
TiberiumGrows=no
InitialVeteran=no
HarvesterImmune=no
TiberiumSpreads=no
TiberiumExplosive=no
DestroyableBridges=no

[Structures]
0=Neutral,CANRCT,256,70,39,64,None,1,0,1,0,0,None,None,None,0,0
1=Neutral,CAMISL,256,67,64,64,None,1,0,1,0,0,None,None,None,0,0
2=Neutral,CANRCT,256,22,62,64,None,1,0,1,0,0,None,None,None,0,0
3=Neutral,CAMISL,256,25,39,64,None,1,0,1,0,0,None,None,None,0,0
4=Neutral,CALUNR01,256,36,66,64,None,1,0,1,0,0,None,None,None,0,0
5=Neutral,CALUNR01,256,45,45,64,None,1,0,1,0,0,None,None,None,0,0
6=Neutral,CALUNR01,256,75,58,64,None,1,0,1,0,0,None,None,None,0,0
7=Neutral,CALUNR02,256,73,58,64,None,1,0,1,0,0,None,None,None,0,0

[TaskForces]

[UriArmy]
IQ=0
Edge=North
Color=ThirdLoad
Allies=UriArmy
Country=UriArmy
Credits=0
NodeCount=0
TechLevel=1
PercentBuilt=0
PlayerControl=no

[Waypoints]
0=82048
1=25050

[YuriCountry]
IQ=0
Edge=North
Color=ThirdLoad
Allies=YuriCountry
Country=YuriCountry
Credits=0
NodeCount=0
TechLevel=1
PercentBuilt=0
PlayerControl=no



[Digest]
1=d9SV06oNfZi4Lkmio5XSfnHxdCc=


 