; Map created with FinalAlert 2(tm) Mission Editor
; Get it at http://www.westwood.com
; note that all comments were truncated

[Header]
Width=57
Height=59
StartX=227
StartY=35
Waypoint1=235,44
Waypoint2=256,44
Waypoint3=276,44
Waypoint4=235,84
Waypoint5=255,83
Waypoint6=276,84
Waypoint7=0,0
Waypoint8=0,0
NumberStartingPoints=6

[TerrainTypes]


[Preview]
Size=0,0,120,66

[PreviewPack]
1=SxAAIAagpK2kqLGkqLFAAUsApKixSABAAUgAQAFIAEABSABAAUgAQAFIAEABSwCYm6VLAK
2=CjrEwBUAJIAEABSABAAUgAQAFIAEABSABAAUgAQAFIAEABSABAAUgAQAFIAEABSABAAUgA
3=QAFIAEABSABAAUgAQAFIAEABSABAAUgAUA5IACCN3AFYFkgASBhIAEABSABAAUgAQAFIAE
4=ABSABAAUgAQAFIAEABSABAAaQdUB1MAUgAUAJIAEABSABAAUgAQAFIAEABSABAAUgAQAFI
5=AEABSABAAUgAQAFIAEABSABAAUgAQAFIAEABSABAAUgAQAFIAEABSABAASAP3AEGm5+ohI
6=iTmp6nTAdIAFAISABAAUgAQAFIAEABSABAAUgAQAFIAEABSABAAUgAQAFIAEABIA/cAUgG
7=QAdIAEABSACgAVQASABYAUgAQAFIAEMBnaGqWBOsAVgBQAFIAEABSABAAUgASA9IAEgtTA
8=FQAkgAQAFIAEABA5icppOXoawBWAFAAUgABrmpVLyhS6mmT0wBUAJIAEABSABAAUgAQAFI
9=AFgiAnuAjIOHOmQEUA5IADPcASccAQaeoqt3e4h7f4tLAIGFkSdcAEABSABADUgAQAFIAE
10=ABSABAAQKSlqClqS4sD1AgvAhIA1AOSABcDkgbXAIDio6ZpqqyTAdQHVgHQAFIAEABCZ2h
11=SKaaSa6eTaeaTFgBUAJIAKABVABIAFgBSABAAVMUg4iTRBRICVAjSAa8Agasnk+ilEyfoE
12=5MBKQOUA5MAUgAQARIAEABSABAAUgAWCUnLABID68BrZpJQAFIAEAESABAAUgAQAFIAEAB
13=SABAAUgAQAFIAEABSABAASoMAircAQOto1CkmUcxjgCcpkQ1UBcqDAJcCEgAUAVIAEABSA
14=BAAUgAUB0GiIyXfICMjJCaUAJIAFACSABAAUgAQAFLCYKGkifcASdUBVwCQARIAEwESABA
15=AVAvOWQKQARYBEgAQAFIAEABSABQOFALQAFLM6SZTEgABp6PSZyRR5+ZSydMCkgPSABILV
16=gESzCfl0tDBKWYRi0fB6abTFQGTARQC0gAQAFIAEsnkI1GWC5UNkAEvAJcREABKlwJWApE
17=O1gKRAgz3AFAE7wObQSXKGwCXAhIAEANSABAAUA9QBlARidsAkAKXAJIAEAESABQHScsAF
18=AOrApMGVwUM9wBM4wAUDVQO78Imp6oQAFIAFALSACgAVQASABYAUgAQAFIAEABSAABmqNV
19=gIMAn6RfSA+nI6KWR0AEpCxQLEwBSABQBUAxJ4wAUINQAkgAXAJIAEA9SEtAQCr0DUwHUA
20=hIAEABSABAAUgAQAFYBEAHSABAB0AxRCk83wG1l0on3AGsE6wHWAdAAawKWApAAUgAQAFI
21=AEABSABAAWoApK1YBFAFSABAAaQytza0n0pACkgAXAIwvAAqvANMBAOsqnuyqp5AJbRFSA
22=ZACkgAQAFIAKABVABIAFgBSABAAUgAQAGALCsTAKyrgFwCSABABEgASA9IAEgVTAFQAkgA
23=QAFIAEABSABAAVB6QAGsBFgEQAFIAEABSABgASOcI6wBrFisAWoDo6xMAUwHSAB8CCMsJF
24=A1tHJABEgAQAQwzAi8CEgGQAesBFgEQAFYUlBZrAFIA2IEo6xcAkgAUAJoACy0BawEVDxA
25=AUgAXAVIAFAFSABQBUwBUAJIAEABSABAAUgAQwGrqYZAAUgATAFIAEABSABAAUgAoAFUAE
26=gAWAFIAEABSABDAbGsniuUBZABXAJIAEAEpA5QDlCkTHBIbLw4QNlc+19WqKFOJ4wAYAH0
27=KnwFhIxiH6StpCBYwUwKpClMClwFSABAAWoApK1IolBcSHJUeypcAEgGUBFIAEABrASsrC
28=eMAEABQHxEj0gATF5IAEBVSBVQDqwWTAdMBEgAYA1QOzK0BUwEVI0njABADVgNUAJIAExY
29=lCJwAFSfWAFIUVwCTBxYcEBerBy8BbQAtAOkEVQDR4aioXlDNLSukHQIjABQYlAFSABQBU
30=gASA9IAEQUS5+xnExAylgltOe8AkgDYAGELFwFQAcw1ANAH0CgSANABCp8E1gBTAdIAFAI
31=SAAn5AJcuVACSABQArxlrAdcBUABvAJIA2ABnA60irwaTA1AAUgAQAFIAEABSABAAVScXA
32=VIAEAHSABEKSeUE0wKSABTC6WbTUAESABABFgBUAJIAJQiKxAASIdcAkAESABQC6SeXAuw
33=AlQASABIA0QmQDEnrAdIJ6zxQ3aYnKWsBFgEK3wHJrQyQBBYE6QRTAFgAYQdKjQENtQDTE
34=xUGyd8AUABW2GtoU5EFFwISABACkgAVDknLABAqawBRCBcBawBTARgAb0OqEVyT1AdRClI
35=AEABSABAAUgAQAFIAEABSABQHUA9QA1cGkwHSABQCGgALGwLJ1wARD4ovgCcpiuUBZABXA
36=hcEUgAQAFIAEABSACgAVQASABYAUgAQAFULUQarAFYAVQnJywAQAEwBAREKVgQSAB4E5ye
37=UBFQAkwHXAVIAEABSABQWSh2A5dLKy4AmUtILUwEUAVIAEABTBBACkgAJ0wBIAMsAECCUH
38=FYB1AIWA1YhWQpLawBlJYqXABU2FwFM3wBKjQHQARIAFwRTBNcBUgAQA1IAEABgSyAWH9M
39=AUgAUAJIAEABSABAAUgAoAFUAEgAWAFIAEABSABAAUgAQAFIAEABSABAAUgAQAFUDFgNSA
40=BEDkgAMyQCXAIqpwajoFArVAUvpAO0HiicCCmMDDZ8AVARtN5MDVARSABAAUwTXA6sATbs
41=DKwNJzwCUA68BVgHQAFYDVAIUDVMAUgAUAJIAEABSABAAUgAQAFIAEABagCkrTNECUwTrM
42=1YJUwBSACgAVQASABYAUgAQAFIAEABSABAAUgAQAFIAEABSABIDEgAaAycVj8sAEAHSABA
43=By3UA6BAtABIHkgAWB9IAEAKSAA/fwH/AABIAFDjUAVIADm8AFDRUAtIAFALSACkDrQAUA
44=JIAFACSGlwCPSNQBZIAEwWSABAAUgAQAFYc1SlUA6oAFwFSAC/Dq+fSbywTMdQBUgAXAVM
45=Ey0cEFACSANIAEABSABAAUgAQAFIAEABSABAAVCYWApIAKQLrA20AFACSAC/ApufqFALSA
46=x8uSlMClxZWL5IHlAaSBtIAEABSABAAUgAQAFIAAO0n0qQlJ4iqCY7BAewDioUAEgPQBBI
47=AEABSABAAUgAQAFIAFwOJ3wBQAFIAEANSABAAUgAQAFIAEABSA9Ih0m0oO+ylZmjJywAWB
48=+sASrQAawBQA1IAEANagCkrawBJ7wAQAFIAKwHoAFUAEgAVN4nlARUA0DTRyalqbFYB0gA
49=aAmEIKgMKhQASANABEgAQAFIAEABSABAAUgAQAFIAEABSABEGkgASBtIAEABSABAAUgAQA
50=FIAEABvEonvABAAUgAQAdIAEABJ5QQKugBXAJIAEAESABAAUgAQAFIAEABUCxQaEi0UAtI
51=AFwLSABAAUgAQAFIAEABSABAAUsApaixTCtIAFwgTB9ECCgsACmcCyfoAWwEnAJU8EwNSA
52=BIBkgAQAFIAEAB3AiMBKwBtABAB0ABSABAAUBkSGBMAUgGSABUBkgAQAFIAEABSABQmKQO
53=TAFRApAgAhwKIAlUGlxKTApIAFMLk5ehQ52BhZEhYyyKjplQAkgAXAJIAEABREFABM4Bm6
54=VAAUgAUAJIA0ABXBdYKEgAWChIAEABSABAAUgAQAFIAEABSABRWaCUIQShpK2QlJ6gjAFM
55=B0ABSABAAUgAQAFIAEABSABAAUgAQAFIAEABSABAAUgAQAFIAGABlFGsEFQwUAJIAHwC5A
56=tAQLyMUGhYBEgAVBVIAFguJywAQAFIAFACSABAAUgAQAFIAEABSABAAS2EEVACSABcAkhL
57=SBtIAEgbSACkpLQAUAJQHVAOXAIrVhqcpqwHWGpAAUgAXAhIAEABSABAAUgAQHCsAUAuQA
58=FIAFACSAAnLANMClwLSABAAUgApA60AFMOo6evWyuRlaBUV7QhQAFIAAOQlJ6jp7BQI0EB
59=oLwjAplHualUUOxIJ0wNUAK8a0wETAFIAEABSABAAUgAYAEptAV4AUSSLBw0SBVIAEgVSA
60=BcVqwBUAtAAUhLQK+dAqpXS6aqskwBXAJIAEABSABAAUgAQAFIAEABSABAAUgAQAFIAEAB
61=SLRIHkgASB5IAEABSABAAUgAQARIAEwESABBAaVaHKewrAFYAUABSAAtPAInXABBAaafm6
62=OmrkwBSABQBUgAQAFIAEABLdwBRCxDhZOWobwapCPUIZQqSAZQAkAuSDAqXABMAVxlSAND
63=AXyAjEABSABMAUgAQAFIAEABSABAAUgAYAEptAWkAlACSBJIAGgMKnQArAEjp1GEiJNIeK
64=wEOYwJQARIAFwIrPSsAVgBLYwJUB2sWEABJ4wAoAEGn6Krqauzf4OPWwGkpq9MB0ABSABA
65=AUgAQAFIAEABSABAAUgAQAGoACcsAEABSACwAkiWJzQHQAFYDVwOtJMn7ANAAUgAUCBIAE
66=ABrwekp7BYN0sAqKuzWFtcAkgAQARIAEABSABAAUgAQwGYnKVAT3BQXFaENbwCSANgAYwo
67=QAFYCkgAtBJAAUgAIBYsAOR9IANPAa2aSUANSAAnrAFbGaeqsiFIVgmcn6h6fot+go5iZ3
68=ZPAaOlrkgDWARQBSdMDU0BpiPEVbwCWAFAAUsAqKFOrASsVbwCTA1IoqxYTFtYhbwCXBRI
69=IUgAQAFIAEABSABjAaOskCALrBZUTlBQA4aKlYeLlngHM7QFnC9EFEgPSABAAUgASBVMB2
70=A0jDEnXABAAUgAQARIAEABUGi4BEwBvJXcAidWGpulQBYktCYGoqStk5agh4qWrQSbJkRp
71=WCVYB1ACSAADo6avm56nVN4DoaSsjpGcSC1IgUyIQAS8BVgZREdYAVAFSABAEEi0TBAqXC
72=RYAQOIjJeCh5JgqSz8AgOhpa2anadDVZ+jrEBVvAgtZARBBKCMIi1cAFACSABQArx0zAEC
73=qLGMkJtXEnh9iVgcUIlTOKers1gBQARIAHwFI7xRQAFYDUgAWBZIAEhgtANIBitEAyk8LF
74=AFQDEtFAZUG1wCSABQCEgAQAFIAEABSAAnBBlMAVACSABAAVwLJxQSWAFQAkgAQAFIAEQL
75=UCBIh1DUUAJIAKTXSF2gAUAEUAIqDAIDdnqHfoKPTAdcAkgAQAFIACp8T1ACSABTAqapsk
76=AcSABAH0SwQA1IAFw7WAEnhAVMOkAEWzSZnaZcAkwBSABAAUgAQAFIAEABSABELEA9WgSn
77=qkGLr6wBRCwGkJSenKCpfYGNVTmg7FtAAUgGQBBYEEMHio+ZRAVANLRgvAJQL0wuVBtIG1
78=Mde3+LQAREAkgGQARIAEABSABAAUgAQAGkDswBKWwLXBdAB6xPWQehSvCjrEwKQy6MkJq8
79=AipcDLwFXA5AAbwOSA9AAUgAQAFIACfYBQZ9gI1rcH5scH5YN1wOKowMfBHsEEArUFlUCU
80=geA4OGkm9zgUwrTAEIpqmxoKStpKixm58RAAA8EwAgAAeooKSto6evoaStn6OsjJCbmJym
81=k5ehh4uWTAEDkJSemp6oTAEMpKiwvL/FwsTKFBQUio6ZSAMMg4iTpKixgoaSnKCpfYGNTA
82=cDgYWRoKStUAJIAKMBmJulRwWKj5lIAAaSlqCEiJN4fYlQCwOGipV8gIxbCoOHk1ACrAFU
83=ACoEAU8HmJylTw2lqbFQCFgHQAFLBoiMl0gAUwWanqdQAlgHTApQEUQFsA4DY2h3aW58Sx
84=KPk51cC1wIA4+SnaOmrq8Bm5+oSAZIAAF3e4iAgwB7f4tMAUgAQAFIAEABSABAAUgASAZI
85=AEANA2FmdXyAjZgFAYCgo6xMCgamqbGbnqiEh5NMAUgAUAJIAEMTNDtOVABMEFARSABIIU
86=gAWA0Do6evp6uzSxWkp7C8AlApVCdIG1AjXAJYKFAaQBxcBUsJhIiUSA9cGkMBnaGqTBBP
87=BHuAjEsAeHyIWARQCEgAcAWPLqeqs0A3tAlACkQsJ8QBQAFQCFwjRAhIDFgBpBFcBVQJVA
88=xIA0AHWAGsAVcVhYmVUAVUDEAESANACkgATApIAFACRDhID0gAVw87QVRQHU8lm52nXCAD
89=qauznqKrmRaTWChIAEgDSABAAVM7jJCarAGkKUwBUAKsAUATVA9YBFACUB1ICQADlpmjf4
90=KOo6Wutri/lpminqGqpaiwUBFMEANeY3JKUGGgFlMFk5ahXFNQJlwRTBNVQpzsUidcALwj
91=Rx2mqrJIG1AgrCJQDkABJ8wCWAFQMlwITARMH1gTQFtIHlAdQAEqNAFIBlcDjJCaQApEJk
92=wBQARAK1A1J5QBXAJQCLw1RBdADUgDRAtMAaxbUBdILawETAdMCkwBTBBMCkAiSABID1AR
93=VA9IAEMBpKevQAFIDEAHWAFYJbQnWBBUTkwQQAFIAEwEvAIqFABcBVwCvF9QLEwHQA1cCA
94=OOkpxYXm1bB46RnEhmA3p+i6irs1tbqKqzQA1YBFAFQBlQBVAXQBOkKUgYSEJMGVAUUClQ
95=F5E+lKwcUAVIBkwZTB9IA0Q1tCpMXlACJ+8AnKCpWAFMBFR1TAFICVwdUBRIFVQMJ7QFVA
96=lIBkAEWwSjpq9IGFQVUAUEjJCaoaWukI+UxcfMSAnEEVZynKZYAUAHTxagpK1YB7QVQARQ
97=EVBEQA1QAkgDTA20GFQnRDhIA1ACSABcAkQaWB9IAEQgSABICUMQmZylWApABFhMRJJYBC
98=qQBVwCUDhAB1gfQAeoA0wHSAZYB7sBV1xsoAFUOVhASAZQCFgZQBBUBlARUAVME6QpVAZU
99=MFQARC9IA1ACWCJQI0wEgQewTAFcAlwaWARUObwaJ48AkJSeSySipq5IG1wLQAFIAEAuTA
100=FEAlgEA7K1vbi6wVAITAEDwcPJw8TKUBFIbEAKQDdEC0A3tBKkC0AQUBFcAkABKl0AoLaQ
101=q7NAAUgAUAhfBYKHklgHTAFIALgQWDdIACfUA1wCVDlAJUgkSABUEqwHBnN3hGpvfFpfb1
102=AsUClUUVd7m56nXFMDkpWgu73DSIFIjVhASAZYQEgATAFcCKArUAhIAFALTIhYPawBWAFM
103=AUArQApIAEAcSBhYKEgAXAKsGUwBQAFYH1AXR0G1uL9YAVAdSCRMASdkB0QgvAhIA1wCSy
104=e4u8FDu5ygqVwRQCtcRCcsALQPRCxIGEQFQAFEEVDpSABYYUwBSAxMVVAyQC5AAUATQAFI
105=DIAHfDtMAVSEvAJEDkgPSAZAAVAUQAFIBkwHTAFEDqwBVA9IFUAiUEpbRoWJlEi0pCMniA
106=RIRVwLrEZQrUwBSABQEWoAp6+zBbm7wkAERxqMkJpMELACVABUJ0AlRAJQC1wFQAdYNKxh
107=TBOsAUgYWSuQjHOsAUgVTBZMAUAZrARMB1ALrCJYc1wCSAZEC1gEUBdQR0gwWSWcKVQFSF
108=SZKLFMHFwCJ7wDXAhYLkgJSABIBkQLRCBUA1QJUBRIBkQLQBZcApQMIhwiUCZIEkgkSCdc
109=AowEfAJMAVwCWARIFVgHUAisAVQSTAGgDUwHJywAWAdIFb9ch4qWXA5QLEgAX1mgpK1YJU
110=gATAFUD0ABSgCaniLEJSdoAEQCSABQDkQRKlAAKlwMXAJYAVgESABELFhVQBNAClwCWAFI
111=J1gHQAFMH1xQWB9QFEhsQQSMhKS8BUA0jBwnXSGTUEpQGn4XhpJYB1wIA2hue5ygqbwdWA
112=dYNFgBSC1MK0wKrAFQDlgNVAxUCUQOQAFYAVgHrAFUBkgVtCFIA1QktAlADUABtDBMBEwB
113=WARcLFQSUAJQkkgAVAxIDEANQAFQDkwBWAdILUwBSBisClQVQBBIAFwsXFBcLEghUFlMEE
114=MHjJCaSCQnCABQAkgAVBikAkQvVAZIBlgxSABAAUgAQAFIAEABSABAAUgAWBOsGUwHXRqQ
115=71igpK1YEExSR328vsSZH7FUD1QYvBRME1wFWBlQAkgAQAGsHFgTSC1IAFAgUEpcEUgGTA
116=FIG0ABWBZcHUwNQAFQIEgAWAFMAVQAWBBQCEgJVANYDSosAEgDWCtQCEQOJywAVAknlAFA
117=QFwCXEFcSqQaTAFEF1wLQBBYLk0BkCx1GJwm1CRAAaygXA5EJrQnRCOoJFQMRBpIGydcAF
118=QVDKaosZGUnp6eo6min5qdp0S2tDNEI18XjJCaRHq4B1wIXAWsB1wLXBq8EZGhsHqpp7BM
119=H0AHXBdMHFhSXBRMAVwXXLBcAlBHWCiwGrSorA1YCkANXH1AAUCXUBRYB0wBSB5IAF/OnK
120=CpvCNESkwBSAlJMKCm16qzWCu0DFQGQAFIjVThTEZEFKwEVBVcPidcAEQLUAhICUQLWxCi
121=pq9YZ0wBSBhcRFQeRBRU3kgJRBdULVMFjpKcTIVUNlAyWAdYHEwKQAFQLFwpQCtIJFsBjJ
122=CaSABYE7QkVAC8AlQqD6mrtJqdpntuaVtHPWdsequutqQdXAhYBKgAtCFIBkgtVCFAEFgT
123=WCtIElRFTA1ABEBATCJcFF9ZxcfMUBpYFlAUXBdMHEgeQApULVAFWBBAB1wIUAJQSlAaTB
124=NcGqAWTBZEAlgBVAlIACesAVgKSC1MGUwcUCygAVQDJLwhQCVAAUAKtAwnLABALkgtVAlY
125=EFAmahKosEABWARECLQVVDNMAUwNrARRBZycVlgBKL0Ap2BJrARcAkAEJzwLWCKoAFAjTA
126=1EC7AmKhQAXwKhpK1MKwanpaevsbeDh5KwHSqMACcsAFwIRCBIBqQCURqQhIZALoiWfBdE
127=g1w+mQGxVC1UKkgqvFNMIkgGWBBMH0wBxjWIk0wWUERAB1A1XB1YAURNRBpAAbwCSAZAB6
128=wNSANcAlQDSQCg/FlUA80Bq2xbWFtcFFwOSDZAClwyWD1QR1ACUDtMAVQnWAdYJUAuSBVA
129=K0wBSABMBF8FjJCaTEZBAZz0LUgVSAZAB0wEXCMnnAhMBEAcUCxEI6wiXwuNkZtADbgBVw
130=CXmqRIDLgTShKkpyJUL0ATVAaoACfsAFAFSAAnUABQJlwRUClATEQsZia+xEgqWBBUSLwR
131=SBtcXFRFRAtQDkANRAtQbkRHXAVIXUgtXHpAAbwFXB2sFkgtXAtYi1gEUAJcVkwBXCZcCF
132=gHQB9YBFALVC2gAVgEUA5YZEwxRA5YAUgMRA5mFIaSUAJUElgQXAJUCVAISCqsAVwCjB8i
133=dCdMYVgltSeMnPWsBEQUVAxAK1AXVBJIb1gHSC1ICUABrKZIDKQjVABEJkgMUB1QAgOnqr
134=KsrrasB1gHQChIAKwEVACoAFwFQAFIDFAOSAZQBUwESABcAlACT0xma3khsDNLLYiMl1gB
135=TBBYJbwOQC5cGlgNUAK0MEgDUBpQBUwHvBdYIlACmBxsXlACQEaRBbFNBJwnFgm+xECOQA
136=pIulACSAOkLEwBVFFIAKQIQCtcWVAIQAFUFUwBSANIALQhXAJAAUAQRA5AB0A0QCVYDUgA
137=pA5YNEgDQARQC0AESJNAOlgEUAKgGVQ2SDC8CFwCUAJFEYwj3CtAEFAjWCikI7wCbBACpK
138=2foquoA0QpVAOoAEAEWAGwJkABWAFECFwFAxQUFJSXoURfTAFcArQnA2xxfyUsQUBGRClc
139=AiewAFQDUBG8F0wBQCtIAExeQCVcAlgWTBlsHCYcIkhaTBawDkgJQAdIAEwfSAZIn1gKQB
140=9AECfcBEknnClcLaAERAtAJUA3RBFEBaw9QA1cAijGAb/FpAtMBFRC4QexYASMtVgHJzwL
141=QH9ABEwNSBVAEFxWUBRIEkwKXAWoJ0ArXCNIAEAKQHBEI1BQSABbAXR4hURZJOxOVDMnaA
142=BAAUwiWxyYm6UhGDhMClkBjExnCKStnqGqjZGca299XCy8C1AyVANIBkABTA1cEawNXAtA
143=AUgAQAFIAFwRXAhME1AmkGh8tkxwUAJYH1ROTBNAAaxVVC1cEVgBVE5UKkAiWAdQGlgcUA
144=KsAVUenCZ8Q0gDTAFEAkgApA5ACkgtSJBICVgTRCNQJkgMUBpYFlALUAJUJ2gJlCpECEwH
145=3kSnsFUzkPTMTQegjL5fVpCUnkANQAFULUQIUx2MkJot1ANADbQhQyKOkZwhKD1+BaGrTQ
146=GgnAhUIUABSABAAVAIVCGvAZ+ZS0ABSABcAkgASORQI0AEXAtACkg2SABMCkwBJ/wCUAVY
147=GUAETMdMAcZKqLFQWUAHUB1cGkwcvAJMW0wBQJ1QcX4Fo6wnvAMnhAVDLp6iqyd8AUwiQC
148=5QAlROTLVYAagAQB9EFEgDvDVUA0QLSANANFAFWAdQJlgBTAFAAbQPpBEnRANYE1gQSDBc
149=QVwIWAdABLwFJ4QCVAy0G1QeVBtIAJEOsUABSABMAVAITA2sAVgBSy2mm0xYKEwBTCVIAE
150=ABSAADkJOejZCbRFZMAVAFSABAAUgAA7mpVLGcTFgESABQAlsBrp5NXAIqTAEkdD9cQUwN
151=VCpIA0ABRBdcBUgAUAVQSidEBlBBTBlQKVAaWARMAScECkAHSCG8I1wCvCZQU1ECnC+sFk
152=ghVCdIAFwFtAxAEEgGSABQOFQDQDdMEFQnTAF0CSPsYEQOVAm8BUAQKlwATAEnhAVIMFAR
153=UAVYRkgPUCxyWYiTQAGsB1AaWC5yGn+LSAxQAkgAUAJIAEABTCVIAKwBWBBsTAWosaOlrk
154=ZLXUsGc3eFTARIAEwESABAAUgAUAVIAEABSABAAQOmmkmQjUasAVgBQAFIEkeDh4qWTAFI
155=AFACSABAAUBnSOQDpJlHp5pMWAFQAksAraNQVzalm01IBlAatEtYIkwB3hGnsEABUBFYRr
156=xcpClUSy1EFbwCJ5AFWJ1IAEgtSABQOEgAWChAJSdUBaQOJ3wKWBakKVAgVA8GlZmjoqWu
157=mZ2mXAJQekgVWAcn5AVUDFQqvAW0KgN2eod+go9cC1xKvAVIBlgcSABAAUgAVBhRMoyEjF
158=g9vwJlanhAAUgAQARIAEABWA1AE6wBWAFAAUgAQAFIAEABSABAAUgAQAFIAEwNJxQbUAJI
159=AFACKjxQWAFQAkgAQAFIAEABXAtQFFApTBknTARAGVgBSCpIA0wK3hensFgxvAJEU1grWA
160=FIMEwBXAhIAKAKdAAjlGe0LVAXVCcqVAW8AkQLQAFIAFgxSABAAUgAQwGmqbKgClwISABY
161=LqgAXAhQCLQMXwKPkp1Q10yCBn2AjWtwfmxwflQ/XAJABEgAQAFIAEABSABAAUwNQAFIAE
162=wBSABAAUgAQAFMT1iCA7yhS6mmT1gBVB7dAqh0kERcSABUP1ACUDVAAUwETAFIAEABSAAt
163=vAC8AlQYUAVAOlhATARQAkgAQAFIAEABSABAAUgAjCIirHBQHUwBpCktRAlcAkgeSAlIAE
164=AHSABAB0gAoAFADUgARCZIACdUF1hJUAJIAFACSABAAUgAQAFIAEABSFRYgkAZRBSvOpOW
165=oVgrSANABEgAJy8AkZWgQC6jDZ6hqkABSABIDyQsb1AmrKlQAkgAXAJIAETgJ4QmUAJAeV
166=grXAJPAZ2hSFuCopZHTAFIAFACSANAAUgATAFMrENhdHiFTDpQOEwBvAJIA0ABSABAAUgA
167=QAFIAEABQBNAGVAvWDpcHVACSAC8AidcA1gBUAJIAEABSABQBawBSAZAAUgAUAJcCFgrrA
168=EqXABIA1ACSACgAXQAKTwLVCRYJUgAQAFIAEABSABAAUgAQAFIAEABVAlEDqwBWAEnVAVM
169=AVACSABAAUgAQAFIA0gAagykraQOTAF2GIeSWBNQJgakmUyvn0mqnExdAqEshCYnvABApk
170=BAWChQcbh5SDxcBVguvEpMAVwCQzR6fotfg6eqsk8BsbO7XAJRCJAjLCStAaAvDCO8AkgJ
171=UBFQPkAESABQAkgAQAEDrJ5PopRMXAIqDBdcAkgAQARIAEABSABAAUgAQAFIAEABSABAAU
172=gAQAFIAEABtCFAIkABSABAAUgAQAFIAEABSABAAUgARCNMYURrTAFQAkgAQAFIAEABSABA
173=AVywQAFIAEwBSABAAUgAQAFIAFwsA5CUnqOnsMQO5B1qyYCMSDZYCirkGlUtoOwEQAFIAE
174=AHSAAKgoaSoKStpKixg4eTiBEAAJEN0BwLjJd7gIyDh5OMkJqgpK1LAKSosUsApaiwSwCk
175=pq9UAFACSABQAkgAQAEMp5pMn6BOk5ehnaGqgoeSQAG8AkgDQAFIAEABSABAAUgAQwGYnK
176=ZMBAOtmkmQjUZYAVMCmp6oQAFIAEwBSABABCocAQKSlqClqWwQQARIAEAESABAAQOYm6Wg
177=o6xAAXoBo6xYAUgAZAI1LwCDh5NABEgAMIwABqOnr6apsaOmr0gDQARIAEABSABAAQOana
178=ekp7BIAEANSABMDUgAQAFIAEABSABAAUgAQAFIAEABSABAAUgAQAFIAEABSABAAUgAQwGk
179=mUdAAaQmWAFMAUgAQwGfmUtAAUgATAFIAEABUCBAFkAfTAFIAFMCtZdKUAICrJ5PopRgLl
180=cDgoaSXAJIAEAEUy+anqesAVgBQAFIAEwESAAwXABIKieMAAN3e4iBhZFbPXt/i1MCo6BQ
181=Qw2unk1QFFgfUCBIAEABVAlUA0gAYAE1hAWkBVAFQAFqAKStKCwAiAZwAoABJ1wAQAGkLG
182=gDXE0Co6yVmaNIDFgcCZ+XS5yRR6WYRrmpVFwjQAFcAkAQSABAAUgAQAFAGUgkrAFAFlxQ
183=rAEFnaFIpppJopZ0LVgEUAJIAEMBraNQSDCsAVgBQAFIAEAB3giZRyfcAUgPUA6sEFQhTA
184=RIAFAFXClbLqabTFQDWwGeoqtAKEgnSABiAYCMQwSmqrJQBUgAQARIAFAFrAFIA0ABSABQ
185=AksAtJ9KWB9gH4wivAK0AFQDQAFIAGABlAOkBVAXQAFIACfUACosAKxASANQAkgAQwGoq7
186=NAW0gAQAFYAUAKSABMClwIK6YDl0ukHVYevKFoUW4EqLFQBVAvWB8q5AJAK1wCSFFUeFgE
187=TAFIAEABSABAAUgAQAFLALGcTCcsAEABXAVTCIqOmTbcAUAQSw+ppk9MB1wFSABAAUgAQA
188=FIAEABWweIjJdQL0wBSABQAkgAQAFIAEABSABAAUgAQAFIAEABSABAAbwgTB9iAaStUAJI
189=AFwCtACgAawBRBREGqQFcAVOi6OsSCpTDnyAjFBoUAJIAEAEWAFQEUwZYD0pdAZIA6AELQ
190=wLVCpUG0gAQAFIAEABSABAAUhaQBBIAEAQUG5QAlMmpZtNWAFQAkgAQAFIAFChJwwCXBEq
191=BARYAUATTARQBUgAQAFIADmEBUgMXA5IAFAdWApcHVwFQAdIAEABSABAAUgAQAFIAEABSA
192=BAAUgAQAFIAEABSABAASrcAagezB8phAVYBLAFVABIAFgBSABAAUgASBisAbQGJwQBSM8n
193=LABAAUgAQARILUABSABMAUgATBYnLABAAVAdXKFEGkgbSABAAUgAQAFIAEABSABAAUh1SC
194=1cDlAOKuQCWAFQAkgAQAFIAEABSABMECcsAEABQCVDEISIk1CkWAFABEgAQAG8pNwLhJWt
195=AYCAAKwBSA9AAUhaRAi0Ra8HkJSeSN6tAaDkJliXJywAQAFDi4OIk7wOWBxAH0gAQAFYBC
196=eUE1gEUAhIAKABVABIAFgBSABYHCfEAVCepGukCFAIQAFIAFySJywAQAFIAFACSABAAUgA
197=QwGQlJ5VLaCEFLxTpBpQGkABgB1wAEwBSABQAkgAQA28BVAXVB5IACd8CqyyUIlDBP8AAE
198=gAXBRMAUgAQAFIAEABSABAAUgAQAFIAEABSABQC0gAUAtIAEABSAB0DuwAUAJIAFwOpDVA
199=2UAHSABAB0gAQAFIAEABSABAAawQUEFYmiesDUQ7vB1IHkABrARQSl8FmJylWChIzEwBSA
200=CwCFQASABANGK+f4tEv0gDSABQAq2jkJw7tAlACkABSABAAUgAQAFIAEABSABAAURTQAEq
201=TAczXAntHYBEHVgfQMdI211KoETmlDNcLFxWSAlMCkgAQAFYKy0IAFwCXAVQQVC/SBVMAU
202=gAQAFIAFAOA6SZTJ6PSbwLSAxAAUgAQAGoD6wBWAFAAVQnQAdIAEAHSABAASf8AlwOSABg
203=DZSiJwACUAJIACdcAEgGQAdIAEMBm5+oUFxIAEwQJ0QGXAK0A6ABTElILVg0UDtorvQerA
204=SkGlALJ7gBQAFYDbQSXAJMAUgAQAFUM0ABSABMAUgAWBlIAEQaSABAAUgAQAFIAEABSABA
205=AUgAUAVIAFAFSAAtvAw23AEnvwCvn0kqRAOsGUwWUAtIAFALSABAAUgAQAFIAEABSABAAU
206=gASDwnvABEI1gBRD5IAFALSABQEUgAQAFMHFAdLQgAXAIn7ABUVKzHVFRMKECvQBBIAEAE
207=SACgAVQASABYATYEDVCJtHhYGS2sAVsBrZpJTAdIAHAInD5gEJTnQAEgA3wWtBtcWVwFSA
208=BIG0gAQAElViaosVBTSA9E47wCpHQtvABAEEgATBBIAEwHSABQBUhaSCpIAEgqSABAATA/
209=C/r6AFAFSABcBS2ECEAKSABAClwIQARQHagAQBa8AkgDQAFIAEABSABMcCcsAEABJ9wETA
210=FUA1QASABAAUgAQAFIAEABSABAAbyMVGBAeUCOUFxcAifEAUATTARIAFACQMdAAUgATAFc
211=AkwESABAAVQwVCRAHFgcSABAAaQdVABMAUgAUAJIAEAHvAVIBkABpD5cDlwCSABMCkgAfA
212=IkbDVQOCmsDSpcACosAFxTSA9IJFwLQA1IAFAOJwgAUAJIAFyzvAvcDvwLSCRIHrRLQARI
213=AEAQzAQjnDh4ASkMAkAESABQAkgAQAFYW1CDXBdQJlgBsAJUAEgAWAFIAEABSABAAUgAQA
214=FMDUABtB5QiU0BkCqsFuQOQU+gnKpIBkABSABgASlsC1xESB5EHUgbSAAqsAMqbAgqlARQ
215=CEgAXAhIAEABSABgAYwKpIlYAUATJ4QOKuwAQAS8X0wEUA5IAFAOSABAAagPrAFID0iENl
216=8MfICMSKi8DlwIKnwBSIRIA0AiQE8BkJSeoK4fmUcqlBxMBFhbQChMBKAEVABIAEgJSABB
217=AZCEKa0BoKQICKixrKp7sqqen6RfXAIqxAFYDSeMAEABQB9EC1hAXEGkIMxAnEQq7CFAHC
218=fcQEwKbAeMBLwFWAFQAkgAQApAFkgeTAoq3AFIJCeMAEABQCu04SqMAFwCSABQCKxqWA1A
219=AUQsJ+wAWAEqvABYkbwFSAZAAUgAQAFIAEABSABgAZQ8SBJMHKBVtzasq4BMB18Ck5eheA
220=QynAukCDZ0AFwCqAm0ACfcCrQhJ3QDUAhIAFAFSABAAUgAQAFIAEABSABgAaQUhClUG1BN
221=QBxQCGgDKRQ/cALkO0AHWkOuniK0MkBDWAFwBbwI/GhQAieMAEwKWAFMBEgAXAhIAFwLSA
222=BAAUgAQAFIAEABSABAAUgAQAFIAEABaAAsZARZHKUvREhQBUgAcgWjrFROoCIqFwC4tZ0n
223=nAJMEFARJ2wCTAGkAqABLS8AmqNVKhwBJywAWA1IAKcOn5lLW/2qnEysBypkATBMAUgGQA
224=dIAEABSABAAUgAQAFIAGABKYQFtueilCK0QUsMpZhGXAtMBEgAUAVIAFhJM4wAUA5IaVBf
225=vAWkQVwFQQenI7xOrAFYBEAETAFAAUgATAFLAJufqFhzVIFIAEAZUIxQX0A9QASkL1wFXA
226=hYIgOxrJ6yqpsnQAQnIAAnhDKsEFSlJ/QHUAhIDEgAQAG0t1AUTAFIAFACQwq3rp0nHAFI
227=hzC0AlgESBJIAFQSSAAnZBlcAlgNSGxACkwBQApIAEABQHxQCMwBI0xDMCwAKoQRKkwBpR
228=2QhJs2jABQjFAOJzQ9WYWghDhcaEABSABuEKixVyp3e4ghGCZaE6abJWxETAdABKQ4XA5Q
229=GrQ8QApELEgAQBBLAKKheUAxSjC1rChwBEShTAesKCoEHFgNXAK0AKABTAEt5AsnXAAnXA
230=ZUG1gNSABYDUgAXJKsBFj6J9wTXAgnFANAGUxPrARcAkABSABAAUgAQAFIAEABSABAAUgA
231=QAFIADNPAaWbTVAOSABQDmoApK1YBEBGVCEn3AFMBFAISABQCEgAOdwBJBwlTBNAWCe8AE
232=ABSABAB1gKKnQGJ+wDXA5BEJCUPEwEQHlYBFg3XG5RAqCUOVgHQMpYKEgzpOC8ArQAVANA
233=AUgAQAFIAEABSABAAUgAQAFIAEABSABAAUgAYAGcpKwBeAEsfBO8AkANWA2sATaMACAPXA
234=CkHSAhTAFME1AISABAEEgAQAFIAEABSABAAUgAQAFIAEABSABAAUgARCxIAEAQaAAyvANM
235=BFAFSABAAUgAQAFIAEABSACgAVQASABYAUgAQAFIAEABSABAAUgAQAFIAEABSABAAUgAWA
236=1IAHgNLBwrQARIAEAESABAAUgAQAFIAEABSABAAUgAQAFIAEABSABAAUgAQAFIAEABSABA
237=AUgAQAFIAEABSABAAUgAQAFIAFAOSAAgUdwBQBBIAEAQSA9gEPxWUAJIAFwCSABAAUgAQA
238=FIAEABSABAAUgAQAFIAKABVABIAFgBSABAAUgAQAFIAEABSABAAUgAQAFIAEABSABgASAC
239=PAt4BCAR3Ae8CzbsACAbpAM2TAEgBlwARCxIAEAQaAAgEV8D////SBtIAFgNSABAAUgAQA
240=FIAEABSABAAUgAQAFIAEABSABYDUgAeA0gAAs8CxEAAA==

[AITriggerTypesEnable]
043F40BC-G=yes
043F521C-G=yes
043F874C-G=yes
044082BC-G=yes
05CB5B6C-G=yes
05CB830C-G=yes
05CBAEDC-G=yes
05CBC04C-G=yes
05CBC19C-G=yes
05CBC2EC-G=yes
05FC088C-G=yes
05FC0C9C-G=yes
05FC13EC-G=yes
05FC1A8C-G=yes
05FC1C5C-G=yes
05FC333C-G=yes
05FC37CC-G=yes
05FC3C9C-G=yes
05FC50EC-G=yes
05FC747C-G=yes
05FC75CC-G=yes
05FFA7DC-G=yes
05FFB18C-G=yes
06002BFC-G=yes
0611A1EC-G=yes
0611A33C-G=yes
0612B11C-G=yes
0612CD8C-G=yes
0612EAEC-G=yes
0612F46C-G=yes
0612F9AC-G=yes
0616004C-G=yes
06C551AC-G=yes
078F4B2C-G=yes
07C04C7C-G=yes
07C04EDC-G=yes
07C0B14C-G=yes
07C30A5C-G=yes
07C310BC-G=yes
07C3266C-G=yes
07C329FC-G=yes
07C330CC-G=yes
07C33DDC-G=yes
07C4853C-G=yes
08A3EEDC-G=yes
08B902EC-G=yes
08B90B1C-G=yes
08B911BC-G=yes
08B9154C-G=yes
08B9213C-G=yes
08B9305C-G=yes
08B9356C-G=yes
08B940EC-G=yes
08B9423C-G=yes
08B9483C-G=yes
08B9586C-G=yes
08B9641C-G=yes
08B9708C-G=yes
08B9767C-G=yes
08B97C6C-G=yes
0A31295C-G=yes
0A44F17C-G=yes
0A44F2CC-G=yes
0A452C6C-G=yes
0A452E5C-G=yes
0AA845AC-G=yes
0AA846FC-G=yes
0ABC484C-G=yes
0AD2BAEC-G=yes
0C0C7AEC-G=yes
0C0D184C-G=yes
0C0D251C-G=yes
0C1245AC-G=yes
0C1246FC-G=yes
0C32599C-G=yes
0C32D84C-G=yes
0C87B45C-G=yes
0C87B99C-G=yes
0C87E5AC-G=yes
0C8B81BC-G=yes
0C8BC5AC-G=yes
0C8C2AEC-G=yes
0C8C2C3C-G=yes
0C8C430C-G=yes
0C8C4C3C-G=yes
0C8C51BC-G=yes
0C8C56FC-G=yes
0C8C645C-G=yes
0C8C6EDC-G=yes
0C8C71BC-G=yes
0C8E2C3C-G=yes
0C8EE1BC-G=yes
0C8EEAEC-G=yes
0C8EEEDC-G=yes
0C91D45C-G=yes
0C92C1BC-G=yes
0C92C45C-G=yes
0C955AEC-G=yes
0C955C3C-G=yes
0C9561BC-G=yes
0C9565AC-G=yes
0C96F45C-G=yes
0C96F5AC-G=yes
0CA1F84C-G=yes
0CA24D8C-G=yes
0CA2A04C-G=yes
0CA2B06C-G=yes
0CA2D99C-G=yes
0CA2FEDC-G=yes
0CA5945C-G=yes
0CA6621C-G=yes
0CA6AEDC-G=yes
0CAD0B2C-G=yes
0CAD0C7C-G=yes
0CAD0DCC-G=yes
0CAD130C-G=yes
0CAD145C-G=yes
0CAD25AC-G=yes
0CAD2AEC-G=yes
0CAD2C3C-G=yes
0CAD5AEC-G=yes
0CADD99C-G=yes
0CADDEDC-G=yes
0CB29EDC-G=yes
0CB2CEDC-G=yes
0CDF899C-G=yes
0CDF8D8C-G=yes
0CDF8EDC-G=yes
0CE2395C-G=yes
0CE23AAC-G=yes
0CE26B5C-G=yes
0CE26CAC-G=yes
0CE2E8DC-G=yes
0CE2EA2C-G=yes
0CE44D0C-G=yes
0D022B1C-G=yes
0D022C6C-G=yes
0D052AEC-G=yes
0D0803CC-G=yes
0D08461C-G=yes
0D0848BC-G=yes
0D084A0C-G=yes
0D084B5C-G=yes
0D0873DC-G=yes
0D087D8C-G=yes
0D0B3B9C-G=yes
0D2769BC-G=yes
0D2C41EC-G=yes
0D2C448C-G=yes
0D2C45DC-G=yes
0D53099C-G=yes
0D53130C-G=yes
0D53430C-G=yes
0D535EDC-G=yes
0D62145C-G=yes
0D6215AC-G=yes
0D6216FC-G=yes
0D62199C-G=yes
0ECCB2BC-G=yes
0ECCB40C-G=yes
0ECCB55C-G=yes
0ECCB7FC-G=yes
0ECCBC3C-G=yes
0ECCF14C-G=yes
0ECCF29C-G=yes
0ECCF68C-G=yes
0ECCFA7C-G=yes
0ECCFCAC-G=yes

[Alliance]
IQ=0
Edge=North
Color=AlliedLoad
Allies=Alliance
Country=Alliance
Credits=0
NodeCount=0
TechLevel=1
PercentBuilt=0
PlayerControl=no

[Americans]
IQ=0
Edge=North
Color=AlliedLoad
Allies=Americans
Country=Americans
Credits=0
NodeCount=0
TechLevel=1
PercentBuilt=0
PlayerControl=no

[Basic]
Name=Area 51 Forever
Percent=0
GameMode=standard
HomeCell=98
InitTime=10000
Official=no
EndOfGame=no
FreeRadar=no
MaxPlayer=6
MinPlayer=2
SkipScore=no
TrainCrate=no
TruckCrate=no
AltHomeCell=99
OneTimeOnly=no
CarryOverCap=0
NewINIFormat=4
NextScenario=
SkipMapSelect=no
CarryOverMoney=0.000000
AltNextScenario=
MultiplayerOnly=1
IceGrowthEnabled=yes
VeinGrowthEnabled=yes
TiberiumGrowthEnabled=yes
IgnoreGlobalAITriggers=no
TiberiumDeathToVisceroid=no

[British]
IQ=0
Edge=North
Color=AlliedLoad
Allies=British
Country=British
Credits=0
NodeCount=0
TechLevel=1
PercentBuilt=0
PlayerControl=no

[CellTags]

[China]
IQ=0
Edge=North
Color=DarkRed
Allies=China
Country=China
Credits=0
NodeCount=0
TechLevel=1
PercentBuilt=0
PlayerControl=no

[Confederation]
IQ=0
Edge=North
Color=DarkRed
Allies=Confederation
Country=Confederation
Credits=0
NodeCount=0
TechLevel=1
PercentBuilt=0
PlayerControl=no

[FA2spVersionControl]
Version=1

[French]
IQ=0
Edge=North
Color=AlliedLoad
Allies=French
Country=French
Credits=0
NodeCount=0
TechLevel=1
PercentBuilt=0
PlayerControl=no

[GDI]
IQ=0
Edge=North
Color=Gold
Allies=GDI
Country=GDI
Credits=0
NodeCount=0
TechLevel=1
PercentBuilt=0
PlayerControl=no

[Germans]
IQ=0
Edge=North
Color=DarkRed
Allies=Germans
Country=Germans
Credits=0
NodeCount=0
TechLevel=1
PercentBuilt=0
PlayerControl=no

[Germany]
IQ=0
Edge=North
Color=AlliedLoad
Allies=Germany
Country=Germany
Credits=0
NodeCount=0
TechLevel=1
PercentBuilt=0
PlayerControl=no

[Greece]
IQ=0
Edge=North
Color=AlliedLoad
Allies=Greece
Country=Greece
Credits=0
NodeCount=0
TechLevel=1
PercentBuilt=0
PlayerControl=no

[Headquaters]
IQ=0
Edge=North
Color=ThirdLoad
Allies=Headquaters
Country=Headquaters
Credits=0
NodeCount=0
TechLevel=1
PercentBuilt=0
PlayerControl=no

[Houses]
0=Americans
1=Alliance
2=French
3=Germany
4=British
5=Greece
6=Russians
7=NorthKorea
8=Germans
9=Confederation
10=China
11=YuriCountry
12=UriArmy
13=Headquaters
14=Scorpion
15=GDI
16=Nod
17=Neutral
18=Special
19=UnitedStates
20=Europeans
21=Pacific
22=USSR
23=Latin
24=Chinese
25=PsiCorps
26=ScorpionCell
27=Headquaters
28=Guild1
29=Guild2
30=Guild3

[IsoMapPack5]
1=jQ0AIAE8AAEAwwA7AALGAQA8KCkAPSgrADoAA+EEOygpADwoKQA9KCkAPigrADkABPkGOi
2=gpADsoKQA8KCkAPSgpAD4oKQA/KCsAOAAF8Qk5KCkAOigpADsoKQA8SQFYtQU9SAGmAQA+
3=KCkAPygpAEAoKwA3AAbKBQA4KCkAOSgpADooKQA7SQFWtQU8SQFTqQE9SAGkAVQNJzEBPy
4=hVAEAoKQBBKCsANgAH1gYANygpADgoKQA5KCkAOigpADtJAVuhBzxIAaYBAD0oKQA+KCkA
5=PygpAEAoKQBBKCkAQigrADUACM4JADYoKQA3KCkAOEkBO6kEOUkBOakBOkgBpgEAOygpAD
6=woKQA9SQFBpQQ+SAGmAQA/KCkAQCgpAEEoKQBCKCkAQygrADQACcIIADUoKQA2KCkANygp
7=ADhJAUC1BTlIAaYBADooKQA7SAHBGjxJATWlBD1IAaQBVDkntQE/KFUAQCgpAEEoKQBCKC
8=kAQygpAEQoKwAzAAraCgA0KCkANSgpADYoKQA3KCkAOCgpADkoKQA6SQE/uQk7SQE2qQE8
9=KCkAPUkBN7UCPkgB0TU/SAGyAgBAKCkAQUgB1VpCSQFOpQRDSQFQqQFESAGmAQBFKCgAAj
10=IACwBtuQIzKCkANEgBsAJFNAvEAUVKC1hDlQE3QATJLThIAY8CAAA5KCkAOkgB2RE7SAHN
11=EDxJAWaxBT1JAWCpAT5IAaQBREontQFAVQJauQJBSQFRqQFCSQFMqQFDSAHRd0RIAbACTB
12=snBQFGKFcAMQAM3gMAMkgBJ8UDDPEfNChVADVIAdkyNkkBMaEHN0kBOKkBOEgBzRs5SAHJ
13=LTpIAcUTO0kBT60FPEkBaakBPUkBY6kBPkgBpAFEHidlAkAoVQBBKCkAQkgByYVDSAHZBk
14=QoKQBFKCkARigpAEcoKwAwAA3WBgAxKCkAMigpADNIAckiNCgpADUoKQA2SAHVcDdIAdUJ
15=OEkBVa0BOUgB0R86KCkAO0gBxTQ8SAGoBVScJzkCPlUCXLkCP0gByUNASAHJQ0FIAb4DAE
16=IoKQBDKCkARCgpAEUoKQBGKCkARygpAEgoKwAvAA7aCgAwKCkAMSgpADIoKQAzSQE9tQU0
17=SAHBJTUoKQA2KCkAN0gBqAVf0A4AWa0BOVQC3Vc6SAHJIjtIAbwDTPcnOQI9VALdID5JAV
18=6lBD9JAZapAUBJAV+pAUFIAaQBViMOAMUpQyhVAEQoKQBFKCkARkgBwRpHSAHFCEgoKQBJ
19=KCsALgAP3gMALygpADAoKQAxKCkAMkgBybEzSAHBZzRIAcWXNUgB2Sc2KCkANygpADhIAd
20=kNOSgpADooKQA7KCkAPEgBwSU9SAHVIz5JAWGpCD8oKQBASAHBBEFIAdFLQkgBqgUAQygp
21=AEQoKQBFSAHBGkZIAdl/R0gB2QZIKCkASSgpAEooKwAtABDKBQAuKCkALygpADAoKQAxKC
22=kAMkkBPqEHM0gBwQ80SAGwAlSyJ10BNlQC0So3KCkAOCgpADlIAdkGOkgBxT87SAHVAjxI
23=ASeOEhAAJ40SEPW9P0AEyThASAHNBUFIAc0FQkgB0QlDKCkARCgpAEVIAcGIRkgBzQVHKC
24=kASCgpAEkoKQBKKCkASygrACwAEcIIAC0oKQAuKCkALygpADAoKQAxKCkAMigpADMoKQA0
25=SQFWpQs1SAHN1jZIAbICADdIAcktOCgpADkoKQA6SAHZHDtIAdkGPCgpAD0oKQA+SAHNBT
26=9IAc0FQCgpAEEoKQBCKCkAQygpAEQoKQBFKCkARigpAEcoKQBIKCkASSgpAEooKQBLKCkA
27=TCgrACsAEsITACwoKQAtKCkALigpAC8oKQAwKCkAMSgpADJIAd0rM0gB3eY0SAHJxzVIAd
28=3mNkgBxQ83KCkAOEgBwTA5KCkAOigpADtIAdkGPCgpAD0oKQA+KCkAPygpAEAoKQBBKCkA
29=QigpAENIASVZMkRIAckMRSgpAEYoKQBHKCkASEgBJQ0jSUkBVL0GSkgBpgEASygpAEwoKQ
30=BNKCsAKgATygUAKygpACwoKQAtKCkALigpAC9IAcF9MEgByQgxKCkAMkgBzfczSAHBMDQo
31=KQA1SAEnLAYnDQI3VALRCThIAckiOUgB2TI6KCkAOygpADxIAd0gPUgBxWs+SAHRCT8oKQ
32=BAKCkAQUgB2QZCSQFSsQVDSAHJ6ERIAbICAEVIAc0QRigpAEcoKQBIKCkASSgpAEooKQBL
33=KCkATCgpAE0oKQBOKCsAKQAU3g4AKigpACsoKQAsKCkALSgpAC5IAcHKL0kBNK0IMEgBpg
34=EAMSgpADJIASX9IDNIASeGBhQAJSkhNVQC3SA2SAHFCDcoKQA4SAHFCDlIAdVPOkgBwSU7
35=KCkAPCgpAD1IASXBKT5IAc0FPygpAEAoKQBBKCkAQigpAEMoKQBEKCkARSgpAEYoKQBHKC
36=kASCgpAEkoKQBKKCkASygpAEwoKQBNKCkATigpAE8oKwAoABXSIwApKCkAKigpACsoKQAs
37=KCkALSgpAC5IAd3xL0gBJaU2MEgB2eIxSAHNDDIoKQAzSAHFKTRIAcEENSgpADYoKQA3KC
38=kAOCgpADkoKQA6KCkAO0gB2TI8KCkAPSgpAD4oKQA/KCkAQCgpAEEoKQBCKCkAQygpAEQo
39=KQBFKCkARkgB1RhHKCkASCgpAEkoKQBKKCkASygpAEwoKQBNKCkATigpAE8oKQBQKCsAJw
40=AW3g4AKCgpACkoKQAqKCkAKygpACwoKQAtKCkALigpAC8oKQAwKCkAMSgpADIoKQAzKCkA
41=NCgpADUoKQA2KCkAN0gB3a84SAHNFzkoKQA6SAHN4TtIAc1zPEgBwTs9KCkAPigpAD9IAd
42=EJQCgpAEEoKQBCSAHJpkNIAd0KREgB2QZFKCkARigpAEcoKQBISAElJTFJSAHZBkooKQBL
43=KCkATCgpAE0oKQBOKCkATygpAFAoKQBRKCsAJgAXxgwAJygpACgoKQApKCkAKigpACsoKQ
44=AsKCkALSgpAC4oKQAvKCkAMCgpADEoKQAyKCkAMygpADQoKQA1KCkANkgBJXFAN0gBJWUu
45=OEgB2Rg5KCkAOkgB2X87SAHBOzwoKQA9KCkAPkgB1ek/SAHRCUAoKQBBKCkAQigpAEMoKQ
46=BEKCkARSgpAEYoKQBHKCkASCgpAEkoKQBKKCkASygpAEwoKQBNKCkATigpAE8oKQBQKCkA
47=USgpAFIoKwAlABjKGwAmSAHFKSdJATO9AihIASVhSSlIAbACTOwn2QArKFUALCgpAC1IAd
48=FWLkgB2QYvSAHVLjAoKQAxKCkAMigpADMoKQA0KCkANSgpADYoKQA3KCkAOCgpADkoKQA6
49=KCkAOygpADwoKQA9SAHZdD5IAdn4P0gByRdAKCkAQSgpAEIoKQBDKCkARCgpAEUoKQBGKC
50=kARygpAEgoKQBJSAElMSJKSAEloVFLSAHR2kxIAdkRTUkBIa0BTkkBg6kBT0kBIqkBUEgB
51=pgEAUSgpAFIoKQBTKCsAJAAZygUAJSgpACYoKQAnSQE6qQQoSAElmSQpSAGwAlxBJwUBKy
52=hVACxIAc1oLUgBzQUuSAHRQC8oKQAwKCkAMSgpADIoKQAzKCkANCgpADUoKQA2KCkANygp
53=ADgoKQA5KCkAOigpADsoKQA8SAHRFD0oKQA+KCkAPygpAEAoKQBBKCkAQigpAEMoKQBEKC
54=kARUgB3dBGSAHVDUcoKQBIKCkASUkBPKUESkgB2T1LSAHZPUxJAYGhBE1JASWpAU5IASNr
55=YAEAT0kBJrUCUEgByUNRSAGyAgBSKCkAUygpAFQoKwAjABrKBQAkKCkAJSgpACZIAdFWJ0
56=gBJY1JKCgpAClIAd1XKkgB1QkrSAHZ7SxIAd1tLUgByUMuKCkALygpADBIAcUIMSgpADJI
57=AdEJM0gBJTUzNEgBzQU1KCkANkgBwZM3SAHVDTgoKQA5SAHRCTpIAcH2O0gB0Qk8KCkAPS
58=gpAD4oKQA/KCkAQCgpAEEoKQBCSAHFrUNIAcF9REgB0a5FSAElTStGSAHZJ0dIAc0QSCgp
59=AElIASXZQkpJAYClBEtIAdFATEgBj0cBAE1JAYJjBAEATkgBmEh2RBoAi0MBAFBUAsFGUU
60=gB0UtSKCkAUygpAFRIAZsGAABVSAF4Ck8AIgAbVACJACMoKQAkKCkAJSgpACZIASUVLydI
61=ASfuCBsA2fgpVAKJCQBEjCddAStUAtn4LEgByTgtKCkALigpAC9IAcUIMEgBwTsxSAEltU
62=MySAElKTczKCkANEgBwQQ1SAHFSjZIAdEJN0gBwQ84KCkAOUgBxRM6SAHNBTsoKQA8KCkA
63=PSgpAD4oKQA/KCkAQCgpAEEoKQBCSAHVGENIAdlTREgB0UBFSAHBD0YoKQBHKCkASCgpAE
64=koKQBKSQF+vQZLSAHBRkxIAZiKbkcbAJFWAk5HGwCNUgJGjBsAgEZvRxsAHmUIAUTOJykA
65=UkQI1QJTSAGDRgEAVEgBmAZuRxsA3UxWVAKABAIAACEAHGgJbQAiKCkAIygpACQoKQAlKC
66=kAJigpACdIAdWnKEgBZAlNACkoKQAqKCkAK0gB1TksKCkALSgpAC5IAdUuL0gByEMFMAAc
67=AEwAAAARAAAPDwAgBQAAADEAHABMXABIAAEyABwAyQEzKCkANCgpADVJAU9ABUkANkgBWA
68=BpADdJAW1jAQAAOCgpADlIAbICADooKQA7SQF9uQI8SAGmAQA9KCkAPigpAD8oKQBAKCkA
69=QUkBWr0GQkkBU6kBQ0gBpgEARCgpAEUoKQBGKCkARygpAEgoKQBJKCkASkkBfrUJS0kBJG
70=kBAUcjHACHqQFNVQIoqQFOSQEhawECAE9JAYKpAVAoKQBRKCkAUkkBIqEEU0kBJmsBAQBU
71=SQEeqQFVKCkAVkgBjwUAAFcoKwAgAB1kBW0AISgpACIoKQAjKCkAJCgpACUoKQAmKCkAJ0
72=kBQGsJAAAoSAGmAQApKCkAKigpACtIAc08LCgpAC1JAVa9Bi5IAc1HLygpADAoKQAxKCkA
73=MigpADMoKQA0KCkANSgpADZJAVCpDDdIAc0QOCgpADlIAbwDXEwndQQ7KFUAPCgpAD1IAd
74=VPPkgB2QY/KCkAQEkBQbkCQUgBpgEAQigpAEMoKQBEKCkARSgpAEYoKQBHKCkASEkBWLUJ
75=SUgBpgEASkkBgK0BS0kBP2gBf0wdADWpAU1UAoNRAQBOSQF/dAJ/TB0AO2sBAwBQVQIzqQ
76=FRSQE5qQFSSAGTSwIAU0gBkUsCXkwdAIdKAgBVVQIfbwUBAFZIAYwFfEzDBAAAWFQCjAUB
77=AAAfAJwHdQUgKCkAISgpACIoKQAjKCkAJCgpACUoKQAmSAHdICdIAXAKTQAoKCkAKSgpAC
78=ooKQArSAHFPywoKQAtSQFVWAdJAC5IASf1CR5IdU8CAAAwKFUAMSgpADIoKQAzKCkANCgp
79=ADUoKQA2KCkAN0kBTpgKVZweXDGNATlUAtlTOkgBjQIAVDMnzQQ8KFUAPSgpAD4oKQA/KC
80=kAQCgpAEEoKQBCSQF3oQtDSQFxqQFESAGmAQBFKCkARigpAEdIAd2kSEgB3aRJSAHZBkpI
81=ASf0CdwVdk8eAJOCAQBNQAQn9gkeACf1CR5AbUwId08eADREAQEAAwBRTAWboAMAUkgBma
82=ADVU8eqU4DVU8eSElQBXZPHgCITnRPwQQBVJzUAnVPHkwITwUAAFlAAcBRfAfRQB9ICckB
83=IEgBhwUAACEoKQAiKCkAIygpACQoKQAlSAHFlyZIAc1HJ0gB1TkoSAHdCikoKQAqKCkAK0
84=gBzRAsKCkALUgBJ00KH+FRL1QCyQwwKCkAMSgpADIoKQAzKCkANCgpADUoKQA2KCkANygp
85=ADgoKQA5SAHV9DpJAXu5GDtJAW+pATxIAdlIPUgBsgIAPkgB3Uw/SAHBBEBIAcEEQUgBwQ
86=RCSQFyuQJDSQF0qQFESAGkAUxSnIt1AUYoVQBHKCkASCgpAEkoKQBKSAGb7QAAS0kBiX0H
87=AFUoH0TUjQFNVAKQvGWiHyhNCh9YF0AEbVIfXHOJAVFMBYBcblIfAJ26BE9SHwCFXANRVl
88=RABIBRbVIfpVUCRaIf+VNXQASFYwFEosEEAUxSwwQAAFpABNtTHQAgdAptAB5IAclDHygp
89=ACAoKQAhSAFgBU0AIigpACMoKQAkSAHZUyVIAc1HJigpACdIAc08KEgBQAlpACkoKQAqKC
90=kAK0gB2REsKCkALUkBWXMGAAAuSAHJDC8oKQAwKCkAMSgpADIoKQAzKCkANCgpADUoKQA2
91=KCkANygpADgoKQA5KCkAOkgByW87SQF6pRM8SAHJFz1IAd1XPkgB1QI/KCkAQEgBwQRBSQ
92=FwpQhCSAGmAQBDKCkARCgpAEUoKQBGKCkARygpAEhIAYubAABJSQGDtQlKSAHFP0tIAbAC
93=RlUgAImmAFSnJbAmZlUgAJRabvcgAJVaAk33ILVaAlSnzAVnVSAAJ3QJd6cgACOpAVRIDJ
94=1XA033ILhTZlUgAIWtAlWnIP1XWEwFlFpkVdUCAURVJ6UUW0AEyRccUKZkDE0AHSgpAB4o
95=KQAfSAHJLSAoKQAhKCkAIkgBVAdpACNIAcXOJEkBUW8CAAAlSAHRSyYoKQAnSAHJ0ihIAa
96=oFAClJAT2tASpIAaYBACtIAc0QLCgpAC1IAcEELkgB0a4vSAHVDTAoKQAxKCkAMigpADMo
97=KQA0KCkANSgpADYoKQA3KCkAOCgpADkoKQA6SAHBcjtIAcUTPEkBdq0BPUoB//+NAT4oKQ
98=A/KCkAQCgpAEFIAcUeQkgBybFDSAGfBwAARCgpAEUoKQBGKCkARygpAEhIAZigfVchu6AB
99=AEpUApREZ60hAIGhC0xVAiWpAU1IAYj+flchACNwKn5XIQAjlCl9VyGsXX1XIaBcfVch8V
100=ZTRAiIWSLvKSEAiHwKZa0h+V5WQASZPQNdVyH1WlhUAplTAkStzPp8V8MEAABbQASXsgAA
101=XEgBjwUAABu8X3EMHCgoACdFKwAoICEiTCvRBgCIYcktIVgGyQEiKCkAI0gBcApNACQoKQ
102=AlSAHVpyZIAclZJ0gBXARpAChIAY0mAFVaIiSbJAAAKlQCdANNACtIAdUNLCgpAC1IAVAD
103=aQAuSAHJDC9IASdVCyJUjH4DADEoVQAyKCkAMygpADQoKQA1KCkANigpADcoKQA4KCkAOS
104=gpADpIASdWCyIA1f88VALJFz1IASdWCyIAyQE/KFUAQCgpAEFIAdkGQkgBwbRDSAGYGXZa
105=IgAleTZFKFUARkgB3a9HSAHdr0hIAcVVSUgBgAR1WiKnogEAS1QCkKMiTCsljDIiTSsiRJ
106=JcDXRazJd2WiIAnAp0WsAEdFrABHRaZEJYBnWyIuVVVEgMgEl1WiImMSJWVQI+SQUAdVoi
107=t2UDAFhUAiPYIXRaxAh0WidlAltABJVaAVRaJ/0qXVQCiwwAABq8amULGygpABwoKQAdKC
108=kAHigpAB8oKADYyWQIcHTNMSJABMkBIygpACRIAWAFTQAlKCkAJigpACcoKQAoKCkAKUgB
109=I/gwbF2Q10AIRrgjAMkMLEAEyQEtSAF0A00ALigpAC9IAdG5MEgB2V4xKCkAMigpADMoKQ
110=A0KCkANSgpADYoKQA3KCkAOCgpADkoKQA6SAEnrwsjAHpYEkkAPFQC3RU9SAHBXD4oKQA/
111=KCkAQCgpAEEoKQBCSAEnrAsnSQREVAJYC2kARUkBeWMBAABGSAHNtUdIAYOIAQBISAGTrg
112=EASUgBgARtXSP1sktUAiPJQAJMg3jwVwkCAE1UAodKAgBOSAGUZW5dIwAn9UAjJKRBIv02
113=I7C5bV0joFxsXdSfIvw21AJtXSOsaCIEItQNbF0nrQBYVA2My21dI6NyAgBaVAKBcgJEuM
114=0FAkxd3woBAF1ABCXVMF5IAdleGaTLRBpEYCMUJWkBGyhVABwoKQAdKCkAHigpAB8oKAAl
115=HCZkCMTWaQEiQATNPCMoKQAkKCkAJUgBI/klAEQjJw0CJ1QCeAdNACgoKQApKCkAKigpAC
116=tIAckMLCgpAC1IAVQHaQAuKCkAL0gBwb8wSAElHSUxKCkAMkgB3WIzKCkANCgpADUoKQA2
117=KCkANygpADgoKQA5KCkAOigpADtJAVR/EgAAPEgBJw0jJOm8PlQC0WE/KCkAQCgpAEEoKQ
118=BCSAHRH0NJAXW9CkRIAaYBAEVJAXitAUZIAcUsR0gBI60sAEVgJCTQICIMI2AzUAVkYNUC
119=AVW9JCTYQmVgJPlTTUQIhcMDRGDX9wMAT1UCOkAIQbRQSAEnBEPcCmVgJCSkV2dgJAAurQ
120=VUTAWcVyIMLiV7SwMAVlQChGtnYCQAhK0FWFQCk3cDAFlJATe1AlpIAZ14A0VgJEhJWAJk
121=YMUTAkRg1wIBAF5MBdFhX0gB0WEYpBteBgAZKCkAGigpABsoKQAcKCkAHSgpAB4oKQAfSA
122=ElkTkgSAElcUshSAElIDbE4XQNZH7IOHQryQElTAXJASZIAWAFTQAnKCkAKCgpACkoKQAq
123=KCkAK0gBxQgsKCkALUgBxRMuSAHBUS9IAc0FMCgpADEoKQAySAHBZzNIAclkNCgpADUoKQ
124=A2KCkANygpADgoKQA5KCkAOkgBJ2YYJQAlQUU8VALZET1IAdFhPigpAD8oKQBAKCkAQSgp
125=AEJIASdkGJBIVicARFQCfABNAEVJAXpcAEkARkgBwWdHSAFEAmkASEgB1WVJSAEjT2IAAE
126=pIASWRREtIASMUL3xiyQwDRMNkmkAIfGLY+31iJSgXRSUANlwDSWRRRAjdV1JIAd1XU0gB
127=nNBmwyUAIxcvBABVVAKdbQRcYiKILEsIBABXVAKIWSIVJCUkdDtlwyUmJTxaQASIF2XDJS
128=SFMgNFwyXpZF1ABIVgAlxi1wIBAF9UAp8KAABgSAGDBAAAF7AGRg8AGCgpABkoKQAaSAGA
129=4CLOMCYAI/tcAAAcVAKPGwAAHUgBeAdMACJIUiVIOyLMR8RKIgA+yAEiUDLIQyVQJ1QGUN
130=eY32gBYHrURGAXyQEmSAzJASdIAckMKEgB1XApSAHZXipIAWQJTQArSAHZBiwoKQAtSQFb
131=VANJAC5IAcEELygpADAoKQAxKCkAMigpADNIASXNJTRIAc0bNSgpADYoKQA3KCkAOCgpAD
132=koKQA6KCkAO0gBzYk8SAEnFRkmKBQZJykAP0AEzWhAKCkAQSgpAEJIAc0bQ0gB0WFESAFA
133=H2kARUgBlE8iHSUmJEMvAABHVALJQ0hIAdn4SUgBJaFGSkgBJ7QMJXhsdWUm5VVNQAQjbE
134=8iHSUmvNAiHCUiOENcDiLNUSYkAD0iHCUnKQBSWAYjWD10yNijdWUmoNV1ZSZEu0QIdGUl
135=ZC10ZSJAWlQCdWUmoMp0ZcRKIh0lJiSoJnRlJw0CXFQNmRwDVMh4S0QIdGUidDqJAV9ABI
136=0IAVRlywwAAGFUApsGAAAWvB1QBUxoI9w+aQEYKFUAGSgpABpIAYjobWgnJMBVbGgn2QAd
137=QAR4B00AHigpAB9IAdxMIpRLJWUjIVQCJQE9IkgBSAZpACNIAdl0JEgBzHN4h9BAfDPJAS
138=dABMkBKEgB0WEpSAHVAiooKQArKCkALCgpAC0oKQAuKCkALygpADAoKQAxKCkAMigpADNI
139=AdHPNEgBJw4NJwDJATYoVQA3KCkAOCgpADkoKQA6KCkAO0gBxYw8SAHZwT1IAc0bPkgBJS
140=1eP0gB1QJASAHVAkEoKQBCSAEJdAAAAAAAAEMAJwAAEQAAPg8AIAkAAAAAAABEACcAIQCA
141=AAJFACcAJYYBAEZJAT1rAQEAR0kBJmsBAABISQGBqQFJSAHNBUpJAR13AgEAS0kBJGsBAg
142=BMSQEjqQFNSAGLDAIATkgBmwYCAE9IAZsGAwBQSAGDBAQAUUkBgnsGBABSKCkAUygpAFRJ
143=ASKhBFVJATupAVZJATWpAVdJAYVrAQMAWEgBixcCAFlIAYsXAgBaSAHNEFtIAc0QXEgBjw
144=UDAF1IAYsMAwBeSAGXAgIAX0gBlwICAGBIAZcCAQBhSQEfdw0AAGJIAYAEAgAAFQAorwIA
145=ABYoKQAXKCkAGCgpABkoKQAaSQFAoQcbSAGmAQAcKCkAHSgpAB5JAVqlBB9JAVOpASBIAa
146=QBUDonDQIiKFUAI0kBPKUEJEgBpAFVPihQJZEBJlUCbYQBWhkoAMkBKChVACkoKQAqKCkA
147=KygpACwoKQAtKCkALigpAC8oKQAwKCkAMSgpADJIAYM7AAAzSQE5uRE0SQFVqQE1SQFMqQ
148=E2SQFRqQE3KCkAOEgBwQQ5KCkAOigpADtIAdkGPEkBVKUIPUkBeKkBPkgBpgEAP0kBfa0B
149=QEgBpgEAQSgpAEIoKQBDKCkAREkBgLEFRUkBP2kBAUdrKAA0qQFHVAKZXgFGaygAm14BAE
150=lUAskBSkgBhFVlayhcEFwGZmsoAIsiAgBNQASIDGRr2T0DR2soAH5JBQBnaygAf2gBZmso
151=AJEqBUVrKEArWwIFAFNECINnBQBUSQGGUAIBAAQAVUkBOqkBVkgBnxUEAFdIASdlDShATE
152=UEA0drKAAeRAFVDVpABMkBW0gBixcDAFxJAUFhBARGaygAxQheVQIndAJmaygAyYVgVAKJ
153=IgJGaygAhWsCRGvLAQAAY0AE02wUACl8B20AFSgpABYoKQAXKCkAGCgpABkoKQAaKCkAGy
154=gpABwoKQAdSAGZoABIHCe1AR9UAnQOTQAgKCkAISgpACIoKQAjSAHJeiRIAcV2JUgB1U8m
155=SAHVTydIASe9DSnpbykoVQAqSAFQDmkAK0gBxRMsSAHZBi0oKQAuKCkALygpADAoKQAxKC
156=kAMkgB0RQzSAHRCTRJAVlvDQAANUgBxYw2SAHBBDcoKQA4SAHNczlIAclvOkgB2QY7SQF7
157=sQk8SQFzqQE9SQFwqQE+SAGkAVxcJ6kFQFUCxbkCQcgBAQEAAEJIAbICAEMoKQBESAGTzw
158=AARUgB2WFGSAGMG2fZKQCAfAZ9bSmxYQJdbSlcG1sCAgBKTAXVT0tJAYNRAgB+bSkAiE5+
159=bSkAiAx8bWChRARm2SkA1chQWAYnvg0pAIxof20pADFJBQB9bSm4f35tKQAnvA3PBQQAVk
160=QIJ74NKQCYzGXZKVC0SAh9bSlEs4kBWk0Fh0QBSW9bKCkAXEgBkB9l2SmsaGTZ0Al9bSlY
161=WVwGZNncCnxtzAV8bckBAV9tKQCESAVJAGRcClgAawATACp4AG0AFCgpABUoKQAWKCkAFy
162=gpABgoKQAZKCkAGigpABtIAZ2kAFfeKgA3YQwATysqADipAR5ABKQBXRoq6WQgVALNUiEo
163=KQAiKCkAIygpACQoKQAlKCkAJigpACcoKQAoKCkAKSgpACpIAdEUK0gBxRMsSAHNEC0oKQ
164=AuKCkALygpADAoKQAxKCkAMigpADMoKQA0KCkANSgpADYoKQA3KCkAOEgBxXY5SAHJbzpI
165=AcUTOygpADwoKQA9SQF8tSo+SAGkAVRwJ40HQFQCdnACAFbeKgBpAQN0cCeBAENABNV7RE
166=kBdakIRUgBlWUAVN4irCCZAkdUAohkdXAqqGR0cMw8dXAqu3QCAEtMBZMGAwBMSAGUZXZw
167=KgCMn3VwKqjddXAqREVUBXXeKijXGyoAPlACSW9SRQg2qQFTSAGQbHVwKigUDswFdnAqAI
168=wFdd4qs+UEAFhYBpHlBFTe2wYDAFpUAp/bAwBbSAFkDEFyXEgB0fBdSAGE2XVwKrB3d3Aq
169=ACBwBXRwJykAYUwFzeFiSAGYBnVwKigUDifVBWVABGAITwASACtUAIkAEygpABQoKQAVKC
170=kAFigpABcoKQAYKCkAGSgpABpJAVyaCgAbSAGkAU1zK+lvHVQC0UseKCkAHygpACAoKQAh
171=KCkAIigpACMoKQAkKCkAJSgpACYoKQAnKCkAKCgpACkoKQAqKCkAKygpACwoKQAtKCkALi
172=gpAC8oKQAwKCkAMSgpADIoKQAzKCkANCgpADUoKQA2KCkANygpADgoKQA5KCkAOigpADso
173=KQA8KCkAPSgpAD5JAXelMD9IAdFsQEgBYXIEbXMrjXMFbXMrQHiRBUNBBDOGAQBEKCkARU
174=gBiFltcyuvaAAAR1QCJ28OKwBAeAZtcysksCdtcyu80G1zK7RwbXMrrGhscyfZAE5QCYRg
175=bXMrKG0OK6joIkcqKwCJaAwirDciADFPAQQAU1gGI4QybXMroOAiRiorACP8Nm1zK7zxbX
176=MrtHttcyug62xz2AZucysAmPhsc9gGIkQqzBBl5Csk7CltcytQykwQbXMru3QBAGBYEYzs
177=Iq43KwDJAWJUAph0bXMrKG0OK1gHiQBlQASDAQAAZigrABEALNICABIoKQATKCkAFCgpAB
178=UoKQAWKCkAFygpABgoKQAZSQFYpQsaSAGkAUV2LPl0HFQC2XQdKCkAHigpAB8oKQAgSAHF
179=CCEoKQAiSAEl9SojSQFQpQQkSAHdCiUoKQAmSQFWoQQnSAEleSsoSAHNBSkoKQAqKCkAKy
180=gpACwoKQAtKCkALigpAC8oKQAwSAEjYzMAADFIASXRIDJIASOUNCIPOSwAt7kRNFQCaQEB
181=IkwrJ3UENlQC3RU3SAHdFThIAZvMAAA5SAHJFzooKQA7KCkAPCgpAD0oKQA+SAHB6z9IAc
182=UIQEgBZXYGZXYshXYHZHYnaQhDQAQj5SgARXYsUBqNF0VUAiWtIUZIAYRrZXYspGt16Sz5
183=dElBBCV0BmV2LKWBA1XpLKhkZXYspGtldiyka3XpLPV7T0QIhIF16SwkrCxldiwkrCxldi
184=y09GV2LLRwZXYsUCVHDwUAVUUIJ0UBAGV2LLBsZHbYHGR22AZldiwksScEVOnFCARV6Sy4
185=imR2zBBkdswQZXYsJDg5ZXYstHBkdsQeZHbTCQEAYvgRIgw52xEAAGRUAmwUTQBlKCkAZi
186=gpAGcoKwAQAC1YBIkAESgpABIoKQATKCkAFEgBxUoVSAHVZRZIAZ8HAAAXKCkAGEgBzQUZ
187=SQFTpQQaSAHBRhsoKQAcKCkAHUgB2VMeSAG0BkGYLbM1AAAgVALJvCFIAcEEIigpACNJAV
188=e5AiRIAdUNJSgpACZJAVuhBCdIAcEEKCgpACkoKQAqKCkAK0gByYUsSAHZaS1IAcUILigp
189=AC9IASUxLTBIAcFcMUgBzQUyKCkAM0gBcncCAFlYLYl6A314LfWcNkAEwRo3SAHRgjhIAS
190=MsJ314Lb9MAAA6VALdgztIAdUNPCgpAD0oKQA+KCkAPygpAEBIAX14CH14LZ14CXx4JwEG
191=Q0EEMbknREgBI8ApIm06Lbh0Ze8tvG19eC0oHA/IAWTvzwUDAEpECCMUOn54LQCE5Hx4J4
192=EATUAEJfFFTigpAE9IAYSBfXgtuHR9eC0kRDV9eC398VNMBd3xVEkBiGgXZe8t8XdWVAKL
193=egMAV0gBjAUibTotuPgibDonKQBaKIEAW0gBkOV8eMwQfHjMEH14LSgdDy2gk314LaCTfX
194=gtqP59eC2gfX14LSQEInx4J20OZVQNZBdNAGYoKQBnKCkAaCgrAA8ALlgEiQAQKCkAESgp
195=ABIoKQATKCkAFEgBJbVDFUgBxXYWSAGICXR7J10BGFQCzWgZSAHdTBooKQAbKCkAHEgBxQ
196=gdSAEj3DIi5Uku8VYfVALJWSBIAdFLIUgByVkiSAHFCCNIAcEPJEgBwQ8lKCkAJigpACco
197=KQAoKCkAKSgpACooKQArKCkALCgpAC0oKQAuKCkALygpADAoKQAxKCkAMigpADMoKQA0KC
198=kANSgpADZIAcEaN0gBI3EqAFlYLvl/OVQC2Rw6KCkAOygpADwoKQA9SQG+pSU+ygEBAELl
199=LgB0AkWMQNQCRYxByQEEdXsuRIedBkNUAs0xREgBJ3UPLiYxLUZUAiM0SSLlSS6gfXX0Lq
200=B9dXsuqG91ey6wbHV7LiTgLXR7J4EATVAJI7c4AwBOKCkATygpAFBIAYd2AwBRKCkAUkkB
201=KHsVAwBTSQFBawEEAFRIAd14VUgBI08rAwBWSAHZdFdIAZSndXsuqP50e9RaIl4tLgCQCS
202=JdLS4krywCAFxYBo8QAgBdKCkAXkgBnAp09MwFdXsuJjEtYeAEdXsuKHUPLrScdHvDDwAA
203=ZUwFcBhNAGYoKQBnKCkAaCgpAGlIAd9BDgAvRAaJAA8oKQAQKCkAESgpABIoKQATKCkAFE
204=gB1U8VSAGICSJ0ZyddARcoVQAYSAHBDxkoKQAaKCkAG0gBxQgcKCkAHUgBJSEgHkgBJdEg
205=H0gBzQUgSAHZXiFIAdUCIigpACMoKQAkSAHNECUoKQAmKCkAJygpACgoKQApKCkAKigpAC
206=tIASWtISxIAd0KLSgpAC4oKQAvKCkAMCgpADEoKQAyKCkAMygpADQoKQA1KCkANigpADco
207=KQA4KCkAOSgpADpIASWtQjtIAdEUPCgpAD1IAXZ7BQBd4C+BfQZsfqoBBwBYbqgBhPqoAY
208=X6L+FRQ0QI1S5ESAHNMUVIASU5LkZIASPYLG1+L6tkAgBIVAKABG1+L/VlSlQCiG8iLD0i
209=TGxECyK0WdsGAwBNQASYdCJlLi+0ZSIsPSetAFAogQBRSAGDfQIAUkgBI9hNbn4vAIFyA0
210=1+L+WMVUAETg0AAG1+L1CeUAFl+i8kyEttfi9cqpUCWUwFzRBaSAGL/gIAW0gByXpcSAGB
211=BAFMftMUAQBeVAKbEQEAX0gBIwRZbX4voPZk+twgItx0xBNk+iepBWRYBkQQaQBlKCkAZi
212=gpAGcoKQBoKCkAaUgBxT9qKCsADQAwYAltAA4oKQAPKCkAECgpABEoKQASSAHZXhNIAXgH
213=TQAUKCkAFSgpABYoKQAXSAHZBhhIAdkRGSgpABpIAUAJaQAbSAHNfhxJAU5sAiLHWzAATK
214=kBHlQCyQEfSAHBBCBIAd2DIUgBqgUAIkgBJRlAI0gB1QIkSAHMEAolADAAbQAAAAAAACYA
215=EQAAEA8AIAEwAG0AggAnACcpACgoKQApKCkAKigpACtJATyWBgAsSAHFCC0oKQAuSQFWoQ
216=QvSQFUqQEwSAHNBTEoKQAyKCkAMygpADQoKQA1SQE9pQg2SAHFCDcoKQA4KCkAOSgpADoo
217=KQA7KCkAPCgpAD1JAb5cCgEKAAA+yAEBCwAAP8gBAQwAAEDIAQENAABByAEBDgAAQkgB0R
218=9DSAFACGkAREkBIWMBAABFSQElqQFGSQEkawEBAEdJASipAUhIAZcCAgBJSQEjdwICAEpI
219=AZscAgBLSQGAtQJMSAFkAQEAAwBNSQGGbwECAE5IAc0FT0gB0QlQSAHRCVFIAdUCUkkBIL
220=kGUygpAFQoKQBVSQGIoQRWKCkAVygpAFgoKQBZSAHJDFpIAc0QW0kBJ2cIAQBcSAGDBAEA
221=XUgBgwQBAF5IAZsRAQBfSAHBBGBJAUC5BmFIAY8bAABiSQE7dwIAAGNJATipAWRIAaYBAG
222=UoKQBmKCkAZygpAGgoKQBpSAHBRmooKQBrSAHTCQwAMcYBAA0oKQAOKCkADygpABAoKQAR
223=SQE/oQcSSAHRFBNIAbICABQoKQAVSQFcuQIWSAHNGxdIAdkGGEgB0RQZKCkAGkkBWrkGG0
224=kBTKkBHCgpAB0oKQAeKCkAHygpACAoKQAhSQFOpQgiSAHRCSNJAVC1AiRIAc0QJSgpACYo
225=KQAnKCkAKCgpACkoKQAqSAHNGytJATS9CixIAd0KLSgpAC5JAVuhBC9IAcEEMCgpADEoKQ
226=AyKCkAM0gBxSk0SAHBMDVIAcUpNkgB0Qk3SQHDqQw4yAEBAQAAOcgBAQIAADrIAQEDAAA7
227=SAHZBjwoKQA9SAF9gw9+gzEAaQEQfIOpARF8g6kBEnyDqQETfYMxRIeFD0NECIMBAABESA
228=GIen6DMQDdYkZUAoAEfoMxAIMEAQBI9AJ9gzFEkkgEfoMxAJgcfoMxAJtpAgBMTAXRd01I
229=AYRrfYMxTJqZBk9VAjNEAQEAAgBQSQE5qQFRSAGblQIAUkkBIrUCU0gB3XhUSQGHdwIBAF
230=VIAcWXVkgBwQRXSAHBBFhIAcEEWUgBk0ACAFpIAd0VW0gBlHt9gzFYLUALfIN0PIkBXkEE
231=N0UBAH2DMVQ0TwEBAGBUApcNAABhSAGMG36DMQDdr2NUAkQFaQBkKCkAZSgpAGYoKQBnKC
232=kAaEkBWHMGAABpSAHFP2ooKQBrSAG+AwBsKCsACwAy0gIADCgpAA0oKQAOKCkADygpABAo
233=KQARKCkAEigpABMoKQAUKCkAFSgpABZJAUCpDxdIAd0VGCgpABkoKQAaSAGqBQAbSQFVrQ
234=EcSAHNfh0oKQAeKCkAHygpACAoKQAhKCkAIigpACMoKQAkSAHBiCVIAcUTJigpACcoKQAo
235=SAHFdilIAZs9AAAqSAHFsCtIAYNGAAAsSAHRCS0oKQAuKCkALygpADAoKQAxKCkAMigpAD
236=MoKQA0KCkANSgpADYoKQA3SAF2hgQATm0yAGkBBXSGqQEGdIapAQd1hjKpWQBfUTIANakt
237=PUQIaYUUdYYylYYVdIapARZ0hqkBF3SGqQEYdIYncQlDRAisCVWGMrCCdYYyWAxfAgEARk
238=AEkHd2hjIAI6whdoYyAJQCdoYyAMl6SkwFj2gBAEtIAcV2TCgpAE0oKQBOSAHdeE9IAZBs
239=dIYnXQFRVQItSRAAdoYyAINyAgBTVQKEdwIBAFRIAcmbVUkBfrUCVkgBwQRXSAHBBFhIAc
240=GeWUkBQGwFdoYyAN0VW1QCiAx1hjJctUQEdYYySDOJAV5ABI8FAABfSQGJUAJJAGBIAZgG
241=dYYytKd0htgGIlQhJ6kFZEwFSAZpAGUoKQBmKCkAZ0gBJSEraEkBT2QFdYYyJtksalQCxV
242=VrSAG8A1SGJ4kBbShXAAoAM/kGCygpAAxIAdkGDSgpAA4oKQAPKCkAECgpABEoKQASSAHd
243=mRNIAdEJFCgpABUoKQAWKCkAF0gByRcYKCkAGUgBxQgaKCkAG0gBJy0RM1TOiQQdVALZih
244=4oKQAfKCkAICgpACEoKQAiKCkAIygpACRIAd0rJUkBQYYMACZIAdEUJygpACgoKQApKCkA
245=KkgBm0gAACtIAdkGLCgpAC0oKQAuKCkALygpADAoKQAxSAGF2QBBODP1ezNUAt0KNCgpAD
246=VIAc0FNkgBm+0AADcoKQA4KCkAOSgpADooKQA7SAHZoDwoKQA9SAHRCT4oKQA/SAHRjUBI
247=Ab4kAEEoKQBCKCkAQ0gBnG0iBSIzKC0RMySIImyJ1AJtiTNUCFsJAgBIWAYlgSFJSAGYaS
248=IGIjMA3XhLVAKRuQFNQTNIHVsGAQBNVAIjgyEBAE5IAdV7T0gBmDJtiTMm4SJRVALdClJI
249=AZ14AU2JM7iKbIknkQJVQASbEQEAVkgBmwYBAFdIAY+UAQBYSAHBBFlIASNDJAEAWkgBzQ
250=VbSAGENG2JM+GIXVQCgw8AAF5IAYwFbYkzJH8mAABgVAJEG2kAYSgpAGIoKQBjKCkAZCgp
251=AGVIAdUuZkgBeAdNAGdJAVlcAEkAaEgBzV1pSAHFSmooKQBrSAFcBGkAbCgpAG0oKQBuKC
252=oACQAlry0AAApIAdEJCygpAAwoKQANSAFwCk0ADigpAA8oKQAQSAHBnhFIASXNMBJIAcF9
253=E0gByf4USAFACWkAFUgBJbEyFkgBwQQXSAHZERgoKQAZSAFsBk0AGigpABtIAdUjHEgB1Q
254=0dKCkAHigpAB8oKQAgKCkAISgpACIoKQAjKCkAJCgpACVIAc0bJigpACdIAckXKEgByRcp
255=KCkAKigpACsoKQAsKCkALSgpAC4oKQAvKCkAMCgpADFJATpQIEkAMkgB2X8zSAHNfjQoKQ
256=A1SAHBBDYoKQA3KCkAOCgpADlJATZQCkkAOigpADtIAcUIPCgpAD0oKQA+KCkAP0gBzUpA
257=SAFACWkAQSgpAEJIAZt/AABDSAHNBURIAZRwIrYiNAAjKyEAAEb0AmaMNACU9CK0IsMEAQ
258=BJQASUZWWMNES+UA0ityI0AIFFAQBkjCcpAE1MBSNkI2WMNK+JAQBPVALdClBIASWRI1Eo
259=KQBSSAGUe2WMNLScZYw0JK8hAABVQASZBgBEjMUTAEWMNP2kWEAEyYVZSAHNBVpIAdkcW0
260=gBlJxkjCddAV1UAoAPZYw0JrkoX1QCJaUrYEgBdBxNAGEoKQBiKCkAYygpAGRIAZOYAABl
261=SAHVOWZIAZOuAABnSAFACWkAaEgBJYU9aUgByVlqKCkAa0gBYAVNAGwoKQBtKCkAbigpAG
262=8oKQAI5+EAAAkoKQAKKCkAC0gB1Q0MKCkADSgpAA5IAVAOaQAPKCkAEEgBJYEhEUgB2X8S
263=KCkAE0kBU3MGAAAUSAGmAQAVKCkAFkkBV7kCF0gBzRAYKCkAGUgBvgMAGigpABsoKQAcSA
264=HNEB1IAc0QHigpAB8oKQAgKCkAISgpACIoKQAjKCkAJCgpACUoKQAmKCkAJygpAChIAcmQ
265=KUgB1RgqKCkAK0kBvbkYLMgBAQEAAC3IAQECAAAuyAEBAwAAL8gBAQQAADBIAdEJMUgBJ9
266=wRIvBElAkiiCPFSjRABMkBNSgpADYoKQA3KCkAOEgB2X85SAEldUY6SAGUCiKVNDUk6C4i
267=lDQntQE9QATJDD5IAdmVP0gB1QJASAHZoEFIASW9I0JIAd0KQ0gB1RhESAHBBEVIAcmQRk
268=gBzXNHSAGEjH2ONSQUJH2ONSaRREpABIxoIm1FNbCCf441ACB4DSJlIzUmXSJOTAWMn3yO
269=IuQnRwQBAFBUAiNLOwEAUSgpAFJIAZwKfI7fCgAAVFQC0YJVSAGEE32ONbyZfY41v6QAAF
270=hABM0FWUgBzQVaSAHZHFtIAY+fAABcSAHNBV1IAZAUfY41JL8jAABfVAJUFWkAYCgpAGEo
271=KQBiSAHZBmNIAYMaAABkSAHZMmVIAdk9ZkgBZAlNAGcoKQBoKCkAaUgByU5qKCkAa0gBSA
272=ZpAGwoKQBtKCkAbigpAG8oKQBwKCoABwDbRQAACCgpAAkoKQAKKCkACygpAAxIAdkRDSgp
273=AA4oKQAPSAF4Ek0AEEgBJTEiEUkBUUgCSQASSAHJkBNIAUQCaQAUKCkAFUgBxTQWSAHdrx
274=dIAcEPGCgpABlIASXFJBpIASWJZBtIAXAKTQAcSAEnNhI2ACc0EicpAB9ABNUCICgpACEo
275=KQAiKCkAIygpACQoKQAlKCkAJigpACcoKQAoSAHFHilIAdUYKigpACtIAXWRBSLORjYAaQ
276=EGdJGpAQd0kakBCHSRqQEJdZE2JiU8MUUIPlgdSQAySAHdTDMoKQA0KCkANSgpADYoKQA3
277=KCkAOEgBwes5SAFMCmkAOigpADtIAdWGPEgB1Q09SAHVWj5IAWwGTQA/SAHFE0BIAc0FQS
278=gpAEJIAc2UQ0gBwQREKCkARUgBmH8iFSQ2v44AAEdUAiWlIEhIAZx4dZE2r34BAEpUAiUJ
279=M0tIAYh6dZE2o5MAAE1UAiUFIk5IAdWcT0gB3QpQSAEltSJRSAHdg1IoKQBTSAGcCnWRNi
280=ZdIlVUAt0gVkgBTCBpAFdIAdGCWEgB0YJZSAHFHlpIAdUCW0gBxR5cSAF4B00AXSgpAF4o
281=KQBfKCkAYCgpAGEoKQBiKCkAYygpAGRIAdkyZUgB2T1mSAFEDWkAZygpAGgoKQBpSAHdV2
282=ooKQBrSAFsBk0AbCgpAG1IAd14bkgBJW1Fb0gBXARpAHAoKQBxKCkABiQcPGEEBygpAAgo
283=KQAJKCkACigpAAsoKQAMKCkADUgB3RUOKCkADygpABBIAWgNTQARKCkAEigpABMoKQAUKC
284=kAFUgBxWAWSAHd5hdIAdUNGCgpABlIAVgLaQAaKCkAGygpABxIAd2kHUgB1ZEeKCkAHygp
285=ACAoKQAhKCkAIigpACMoKQAkKCkAJSgpACYoKQAnSAElAT0oSAHJFykoKQAqKCkAK0gBYZ
286=MKbZQ3jZQLbJSpAQxslKkBDWyUqQEObZQ3KIwSJykAMlAJ2Cci2EPFYDRUAskBNSgpADYo
287=KQA3SAHFVThIAWQqTQA5KCkAOigpADtIAcFcPEgB0d09SAHNcz5JAbhYB0kAP8kBASJdWT
288=cmoSVBVALZEUIoKQBDKCgAB0QANwA0AAAAAAARAAAtDgAgBABFADcAAACBAEZJASSGAQBH
289=SQGJqQFISQEoqQFJSQFBawEBAEpJASdrAQAAS0kBh6kBTEkBI6kBTUkBPakBTkgB3QpPSA
290=HdClBIAc0FUUkBP60FUkkBN6kBU0kBM6kBVEkBMakBVUkBOKkBVkkBWqkBV0kBVKkBWEgB
291=pgEAWUkBQK0BWkgBpgEAWygpAFwoKQBdKCkAXkkBWLEFX0gBpgEAYCgpAGEoKQBiSAHZHG
292=NIAc0FZEkBXK0BZUgBpgEAZigpAGcoKQBoKCkAaUkBbbEFaigpAGtIAdkRbEgBvgMAbUkB
293=PK0BbkkBWakBb0gB3SBwSAGyAgBxKCkAcigqAAUA3ygAAAYoKQAHKCkACCgpAAkoKQAKKC
294=kAC0gBxRMMSAHVDQ0oKQAOSAHBGg8oKQAQKCkAEUgB2QYSKCkAE0gB3UEUSAHdQRVIAdFA
295=FkkBNL0GF0gByQwYKCkAGUgBvgMAGkgBk1YAABtIAdUCHCgpAB1IAdknHkkBTKUEHygpAC
296=AoKQAhKCkAIigpACMoKQAkKCkAJSgpACYoKQAnKCkAKEkBULUNKUgB1RgqKCkAK0kBvUAE
297=AQ8AACzIAQEQAAAtyAEBEQAALsgBARIAAC/IAQETAAAwSAHZJzFIAc1oMkgB2SczKCkANC
298=gpADUoKQA2SAHRQzdIAUgQaQA4SQG8YwEAADnIAQEBAAA6yAEBAgAAO8gBAQMAADxIAaoF
299=AD1IAcVVPkkBuFgCTQU/yAFNBUBJATpUAkkAQUgB0RRCKCkAQygpAEQoKQBFSQE1TAZJAE
300=ZIAVgAaQBHKCkASEgB3Y5JSAHdjkpIAd2OS0kBO3MGAABMSAHBJU1IAdEfTkgBvgMATygp
301=AFAoKQBRKCkAUigpAFNJAT69BlRIAdEJVUgBsgIAVigpAFcoKQBYKCkAWSgpAFooKQBbKC
302=kAXCgpAF1JAVahC15JAU+pAV9IAdleYEgBsgIAYSgpAGJIAdGjY0gBwQRkKCkAZSgpAGYo
303=KQBnKCkAaEgBzZ9pSAHdV2ooKQBrSQFVoQtsSAHBk21IAdk9bkgByThvSAGqBQBwKCkAcS
304=gpAHIoKQBzKCkABEhR2QYFKCkABigpAAcoKQAIKCkACSgpAAooKQALSAHdFQxJAU6hCw1I
305=Adl0DkgBsgIAD0gBxR4QKCkAESgpABJIAdXTE0gB0QkUSAHdIBVIAdVEFkgB1UQXSAHdCh
306=goKQAZSAHRCRpIAcUIG0gB2REcKCkAHSgpAB5IAcmbH0kBUbEFIEgB1ZwhKCkAIigpACMo
307=KQAkKCkAJSgpACYoKQAnKCkAKEgB1U8pSAHVGCooKQArSAF9mRR+mTkAaQEVfJmpARZ8ma
308=kBF3yZqQEYfZk5WN2NFzFECM1HMkgByYUzKCkANCgpADVIAdHENkgBnQcAWd85xAFSSDkA
309=fZkEfJmpAQV8makBBnyZqQEHfZk5WJuFBz1QCd0KPkgBjwIAAD9IAc2JQEgBxRNBKCkAQk
310=kBNrEFQ0gBwQREKCkARSgpAEZIAd1iR0gBtgYASEgByQxJSAHZ4kooKQBLSAHJDExIAdEU
311=TUgBxQhOKCkATygpAFAoKQBRSAHJelJIAdkGUygpAFRIAcn+VUgBwQRWKCkAVygpAFgoKQ
312=BZKCkAWkgB1RhbSAHVMVxIAdEJXUgB1XBeSQFTuQJfSAGmAQBgKCkAYSgpAGIoKQBjKCkA
313=ZCgpAGUoKQBmKCkAZ0gB2RFoSAHNJmlIAd1XaigpAGtJAVuxEGxIAaQBSVM5UOCRAW5UAs
314=E7b0gBzRtwSAGbAwAAcUgB1Q1ySAHNPHNIAcEEdCgpAAP3CgAABCgpAAUoKQAGKCkABygp
315=AAgoKQAJKCkACkgB0cQLSAHZfwwoKQANSAHRdw5IAdkRDygpABBIAckiESgpABIoKQATSA
316=HVIxRIAc0FFSgpABYoKQAXKCkAGCgpABkoKQAaKCkAGygpABwoKQAdKCkAHigpAB8oKQAg
317=SAHNnyFIAcUeIigpACMoKQAkKCkAJSgpACYoKQAnKCkAKEgBzVIpSAHZHCooKQArKCkALC
318=gpAC0oKQAuKCkALygpADAoKQAxSAEnlhM6AMVKM1QCyQE0KCkANUgB0VY2SAHdNjcoKQA4
319=SAF1nAh1nDqBngl0nKkBCnScqQELdpw6AMnSPVgGzYk+SAElbSQ/SAHNEEAoKQBBSAHNEE
320=JIAc0QQ0gB0QlESAHZBkUoKQBGKCkAR0gByQxISAHRCUlJAcG1CUrJAQEivDnMIyLWJjoA
321=JWkpTUAEqgUATigpAE9IAd2ZUEgBwQRRSAHZBlJIAdUCU0gBzexUSAHNPFVIAcEEVigpAF
322=coKQBYKCkAWUgBJeEtWkgBxfpbSAHFCFxIAckMXUgByQxeSAHBBF8oKQBgSAHJhWFIAcmF
323=YkgBzQVjKCkAZCgpAGUoKQBmKCkAZ0gB1SZoSAHdK2lIAd1XaigpAGtIAckMbEgBzRBtSA
324=HJOG5IAcUIb0gBzQVwKCkAcUgB1Q1ySAHZBnNIAdUYdEgB2QZ1KCkAAufsAAADKCkABCgp
325=AAUoKQAGKCkAB0gB0RQISAHJDAlIAcGeCkgBJekjCygpAAxJAUyxEA1JAVOpAQ5IAaYBAA
326=8oKQAQKCkAEUgBzSYSKCkAEygpABQoKQAVKCkAFigpABcoKQAYKCkAGSgpABooKQAbKCkA
327=HCgpAB0oKQAeKCkAHygpACAoKQAhSQFVpRoiSAHFHiMoKQAkKCkAJSgpACYoKQAnSQFPpQ
328=goSQFtqQEpKCkAKkkBXLUCK0gBwQQsKCkALSgpAC4oKQAvSAHNczBIAdkGMUgBzUcySAHN
329=RzMoKQA0SAHBkzVIAcFRNkgBqhAAN0gB3Qo4SAFtnwxtnzuNnw1sn6kBDmyfqQEPbJ/TSA
330=AAPVgG0Qk+SAHRmD9IAdkRQCgpAEFIAcF9QkgB2QZDKCkAREgBwRpFSAHFCEYoKQBHKCkA
331=SEgBwRpJSAFsnwECAABKyQEDbZ87UAGRDExAAc0FTUgBjQIATJ8nFQNPVALBD1BIASW5KF
332=FIAd0VUkgB2QZTSQHArQFUyAFFrVXIAU0QVkgBxQtXSAHRbFhIAbYGAFkoKQBaKCkAWygp
333=AFwoKQBdSAHdpF5IAcG/XygpAGBIAcElYUgB3RViSAHVDWMoKQBkKCkAZSgpAGYoKQBnSA
334=HJOGhIAc0maUgByU5qKCkAa0gByQxsSAHZBm1IAclObkgB2RFvSAHNBXAoKQBxSAHZBnJI
335=AdkGc0gB2QZ0SAHZBnUoKQB2KCkAAevaAAACKCkAAygpAAQoKQAFKCkABkgB0SoHSAHZJw
336=hIAcUeCUkBW6UPCkkBZqkBC0kBYKkBDEgBwQQNSAHBBA5IAcEED0gBqgUAECgpABEoKQAS
337=SAHRKhMoKQAUKCkAFUkBWqkIFkkBTqkBF0kBVKkBGEgBxQgZKCkAGkgB1U8bSAHBRhxIAS
338=WJLR1IAdkGHigpAB8oKQAgKCkAIUkBWbUNIkkBUakBIygpACRIAd2kJSgpACZIAc0FJ0gB
339=3cUoSAHBDylIAdEUKkgByWQrSAHBBCwoKQAtSAHNlC5IAcEEL0kBQLkRMEgB1QIxSAHdeD
340=JIAcE7M0gBwTs0SAG2BgA1SAHFCDZIAdUCN0gBzVI4SAHNJjlIAcAEJxQlZqI8ACXdSDwo
341=gQA9SAHVAj5IAdkGP0gB3QpASAHBXEFIAcEEQigpAEMoKQBESAHBGkVIAclkRkgBzRtHKC
342=kASEgB2RxJSAFlogRmojwAaQEFZaI8JgUhTEAExQhNSAHBME5IAdkRT0gB1SNQSAHVAlEo
343=KQBSKCkAU0gBZKJRrlTIAUEPVcgBQQ9WSAHVGFdIAdEUWEgB3QpZSQFWrQFaSAHBXFtIAb
344=ICAFwoKQBdKCkAXkgB3QpfSAHBGmBIAckMYUgBxQhiKCkAYygpAGQoKQBlKCkAZigpAGco
345=KQBoSAHJImlIAclOaigpAGtIAdUNbCgpAG0oKQBuKCkAbygpAHAoKQBxKCkAcigpAHMoKQ
346=B0KCkAdSgpAHYoKQB3KCkAAlDz2REDKCkABCgpAAUoKQAGKCkAB0gBxVUISAHRKglIAdFh
347=CkkBaaELC0kBY6kBDEgBpgEADUkBZa0BDkkBX6kBD0gBpAFEosN6AAARKFUAEkkBWKUEE0
348=gB3SsUKCkAFSgpABZIAd2vF0gBzQUYKCkAGSgpABpIAdVEG0gByW8cSAHZBh0oKQAeKCkA
349=HygpACAoKQAhKCkAIigpACMoKQAkSAHJpiVIAc2fJkgB1Q0nKCkAKCgpAClIAdEUKkgB3V
350=crSAHZBixIAcmmLUgBwQQuSAHBBC9JAbe5JzDIAQEBAAAxSAHVOTJIAdU5MygpADRIAdl/
351=NUgBfHhRCDbIAUUIN8gBAQIAADhIAVADaQA5KCkAOigpADsoKQA8SAHVPD1JAb9zBgAAPs
352=gBXQo/yAFdCkDIAUGIQUgB2RxCSAHZ10MoKQBESAHRH0VIAboKAEZIAdknR0gB3aRISAHF
353=HklIAdEJSigpAEtIAcEETCgpAE1IAdVETkkBuK0MT8gBSRdQSAGyAgBRKCkAUigpAFMoKQ
354=BUKCkAVSgpAFZIAd0VV0gB1Q1YSAHdCllIAcFcWkgB1QJbKCkAXCgpAF0oKQBeSAHZPV9I
355=Ac0bYEgBySJhSAHdeGJIAd0KYygpAGRIAdVwZUgBwQRmSAHBtGdIAcG0aEgB1U9pKCkAai
356=gpAGtIAcUIbCgpAG0oKQBuKCkAbygpAHBIAdUNcUgB1Q1ySAHRCXMoKQB0KCkAdUgB2QZ2
357=SAHZBndIAdkGeCgpAANIUdUCBCgpAAUoKQAGKCgABAcAPgAAAAARAAAvDgAgBgAAAAAIAD
358=4AQFwASwAJAD5UAIkACigpAAsoKQAMSQFmngMADUkBlqkBDigpAA9JAWC1AhBJAT2pARFI
359=AaYBABJJAVmtARNJAVCpARRJAW2pARUoKQAWKCkAFygpABgoKQAZKCkAGkgB1RgbSAHRCR
360=woKQAdKCkAHigpAB8oKQAgKCkAISgpACIoKQAjKCkAJCgpACUoKQAmSQG4tRgnyAEBAQAA
361=KEkBP7UCKUkBNqkBKkkBOKkBK0gB3RUsSAHJMC1IAcEELkgBwQQvSQG3WAYBAgAAMMgBAQ
362=MAADFIAVACaQAySQE6YwEAADNJATGpATRJATSpATVJAcBIAVkGNsgBAQQAADfIAQEFAAA4
363=SAFcA2kAOUkBQWMBAAA6SAGmAQA7KCkAPEkBPLkCPUkBv0gBUQk+yAFRCT/IAQEGAABAyA
364=EBBwAAQUgB0RRCSAHRFEMoKQBESAHdFUVIAVgKaQBGSAHNPEdIAWgCTQBISAHNJklIAdEJ
365=SigpAEsoKQBMSAHdCk1IAVQHaQBOSAF8NlEqT8gBVSNQSAF0A00AUUkBO1wASQBSSQE1XA
366=BJAFNIAVgAaQBUKCkAVUgB2T1WSAHJOFdIAWAFTQBYKCkAWSgpAFooKQBbKCkAXCgpAF0o
367=KQBeKCkAX0gBySJgSAFYC2kAYSgpAGIoKQBjKCkAZEgB1XBlSQFOcwYAAGZJAVOpAWdIAc
368=lOaCgpAGkoKQBqSQFYrQVrSAGmAQBsKCkAbSgpAG4oKQBvSQFasQVwSQFPqQFxSAGmAQBy
369=SAHJLXNJATm5AnRIAaYBAHVJAVutAXZIAaYBAHcoKQB4KCkAeSgqAAQA0zIAAAUoKQAGKC
370=kABygpAAgoKQAJKCkACigpAAtIAdmgDEgB2aANKCkADkkBYakTD0kBY6kBEEgB1WURSAGw
371=AkSiJ2UCE1UCV7kCFEgBwTAVKCkAFigpABcoKQAYKCkAGSgpABooKQAbKCkAHCgpAB0oKQ
372=AeKCkAHygpACAoKQAhKCkAIkgBxT8jSAHRFCQoKQAlKCkAJkgBxWsnyAFFayhIAdkGKSgp
373=ACooKQArSQHEvSAsyAFBqS3IAVl0LsgBUQkvyAFdjjBIAbQGRaI/XJSRATJUAtGCMygpAD
374=RIAcWBNUgBhwUAADYoKQA3SAHBUThIAc1+OUgBzQU6KCkAO0gBzQU8SAHdCj1IAWaiCABa
375=UD8AagEJAEwCqQEKZKKpAQtloj9IrIULQkgE3RVDKCkARCgpAEVIAd1iRkkBupYGAEfIAU
376=ElSMgBQSVJSAHFrUpIAd0KS0gB3dBMSAHNlE1IAa4JAE4oKQBPSAHBVFBJATelBFFIAcUI
377=UkgBxQhTSAG+AwBUKCkAVSgpAFYoKQBXKCkAWCgpAFkoKQBaKCkAW0gB3StcSAHRH11JAV
378=y5DV5IAaYBAF8oKQBgKCkAYSgpAGIoKQBjKCkAZCgpAGVIAcWMZkgBxVVnKCkAaCgpAGlI
379=Ad2ZakgB3ZlrSAHZEWwoKQBtKCkAbkgBwetvSAHNBXBIAcEPcUgB1S5ySAHdK3NIAc0FdC
380=gpAHVIAdUjdkgBxVV3SAHNBXgoKQB5KCkAeigpAAVQ880FBigpAAcoKQAIKCkACSgpAAoo
381=KQALSQFpqQgMSAEnRRRAXDGZAg5UAtEUD0kBM5ICABBIAdVlEUgBsAJEosvaAAATVALJIh
382=RIAc0xFSgpABYoKQAXKCkAGCgpABkoKQAaKCkAGygpABwoKQAdSAHFSh5IAdUNHygpACAo
383=KQAhSAHFPyJIAd3mI0gB2QYkKCkAJSgpACYoKQAnKCkAKCgpAClIASXZLCpIAdEJK0gBZK
384=IBBQAALMgBAQYAAC3IAQEHAAAuyAFRjS/IAVGNMEgB0SoxSAElmSQySAHFgTMoKQA0KCkA
385=NUgBxTQ2SAHNfjdIAdkGOEgB3TY5SAHJDDpIAc08O0gBzQU8SAHNBT1IAXmgDGWiQIWiDW
386=SiqQEOZKKpAQ9lokAoRRRAQLqRDENECN0KREgB3QpFSAGbAwAARkgBZKJFw0fIAUXDSMgB
387=WSdJSAEnRhRAAMVrS1QCxQhMSAHd201IAdUCTkgBxXZPSAHVAlAoKQBRKCkAUigpAFMoKQ
388=BUKCkAVSgpAFYoKQBXKCkAWCgpAFkoKQBaKCkAW0gB0WRcSAHZEV0oKQBeKCkAXygpAGAo
389=KQBhKCkAYigpAGMoKQBkKCkAZUgBwVFmKCkAZygpAGgoKQBpKCkAakgB0XdrSAHRFGxIAd
390=VEbUgB2ZVuSAHBBG9IASV1JXBJAV65AnEoKQBySAElkTlzSAG+AwB0KCkAdUgBzTx2SAHB
391=RndIAdUNeEgB2QZ5KCkAeigpAHsoKgAGAN8+AAAHKCkACCgpAAkoKQAKKCkACygpAAxIAd
392=GjDUgBJTUoDkgBwXIPSAHV6RBIAc1SEUgB0RQSKCkAEygpABRIAdkyFSgpABYoKQAXKCkA
393=GCgpABkoKQAaKCkAG0gBwR0cSAHdCh0oKQAeKCkAHygpACAoKQAhKCkAIigpACMoKQAkKC
394=kAJUgB1Q0mSQFWvRwnSQFUqQEoSAHNEClIAdU5KkgByTgrSAGoBUSiyAlkoicpAC4ogQAv
395=KCkAMCgpADEoKQAySAHJDDNIAcFGNCgpADVIAdGNNkgBwQ83SAHJODhIAcEEOUgBwQQ6SA
396=HdCjtIAd0KPCgpAD1IAcEaPkgB2QY/SAHV/0BIAcmxQUgBxQhCKCkAQygpAEQoKQBFSAHd
397=CkZIAWSiXcVHyAFdxUjIAV3FSUgBzYlKSAHNEEtIAdkyTEgB3dtNSAHBBE4oKQBPKCkAUC
398=gpAFEoKQBSKCkAUygpAFQoKQBVKCkAVkgB3YNXSAHRz1hIAd0gWUgBJQkoWkgB2RFbKCkA
399=XCgpAF0oKQBeKCkAXygpAGAoKQBhSAHVR2JIAd0KYygpAGRIAc1SZSgpAGYoKQBnSAHJx2
400=hIAc0FaSgpAGooKQBrSAHNPGxIAdl/bUgB2UhuSAHNEG9JAWWtAXBIASV1JXEoKQBySAHZ
401=inNIAc0QdEgBtgYAdUgBxVV2SAHVDXdIAdGNeEgBzQV5KCkAeigpAHsoKQB8KCsABwBC1g
402=YACCgpAAkoKQAKKCkAC0gBxUoMSAEl6U8NSAHJCA4oKQAPKCkAECgpABEoKQASKCkAEygp
403=ABRIAdUuFSgpABYoKQAXKCkAGEgBwSUZSAHZBhooKQAbKCkAHCgpAB0oKQAeKCkAHygpAC
404=BIAd1XIUgBxVUiSAHJDCMoKQAkKCkAJSgpACZIAd3mJ0gB2QYoKCkAKUgB1TkqSAHVOStI
405=AdVlLEgBwQ8tSAHdKy5IAclOL0gBzQUwSAHJhTFIAc0FMkgByQwzSAHJDDRIAcmQNSgpAD
406=ZIAcUIN0gBxQg4SAHNnzlIAdF3OkgBxQg7SAHdCjwoKQA9KCkAPkgB1Rg/SAHdCkBIAd0K
407=QUgB0QlCKCkAQ0gB3QpEKCkARUgBxWtGSAHRCUcoKQBIKCkASSgpAEooKQBLSAHZMkxIAc
408=UITSgpAE4oKQBPKCkAUEgBJUEvUUgB2QZSKCkAUygpAFQoKQBVSAHRNVZIAckXV0gB0VZY
409=SAHZtllIAcVrWkgBxWtbSAHVDVwoKQBdKCkAXigpAF8oKQBgKCkAYSgpAGIoKQBjKCkAZE
410=gB2VNlKCkAZkgBJWk0Z0kBUbEQaEgB0ftpSAHZBmooKQBrKCkAbEgBtgYAbUgBJdFMbkgB
411=1QJvSAEnRhRCACdFFEImvTlyQATNEHNIASVhPnRIAcUIdSgpAHYoKQB3KCkAeCgpAHkoKQ
412=B6KCkAeygpAHwoKQB9KCsACABD0g0ACSgpAApIAcUTC0kBTKkEDEgBwSUNSAElRVYOSAHN
413=Jg9IAaoFABAoKQARKCkAEigpABMoKQAUSAHJLRUoKQAWKCkAFygpABhIAcFcGUgB2QYaKC
414=kAGygpABwoKQAdKCkAHigpAB8oKQAgSAHFVSFIAd0KIigpACMoKQAkKCkAJSgpACYoKQAn
415=KCkAKEgBxWspSQEhuSMqSQGDqQErKCkALEkBgbUCLSgpAC4oKQAvSQEioQQwSAHJTjFIAb
416=ICADJIASIsU1kBM8gBAQEAADRIAd2kNUgB1ZE2KCkAN0gBzZ84SAHBBDkoKQA6SAHR8DtJ
417=AbtcC0kAPMgBSQw9yQECItY8QwBhBAMi1TxDJoVTQEAE3QpBKCkAQkgB1YZDSAEi1GhdCk
418=TIAV0KRUgB2TJGSAFQA2kARygpAEhIAdmKSUgBwVFKSAFgBU0ASygpAEwoKQBNKCkATigp
419=AE9IAdniUEgBxRNRSAFACWkAUigpAFNIASUlJlRIAXQDTQBVSAHNn1ZIAckXV0kBVVQDSQ
420=BYSAHBZ1lIAcVrWigpAFtIAdGjXEgB2atdSAHN4V5IAdE1X0gB0dpgSAFYC2kAYSgpAGIo
421=KQBjSAHFE2RIAcFcZSgpAGZIAXgHTQBnKCkAaCgpAGkoKQBqSAHFCGsoKQBsKCkAbUgB0R
422=9uSAElqTxvSAHZoHAoKQBxKCkAckgBJ9Y8QwAlnWF0VALJLXVIAUAUaQB2KCkAdygpAHgo
423=KQB5KCkAeigpAHsoKQB8KCkAfSgrAAkARHgLbQAKKCkAC0gB3Y4MSAF0A00ADUgB1QIOSA
424=FEAmkADygpABBIASW1ThFIAXQDTQASKCkAE0gBwQQUSAHRKhUoKQAWKCkAFygpABgoKQAZ
425=KCkAGigpABsoKQAcKCkAHSgpAB4oKQAfKCkAICgpACEoKQAiKCkAIygpACQoKQAlKCkAJk
426=gBzWgnSAHFVShIAdlpKUkBgFAgSQAqSAGPBQEAK0gBi1kBACxIAQghAAAAAAEALQBEABEA
427=ALAOACAJggAAAAABAC4ARAAiRAEBAAEAL0kBhGsBAAAwSQE6qQExSQE1qQEySQG4SAEBAg
428=AAM8gBAQMAADRIAVACaQA1SQE+YwEAADZJATGpATcoKQA4KCkAOUkBNKEEOkgBpgEAO0kB
429=u0wBAQQAADzIAQEFAAA9yAEBBgAAPsgBAQcAAD9IAdEUQEgB1Q1BKCkAQkgByQxDSQG3XA
430=pJF0TIAUkXRUkBXFQCSQBGSAFYAGkARygpAEhJAVtvAgAASUgBpgEASigpAEsoKQBMKCkA
431=TUkBO7EFTkkBM6kBT0kBNqkBUEkBOKkBUUgBpgEAUigpAFMoKQBUKCkAVUkBWbEFVkkBTq
432=kBV0kBTKkBWCgpAFkoKQBaKCkAWygpAFxIAcUIXUkBUKUIXkgByThfSAHZJ2BIAb4DAGEo
433=KQBiSQFWuQJjSQFPqQFkSQFtqQFlKCkAZkgBsgIAZygpAGhIAcElaUkBOaUEakgBpgEAa0
434=gB0QlsKCkAbSgpAG5JAWmxBW9JAZapAXAoKQBxSQFhtQJySQFjqQFzSQFVqQF0SQFUqQF1
435=SAGmAQB2KCkAdygpAHgoKQB5KCkAeigpAHsoKQB8KCsACgBF2goACygpAAwoKQANKCkADi
436=gpAA8oKQAQKCkAESgpABIoKQATKCkAFEgBzSYVKCkAFigpABcoKQAYKCkAGSgpABpIAdky
437=G0gB2X8cSAHdCh0oKQAeKCkAHygpACAoKQAhSQE9uR8iSAHFCCMoKQAkKCkAJUkBP60FJk
438=gB1WUnKCkAKEgBwWcpSQGArQUqSAGTVgEAK0gBgwQBACxIAYMEAQAtSAGLBQIALkkBhWwB
439=Yp5FACfBE0VIi3oCADFABMEPMkkBN5ACQp5FANlTNFQCsgIANSgpADZIAY8QAAA3SAHVkT
440=goKQA5SAHZaTpIAcUIO0gBYZ4IYp5FAGkBCWCeqQEKYJ6pAQtinkUAJ8ETRUAVjQhBRAjV
441=DUIoKQBDSAHdjkRIAckXRUgBkwYAAEYoKQBHKCkASCgpAEkoKQBKKCkASygpAEwoKQBNSA
442=HFE05IAdkcT0kBubkNUMgBAQEAAFHIAUmxUkgBvgMAUygpAFQoKQBVKCkAVkgBxXZXSAEn
443=whNFAMkBWShVAFooKQBbKCkAXCgpAF0oKQBeSAHNn19JAUC9EWBIAaQBQJ4n8Q5iVALdr2
444=NIASfCE0UA1VplVALJAWZIAc1oZ0gBzTFoSAHVI2lIAckMaigpAGsoKQBsSAHRCW0oKQBu
445=KCkAb0gBzZ9wSAHJm3FIAdWyckkBUq0Mc0kBU6kBdEgBpgEAdSgpAHYoKQB3KCkAeCgpAH
446=koKQB6KCkAeygpAAtMSt0KDCgpAA0oKQAOKCkADygpABAoKQARKCkAEigpABNIAcGIFEgB
447=ySIVKCkAFigpABcoKQAYKCkAGSgpABpIAcVVG0gBi4UAABxIAd0KHSgpAB4oKQAfSAHVOS
448=BIAdGCIUgBxQgiSAHFCCMoKQAkSQEhrSIlSQGDqQEmSQGBqQEnKCkAKCgpAClJASWhBCpI
449=AYQIaptGAIQIaptGAIAEaZtGpAVqm0YAJ2sTRgAmvQIwRAjVDTEoKQAySAGQCSIsJ9wKIi
450=0nRiQ1KABIm9wKIiwnJykAN1gG2Sc4SAHdjjkoKQA6SAHdxTtIAX2ZDGmbRombDWibqQEO
451=aJupAQ9pm0YoaRNGKGoTRgDJsUJQCckBQ0gB1S5ESAG0HFhQJ5ECRihVAEcoKQBIKCkASS
452=gpAEpIAdFLS0gB0QlMKCkATUgB3bpOSAHRd09IAWibAQMAAFDJAQRqm0YAdAIBBQAAUlQC
453=0QlTSAHJDFRIAdUCVUkBWq0BVkgB0ZhXKCkAWCgpAFkoKQBaKCkAWygpAFwoKQBdKCkAXi
454=gpAF9IASWxJ2BIAcGeYUgBqhAAYigpAGNIASXRK2RIAdVaZSgpAGZIAckiZ0gB2TJoSAHZ
455=MmlIAd0KaigpAGsoKQBsKCkAbUgByQxuKCkAbygpAHBJAUG1CXFIAcUTckgBsgIAcygpAH
456=QoKQB1KCkAdigpAHcoKQB4KCkAeSgpAHooKwAMAEfGDAANKCkADigpAA8oKQAQKCkAESgp
457=ABIoKQATSAHNyxRIAcUeFSgpABZJAVi9DRdIAcEEGCgpABlIAcmQGkgBwVEbSAHNBRwoKQ
458=AdKCkAHigpAB9IAc0QIEgB2QYhKCkAIigpACMoKQAkSAEjHSUATo5HAIlZAVaLRwDBkydA
459=BCU5OSgoKQApSQEeYxoBACpIAdmVK0gBI4cnAgAsSAGDqQIALUgBI4gicZhHTAtcBiJ+Jk
460=cAxQgwQATJATFIASXFOjJIAZMJAQAzSAGHCAEANEgBzZ81SAHVnDZIAZgGIn0mRyaxJzhU
461=AicRE0f9jjooVQA7SAHN9zwoKQA9SAGUDXCYJ5UIP1QC0aNASAHRYUFIAVgZaQBCKCkAQy
462=gpAERJAcJ5AwBSmEcAaQEBInwmJ10BR0AEvgMASCgpAElIAZMfAABKSAHVDUtIAc0FTCgp
463=AE0oKQBOSAHRQE9IAXmVBnGYR4WXB3CYqQEIcJgnDQJTTAXZBlRIAckMVUgBn0EAAFZIAS
464=d9JkcmUSZYVALJm1koKQBaKCkAWygpAFwoKQBdKCkAXigpAF8oKQBgSAEl+SVhSAHZEWJI
465=AdVaYygpAGQoKQBlKCkAZkgB2QZnKCkAaCgpAGkoKQBqKCkAaygpAGwoKQBtSAHdIG5IAc
466=0QbygpAHAoKQBxSAHdmXJIAc0QcygpAHQoKQB1KCkAdigpAHcoKQB4KCkAeSgpAA1cRN0K
467=DigpAA8oKQAQSAHNiRFIAcFcEkgB1VoTSAHFCBRIAcEaFSgpABZIAdk9F0gBJQE9GEgBzQ
468=UZSAHRYRpIAdlTG0gBwQQcKCkAHSgpAB5IASVJRh9IAc0FICgpACEoKQAiKCkAI0gBwTAk
469=SAEnuxJIADx4GHqVSACXAgEAJ0AEkx8CAChIAYceAgApSAGdmQJalUgAn5kCACtUAoCIep
470=VIACMcJXiVJykALkAEg5MCAC8oKQAwSAGRjQJLikgAJq0QMlQChAh5lUgkoCV6lUgAn3gB
471=ADVABJsRAQA2SQGGeAZ5lUijAQAAOFQCxe85SAHFlzooKQA7KCkAPEgB0cQ9SAHJCD5IAZ
472=QNIs0lSEAKnQJAVAKDAQAAQSgpAEJIAc0xQ0gBwQRESAFtlAJ5lUiZlQN4lSeRAkdABM0F
473=SCgpAEkoKQBKKCkAS0gBJRUkTEgBJV0iTUgBxQhOKCkATygpAFAoKQBRKCkAUigpAFMoKQ
474=BUKCkAVUgBnUEAWpVIAN1XV1QCzZRYKCkAWSgpAFooKQBbKCkAXCgpAF0oKQBeKCkAXygp
475=AGAoKQBhSAHZHGJIAcFcYygpAGQoKQBlKCkAZkgBJXkgZ0gB1SNoKCkAaSgpAGooKQBrSA
476=ElMThsSAHBD21IAdG5bkgB0QlvSAHZEXAoKQBxKCkAckgBzQVzKCkAdCgpAHUoKQB2KCkA
477=dygpAHgoKwAOAEnOCQAPKCkAEEgBwVwRSAHVhhJIAdEFE0gB3SAUSAHdFRUoKQAWSAEljS
478=gXSAHBBBgoKQAZSAHRHxpIAcEEGygpABwoKQAdKCkAHigpAB9IAYOIAAAgSAEluTMhSAHR
479=CSIoKQAjSAHJTiRIAYiQIh4lSQCMEGGTSShhEkm4lWCT1CNgk8AEYJPVAgNAkycpACxcCo
480=eXAwAtSAGXkQMALigpAC9IAZeRAwAwSQEmaClhk0kkdyUCADJUAoMEAgAzSAGABGGTSaCe
481=YZNJ+ZU24ARhk0kkQDpgk8MEAAA5QATJODpIAc2UOygpADxIASdgEtQYIh0lSSMEIlETP0
482=AEIl4iAQBQJLQCUY1BVAJQA2kAQigpAEMoKQBESAFhkwRhk0mBkwVgkyeJAUdABHgHTQBI
483=SAHdYklIAd1iSkgBUANpAEsoKQBMSAHFSk1IAdnMTkgBYAVNAE8oKQBQKCkAUSgpAFIoKQ
484=BTKCkAVCgpAFVIAZ1BAEGTSShhEkkoHCUnKQBZTAXZlVooKQBbKCkAXCgpAF0oKQBeKCkA
485=XygpAGAoKQBhKCkAYkgBySJjSAFIHGkAZEgBwVxlKCkAZkgB1SNnSAFgBU0AaCgpAGlIAc
486=0makgB1S5rSAHVGGwoKQBtSAElmTpuSAElVSFvSAFMCmkAcEgBzRBxKCkAcigpAHNIAWAF
487=TQB0KCkAdSgpAHYoKQB3KCsADwBKRAaJABAoKQARKCkAEkgByRcTSAEl7SkUSAHZERUoKQ
488=AWKCkAFygpABgoKQAZKCkAGigpABsoKQAcKCkAHSgpAB4oKQAfSAEldSUgSAHRbCFIASP9
489=IABVdUomUVIjVAInCxJKAH6WHAAlVAKUhmmQSlgBWAIibSRKKAkSSiSAN2iQwARokNQCaZ
490=BKv4MDACxQCSOAN2iQwQQESZBKXBBfCgQAL0EEJkUBAGmQSiR3JQMAMVQCnY4DS5BKAB9g
491=BGiQxwgCADTjBAIANUgBI7BeIm4kSgCfrwEAN1QCn68BADhIASXFJDlIAWwJTQA6SAHVkT
492=tIAcElPEgBJwgSJ+UHPlQCfY4DIm0kSpSRTYlA1AJNiUFIAUwKaQBCKCkAQygpAERIAWmQ
493=BmmQSomQB2iQJ4kBR0AEJb0jSEkBUWgJIm5xSgDFSkpUArICAEsoKQBMSAGHHgAATUgByR
494=dOSAHNBU9IASWpJlBIAdUCUSgpAFJIASXdJ1NIAdVEVEgBzQVVKCkAVkgBJZlbV0gB2XRY
495=KCkAWSgpAFooKQBbKCkAXCgpAF0oKQBeKCkAXygpAGAoKQBhKCkAYigpAGNIAdWRZEgB3W
496=1lKCkAZkgB1RhnKCkAaEgBzSZpSAHNJmpIAc0ba0gBzRtsKCkAbUgBJaFcbkgB3QpvKCkA
497=cCgpAHFIAdkRcigpAHMoKQB0SAHFCHUoKQB2KCkAEFQ8wQQRKCkAEkgB0RQTSAHZERRIAd
498=UNFSgpABYoKQAXKCkAGCgpABkoKAAJGgBLAG0AAAAAAAAbEQAAGw8AIAQASwBtAAAAQQAc
499=KCkAHSgpAB5JATtUA0kAH0kBMVwASQAgSQE0XABJACFIAVgAaQAiSQE/YwEAACNJATipAS
500=RJAX6pASVJAX9rAQEAJkgBjwUCACdIAY8FAgAoSQGAYwQCAClIAWQBAQADACpIAYcIAwAr
501=SQEhewIEACxJAR6pAS1JASWpAS5JASapAS9JASKpATBJAUGpATFJAYVrAQMAMkgBjwUCAD
502=NJAS13AgIANEkBI6kBNUkBhGsBAQA2SQE6qQE3SAGfFQEAOEkBhncCAAA5SQE9qQE6SAGm
503=AQA7SAGbBgAAPEgB2Sc9SQE1pQQ+SQG5SAEBBgAAP8gBAQcAAEDIAQEIAABBSQFcQARJAE
504=JIAVgAaQBDSAHZMkRIAdEJRUgBdANNAEYoKQBHKCkASCgpAElJAVtABUkASkgBjTEAQQFL
505=TCFPAgAATFEBNoYBAE1IAYceAABOSAGyAgBPKCkAUCgpAFFJAVqlBFJJAVSpAVNIAaYBAF
506=QoKQBVKCkAVigpAFdJAVmxBVhJAUypAVkoKQBaKCkAWygpAFwoKQBdKCkAXigpAF8oKQBg
507=KCkAYSgpAGIoKQBjSQFPoQ9kSQFtqQFlKCkAZkgBsgIAZygpAGhIAdk9aUgByWRqSAHNBW
508=tJAVWtAWxJAVOpAW1IAaYBAG4oKQBvKCkAcCgpAHEoKQBySAHFE3MoKQB0KCkAdUgB3QoR
509=XDnJARIoKQATKCkAFEgB0QkVKCkAFigpABcoKQAYKCkAGSgpABooKQAbKCkAHCgpAB1IAd
510=FWHkgB0UsfKCkAIEgB3UwhSAGDfQAAIkkBga0XIygpACRIAY9+AAAlSQEdYAR6ikwAmAZ6
511=ikwAmAZ5ikxQBEQEeIrABHiK1AJ6ikwAhAh4isMEBQAtXAqDiAUALkkBJ0AIAQAEAC9IAZ
512=+DBAAwSAGXAgMAMUgBlAJ5ikxMmlAFeYpMSKGJATRABIuQAgA1SAGUhnmKTECDQwQBADdU
513=ApEJAFiK2AZ4isMEAAA6QAREBWkAO0kBPmABeYpMUA+NAT1UAsWMPkgB0YI/SAGYA3qKTA
514=DNiUEoVQBCKCkAQ0gB3VdESAHNMUVIAcUIRigpAEcoKQBIKCkASUgB2aBKSAHZBktJAUCt
515=AUxIAaQBWIrMe3iKJykATyiBAFAoKQBRKCkAUigpAFMoKQBUSAHBD1VIAckMVigpAFcoKQ
516=BYSAHVcFlIAckPWigpAFsoKQBcKCkAXSgpAF4oKQBfKCkAYCgpAGEoKQBiKCkAY0gBzX5k
517=SAHdbWUoKQBmSAHJF2coKQBoSAHZPWlIAcFnakkBObEFa0gB0blsSAGwAkD7xRsAWIonKQ
518=BvKIEAcCgpAHEoKQByKCkAc0gB0RR0KCkAEkQ3yQwTKCkAFEgBzQUVKCkAFigpABcoKQAY
519=SAHFgRlJATO1CRpIAdFWG0gB0QkcKCkAHUkBPK0FHkgBg30AAB9IAYN9AAAgKCkAIUgB3Y
520=MiSAGNBQFScU0AI9MgAQAkVALJASVIAYwFYYhNpIFhiE2viQMAKEEEgmMPAwApSAGMBWCI
521=wwQEACv0AmCIxAhhiE1UE1wGYohNACMoIWKITQCEVWKITQAlMSIxRAibfwIAMkgBjIliiE
522=0AlwIBADRVAolOCQABQYhNRBlMAWGITSgCEU0AmIpiiE0Axfo5WAbd0DpIAVAGaQA7KCkA
523=PEgB0Us9SAEnARFNWJBoBUEJTZwAUQBAQARYAGkAQSgpAEJIAdU5Q0gB1Q1ESAFgBU0ARS
524=gpAEYoKQBHSAElpSBISAElpSBJSAHZEUpIAcFcS0gBQAlpAEwoKQBNSQFYbAJgiCeRAk9U
525=ArICAFAoKQBRKCkAUigpAFNIAckXVEgByRdVSAHFCFYoKQBXKCkAWEgBJYkiWUkBUbEFWk
526=gB2WxbKCkAXCgpAF0oKQBeKCkAXygpAGAoKQBhKCkAYkgBJTEiY0gBsg0AZEgByWRlKCkA
527=ZkgBwQRnKCkAaEgBwb9pSAHBBGooKQBrKCkAbCgpAG0oKQBuKCkAbygpAHAoKQBxKCkAci
528=gpAHMoKwATAE7eDgAUSAHJFxUoKQAWKCkAFygpABhIAcnSGUgBzZ8aSAHV0xtIAdEJHCgp
529=AB1IAcXOHkgBI/gwaYVOqXoBSoVOAIl6AUQCJykAIkwFIxwwa4VOAIdkFmmFTkiATwEBAC
530=VABI+JAgAmSAGEgWqFTgAjYDNphU5EZk0FBEqFTgCfVwQAKk0FgFECAGmFTrt/BQAsVQIk
531=dAJphU6oemmFTiipEE60e2mFTiioEMAEaoVOACVVITNQCZh/aIXMEGmFTiRAL2mFTlCIWA
532=0irSFOWBdIAWqFTgAjkCMiriFOAMktOlAJybE7SAGEBSKsIScJBz1UAt0rPkgBwQQ/KCkA
533=QCgpAEEoKQBCSAHVe0NIAck4REgBxQhFKCkARigpAEcoKQBIKCkASSgpAEooKQBLSAHZik
534=xJAVKhC01IAc1oTkgBsgIATygpAFAoKQBRKCkAUigpAFNIAdUjVEgByRdVSAHRCVYoKQBX
535=KCkAWCgpAFkoKQBaSAHBiFtIAcGIXEgBwYhdKCkAXigpAF8oKQBgKCkAYSgpAGJIASWBIW
536=NIAd1iZCgpAGUoKQBmSAHNn2dIAdHwaEgBxT9pSAHNG2ooKQBrKCkAbCgpAG0oKQBuKCkA
537=bygpAHAoKQBxKCkAcigpABRUMd0VFSgpABYoKQAXKCkAGEgBJSEgGUgB0RQaSAGPcwAAG0
538=kBg7kCHCgpAB1IASWlIB5IAZB3cYJPsHdygk8AiSICUYJPXOxJCAJZY0+g63GCT7xtcoJP
539=AJiKcILECHCC1UwDXvZPAJR7cYJPoIgi/SBPTAtcCnGCT1yJiQErWBGQS3CCwA9xgk9UCI
540=EELkAEI0wgIv4gTwCIb3GCTyhREE+oenGCT0wWWAYi/CDUAnCC1AJxgk+gfXGCT7z8cILU
541=DXGCT7SRcILMBSIBMk+hiABQJNgccIInKQA9UBRYDmkAPigpAD8oKQBAKCkAQSgpAEIoKQ
542=BDKCkAREkBumsJAABFyAEBAQAARsgBAQIAAEdIAb4DAEgoKQBJKCkASigpAEsoKQBMKCkA
543=TUgBJdksTkgB0QlPKCkAUEgBn0EAAFFIAZO5AABSSAHNBVNIAY8xAABUSAHVAlUoKQBWKC
544=kAVygpAFgoKQBZKCkAWkgBxWBbKCkAXEgByYVdSAHJhV5IAcmFXygpAGBIAcEEYUgBxYFi
545=SAHdCmMoKQBkKCkAZUgByRdmSAGDUQAAZ0gBJTUoaEgBJW0kaUgBzQVqKCkAaygpAGwoKQ
546=BtKCkAbigpAG8oKQBwKCkAcSgrABUAUCHsMpEMFigpABcoKQAYSAHVLhlIAc1+GkgByXob
547=SAEj/ysBABxIAZ82AQAdSAGPBQEAHkgBJfEvH0gBmAZ5f1C8Ynl/UKxdeX9QpGt5f1AkTE
548=F5f1Cwd3l/UKCIeX9QnRYAeH8nKQAoSAyIhXh/zAV5f1BcaFsFBQArQAQjZCN5f1Cgcnp/
549=UACH+gQALkAEnPx5f1CzggMAMFQCkIIi/UFQJFQhIvxB2AZ5f1C4lSJYU9QCeX9QJFQheH
550=/TCQAAN/AJeH/IF3h/yCJ4f8QTeH8ngQA8WAbJZD1IAcnHPkgBRBtpAD8oKQBAKCkAQSgp
551=AEIoKQBDKCkAREgBeX8Den9QAGkBBHh/qQEFeH8nDQJITAWXIwAASUgBdA5NAEooKQBLKC
552=kATCgpAE0oKQBOKCkAT0gBwRpQSAHZXlFIAUwKaQBSSAHVDVNIAWgCTQBUKCkAVSgpAFYo
553=KQBXKCkAWCgpAFkoKQBaSAHZdFsoKQBcKCkAXUgBRA1pAF5IAdGCX0gBwX1gSAF0A00AYU
554=gB0QliKCkAYygpAGRIAVwEaQBlKCkAZkgBJX0mZ0gBJ/gPJ+UHaVQCbAZNAGooKQBrKCkA
555=bCgpAG0oKQBuKCkAbygpAHAoKQAWQKzdFRcoKQAYKCkAGUkBgFQOSQAaSAEjAT0BXfxRtO
556=lifVEAiP5hfVHtcx5MBY9+AgAfSAEjpysCACBIAZScYn1RAIhvYX1RJL0uAlDf3QoCSfhR
557=WIVZDgJMCtwKYH3ABGF9UbCCfPzABGF9UbCCYX1RvG1hfVGwdyKeQFEAIz8/BAAtWREuRQ
558=wAYX1RrPdhfVEkHDBhfVGohWF9UaCTYX1RtP9gfdwKffxRWBdUCWF9USSkIGF9UayJYX1R
559=JIQyYX1RJHQwYH3cCmB9zMhgfScpADxQFI0mAEGNUSbNUT5VAjdQDUkAP0gBhK0ioFEn2Q
560=BBVAJQA2kAQigpAEMoKQBESAF1ewZhfVGBfQdgfakBCGB9JzEBSEwFZAlNAEkoKQBKKCkA
561=S0gBJUVATEgBXARpAE1IAZjBIp1AUUSdcAJczcU/AFlQUbCufPwntQFSWAaHBQAAUygpAF
562=QoKQBVSAElqTFWSAElqTFXSAElMUNYSAHFCFkoKQBaSAHNXVsoKQBcSAHRCV1IAcUIXkgB
563=xQhfKCkAYEgBxQhhKCkAYigpAGNIAd0gZEgBxQhlKCkAZigpAGdIASUxLWhIAc0FaSgpAG
564=ooKQBrKCkAbCgpAG0oKQBuKCkAbygrABcAUuX6GCgpABlJAYC5DRpIAYwQanpSAJQCaXpS
565=uV4CTfdSJjkuHkwFlOlpelKoZGl6UqxdaXpSsIJpelKsc2l6UkB4WA1oesEEA0UCUrV7A0
566=z8wARoesMEBAAoVA0jpCAiPD/ABGh61A1pelKka2l6UrjtaXpSRIdUDWl6UqByaHrcFWl6
567=UiSsIWl6UihJD1IoSQ9SSBJECGh60BRpelK8g2h6wARoetQCanpSAMW4OUgXxbg6SAHJ8z
568=tIAVQKaQA8SAHNBT1IASVJOz5IAXQDTQA/KCkAQCgpAEEoKQBCSAHdTENIAUgGaQBESAHV
569=AkVIAWgCTQBGKCkARygpAEgoKQBJKCkASigpAEtIASWRLkxIAUAJaQBNKCkATigpAE8oKQ
570=BQKCkAUSgpAFIoKQBTSAHNaFQoKQBVKCkAVigpAFcoKQBYKCkAWSgpAFooKQBbKCkAXCgp
571=AF0oKQBeKCkAXygpAGAoKQBhKCkAYkkBVn8dAABjSAHd/GRIAbICAGUoKQBmKCkAZ0gBJY
572=EsaEgBzQVpKCgABmoAUgAAAAAAABEAAD4PACAFAABrAFIAAACDAGwAUpwAUQBtKCkAbigo
573=AAIYAFMAbVQDSQAZSQGAXABJABpJAUBcAAEAAQAbSAGXAgEAHEkBPncCAgAdSQE0qQEeSQ
574=F+qQEfSQEmqQEgSQGDqQEhSQElqQEiSQEhawEDACNJAR6pASRIAYMEAwAlSAGDBAQAJkgB
575=gwQEACdIAYMEBAAoSAGDBAUAKUkBgmcIBQAqSQEiqQErSAGPEAQALEgBlwIEAC1JAT9jBA
576=QALkkBOakBL0kBhmsBAwAwSAGPGwMAMUkBOLUCMkgBkwkCADNIAZcNAgA0SAGfCgIANUkB
577=hG8FAQA2SQFBqQE3SAGbBgAAOEgBjwUAADlJATpjBAAAOkgBmycAADtIAbICADwoKQA9SQ
578=HDuQI+yAEBAQAAP8gBAQIAAEDIAQEDAABBSQFWrQVCSQFRqQFDSAHNP0RJAVO1AkVIAaYB
579=AEYoKQBHKCkASCgpAElJAT2xBUpIAaYBAEsoKQBMKCkATSgpAE4oKQBPKCkAUCgpAFEoKQ
580=BSSAHVT1MoKQBUKCkAVSgpAFYoKQBXKCkAWCgpAFkoKQBaKCkAWygpAFwoKQBdKCkAXigp
581=AF8oKQBgKCkAYUkBWrUfYkgBxSljSAGyAgBkKCkAZSgpAGYoKQBnKCkAaCgpAGkoKQBqKC
582=kAaygpAGwoKQBtKCgAAhkAVAAkpQ8aSQEoqQEbSAGUAnl0VFhkWQIBWXRUREVLAQIAHkAE
583=n3gCAB9IAUwCAgAAAwAgKCkAISgpACJIAZAJeHTRCQNSDlQAnUEEWHTMEHh0wAR6dFQAzX
584=MoRAiEdnl0VEhUXQ0GWnRUAJ9tBQArQARPAgAABVt0VACFbAF5dFRQfU0BA1t0VACJRAFR
585=FC9NBS6pATBJAYGpATFIAYdrAwAySQE7tQIzSQE1qQE0SAGcCnl0VFyJWAJ6dFQAmwYBAD
586=dABIEaAVh0xBN6dFQAhIF5dFRUgVgGeXRUUH2JATxYBoEBAFohVAB6dAQASAapAQV4dKkB
587=Bnh0qQEHe3RUAFu9BkJECJ8VAABDSAGfFQAAREgBvgMARSgpAEYoKQBHKCkASEgBn5kAAE
588=lIAZuVAABKSQFYqQhLSAGmAQBMKCkATSgpAE4oKQBPSAHBiFBJAVS9BlFIAc1zUigpAFMo
589=KQBUSAHdYlVJAVC5BlZIAaYBAFcoKQBYKCkAWSgpAFooKQBbKCkAXCgpAF0oKQBeKCkAXy
590=gpAGAoKQBhKCkAYigpAGMoKQBkKCkAZSgpAGYoKQBnKCkAaCgpAGkoKQBqKCkAaygpAGwo
591=KwAaAFVYZJkfG0gBzXMcSAGYaWFyVe1zHvQCY3JVAIh1BgJBclW5XgJIaScpACJMBZEJAl
592=/mVQB/bAVhclVEyUwBYXJVXMuJASZMBZzxYHLZEQVTDlUAh1wDXW0pQASUDX3mVUAKWAJh
593=clWob3zm1AJiclUAnNthclVABUsAAwAvRAiAGn3mVUwWlQIxVQIjRAFFdjJIAY1oA13mVV
594=RrWQIDXeZVuH9gctEJAlzm1AJhclVQ4EwFYXJVpHZhclWkdmByxB5gct0KAEsGVQC3VAZJ
595=AD1AD2gBUeU+SAFEAmkAPygpAEBIAclvQUkBN3sDAABCSQExqQFDSAHZaURIAbACQHLdFQ
596=Bc5icpAEcogQBIKCkASUgB2WlKSQFMqQhLSAHFa0xIAbICAE0oKQBOKCkAT0gByYVQSAHV
597=cFEoKQBSKCkAUygpAFQoKQBVSAHFCFZIAdUNVygpAFhIAcGIWUgBI0MkAABaSAHNBVtIAd
598=V7XEgByRddSAHBBF4oKQBfSAHRKmBJATOlBGFIAd0rYkgB1ZxjSAG8A1zmJyUFZShVAGYo
599=KQBnKCkAaCgpAGkoKQBqKCkAaygrABsAVvVwHEgBgWcATOHVAgFN4VaxVgFN4VZMY0ESAU
600=YCVgCUGGlvVrW9AkZPVgCYaWlvVijpDVag62lvVkh1RAht4VZI44kBJ0APQAF92ygoKQAp
601=SQEneQIETeFWoXIETeFWtHBpb1a3cAMALUwF2WkuSAGQNWlvVqB9aG/NBQJQ1MEaAk3hVu
602=2JM1gGiOgiyCrIDGhv2AZs4dQCaW9WrIlob8kMAUUNVqR2aW9WQG1sF1Ak2Ftpb1aJbwJs
603=4akBA2/hVgB9igUAP0wQpAFcJcwmbOEnBQFCQAQjqDFs4SdVAERUAtkGRSgpAEYoKQBHKC
604=kASCgpAElJAVm9BkpIASWpJktIAbACTOEniQFNKFUATkgBIyMgAABPSAHdbVAoKQBRKCkA
605=UkgBzexTSAHNBVQoKQBVKCkAVkgBwQ9XKCkAWEgBxQhZSAHBBFooKQBbKCkAXCgpAF0oKQ
606=BeSAGfQQAAX0kBNqkIYEgBxZdhSAGyAgBiSAHdK2NIAdUCZCgpAGUoKQBmKCkAZygpAGgo
607=KQBpKCkAaigpABxE/ZjBcWxXXGiRDB5UAslvH0gBgARybFcAhMNxbFekw3FsVyiRDVewd3
608=3bV6xzIlw41AJwbNQCfdtXiA1R2ihIDIwBIsEpV7BWcWxXVFVcAnFsV6h6cWxXJMApcWxX
609=v20CAC5ECNVlLygpADBIAZRwcGzNBQFQbM0QAV3bVyR4K3BsJ4EANfgGcWxXVGBMEHBsxB
610=5wbMwFfdtXuH9xbFcokA3MG3NsVwB5QAhJAD1cClgAaQA+KCkAPygpAEAoKQBBKCkAQigp
611=AEMoKQBESAHZYUVJAU50Cn7bVwAlLSdHVAKyAgBIKCkASSgpAEooKQBLSAGVpwBRbFdYIo
612=EHTVQC2cFOSAHZU09IAcFnUCgpAFFIAcXOUkgBJR07U0gB0c9USAHZBlUoKQBWKCkAV0gB
613=xQhYSQFPihAAWUgBpAFc2ydRBVtUAtEfXEgB0R9dKCkAXkgB3SBfSAHFCGAoKQBhKCkAYi
614=gpAGMoKQBkKCkAZSgpAGYoKQBnKCkAaCgpAGkoKwAdAFixYQBM1icpAB9UAsVrIEgBxWsh
615=SAGVAgFM1swFbdZYrWgCQQlY+dclTQVBZBp4acwFeWlYqMcimEUnKQApTAWEYHlpWLDEeW
616=lYsHd5aVgoOQ1YJLgoeWlYu14CAC9ECCODIQIAMEgBgeABTdZYuF54acwQeWlYJP8rAQA0
617=TAWBDwFBd1i7dAAANlQCm3QAADcoKQA4SAGMBXhpwA94adAUIrsoWAB3ZB57aVgAcKkBPV
618=gGpAFQksyyIvw2JykAQCiBAEEoKQBCSAHNR0NIAc1HREgBJbEnRSgpAEYoKQBHSAHNBUhI
619=AdFLSUgBzRBKKCkAS0gBnKR5aVhUHokETVQCzWhOSAGMAm3WWCYNT1BUAslkUUgBwQRSKC
620=kAUygpAFQoKQBVSAHZBlYoKQBXKCkAWEgBJT0pWUgB3QpaKCkAW0gBJTUnXEgB3SBdKCkA
621=XigpAF9IAcl6YEgB0QlhKCkAYigpAGMoKQBkKCkAZSgpAGYoKQBnKCkAaCgpAB5AgItkAA
622=AfKCkAIEgBl2UAACFIAYAEYWdZtWUBS1NZAB1oE2FnWVBnTAF90FmrZAMAJlkGIFICAANI
623=U9kGA1UHWUAKWwIEAClABCOkQWJnWQCQ8GFnWVwFQwQDACxABJBWfdBZQApUAmNnWQCBRQ
624=EAYWdZTHlMAWFnWaRrYWdZsNphZ1mkrWFnWVhkTAVgZ8kMAEUCWUQZVAJhZ1mgcmJnWQCA
625=ciJ9Uln9YjlZEW+IBVJ8WQDJATtUAslDPCgpAD1IAcEEPigpAD9JAXGlCEBIAaQBVOMlSC
626=YinDUisDGdAkNABNVERCgpAEUoKQBGKCkARygpAEgoKQBJSAHZaUpIAdlpS0gBgAxgZyfh
627=AU0oVQBOSQFcpQRPSAHNG1AoKQBRSAElNShSSAGqBQBTKCkAVCgpAFUoKQBWSAHRCVcoKQ
628=BYKCkAWUgBJdUmWkgBJT00W0gBJ+EMWUznnQ1dVALVI15IAcXZX0gBmwMAAGAoKQBhKCkA
629=YigpAGMoKQBkKCkAZSgpAGYoKQBnKCkAH0zkk2EAACAoKQAhSAHVZSJIAZxiaWRavGJpZF
630=pcBU8TAgAlQASdYgJFWlpAYpUCJ1QCmAZoZNgGaWRauFNpZFr9YitMBd1iLEgBjCZpZFqw
631=ViIoQswFaGTECGlkWiiJDFpMWEAPaWRatKdpZFqs1mlkWiSMKGlkWiZ1JTZUDVAGaQA3KC
632=kAOEkBdmwCbcta5a06VALZPTsoKQA8KCkAPSgpAD4oKQA/SAHRz0BIAbgKSGQl2CJoZCcR
633=PkNABNFARCgpAEUoKQBGKCkARygpAEgoKQBJKCkASigpAEtIAdVlTEgB1RhNKCkATigpAE
634=8oKQBQKCkAUUgBJSljUkgBzYlTSAHBGlQoKQBVSAElYShWSAHZXldIAcEPWCgpAFkoKQBa
635=SQFAtQlbSAHFeVxIASVhKF1IAdUjXkgBJa03X0gBtAZIZCdRBWEoVQBiKCkAYygpAGQoKQ
636=BlKCkAZigrACAAW6xdfcVbpcMAULPIAXFhW71XAV0EW7FhAVFhW6VgAVBhzQUCXQRbJiUm
637=KFwKlCNxYVugXHFhWyZJJStABCPFJAJdxVskbyQCAC1UAiMUJH3FW6xocGEnDQIwQASMaH
638=3FW7DPcGHBBABYxtMJAAA07AVyYVsAzV02VQJ1qSk3SAGkAVxnJ4EAOVQCyTg6KCkAOygp
639=ADwoKQA9KCkAPigpAD9IAScwDCV4ISJxQFsm9UBCQATRo0NIAdk9RCgpAEUoKQBGKCkARy
640=gpAEgoKQBJKCkASigpAEtIAdmrTEgBwRpNKCkATigpAE8oKQBQKCkAUUgBxVVSSAHBJVMo
641=KAAi3F+TmAAAVVQCJbk+VkgBJS0nV0gB2QZYSAHNEFkoKQBaKCkAW0gBI+suAABcSAHZBl
642=1IAcEoXkgB1QJfKCkAYCgpAGEoKQBiKCkAYygpAGQoKQBlKCkAIVwNxcMiSAGJvABGT1wA
643=I2xmel5cACPAdnleXEhfVBB5Xly0ZXleXCjZC1ysUnleXEBiTwUDACpcCpNWAwArSQGEUQ
644=IAeV5cJLwjel5cAICIeF7bBgEAL0wFmwYBADBIAZdlAAAxSAGLZAAAMkgBgAR4XtAJeV5c
645=vG17XlwAfHQNIpgkJXAgIpskXAB7tQI4RAjZMjkoKQA6KCkAOygpADwoKQA9KCkAPigpAD
646=8oKQBASAHRbEFIAcGWQkgBzV1DKCkARCgpAEUoKQBGKCgAA0cAXABMABEAAK0NACAHAAAA
647=AABIAFwATFwASwBJAFzpAUooKQBLKCkATEkBTkAFSQBNSQFQXABJAE5IAVgAaQBPSQFtYw
648=EAAFAoKQBRKCkAUigpAFNIAaoFAFQoKQBVKCkAVigpAFcoKQBYKCkAWUgB1Q1aKCkAWygp
649=AFxIAckMXSgpAF4oKQBfKCkAYCgpAGEoKQBiKCkAYygpAGQoKAACIgBdACStDCNJASCpAS
650=RJAShrAQEAJUgBZAEBAAIAJkkBfm8BAgAnSAGbBgMAKEgBjwUDAClJAR9jBAMAKkkBJ2sB
651=AgArSQEjqQEsSQE6qQEtSQE4qQEuSQGGawEBAC9JAT2pATBIAZcCAAAxSAFwAk0AMkkBP1
652=wASQAzSAGHCAAANEgBxSk1KCkANkkBO0AFSQA3SQE5XABJADhJAXZcAEkAOUgB2QY6KCkA
653=OygpADwoKQA9KCkAPigpAD9JAXBECUkAQEgBWABpAEEoKQBCSQFVbwIAAENIAcVVRCgpAE
654=UoKQBGKCkARygpAEgoKQBJKCkASigpAEsoKQBMKCkATUkBT6EPTkgBpgEAT0gBxR5QKCkA
655=USgpAFIoKQBTSAHZBlQoKQBVSQFWuQJWSAHZaVcoKQBYSAHFa1lIAaoFAFpIAcEPWygpAF
656=woKQBdSAHNBV4oKQBfKCkAYCgpAGEoKQBiKCkAYygrACMAXvVaJEgB1VolSAGFVQFIWcAE
657=aVleTFhJDwJYANQCalleAJBWa1leAIRcA0VgK0QIh0oCACxJATS1Ai1IAY9dAQAuSAGYBm
658=tZXgBAYwQBADBUAicqC14Ag1wAADJUAskiMygpADQoKQA1SAGXDQAANkgBlw0AADdIAdkG
659=OEkBemsMAAA5SQFyqQE6SAHBBDsoKQA8KCkAPSgpAD4oKQA/KCkAQEkBdbEJQUgBpgEAQk
660=kBWa0BQ0gBJykLXvGuRShVAEYoKQBHKCkASCgpAEkoKQBKKCkASygpAEwoKQBNKCkATkgB
661=0UtPSAG0EUy1J00UUVQC0R9SKCkAU0gBzQVUKCkAVUgBzXNWSAHBGlcoKQBYKCkAWUkBVK
662=kIWkgBpgEAW0gB1Q1cKCkAXSgpAF5IAc0FXygpAGAoKQBhKCkAYigrACQAX/1XJUgB3Vcm
663=SAHdVydIAZyvcVZfQFdRDAJdr1+wS3JWXwCITn+vXwA+XQMAclZfAIumAgAtRQiFdAJxVl
664=9AumwBX69fAImEAVFWX6Rgf69fADy1AjJYBsUeMygpADQoKQA1SAGIvHBW1A1yVl8A2QY4
665=QATJATkoKQA6SAHJWTtIAclZPEgBzQU9KCkAPkgBwQQ/SQF0pRNASAHNBUFJAX21AkJIAd
666=UCQ0gB2T1ESAHZPUUoKQBGKCkARygpAEgoKQBJKCkASigpAEsoKQBMKCkATSgpAE5IAcmx
667=T0gBoBNRVl/GAQBRVALRFFIoKQBTSAHFBFQoKQBVSAHVGFZIAdUYVygpAFhIAdUNWUgBxQ
668=haKCkAWygpAFxIAcEPXSgpAF4oKQBfSAHFCGAoKQBhKCsAJQBg5VUmSAHFVSdIAcVVKEkB
669=f2gIeVNgpKJ6U2AAlE95U2C1TwFNqmC1TwFZU2C0T3lTYL2vAFpTYADV/zBdCjN8CnlTYL
670=Rabapg/UwzQATNGzQoKQA1SQFAuQY2SAHBBDcoKQA4KCkAOSgpADooKQA7KCkAPEgB0VY9
671=SAHBUT5IAd0KPygpAEAoKQBBKCkAQigpAENIAdmrREkBUbEURUgBzTxGKCkARygpAEgoKQ
672=BJKCkASigpAEsoKQBMKCkATSgpAE5IAcFGT0gBvA5ZU2DEAVhTJ1EFUkAEzRtTSAHFBFQo
673=KQBVSAHVGFZIAckXV0gBwRpYSQFTvQZZSAGmAQBaKCkAWygpAFwoKQBdSAHBD14oKQBfKC
674=kAYEgB0wkmAGHtUidIAc1SKOgBY1FhAIhzBQIAKlQCgPZhUWG8TGJRYQCE72NRYQA1bAVh
675=UWGsqmFRYWwCbQAwRAjFSjFIAdEUMigpADMoKQA0KCkANSgpADYoKQA3KCkAOCgpADkoKQ
676=A6SAHJmztIAdUNPCgpAD0oKQA+KCkAPygpAEBJAXljFwAAQUgBxQhCSAHVAkNIAb4DAEQo
677=KQBFSAHBO0ZIAcE7RygpAEgoKQBJKCkASigpAEsoKQBMKCkATSgpAE5IAclDT0gBzRBQKC
678=kAUUgB3RVSKCkAU0gBzQVUKCkAVSgpAFZJAVulBFdIAaYBAFgoKQBZKCkAWigpAFsoKQBc
679=KCkAXSgpAF5IAdkRXygrACcAYvVPKEgB1U8p6QEBSk5iAJcCAQArVAKUT2lOYrT0aU5ivJ
680=lpTmIoyQlisfsASfNi9ZwxRAjNEDIoKQAzKCkANCgpADUoKQA2KCkANygpADgoKQA5KCkA
681=OigpADsoKQA8KCkAPSgpAD4oKQA/KCkAQEgB3aRBSQFzpTBCSAHJpkNIAbACSE4nbQNFVA
682=LNG0ZIAdVPR0gB1U9IKCkASSgpAEooKQBLKCkATCgpAE1IAcGeTkgBwQ9PKCkAUEgBwQ9R
683=KCkAUigpAFNIAdkGVCgpAFUoKQBWKCkAVygpAFgoKQBZKCkAWigpAFsoKQBcKCkAXSgpAF
684=4oKwAoAGP9TClJAYe9ESooKQArKCkALEgBJVknLSgpAC5IAZRPfZljJoUnMFQC0R8xKCkA
685=MigpADMoKQA0SAGdpABNpGNMAJEQNlQCxQg3KCkAOEgBmAMisTJj/Vc6VALNBTtIAdEJPE
686=gB0fs9SAGdrwBYYyfZAD9UAtkGQCgpAEEoKQBCKCkAQ0kBWKUPREgB2QZFKCkARigpAEdI
687=ASV1JUhIAc3WSUgByU5KSAHVAktIAdUCTCgpAE0oKQBOSAElzTBPSAHBD1AoKQBRKCkAUk
688=gBrhQAUygpAFQoKQBVKCkAVigpAFcoKQBYKCkAWSgpAFooKQBbKCkAXCgpAF0oKwApAGT5
689=MiooKQArKCkALEgBJfklLUkBN6EWLkgB0TUvSAElmTowSAHFHjEoKQAySQFBuQYzSAHBBD
690=RIASOEMnlIZKyfIvgwJzkCN0AEzQU4SAHRuTlIAdUCOkgBxRM7SQE2qQw8KCkAPUgBI+Qz
691=eEgnXQE/VALFCEAoKQBBSQFcpQhCSAHBBENIAcEPREgB1QJFKCkARkkBWrkGR0gBxdlISA
692=GyAgBJSAHFCEpIAdUCS0gByZtMSAHRS01IAcUITkgB1Q1PKCkAUCgpAFFIAdEJUigpAFMo
693=KQBUKCkAVSgpAFYoKQBXKCkAWCgpAFkoKQBaKCkAWygpAFwoKwAqAGXtRysoKQAsKCkALS
694=gpAC5IAdk9L0gB2TIwSAHZHDEoKQAyKCkAMygpADQoKQA1KCkANigpADcoKQA4KCkAOSgp
695=ADooKQA7KCkAPCgpAD0oKQA+KCkAPygpAEAoKQBBKCkAQigpAEMoKQBEKCkARSgpAEYoKQ
696=BHKCkASCgpAEkoKQBKKCkASygpAEwoKQBNKCkATigpAE8oKQBQSAHZoFFIASfBCGXEAVyO
697=JykAVCiBAFUoKQBWKCkAVygpAFgoKQBZKCkAWigpAFsoKwArAGb1RCwoKQAtKCkALigpAC
698=8oKQAwKCkAMSgpADIoKQAzKCkANCgpADUoKQA2KCkANygpADgoKQA5SAHRzzpIAcXOO0gB
699=zVI8KCkAPSgpAD4oKQA/KCkAQCgpAEEoKQBCKCkAQygpAEQoKQBFKCkARigpAEcoKQBIKC
700=kASSgpAEooKQBLKCkATCgpAE0oKQBOKCkAT0gB2ZVQSAHRjVFIAcFCUigpAFMoKQBUKCkA
701=VSgpAFYoKQBXKCkAWCgpAFkoKQBaKCsALABn/UEtKCkALigpAC8oKQAwKCkAMSgpADIoKQ
702=AzKCkANCgpADUoKQA2KCkANygpADhIAcU/OUgBycc6SAHBkztIAScRCGcm6WQ9KFUAPigp
703=AD8oKQBAKCkAQUgByW9CSAHdK0MoKQBEKCkARSgpAEYoKQBHKCkASEgB3RVJSAElVWNKSA
704=HdCksoKQBMKCkATSgpAE4oKQBPKCkAUCgpAFEoKQBSKCkAUygpAFQoKQBVKCkAVigpAFco
705=KQBYKCkAWSgrAC0AaOU/LigpAC8oKQAwKCkAMSgpADIoKQAzKCkANCgpADVIAdVaNkgBJf
706=klN0gByTg4SAEluT45SAHVAjooKQA7KCkAPCgpAD0oKQA+KCkAPygpAEBIAcEPQUgB2WlC
707=SAHZMkNIASXpI0RIAdUCRSgpAEZIASUNI0dIASVJJUhIAcFRSUgB2QZKKCkASygpAEwoKQ
708=BNKCkATigpAE8oKQBQKCkAUSgpAFIoKQBTKCkAVCgpAFUoKQBWKCkAVygpAFgoKwAuAGnt
709=PC8oKQAwKCkAMSgpADIoKQAzKCkANCgpADUoKQA2KCkANygpADgoKQA5KCkAOigpADsoKQ
710=A8KCkAPSgpAD4oKQA/KCkAQCgpAEFIAcEwQigpAEMoKQBESAEldWdFSAHNBUYoKQBHSAHV
711=T0hIAcEESSgpAEooKQBLKCkATEgBzX5NSAHJQ05IAcHVT0gB0QlQKCkAUSgpAFIoKQBTKC
712=kAVCgpAFUoKQBWKCkAVygrAC8AavU5MCgpADEoKQAyKCkAMygpADQoKQA1KCkANigpADco
713=KQA4KCkAOSgpADooKAALOwBqAG0AAAAAAAA8AGoRAABfB3oRAQBtAABjAD0AaukBPkgBaA
714=JNAD9IAcEEQCgpAEEoKQBCSAFcBGkAQygpAERJATxvAgAARUgBpgEARigpAEcoKQBIKCkA
715=SSgpAEooKQBLKCkATEkBOrUJTUkBMakBTigpAE9JATm1AlBIAaYBAFEoKQBSKCkAUygpAF
716=QoKQBVKCkAVigrADAAa84JADEoKQAyKCkAMygpADQoKQA1SQE/oQc2SAHFEzdIAbICADhJ
717=AVqtATlJAVCpATpIAaYBADtJAUGtATxIAaYBAD1IAdkGPkkBVLkCP0gBpgEAQEgB3TZBKC
718=kAQigpAENIAcUTREkBNL0GRUgBpAFQNSfFA0coVQBIKCkASUkBVrEFSkgByRdLSAGyAgBM
719=SAEnsQZrXCadAk5VAjiGAQBPSAGmAQBQKCkAUSgpAFIoKQBTKCkAVCgpAFUoKwAxAGzOCQ
720=AyKCkAMygpADQoKQA1KCkANigpADcoKQA4KCkAOUkBW6ULOkgBpAFYMie1ATwoVQA9KCkA
721=PigpAD8oKQBAKCkAQUgBxTRCKCkAQygpAERJAUC5DUVIAaQBWDIn4QFHKFUASEgBzTFJSQ
722=FMsQVKSQFPqQFLSAGkAVsybAA+rQFNVALNMU5IAbACWDIniQFQKFUAUSgpAFIoKQBTKCkA
723=VCgpADLniQAAMygpADQoKQA1KCkANkkBO6UPN0kBNakBOEgBpgEAOSgpADooKQA7KCkAPC
724=gpAD1IAdEJPkkBM6kIP0gB3QpASAGyAgBBSAHFa0JIAc0xQygpAEQoKQBFSAHdbUZJAU6p
725=CEdJAVKpAUhIAdUuSSgpAEpIAScABsEMAEAwJykATUAEoggATigpAE8oKQBQKCkAUSgpAF
726=IoKQBTKCsAMwBuzgkANCgpADUoKQA2SAHBcjdIAdWnOEgBwSU5SAHBJTpIAdUJOygpADwo
727=KQA9SAHRCT5JATaxBT9IAc2JQEgBsAJILSdlAkIoVQBDSAHFIUQoKQBFKCkARkgByW9HSA
728=HRCUhJAVWtAUlJAVGpAUpJAVOpAUtIAaQBSC0n4QFNKFUATigpAE8oKQBQKCkAUSgpAFIo
729=KwA0AG/aCgA1KCkANkgB2Wk3SAEnUQVv4Z45VALJIjpIAckIOygpADwoKQA9SAHd5j5IAc
730=0FP0gBxYFASQFmuQJBSQFgqQFCSQE9qQFDSAGmAQBESAHdK0UoKQBGKCkAR0gBzQVISAHJ
731=LUlIAdUCSigpAEsoKQBMKCkATSgpAE4oKQBPKCkAUCgpAFEoKwA1AHDGDAA2KCkAN0gBxS
732=k4SAHFSjlIASf4BCfZADtUAskIPEgBxdk9SAHdmT5IAcEEPygpAEBJAWW5AkFJAV+pAUJI
733=Ad0rQ0gBsAJYJye1AUVUAsUpRigpAEcoKQBISAHZBkkoKQBKKCkASygpAEwoKQBNKCkATi
734=gpAE8oKQBQKCsANgBxxgwANygpADgoKQA5SAHVGDpIAdEFOygpADwoKQA9KCkAPigpAD8o
735=KQBASAEnowRxAJa1CUJVAl6pAUMoKQBESAHBUUVJAVihBEZIAc0mRygpAEgoKQBJSAGqBQ
736=BKKCkASygpAEwoKQBNKCkATigpAE8oKwA3AHLOCQA4KCkAOSgpADooKQA7KCkAPCgpAD0o
737=KQA+KCkAPygpAEBIASdJBHIoSAQnKQBDQQRhtRBESQFjqQFFSQFZqQFGSAElqSZHSAHVI0
738=goKQBJKCkASkgBtgYASygpAEwoKQBNKCkATigrADgAc9QGXOYnKQA6KFUAOygpADwoKQA9
739=SAHN4T5IAckIPygpAEBJAWm5AkFIASc+CHMAzWhDVALF5ERIAdkcRUgBtgYARigpAEcoKQ
740=BISAHdIEkoKQBKKCkAS0gBxQhMKCkATSgrADkAdN4DADooKQA7KCkAPCgpAD0oKQA+KCkA
741=PygpAEAoKQBBSAHFHkJIAdU5Q0gB2Q1EKCkARSgpAEYoKQBHKCkASCgpAElIAcUeSigpAE
742=soKQBMSAHLDDoAdcYBADsoKQA8KCkAPSgpAD4oKQA/KCkAQCgpAEEoKQBCKCkAQygpAEQo
743=KQBFKCkARigpAEcoKQBIKCkASSgpAEpIAc0bSygrADsAdvUYPCgpAD0oKQA+KCkAP0gBJQ
744=EnQEgBJTEiQUgByQhCKCkAQygpAEQoKQBFKCkARigpAEcoKQBIKCkASSgpAEooKwA8AHfS
745=DQA9KCkAPigpAD9IAcHVQEgBxc5BSAHdBkIoKQBDKCkARCgpAEUoKQBGKCkARygpAEgoKQ
746=BJKCsAPQB4xgwAPigpAD8oKQBAKCkAQSgpAEIoKQBDKCkARCgpAEUoKQBGKCkARygpAEgo
747=KwA+AHntED8oKQBAKCkAQSgpAEIoKQBDKCkARCgpAEUoKQBGKCkARygrAD8AevUNQCgpAE
748=EoKQBCKCkAQygpAEQoKQBFKCkARigrAEAAe/0KQSgpAEIoKQBDKCkARCgpAEUoKwBBAHzl
749=CEIoKQBDKCkARCgrAEIAfewFCEMAfQAAAAAAAAAAEQAA

[Lighting]
Red=0.200000
Blue=0.200000
Green=0.200000
Level=0.032000
Ground=0.000000
IonRed=1.000000
Ambient=1.000000
IonBlue=1.000000
IonGreen=1.000000
IonLevel=0.032000
IonGround=0.000000
IonAmbient=1.000000
DominatorRed=0.850000
DominatorBlue=0.300000
DominatorGreen=0.200000
DominatorLevel=0.000000
DominatorGround=0.000000
DominatorAmbient=1.500000
DominatorAmbientChangeRate=0.009000

[Map]
Size=0,0,60,66
Theater=LUNAR
LocalSize=1,4,58,59

[Neutral]
IQ=0
Edge=North
Color=Grey
Allies=Neutral
Country=Neutral
Credits=0
NodeCount=0
TechLevel=1
PercentBuilt=0
PlayerControl=no

[Nod]
IQ=0
Edge=North
Color=Gold
Allies=Nod
Country=Nod
Credits=0
NodeCount=0
TechLevel=1
PercentBuilt=0
PlayerControl=no

[NorthKorea]
IQ=0
Edge=North
Color=DarkRed
Allies=NorthKorea
Country=NorthKorea
Credits=0
NodeCount=0
TechLevel=1
PercentBuilt=0
PlayerControl=no

[OverlayDataPack]
1=BQAAIP4AIACABQAAIP4AIACABQAAIP4AIACABQAAIP4AIACABQAAIP4AIACABQAAIP4AIA
2=CABQAAIP4AIACABQAAIP4AIACABQAAIP4AIACABQAAIP4AIACABQAAIP4AIACABQAAIP4A
3=IACABQAAIP4AIACABQAAIP4AIACABQAAIP4AIACABQAAIP4AIACABQAAIP4AIACABQAAIP
4=4AIACABQAAIP4AIACABQAAIP4AIACABQAAIP4AIACABQAAIP4AIACABQAAIP4AIACABQAA
5=IP4AIACABQAAIP4AIACABQAAIP4AIACABQAAIP4AIACABQAAIP4AIACABQAAIP4AIACABQ
6=AAIP4AIACABQAAIP4AIACABQAAIP4AIACA

[OverlayPack]
1=BQAAIP4AIP+ACwAAIP5LHP+Bq/60A/+AEQAAIP5bFP+Bqv79B/+BqP6mA/+AFwAAIP5MAP
2=+BrP7pC/+Brv4PEv+Brf65Af+ACwAAIP5hEP+BZv6eD/+ABQAAIP4AIP+ABQAAIP4AIP+A
3=BQAAIP4AIP+ABQAAIP4AIP+ABQAAIP4AIP+ABQAAIP4AIP+ABQAAIP4AIP+ABQAAIP4AIP
4=+ABQAAIP4AIP+ABQAAIP4AIP+ABQAAIP4AIP+ABQAAIP4AIP+ABQAAIP4AIP+ABQAAIP4A
5=IP+ABQAAIP4AIP+ABQAAIP4AIP+ABQAAIP4AIP+ABQAAIP4AIP+ABQAAIP4AIP+ABQAAIP
6=4AIP+ABQAAIP4AIP+ABQAAIP4AIP+ABQAAIP4AIP+ABQAAIP4AIP+ABQAAIP4AIP+ABQAA
7=IP4AIP+ABQAAIP4AIP+A

[Russians]
IQ=0
Edge=North
Color=DarkRed
Allies=Russians
Country=Russians
Credits=0
NodeCount=0
TechLevel=1
PercentBuilt=0
PlayerControl=no

[Scorpion]
IQ=0
Edge=North
Color=ThirdLoad
Allies=Scorpion
Country=Scorpion
Credits=0
NodeCount=0
TechLevel=1
PercentBuilt=0
PlayerControl=no

[Smudge]
0=BURNT01,42,89,0
1=BURNT01,34,83,0
2=BURNT07,43,88,0
3=BURNT07,39,77,0
4=BURNT07,42,92,0
5=CRATER04,43,95,0
6=CRATER04,54,83,0
7=CRATER04,52,77,0
8=CRATER12,47,83,0
9=BURNT02,43,79,0
10=BURNT02,50,73,0
11=BURNT02,55,85,0
12=BURNT02,45,94,0
13=BURNT03,48,87,0
14=BURNT03,40,81,0
15=BURNT03,48,75,0
16=BURNT04,38,89,0
17=BURNT04,35,78,0
18=BURNT04,43,72,0
19=BURNT05,57,85,0
20=BURNT05,43,84,0
21=BURNT06,38,77,0
22=BURNT06,50,89,0
23=BURNT06,48,79,0
24=BURNT07,56,80,0
25=BURNT07,50,94,0
26=BURNT07,27,79,0
27=BURNT08,40,68,0
28=BURNT08,51,83,0
29=BURNT08,48,92,0
30=BURNT09,41,94,0
31=BURNT09,54,75,0
32=BURNT09,37,72,0
33=BURNT10,32,78,0
34=BURNT10,39,84,0
35=BURNT10,55,86,0
36=BURNT11,46,69,0
37=BURNT11,36,86,0
38=BURNT12,45,98,0
39=BURNT12,72,51,0
40=BURNT12,91,45,0
41=BURNT12,82,34,0
42=BURNT11,82,41,0
43=BURNT10,79,49,0
44=BURNT10,76,56,0
45=BURNT10,71,40,0
46=BURNT10,94,42,0
47=BURNT09,86,48,0
48=BURNT09,74,35,0
49=BURNT09,81,55,0
50=BURNT09,81,30,0
51=BURNT08,80,45,0
52=BURNT08,86,41,0
53=BURNT08,75,27,0
54=BURNT07,87,53,0
55=BURNT07,73,45,0
56=BURNT07,92,51,0
57=BURNT07,76,43,0
58=BURNT07,89,36,0
59=BURNT06,96,46,0
60=BURNT06,83,48,0
61=BURNT04,72,36,0
62=BURNT04,91,48,0
63=BURNT04,77,52,0
64=BURNT03,67,46,0
65=BURNT03,84,56,0
66=BURNT03,80,37,0
67=BURNT02,49,80,0
68=BURNT02,49,90,0

[Special]
IQ=0
Edge=North
Color=Grey
Allies=Special
Country=Special
Credits=0
NodeCount=0
TechLevel=1
PercentBuilt=0
PlayerControl=no

[SpecialFlags]
Inert=no
FogOfWar=no
IonStorms=no
MCVDeploy=no
Meteorites=no
Visceroids=yes
FixedAlliance=no
TiberiumGrows=yes
InitialVeteran=no
HarvesterImmune=no
TiberiumSpreads=yes
TiberiumExplosive=no
DestroyableBridges=yes

[Structures]
0=Neutral,CAEAST02,256,71,92,224,None,1,0,1,0,0,None,None,None,0,0
1=Neutral,CAEAST02,256,75,96,224,None,1,0,1,0,0,None,None,None,0,0
2=Neutral,CAEAST02,256,91,71,224,None,1,0,1,0,0,None,None,None,0,0
3=Neutral,CAEAST02,256,95,75,224,None,1,0,1,0,0,None,None,None,0,0
4=Neutral,CAEAST02,256,36,56,96,None,1,0,1,0,0,None,None,None,0,0
5=Neutral,CAEAST02,256,32,52,96,None,1,0,1,0,0,None,None,None,0,0
6=Neutral,CAEAST02,256,56,36,96,None,1,0,1,0,0,None,None,None,0,0
7=Neutral,CAEAST02,256,52,32,96,None,1,0,1,0,0,None,None,None,0,0
8=Neutral,CAMISL,256,11,61,64,None,1,0,1,0,0,None,None,None,0,0
9=Neutral,CAMISL,256,61,14,64,None,1,0,1,0,0,None,None,None,0,0
10=Neutral,CAMISL,256,64,112,64,None,1,0,1,0,0,None,None,None,0,0
11=Neutral,CAMISL,256,111,65,64,None,1,0,1,0,0,None,None,None,0,0
12=Neutral,CAEXPS,256,59,59,64,None,1,0,1,0,0,None,None,None,0,0
13=Neutral,CADEFB,256,66,59,64,None,1,0,1,0,0,None,None,None,0,0
14=Neutral,CASTRF,256,59,66,64,None,1,0,1,0,0,None,None,None,0,0
15=Neutral,CACOMN,256,55,55,64,None,1,0,1,0,0,None,None,None,0,0
16=Neutral,CALUNR01,256,62,55,64,None,1,0,1,0,0,None,None,None,0,0
17=Neutral,CABARR02,256,52,64,64,None,1,0,1,0,0,None,None,None,0,0
18=Neutral,CABARR02,256,55,69,64,None,1,0,1,0,0,None,None,None,0,0
19=Neutral,CABARR02,256,60,74,64,None,1,0,1,0,0,None,None,None,0,0
20=Neutral,CABARR02,256,66,73,64,None,1,0,1,0,0,None,None,None,0,0
21=Neutral,CABARR02,256,71,70,64,None,1,0,1,0,0,None,None,None,0,0
22=Neutral,CABARR02,256,73,66,64,None,1,0,1,0,0,None,None,None,0,0
23=Neutral,CABARR02,256,74,62,64,None,1,0,1,0,0,None,None,None,0,0
24=Neutral,CABARR02,256,71,56,64,None,1,0,1,0,0,None,None,None,0,0
25=Neutral,CABARR02,256,67,52,64,None,1,0,1,0,0,None,None,None,0,0
26=Neutral,CABARR02,256,63,50,64,None,1,0,1,0,0,None,None,None,0,0
27=Neutral,CABARR02,256,59,49,64,None,1,0,1,0,0,None,None,None,0,0
28=Neutral,CABARR02,256,54,51,64,None,1,0,1,0,0,None,None,None,0,0
29=Neutral,CABARR02,256,51,53,64,None,1,0,1,0,0,None,None,None,0,0
30=Neutral,CABARR02,256,51,57,64,None,1,0,1,0,0,None,None,None,0,0
31=Neutral,CABARR02,256,50,60,64,None,1,0,1,0,0,None,None,None,0,0
32=Neutral,CABARR01,256,55,65,64,None,1,0,1,0,0,None,None,None,0,0
33=Neutral,CABARR01,256,58,71,64,None,1,0,1,0,0,None,None,None,0,0
34=Neutral,CABARR01,256,65,70,64,None,1,0,1,0,0,None,None,None,0,0
35=Neutral,CABARR01,256,76,68,64,None,1,0,1,0,0,None,None,None,0,0
36=Neutral,CABARR01,256,71,61,64,None,1,0,1,0,0,None,None,None,0,0
37=Neutral,CABARR01,256,69,55,64,None,1,0,1,0,0,None,None,None,0,0
38=Neutral,CABARR01,256,65,49,64,None,1,0,1,0,0,None,None,None,0,0
39=Neutral,CABARR01,256,49,54,64,None,1,0,1,0,0,None,None,None,0,0
40=Neutral,CABARR01,256,57,53,64,None,1,0,1,0,0,None,None,None,0,0
41=Neutral,CABARR01,256,63,52,64,None,1,0,1,0,0,None,None,None,0,0
42=Neutral,CABARR01,256,51,66,64,None,1,0,1,0,0,None,None,None,0,0
43=Neutral,CABARR01,256,64,76,64,None,1,0,1,0,0,None,None,None,0,0
44=Neutral,CALUNR02,256,64,67,64,None,1,0,1,0,0,None,None,None,0,0
45=Neutral,CALUNR02,256,60,52,64,None,1,0,1,0,0,None,None,None,0,0
46=Neutral,CALUNR01,256,57,63,64,None,1,0,1,0,0,None,None,None,0,0

[TaskForces]

[UriArmy]
IQ=0
Edge=North
Color=ThirdLoad
Allies=UriArmy
Country=UriArmy
Credits=0
NodeCount=0
TechLevel=1
PercentBuilt=0
PlayerControl=no

[Waypoints]
0=65023
1=44044
2=23064
3=105063
4=84082
5=63104

[YuriCountry]
IQ=0
Edge=North
Color=ThirdLoad
Allies=YuriCountry
Country=YuriCountry
Credits=0
NodeCount=0
TechLevel=1
PercentBuilt=0
PlayerControl=no



[Digest]
1=/BV2K+YnXn58EPOuAhXX3jnM5+Y=


 