; Map created with FinalAlert 2(tm) Mission Editor
; Get it at http://www.westwood.com
; note that all comments were truncated

[Header]
Width=55
Height=47
StartX=228
StartY=35
Waypoint1=235,60
Waypoint2=278,52
Waypoint3=0,0
Waypoint4=0,0
Waypoint5=0,0
Waypoint6=0,0
Waypoint7=0,0
Waypoint8=0,0
NumberStartingPoints=2

[TerrainTypes]


[Preview]
Size=0,0,120,52

[PreviewPack]
1=lRIAIAagpK2kqLGkqLFAAUgAA6SoscLEykABSACvAcHDyUsAw8TKWAFQAkgAQAFIAEABSA
2=BAAUgAQAFIAEABSABAAUgAQAFIAEABSABAAUgAQAFIAEABSABAAUgAQAFIAEABSABAAUgA
3=QAFIAEABSABAAQOhpa6jpq9IAEwBSABQAkgACYaKlYWJlXh9iXh8iFACSABQAkgAQAFIAE
4=ABSABAAUgAQAFIAEABSABAAUgAQAFIAEABSABAAUgAQAFIAEABSABAAUgAQAFIAEABSABA
5=AUgAQAFIAEABSABAAUgAQAFIAEABSABAAUgAQAFIAEABSABAAUgAQAFIAEABqwCgo6xYAU
6=gA2gGkrawBVC0JpKiwtbi/pKewuLvBSC1IACBItAVGLKKmcCxQEUgALWwCWAFLLXuAjEst
7=h4uWQARIAFACSABAAUgAQAFIAEABSABAAUgAQAFIAEABSABAAUgAQAFIAEABSABAAUsAlZ
8=mjqABMAVACSABAAUgAQAFIAEABSABAAU8EkZWgrAFYAUABSABAAUgAQAFIAEABSABAAUgA
9=QwGYm6WwLFgBSABEAkgAQAFIAEABSABDAcXHzEABA4yQm4qPmVsBvL/FSACIMCj8C1wCTw
10=SEiJNMTKwBXQWDmAEtXAA2jABYBEAHSABAAQOcoKl9gY1QLFMFfICMWChcAkwBA6Onr6er
11=s0gMKiwASC0DgYWRn6OsWAQqXABcCEgAQAdIAEABSABAAUgAQAFIAEABSAAEen6KeX2Kk1
12=Q0jHlXJ6KlrkAieCKMfEQCSAC8BUABSABqA6OsWAQBkJSeoIwEXAhAAUgAQAFIAEABSABA
13=AUgAQAG8BcwKNTwLRAVfWby+xEstp6qzVAZIAJECsUBbTAesAUgqvAJQIEghJywAVB5ITl
14=giLVwAM4wALZQETAQChIiUg4dgN68Bio6ZSAlMClgBQApMAVgxUCxcWVAyUA5YEKQ7TAS8
15=DkwKXAJIAL8UpqmxTBYAA56hqqWosJ2gqW1xf5aZo3F1g5OXobQhVCdQBUgAvAVAAQOsqn
16=usq4BYAUwBSABAAUgAUAVALkgATAFQAkgAQAFIAEABSABAAUgAQAFYBFgNSABAAUgAQAFQ
17=AkgDSABAAUgAQAFIAEABA6eaTJ+gTm4Bo6y0HkwBWBlIA0ABUB1EGrQeWAFQAkgDpB1UM1
18=gKUAJIAEAEQCJIIUhOQARYBFACRCAqjABAUrwLVCdABFgKQAG8C6QpTAFDWyUsQXoilqBA
19=BLwCUCxAAUgAQAFMBFwCSLeRC7FMCifcAUwKSABcDkgAQAFIAEABiQCwxCCETSdVBYApAw
20=C7tKhLALi1nVwFQAdIAEABSABAB0gAWxyjp7BQAgaipK1+go6Eh5NMAbwCSANAAUgAQAFI
21=AMAB7LJECEQFBqOgULWXSqKWR0QjQCJQWUhLSCFIA0AEiQCwTAeBAbFcAkAcJ2QErEkt1A
22=NULawESAZQCKwBTAQqLABQAifEBJwF3FlELEgAVCdYT1wRWA2sW1AFSABELEgAXAVICVAL
23=SABELEyOSABEO0wBKLYIpK28GlBHVFGgHyoMCwOxrJ63rp0pjAUoKABILQOspYy1rJ1YW0
24=ANSABADUgAXAioAEwBXI+8AkQjCYeKlk9VZXN3hZeapEANSABQArQDRAUAA5icpnd7iHt/
25=i6Wpsa+fSbGcTKWbTVOGsrW9WARABFDgUAVQHVxWSABIHkgASDBIACqkA0wBUCZEL0gGJy
26=wAVCoqLABIJ1gBUAJcCEABvAhIBipcAFAIQCVYJaQprARMDUwQSABQC1wFSC2kO0AxQFhY
27=AVAFWGdMAUgJUwIUFBRQBUgAXAVIAFAaWQ2hXEqMWCdcAEABSABABEsAmqNVJ4gFUAJIAF
28=ACSABILbwCWFtQAkgAUAJIAEstkJSeQFtMAUQLA4OGkmVqeEQpWCtIAEgnSABAAVQDA6Ck
29=rZ6iq0geSBtAGUNGpqqyXAJIKio8CzYsAFgHUAVQGkABSAZcCFDmWBlYAVwCUClYJQOto1
30=CkmUdIYydcAFQkSCcnjABID6QmQCVQAkgATwekp7BEUyfcAUwBvAhD8aGlrl8CuLvBWARc
31=CwOmm0yfmUtMCkgtWAG0M0gtrAFMBEAKSABAAUgAVB4nLABAAUgAUAJIAEgYWH9MuEwBUA
32=IDdnqHfoKPTAG4Ky0UAFwCTARIAGIBo6xMCkgASCp4AVw4L5QcpAVXA4iMl1cSjJCaSFpQ
33=AqQmXAJMB7RvKm8LuLrBLZwLSAZQBVQqWB8qTCJDIqOmr0AfXCBYSUxkVCQqjABMAUDrUG
34=VAMUgtSABYJUsenKCpQCVAAVwCWPFIAEAQWAFQCEgDUFZbCrW4v1AvSABALkANQAEqCABA
35=BEgAQBNIdVzdWBNUPEDiUAJMAVwCSABAAUgAUAIGiYyXkJSemZymXCwJnJ+opKevfYCNa3
36=B+LXgFKjgAQAdLAJqdp6csm5+oQAFIAEQmXwKgpK0qLABQAkQCSABIA0hRQAFIAEwBTE8n
37=BwSmmklYLqxGvAJUBieMAKwBQCVYH0Q1qCpEIAO5qVSunk1PUp2hSKwKSAZAAVgBQApIA0
38=wErApAKEgtvwiqnExILbwITFtILawBQDRcBawHVIFQAidIBVwUSANADUAoJwwCQDFQBQmj
39=pa5zd4SZnKWChpJID0AQSABYH0ArUAVMAQmprLSPkpx7f4xjaHdELAluc4Bna3qgoqunqr
40=K8BQNhZnV8gI0qeAWsAUwHXAhQDlgrRBdMAUgAQAFIAEABSABAAUgAQAFIAEABtAlUBkAB
41=SABAAUgAQFhAK1guTAFMBFgBWMe8UFgBUAJULVAFSACsASqkA1ACA6WosZOWoVPpvKFLWA
42=FMBEgACZGVn5GUnk1TZKirs0AEpBRcAkANWAdAClyVQChAJUgkrCgqLACkMkwQUAJQLFQ5
43=WAQnLABAB1AItC2sBwOooU6toU5YFkQORAtTHZKWoFARSABQDlwFRAKsAVgBqCe3AJ2gqS
44=dcAEABSABABEgAQAGgBEwBTQeQjLJUIUwBVGwisCEp9BC8AkgDQAFIAMABKTwRUPJDfKWY
45=RkAfRBdYTEBVRCZMAVwFSAwqXABYASdcAESJXUeg/JJYKCcsAETFpBRECAZpbXyOkpxARl
46=hIxlCtQzGppk85PAtcrVhbpIknDBdQCyeEBSq0BUSMJ1wASGZAEEgAkBQiVDXcayNUMrwC
47=SFpAAUgArwSXmqQnLABAAbAjSAMqLABQAkxhSEVMEKwBSGYDm56ofoKOWmGlqCIkJlwCrA
48=1cHUwBSABAAVAISAlIAEABSABAAVQqWB9AKIgqIngvrAFU21Maam98WENEI3FHqCJIPlgE
49=gAdsAVAyVCcDpJlMno9JRINcAqQsKhQASF0GdXmGrJ5PopRMSE4qPAtXPK+fSUiHQA1EJl
50=CGSEVIElQtJywAUFlIA0AEVCRAAbQwWAFUPFgBQAFcAlhVSA9AB0QvQAFIA1sunJFHXBpY
51=AX4CqLEnrBawICdcAEABxCMpfApUKlgrtCdYB0AEQI5DRn+CjkC7RyyPk51UAEC7Q46oqr
52=OsKFgEcAucCGABKTwLVAxIAEgJXKFIA6QsWAFI20gAWHYDJCtAWl9vtHhUD1jTmQSxrAFY
53=AUgwVC1ILQOQjUatmklIYyqQBScsAKQRUCwndBJcfUgkRNpUJLDaUINUIYE3R0haVC1IAF
54=C2SABYLkgAVDBcFCfkBVwFTAG8BUwWWCsEaG17VltrpSM0McwWKTwLTARUJ7wdSA9AASdk
55=BFTbWAFABKhXtEJDQ7SfSqwEXA5Au0ShA2Zreo6RnEC7QI5U50AKQARIAFgiSABAAUgAQA
56=G0CUAKQAFIAEABiAB8X2IBmUdYK7SHWExMAXhYI2RJSDC0KlxZTGdboCQrQEhdUAJYCkwH
57=VC1ACidgBSogAFwCtB5MB1wIvAVIUUkksSPcLlQ2Wy6EiJRACkgJRC9IUUSMtC1QKUgqVC
58=1YLjAsAFAvUAhcHUsAam99ROAFkpWgpqixp6l0h1AvTFusbVgQUAtIAEABSABAAXYqqLBc
59=JkiBWAFQAkgAQAFUQga0n0qdoaqanqdcIEgnSABYFksAio2YQ46WmaNUOVACSABQAkgAQA
60=G8BawBVABICUgAVAlIAEABSABAAUQgSBK8SkxMSC0rhgW/xUxbRLlYB6QmWAGMInSHTAdU
61=J0gGSC1Ed1htJ5AFUAu06kgMTARQMlxfXAVEKawNQChAAawEXAJMEFgEQBBIY1wCUC9AT0
62=gASISkLFQzMywATBNMCkBMBrGzuo+Snbu9w7QeXA5MEEgAQAFIAEwErAGgAVTGBnl9ioWI
63=lJSXoVQnmS6xQQd3IwQ3QMQnfDFAH1AUUClAAUgAQAFIAEABSABAASc8MkwiWAFQArQMRA
64=5IA7UJpiNII94Cp7BYHFhYWChEF0gqWAFUHkwBTAdYAUABSANQAqQmXFBcAlgBSCRMCkAH
65=tC1YtUAKSABQAlhJQAFIAEwBVG9cBVxWXxdobnsnxARUHlAIJ0wBSDysDVQqRC+gLkwuSA
66=BIBlACQAFIAKwBVDBQC0gAXAtIALgBQAFAlFQeJ1wASAwnLABcaEAZSJxYBFisVC1H2p+i
67=q1MOmJymTxN7f4tYOlgBWARclUgnSABEF0gAKhwlXAhIabMaiIyXWG1MB1wp0AX8s0QRXA
68=JAbVgNSABYEEgAQAFEZUQdWzefoE6kKaQOxCwvbAtIVFgrSAZQBVAyTAFIAExbYBACpK2V
69=maMi/laZR0QpXBRcC1AyVCRIAEwiSABYJVAaQFtIA1AIUBdQYkwNJ3gFKowAQB9QBUgGVC
70=1IBkwBQDFIOVCMUBdIAFAISABAAUgAQAFIAEQsqABMASegDUMBn5dLtCRcAlAFSABAAUgA
71=QAFIAEABSABAASTESUQXQAEDsqqen6RfTAEqHCVUKkgAUAJIAEABSABAAUAHWAdIAEABSA
72=BAAUgAQAFIAEABSABAAUgAQAFEd0ABJ9QDJ5QEUCBAT0gAWCtQKVwCA7K1vbi6wUgATAFI
73=DEwHTAFILawBV0WQlJ5IA1grRDtAAVApRDJXJ6ihTicwBVguTB9IAEQsWB8nXAAqvABEkk
74=gDWDcq3BZcs10LoCaEKUwErLtYEFACSABAAUgAqC1UAEwBUAJIAEABSABAAUgAQAFIAEAB
75=SABAAUsAmqNVIYhDBrWsnbKqm7ewn0gAQwG0rpBUilBTXLZXG3V5htQqI4whSA9gwYwBVA
76=NICUgASAlIAEABA5CUnpqeqEwBQUOglBVDGZCUnleco6auXwKvn0lIAFBcQCVMBEAfUFZM
77=BFgrpCZYAUwBSABYK0wEQAQnLABYNCQcIkhjUAVQKVgrXAVMBFgBVC1EAkgAWB9ELCcIAF
78=BTqAO8/lAXRDKsWEwHqDBcCEAHSABMB0gAXxSgpK1AAUsAopZHTAFIAFACSABAAUgAQAFI
79=AFQDJwgAUAJIAFACSABAAUgAQAFLAJufqFtkjJCaUClILUgAtC1QWVgZWExEiUgtvIBcKU
80=gtSABAAVTnSDysASc0AUABSABYCksAoqStVwZiZnVQ6VACSABQAl8FqauzWLhQUEyOQHZI
81=AG2apyJ4a6SJSFpAASq0JkAoiS2xQF5ID1wITF5EI6w9VCdAAUj5SCFXJ5ygqUQaWH9Af1
82=gxvCxMuypcAFgiTApYK0Q7UAVAK0QsSABYmlgKQAFYB0AWSABMDUgAQAFIAEABSABMBEzZ
83=UF9EF0REvBRYAVglv2KTl6FQBUgAUAVIAFCzrAFYKEABSABQAkgAU1n/AACoAEhOSBVQfU
84=ZHubQicFVQXFOJkpagRCZIHkgAwAH8s0QISAlQDkw0TwGKjZlQwlPjoKKrXAJIAFACSABI
85=MKwBUAtIDKwBXAJYFkQgVCpUEkrbo6AiHFtUJ1ThUCxIMEgDVDBMBFQkTD1YK6wBXAhAAS
86=o8C0AiWBZUMFSNKlwAWAdIJFwCUAJELKgARCakLFAsJ2QEXBFAE1lerSP0PUwEWxOKj5lL
87=AKOnr0gDQwSnq7NYLiSkM1SNTAFEU0ABWB9AEKwEWAREhgaioXmrqYa4tZ1mKbCfpCwqFA
88=C8AqSJVCpIAFgrTAdAAUgATAEnNAFAAUgASANIAETCQChYH0B2RBdAK1ACSABABEgAQAFI
89=AEABQGpME1RpTAGkIFApSIRYCkAEXFYntDJQUFwCSABEiVQkRC9AJUABRCNBAZwjTHBQL1
90=wmQC5AAVxZSCekPkwKUAtYAVAFTFVAAVgBtC1cBUQLSABICUQpWBBcDkgAQAFAE0BVXAhA
91=AUArSCpELFgutC1IA0ABSAZABEA6CIGFkYSIlIqOmXh9EQAA5xEAIAAZiXyAjHyAjIeLlq
92=WbTZ2hqoqOmaaqsqSosaCkrZicppOXoauphqyljP8AAKsAt66dSANABA+1rJ27tKiyqp6f
93=pF+go6yYm6VIAEABSADCAaStpAVQBUABSABAAUgAQAFIAEABSABAAUgAQAFADQabn6h3e4
94=h7f4tLAIGFkUATAANma3mZnKWkqLC8vsTFx8ynqrOmm0xYAQy4u8HDxMqhpa6EiJSDh5NY
95=B1EOFIAAA6mmT4SIk1sHn6OsXwKFiZVIAAl4fYl9gY21uL+coKlAAVgHA6+fSbyhS1AFA6
96=SnsKeaTEsJo6avSAZABKwHUAlAE0gAUAhMAbwOQBAJio+Zo6evualUrp5NSwOsnk+8CEgD
97=TAQDjJCbg4iTWA1MEL8Op6uzvwuipq5cC1ALrApUGwOao1WioXlYK0MoiIyXrB9QL1QtJ1
98=wAUAVIAEANWARUKkgARB1IAEABSABAAbQDQARQNUshmp6nTAFQAkgAQAFLAKapsVgEA56h
99=qqWosFMCmJylSDxELFgNQAFYDQNscX8lLEFIP6wHSC1IAFQtRyOytb1LALi6wVQbWy7Bw8
100=lYLgKmmkmxnNQwTARcAgO8v8XCxMpcR1QbWBxIAEcdjpKcJ7wATARQL1AFUyyooU60LUwB
101=XDsPQkhaY2h3mp2nraNQkI1GrZpJVC1DFp2hSEANA5yRR5+XS78CopZHWCukPkQdRyyGip
102=VfVqSZR0ABtC1QO0Q4TCtfAp+ZS1AdSB5QIFRLQAFIAEwBTweChpK/C5+gTlACQDEFsaye
103=rKuAo6DPEKWYRlgrSABEEUgAwAECpK2eoqtcO0gPUAhIAKQmRAhIAEQLSABAAUgAQAFXA6
104=yqe7RjXBFECEgASAlYB0gDpy+qnExYIkAfSBhALkgtSABULUgAXAK8CFAmTAFbTKKUTEhO
105=TAFYK0gnVABIAFAdSB5cWV0CgOAAKrQFBo6RnCIoPkpQYUBMVCdIVFgiTFJMWKQprFVYAV
106=ACTAFMBFQbQAGkPkAWTBlIBkQ7pCZIZkwBSA9IAFQ8TAHcFISGJyQFUAJIAEwHSAAGpaew
107=f4OPoqWtVDBAW6RNRAtAIkgAQAFIAEABSABAASfUAFxTSABAVUgAWCUnXABAAUCFUBRQL0
108=wBSABIDFRjQAFALlA4WAFICUgAVAlILUABSABMAUgAvFaIG3BiQCWsAUABrFhYT1BNXFNU
109=G1AsLeQO4CwrHAADkJSeoKStUw5eY3JcBUgJrApEKSe0BVQVJ4QFJywAUBpQAlQwQAFIAE
110=wHvA5UKkABpDtYEEgApC+sVawBVDBEKbwOSA9LG5yfqFgcTHlUAEwBXH1UTlgKWAFUA0gA
111=QAFIAEABSADAAfyzRAVILUREQAEqVAVMVSdcAECFWCsGt7CfsqqbuLGkQFs0HgecplBrSB
112=JUeFiITA1MAbxZpBesWFQkUFZMW0ABSFdAAVQtSB4rZAUvMABICUBhQDRYNFwLUAtUJ0g8
113=XAJULawBSFdYLlgBQLVMASe0BUwZQBBIDFxlSCpIAFN9tZdKXBFIh1hYWC5QhkgqQKlAVU
114=wKTAGsHE8BqKuzRBQGn6GqiY2Yen6LW2p5fYpyC6WurIJfJpKWoMArKjQcjENECFQJSABA
115=AUgASy17gIxEF1QqUAIn1wyCh5JINlACTOtILVvruLWdRBdQAjFkASmUAUhOWIhQ2kiKSL
116=EqVAVYK0uuraFOXEcvRAU9QABYKLQqSBVAAUgAQAFIAEAfUCZYK1CGXFZYBFAUWAFABFwy
117=SABMAUAcSwB4fIhXKqSZTEhvQMRQL0gwWF5AB0wESEVYH0AiWAdETVwFUAtbH5uep1wpBp
118=2gqZSXoX6CjifsA0AEJywAQAFIAExASADAAfxZQApYCkgAQAFIAEABSABAAUgATOvWKoeT
119=JDwjtABQAkhaQPG0CQOFiZSEh5NMAUD9pBdMASqEBVACUCxuWJlHWCusAVhSPUAFO3gAUA
120=hUDFAUVDknLACsr0ArRCNUJEQvUHRoKpytWAFYKFAsRCNIAEABQCtIM7xZWAFMYUAuWC5Y
121=W0BbwCUp5AhHDqapsSdcAAaQk56NkJuXmqRcAlACSGZU8ExkTAFIAFACJyQFQAFIAFQVSA
122=BAAUgAQAFIAEABSABAAUjqTFi4KyoUAExbSAlIAFQJUDtU/6wBWAFAAVBHSABMAUQsWAFA
123=AVCDULNYWEABTHBAATsUBTpwAEBPximHk0ABSAB0Km0Bk1AmRClUJ1ACSABEblgBnAUiOC
124=dcAkAEJ1QFSDCsAUArWCtYBEAEXAVcAkgAVDNIXVAXQEZE+0gYTAEDkJSemp6oTAEDo6Wu
125=RktdV11zd4VcAkgAUAJIAEABSABAAUgAwAEmvCFNYaApbAtMOgN0eIWPkp1wCwKkrbm0nk
126=OytK6QRHG8LFAvSIpAxFjiSFpcPlgNWOhcCCeMElAsJwgAZg6cprAOTAdAATMTBVRZaagG
127=S5+anaZYDUiKTFUnsABIRUiBWBNQVkAiWChIAOUslKxVSANYJc4EqrNIJEA9WCVfBYaKlS
128=pUBbxZRCxAB6wBXFlMAawETAFcCFgBWC5ALkifvAhsGSYnMmVqeEwZSABQAkgAQAFIAEAB
129=SABAAUgAQAFAK0geSABIJEgAVCRcj1ACRLxcvEO1p6qyTwGxs7tcWUiESANQBawBtGNQIF
130=QYXxqlmEZQHUgGWJpMBFALJ2QEXPWoJ1QAXAJID0gAQwFzd4QnjAAtIwClp7CsBFDUKjQQ
131=VAa0KkgMVC1IA0gwXA5QAqwBSFdEI0CXWHZEI0wESANABEAlWCWkKVQqKtwKUAJIBkgwTA
132=RMAUgAWCtMBFwFWF5QAkgDQAGkL0wKREpI1VTkUBFQFCcEHFjlQA1YTLwCSANAAUgAoAFU
133=BrQnTGRYBEgARAVXGKWosEsApKavVABABEgAUAJIAEABSABAAUsAmJylty2ilExILSqsBy
134=fcBFACoA1EDlwsJywAQAFIAFACVAAnsAA2IACNrJS0A0ArSCpAB0AQUA5AAbcqxcfMIWgz
135=SAACw8TKno8iIDlQLEAHRBpEJjAkBVApXAK0KqwBUClUKkwBUAJUIUgqQBZYK1AyWC5UnF
136=BrrAFctkA6RBdUD0gAVEtIBkMNjJCaQAG8AlgTQAFIAEAEJ8UEmyk0PUQIJ1wAQAFIAEgG
137=SABAAUgAQAFIAFQzUA5QWVg6XDitYaWIw8QLlMakIEANQBYnBCVABEgAUAJIACqEJrgoIA
138=YUALQttCpQC0gAtCpME1gKrFhQLEABSABEIEMonKCpKrQFKiwAtCpMBydUBUQpWC5YAUAB
139=RC9ABKwBUI9AAUA0QApEqlAgJywDQAG8HUi3TAFIAEQRSADAAeyySAlYJVMIjJCatIcpVQ
140=WlJywAQwH6+gBLAK2aSSd0BkgGSGknxBBLKqSZTFBKWB9IAMANAaOskI0iQDpID0gAUAJI
141=AEABSABAASAGeAUqmABUJ0QjWAekKSpUBUgDUAJIAEABSABYIlAmRCNEJlScSGxYJVgBQL
142=hLY7i7wVwCXFBMHydUBbwFW1icoKlIA0AErAG0M0wKWCVIAE9eqpxMXBdIAEQRTMdQC6wB
143=WAFAAUgAQAFQJkgVSABAAUgAQAFECEABSABMAUgAQAFIAEABSABAAUgAQAFIACqkDFgrtI
144=dcsFgKSABkCwijrLSfSpWZo5GVoFAaUAJIALwCQQGQ/PVMAUgAvAIqDAUqLABAVSo4AKwB
145=XBRYKEgAQAFIAEABSABAAUgAQAG8Si3MC1goUCZYJVApJww4V4G1uL8hwDInCABIbFigQE
146=ldBaAjfDFEMkgtSABULUgAXAtAN1ACTAFILUgAVC28ekiBaFSMeSdcA8AB/FlUJ1gKSABA
147=AUgAQAFIAEABSABcVlEOjCycC0yjWCukKVQMVAlIAKQmUAKvAaKlrkwBA5CUnqOnsEgDUA
148=JIAEABSABAAUsAkpWfXAhAAUgAUAJIALgoVwCtoU5MQ1AsQFW0J1ACSACsAVAdUBpIAEFS
149=vCacUEwBpIlX57yhS6wHXxeipq9cF1grTA1AAagqWAEnLACkAkgVVEJMB1sEr59JQFVDKK
150=CkrSdUBUgtvFlcDkBeSAAttAVME0AZSABAGUgAQAFIAEABUAhYEEgAQAFIAEABSABAAUgA
151=QAFIAETdA4OGknF1g1Q2UAJALlAOQOVMAUcOoaStpCm2CZmdItgmVBVQAlALRIZYBFAITA
152=FABFwCVBisAUAcCVdcbFJXZ1VaamJndiR0M0ydQCWRULFIJKwHTP1IKs4BqrNABEQITApY
153=BFeTn5dLIVNOpZhGSC2/Ari6wUgtrAFMBFwFWFUkry6coKlcDlgrSFozLwCmqbJEBawNSA
154=xUPKwBTBBIKkgAtCoGo6WuTVNkJCtANrQFVA9cHUgAQAFIAMABNTwLRN1Tg3N3hV8gb3OB
155=pA5cNUw6rAFEEUQISABICUgAWCisAXAsMkwBTAQnFwONkZtQFFwdA2BldHh8iSIkNYR0RI
156=xYBEArQA1cC1QtTAFEBUAcTAFAMUTvtSe8IzRVT0+0n0pIA21eiCi0MkgGUAVQLJEFsUAB
157=QzHFx8xEDkQsSBhIfi0sAFQ2WMdQzlSfQBxAZ0gAREdMAUgAUBFYW0gtSABQEVxcSAxYeU
158=CySBJYN6RiUDhMAUgPUAJAGUAiSABAAaQIUAhAAUgAQAFIAEABRxdFS10hCy00O04nfyiS
159=lqCsWFhSVCpYBFAFsFYDjpGcm56oWAFTApqjVSGDLayrgEwBJHQzrAFYAUAEoAesAQOnqr
160=KsrrasAUgDVCFIEkABkCN8jKwBRNe06limJ4wATP1LLbK1vUBYvAUqLABJWsMjTFtQWVgl
161=qABILVgBTD20ISpkBEwBQLVcAlARsAUqFABYEFQwWFtbQJOWoUgtUClQBVQtVDasAbQ2VH
162=5QAkwiWCtIAFgZSADAATLsCUcLhoqVUA5AAUgAQEAnLAB0BoxPXAJQAkiHBnl9ioWIlJSX
163=oVpSqKtIewKxrKWMtyNPT7SukE8Bu7SoIcRJXAVMB1wsSABMAUwHVLpARkwBVBhME0gApC
164=ZAIkxPTAFMBEEruCNcZlQDrAFcAkBJQNlQI0gDWCtIAFQtSABAAaQpXAJCAaabIlcvwsTK
165=J9AEXAJUBrxNpCMnlARMDbdIoqWuJ7wAQwGQlJ6kp1wUQBBAK0AHUAhIACctAKApDBdILU
166=gAVC1QMlwdSABILUAEmAci/GszLABXh4KGkkwEXDhcIzOPAJ6hqlQtA6WosJ+iq0AESABc
167=BUhaUBQnCAAnLDlIA0gPSABUD0hLVCe8BVwCUGhALkuBrp5NSC1iBKixTwSytb0nLAAqXA
168=BExUQjUKdMB0AERIy0jVQhWApIAEhaTAFIBlQ2XAhYK1gBSC1QfVg0vA5QJlgltC1PZKap
169=sSfMAicgAKSntDZMDVxZSABUh1CPQBBYEEwBWBBUUUgAUAJIAEgtSABULUATUB1UBlgNSA
170=BAAUgAQAFAK1YVpakr5AUqhAVIgScAAl8FrKp7WIKsB1gBQAFIAEABSABAAUgAXAVTLJ+k
171=X0wBUAJIAEABSQCQJsRerAGRg0dMT1CkVCFQVkiuSSegjGdUGFgZUBpAAbwCSANEpEAcQA
172=HeBYeTJ8cEn5lLQBxcAlQqTAFYiFhbSC1QUEABrApAMVQtSAZILVCGUAJIACdoAy0gAEgw
173=XBRABEwKW+Wjp7BILbQzSBJAE4kDsVwRSC28ArQtrAG0A6QIPCwAOSQCWCgn7AAneAJAK1
174=ACSABTC6uphkABSABMAUgAQBxQIEw3TAFTPiUsQSE/I5OWoECgSFpYKFwCQARAKEQ+TAFQ
175=AkwBJ1QFTAFcAkgASDNQMkTXXF9UJ95Np7BAAVQhRCxAK1wCTAFUNlwIUCwkXC1UOVACag
176=OnsFisRKS0IUR9RJInCAMnIABPB7yhS0gGbApKbKiwrAdAClACrAFIA1Q2S2afoE5AN1g3
177=rApMAaAfVABIAEgJSwCbn6hdF5ovNHZcNUBqSC1MBFAFJwACJ1R9XAInUAAqIABcAnQqjF
178=JMAU8Hmp2nWB9YKEwBSABTApaZoyH0KKQUgCIoBBxUGEQFTARcAgqgpK2kqLC4u8GnqrOi
179=EQAAqAUgCQAOpq65qVSunk3CxMqkqLC1uL+kp7C4u8Ghpa6nmkyfoE5bAcHDySdcAGEBqG
180=AEA6aaSbGcTFsEoqauXwWdoUhPAaOmr0gAQAcKlZmjkZWgpKixoKStgIAATwGfl0tIBgOl
181=m019gY1cCAOooU6toU5oDPwOCZ+jrK2jUJCNRq2aSUgDQwqcoKlQBUgMSABICVAItABAAQ
182=yeoquIjJd8gIx7f4uKjpknXABAAUgAQARLAJibpUsAoKOsTAEMrKWMoqF5q6mGuLWdrKp7
183=TARIAFwClBPQAEQCSABQAkgAQwGanadYH1gHTAFIAFACSABAAVAdWB9EFAaMkJuEiJSDh5
184=NIAEABSBUDmZylp6qzJyQFVCEDvL7EvL/FWCtIBlgfUBpQAkQmLaQDtzDFx8xMBwOytb24
185=usFID1QkWAFQBUwBQAEnXABIJ1gBXAIDoaStkJSevxGlmEZcAid8AUABvAJcFEwBvwWfmU
186=tEKawNSBIqXwCBhZFIA0wTVzCgpK2kHaABTwF7gIwnLAAGj5KdqauzpaiwXAJQAkgAQAFA
187=B0stpqmxQAFYAVACSABAAUAuRC8MubSet7Cfsqqbsqqen6RfXAJIAEAESADSLKStTAFQAk
188=gAQAFIAEABiQCwQChYIrQqSFEMw8TKc3eEam98Wl9vkpagSANIG0w0UwWqnExHJqabTFgc
189=RCaQCGxVSAZEHbQhA6KUTLyhS1gBXBRAKEAKSAZQBVgBQAGkICpcAEQCJ4wAXAJMDVgEXA
190=VcAlwLJxwBQAFEAlAISABABEAxWC6tDZyMWLwCJ4wATAdIAEwWtACgATAvAJ6hqlACBpGV
191=n2Nod6GjrEwBSABQBUgAVC1IAKAfUAJIAFACSACgAVguJywATARIAEhySANIALwCBqKkrX
192=6CjoSHk0QCSABQAkgAWARAHIktsUwBpClUDFACWAFABIgDK5QQW1ikmUdAIlg0QB9AASqU
193=BFQeUE1YXlR+pDWsBFwCUGVQOER3XAJYIqwNTAFMDawEXAgnXABYCkAEJyQFCaOgUKSZTJ
194=6PSaKWR1wFQDRIPEgMJwwLXAtQGkgATBZIAKABVABIAFgBSABAAUgAQAFIAEABSABAAUgA
195=CZGUnmltfDtBVI+TnVACSABQAlQJVFQnLABAIqgATCJcAkwTQwGoq7NQX6wESAZAAUgAQA
196=FLAJOWoCcsAEABSABQAkQdWHlLALi6wVAXXEe8AkQsQAGkHUQgVBtQC1wFSABAo0gDQAFI
197=AEABSABAAYgAKEQGXAUn9ARMAacjJCtAUGVIDFwpTApAB0gAgAd8sypcACcsAKQpvAVYN7
198=wCRINQC1ACQCJIAFAISAAnHAGsAbQAUAJAAUgAQAFIAEABSABAAUgAQAFIAEABSAAJjpKc
199=dXmGpKevm52nUAJIAFACSABAAUgAQAFIAFQqVC1TLJufqFACSABQAkgAQAFIAEABSABAAU
200=gAQAFIAEABSABAAUgAQAFIAEABtC1QF1wIRCBctrwCSAMGhYmVo6evp6uzSFFQAkgAUAJI
201=AEABSABAAUgAWB8n7ABUKjMsAEgtvAJcIyeMAEQ7JywAKlwAWBAtXABYZ1AUXAJYBN4Op7
202=BAAUgAQBBIAEABSABAAUgAQwH///9UAEgAWAFIAEABSABAAUgAQAFIAEABSABAAUgAQAFI
203=AEABSABAAUgAQAFIAEABSABAAUgAQAFIAEABSABAAUgAQAFIAEABSABAAUgAQAFIAEABSA
204=BAAUgAQAFIAEABSABAAUgAQAFAGSgUAyMMILwCSANAAUgAQAFIAEABSABAAUgAQAFIAEAB
205=SABAAUgAQAFENSeUBKwBvAJIA0ABSABAAUgAQAFIAEABSABAAUgAQAFIAEABSABAAUwHKj
206=wCWDS8AkgDQAFIAEABSABAAUgAQAEJpKixoKStoKStpKixEQAA

[AITriggerTypesEnable]
043F40BC-G=yes
043F521C-G=yes
043F874C-G=yes
044082BC-G=yes
05CB5B6C-G=yes
05CB830C-G=yes
05CBAEDC-G=yes
05CBC04C-G=yes
05CBC19C-G=yes
05CBC2EC-G=yes
05FC088C-G=yes
05FC0C9C-G=yes
05FC13EC-G=yes
05FC1A8C-G=yes
05FC1C5C-G=yes
05FC333C-G=yes
05FC37CC-G=yes
05FC3C9C-G=yes
05FC50EC-G=yes
05FC747C-G=yes
05FC75CC-G=yes
05FFA7DC-G=yes
05FFB18C-G=yes
06002BFC-G=yes
0611A1EC-G=yes
0611A33C-G=yes
0612B11C-G=yes
0612CD8C-G=yes
0612EAEC-G=yes
0612F46C-G=yes
0612F9AC-G=yes
0616004C-G=yes
06C551AC-G=yes
078F4B2C-G=yes
07C04C7C-G=yes
07C04EDC-G=yes
07C0B14C-G=yes
07C30A5C-G=yes
07C310BC-G=yes
07C3266C-G=yes
07C329FC-G=yes
07C330CC-G=yes
07C33DDC-G=yes
07C4853C-G=yes
08A3EEDC-G=yes
08B902EC-G=yes
08B90B1C-G=yes
08B911BC-G=yes
08B9154C-G=yes
08B9213C-G=yes
08B9305C-G=yes
08B9356C-G=yes
08B940EC-G=yes
08B9423C-G=yes
08B9483C-G=yes
08B9586C-G=yes
08B9641C-G=yes
08B9708C-G=yes
08B9767C-G=yes
08B97C6C-G=yes
0A31295C-G=yes
0A44F17C-G=yes
0A44F2CC-G=yes
0A452C6C-G=yes
0A452E5C-G=yes
0AA845AC-G=yes
0AA846FC-G=yes
0ABC484C-G=yes
0AD2BAEC-G=yes
0C0C7AEC-G=yes
0C0D184C-G=yes
0C0D251C-G=yes
0C1245AC-G=yes
0C1246FC-G=yes
0C32599C-G=yes
0C32D84C-G=yes
0C87B45C-G=yes
0C87B99C-G=yes
0C87E5AC-G=yes
0C8B81BC-G=yes
0C8BC5AC-G=yes
0C8C2AEC-G=yes
0C8C2C3C-G=yes
0C8C430C-G=yes
0C8C4C3C-G=yes
0C8C51BC-G=yes
0C8C56FC-G=yes
0C8C645C-G=yes
0C8C6EDC-G=yes
0C8C71BC-G=yes
0C8E2C3C-G=yes
0C8EE1BC-G=yes
0C8EEAEC-G=yes
0C8EEEDC-G=yes
0C91D45C-G=yes
0C92C1BC-G=yes
0C92C45C-G=yes
0C955AEC-G=yes
0C955C3C-G=yes
0C9561BC-G=yes
0C9565AC-G=yes
0C96F45C-G=yes
0C96F5AC-G=yes
0CA1F84C-G=yes
0CA24D8C-G=yes
0CA2A04C-G=yes
0CA2B06C-G=yes
0CA2D99C-G=yes
0CA2FEDC-G=yes
0CA5945C-G=yes
0CA6621C-G=yes
0CA6AEDC-G=yes
0CAD0B2C-G=yes
0CAD0C7C-G=yes
0CAD0DCC-G=yes
0CAD130C-G=yes
0CAD145C-G=yes
0CAD25AC-G=yes
0CAD2AEC-G=yes
0CAD2C3C-G=yes
0CAD5AEC-G=yes
0CADD99C-G=yes
0CADDEDC-G=yes
0CB29EDC-G=yes
0CB2CEDC-G=yes
0CDF899C-G=yes
0CDF8D8C-G=yes
0CDF8EDC-G=yes
0CE2395C-G=yes
0CE23AAC-G=yes
0CE26B5C-G=yes
0CE26CAC-G=yes
0CE2E8DC-G=yes
0CE2EA2C-G=yes
0CE44D0C-G=yes
0D022B1C-G=yes
0D022C6C-G=yes
0D052AEC-G=yes
0D0803CC-G=yes
0D08461C-G=yes
0D0848BC-G=yes
0D084A0C-G=yes
0D084B5C-G=yes
0D0873DC-G=yes
0D087D8C-G=yes
0D0B3B9C-G=yes
0D2769BC-G=yes
0D2C41EC-G=yes
0D2C448C-G=yes
0D2C45DC-G=yes
0D53099C-G=yes
0D53130C-G=yes
0D53430C-G=yes
0D535EDC-G=yes
0D62145C-G=yes
0D6215AC-G=yes
0D6216FC-G=yes
0D62199C-G=yes
0ECCB2BC-G=yes
0ECCB40C-G=yes
0ECCB55C-G=yes
0ECCB7FC-G=yes
0ECCBC3C-G=yes
0ECCF14C-G=yes
0ECCF29C-G=yes
0ECCF68C-G=yes
0ECCFA7C-G=yes
0ECCFCAC-G=yes

[Alliance]
IQ=0
Edge=North
Color=AlliedLoad
Allies=Alliance
Country=Alliance
Credits=0
NodeCount=0
TechLevel=1
PercentBuilt=0
PlayerControl=no

[Americans]
IQ=0
Edge=North
Color=AlliedLoad
Allies=Americans
Country=Americans
Credits=0
NodeCount=0
TechLevel=1
PercentBuilt=0
PlayerControl=no

[Basic]
Name=MO: Blood Feud II (2)
Percent=0
GameMode=standard
HomeCell=98
InitTime=10000
Official=no
EndOfGame=no
FreeRadar=no
MaxPlayer=2
MinPlayer=2
SkipScore=no
TrainCrate=no
TruckCrate=no
AltHomeCell=99
OneTimeOnly=no
CarryOverCap=0
NewINIFormat=4
NextScenario=
SkipMapSelect=no
CarryOverMoney=0.000000
AltNextScenario=
MultiplayerOnly=1
IceGrowthEnabled=yes
VeinGrowthEnabled=yes
TiberiumGrowthEnabled=yes
IgnoreGlobalAITriggers=no
TiberiumDeathToVisceroid=no

[British]
IQ=0
Edge=North
Color=AlliedLoad
Allies=British
Country=British
Credits=0
NodeCount=0
TechLevel=1
PercentBuilt=0
PlayerControl=no

[CellTags]

[China]
IQ=0
Edge=North
Color=DarkRed
Allies=China
Country=China
Credits=0
NodeCount=0
TechLevel=1
PercentBuilt=0
PlayerControl=no

[Confederation]
IQ=0
Edge=North
Color=DarkRed
Allies=Confederation
Country=Confederation
Credits=0
NodeCount=0
TechLevel=1
PercentBuilt=0
PlayerControl=no

[French]
IQ=0
Edge=North
Color=AlliedLoad
Allies=French
Country=French
Credits=0
NodeCount=0
TechLevel=1
PercentBuilt=0
PlayerControl=no

[GDI]
IQ=0
Edge=North
Color=Gold
Allies=GDI
Country=GDI
Credits=0
NodeCount=0
TechLevel=1
PercentBuilt=0
PlayerControl=no

[Germans]
IQ=0
Edge=North
Color=DarkRed
Allies=Germans
Country=Germans
Credits=0
NodeCount=0
TechLevel=1
PercentBuilt=0
PlayerControl=no

[Germany]
IQ=0
Edge=North
Color=AlliedLoad
Allies=Germany
Country=Germany
Credits=0
NodeCount=0
TechLevel=1
PercentBuilt=0
PlayerControl=no

[Greece]
IQ=0
Edge=North
Color=AlliedLoad
Allies=Greece
Country=Greece
Credits=0
NodeCount=0
TechLevel=1
PercentBuilt=0
PlayerControl=no

[Headquaters]
IQ=0
Edge=North
Color=ThirdLoad
Allies=Headquaters
Country=Headquaters
Credits=0
NodeCount=0
TechLevel=1
PercentBuilt=0
PlayerControl=no

[Houses]
0=Americans
1=Alliance
2=French
3=Germany
4=British
5=Greece
6=Russians
7=NorthKorea
8=Germans
9=Confederation
10=China
11=YuriCountry
12=UriArmy
13=Headquaters
14=Scorpion
15=GDI
16=Nod
17=Neutral
18=Special
19=UnitedStates
20=Europeans
21=Pacific
22=USSR
23=Latin
24=Chinese
25=PsiCorps
26=ScorpionCell
27=Headquaters
28=Guild1
29=Guild2
30=Guild3

[IsoMapPack5]
1=Gg4AIA48AAEA//8AAAAAADsAAgD//0MBAAA8KCkAPUkBbZACAQA6AAOgAW0FAyisACcpAD
2=1ABM0FPigrADkABPkGOigpADtIASe1AQTxCT1UAicGAQQAyQE/KFcAOAAF8Qk5KCkAOigp
3=ADtIASddAQUoXQEF8Qk+QAQnXAEnVQBAKFcANwAG6Qw4KCkAOSgpADooKQA7SAEntQEGKL
4=UBBii0AScpAD9MBcEPQCgpAEEoKwA2AAfhDzcoKQA4KCkAOSgpADooKQA7SAEnDQIHKA0C
5=BygMAicpAD9MBScMAidVAEEoVQBCKCsANQAI+RE2KCkANygpADgoKQA5KCkAOigpADtIAS
6=dlAggoZQIIKGcCCADCsQw/TAVoAQEBAABASAHRFEEoKQBCKCkAQ0gB3wo0AAm/BwAANSgp
7=ADYoKQA3KCkAOCgpADkoKQA6KCkAO0gB3Qo8KCkAPUgB2RE+SAFwFAECAAA/yAFJYkBIAc
8=EEQSgpAEJIAdEJQygpAEQoKwAzAArpFzQoKQA1KCkANigpADcoKQA4KCkAOSgpADooKQA7
9=SQG4pQs8yAFRKj1IAdEUPkgBdBhZcj/IAVFqQEgBwQRBSAHJF0IoKQBDKCkAREgBzQVFKC
10=sAMgALuw4AADMoKQA0KCkANUkBd6kENkkBcakBN0gBpgEAOCgpADkoKQA6KCkAO0gBbBtB
11=MDzIAUEwPUgB3RU+SAFsG0l4P8gBUWpASAHBBEEoKQBCKCkAQ0gBwRpEKCkARSgpAEYoKw
12=AxAAzaFQAyKCkAMygpADQoKQA1SQF2tQU2SQFwqQE3SAGkAUYeDADJIjlUAskiOkgBwQQ7
13=SAHJFzwoKQA9KCkAPigpAD8oKQBAKCkAQSgpAEJIAdkcQygpAEQoKQBFKCkARigpAEcoKw
14=AwAA3CEwAxKCkAMigpADMoKQA0SAHNGzVIAcEPNigpADdJAW+5CThIAcEEOSgpADpIAcEE
15=OygpADwoKQA9SAHNJj5IAcUIPygpAEAoKQBBKCkAQigpAEMoKQBEKCkARSgpAEYoKQBHKC
16=kASCgrAC8ADq8YAAAwKCkAMSgpADJIAd0gM0gBwRo0SAHdFTVIAc08NigpADcoKQA4KCkA
17=OSgpADooKQA7KCkAPEgB3Qo9KCkAPkgBwQ8/SQF1pRZASAHNBUEoKQBCKCkAQygpAEQoKQ
18=BFKCkARigpAEcoKQBIKCkASSgrAC4AD7sOAAAvKCkAMCgpADEoKQAySAHBZzNIAdUjNCgp
19=ADUoKQA2KCkANygpADgoKQA5KCkAOigpADsoKQA8KCkAPSgpAD5IAcV2P0gBwSVAKCkAQS
20=gpAEIoKQBDKCkARCgpAEVJAVa5H0ZJAVCpAUdIAd0KSCgpAEkoKQBKKCsALQAQswYAAC4o
21=KQAvKCkAMEgB3UwxSAHZPTJIAckMM0gBJyUFEP3xNShVADYoKQA3SQFmvQ04SQFeqQE5KC
22=kAOkkBYLUCO0gB3Qo8KCkAPSgpAD5IASclBRD1/0BUAsUTQSgpAEIoKQBDKCkARCgpAEVJ
23=AVmhD0ZJAVOpAUdIAdEJSCgpAEkoKQBKKCkASygrACwAEb8HAAAtKCkALkkBd70CL0gBxS
24=kwSAHJDDFIAcUeMigpADNIAc0mNEgBzSY1KCkANigpADdJAWGpDDgoKQA5SQGWtQI6SQFf
25=qQE7SAHVDTwoKQA9KCkAPkgBxRM/SQF1uQZASAHVAkFJAb61AkLIAQEBAABDyAFV6UTIAV
26=XpRcgBAQQAAEZIAcUIRygpAEgoKQBJSQE7vQpKSQE1qQFLSAHZBkwoKwArABK7AwAALCgp
27=AC0oKQAuSQF6qQQvSAHFCDAoKQAxSAHdIDIoKQAzSQFluQY0SAHZJzUoKQA2SQFjoQQ3SA
28=HFCDgoKQA5SAHFCDpIASfVBRLpZDxUAtkGPSgpAD5IASdVCxIoVAsnKQBBQAR0LgEFAABC
29=yQEGdi4SAHQCAQcAAETUAgEIAABFyQEJdC4nBQFHVALdIEgoKQBJSQE6oRpKSQExqQFLSA
30=HBMExIAdkGTSgrACoAE6cFAAArKCkALCgpAC0oKQAuKCkAL0kBdqEHMEgB3SAxKCkAMkgB
31=2V4zSAHBMDQoKQA1SAHRKjZIAcUINygpADhIAcUIOUgBxQg6KCkAO0gB0Y08SAHFCD0oKQ
32=A+SAHFHj9IASVNIEBIAdUCQUgBdS4KbTETgTALbDGpAQxsMakBDWwxqAFd+kZYBsUIRygp
33=AEgoKQBJSQE+tSNKSQE2qQFLSQE4qQFMSAHFCE0oKQBOKCsAKQAUpwUAACooKQArKCkALC
34=gpAC0oKQAuKCkAL0gBJ4UGFPFWMVQCwSUySAHBXDNIAd2ONEgByS01SAEnhAYnBQE3VALF
35=CDhJAWm5FDlIAcUIOigpADtIAdFsPEgB2QY9KCkAPkgB3SA/SAHBZ0BIAdUCQUgBZTQPZT
36=QUhDRB3kPUAlm0RMgBWYhFyQETdWUU6W9HVALRCUgoKQBJKCkASigpAEsoKQBMKCkATSgp
37=AE4oKQBPKCsAKAAVtyAAACkoKQAqKCkAKygpACxJAcG1BS3IAVGuLkkBebUCL0gB3RUwSA
38=HNJjFIAdFhMkgB2TIzSAHBBDRIAc0xNUgB1S42SAHBBDdJAcOpDDjIAUEPOcgBVb06yAFV
39=vTtIAdkGPCgpAD0oKQA+SAHRFD9JAXS9CkBIAdUCQUgBfDZVWELIAU0kQ8kBFmVrFZU5F2
40=RrqQEYfTYVKNwGJykASFkGWqkMSUkBVKkBSkgB1Q1LKCkATCgpAE1IASV1JU5IASV1JU9I
41=AdkGUCgqACcATBK9CigoKQApKCkAKigpACsoKQAsSAF0OVknLcgBWScuSQF4sQkvSAHVDT
42=BIAdEqMUgB0TUySAHRNTNIAcEENCgpADUoKQA2KCkAN0gBdDld8TjIAUHKOcgBQco6yAFB
43=yjtIAd0KPCgpAD0oKQA+SAHJbz9IAaYXAEBIAdknQUgB1S5CSAHBGkMoKQBEKCkARSgpAE
44=ZJAcS1CUfIAUlOSMgBTSZJyAFNJkrIAUEaS0gByQxMKCkATUgBJYUnTkgBJYUnT0gBzQVQ
45=KCkAUSgqACYAREytECcoKQAoKCkAKSgpACooKQArKCkALEgBbDxFEy3IAUktLkkBfL0KL0
46=gBzRAwSAHJLTEoKQAyKCkAMygpADRIAWhkUQg1yAFVIzbIAVUjN8gBVSM4yAFNEDlIAckM
47=OigpADsoKQA8KCkAPUgBxRM+SAHZdD9IAcE7QEkBT0AQSQBBSAHNBUIoKQBDKCkAREkBWE
48=AFSQBFSAHNBUZIAWw8SSJHyAFVT0jIAVVPScgBAQgAAErIAQEJAABLSAHFCEwoKQBNKCkA
49=TkkBPUgNSQBPSAHNBVAoKQBRKCkAUigqACUAVIhMBkkAJigpACcoKQAoKCkAKSgpACpJAb
50=dMBkkAK8gBTTEsSAFEAmkALSgpAC4oKQAvSAEnjR0YKIwdJykAMkAE0TUzKCkANEgBZD9N
51=JjXIAU0mNsgBTSY3yAFNJjjIAU0mOUgB0Qk6KCkAOygpADwoKQA9SAHJej5IAWgYTQA/SQ
52=FVXABJAEBJAUxcAEkAQUkBUlwASQBCSAHBfUNIAdUuREkBW1QDSQBFSAHVAkYoKQBHKCkA
53=SCgpAEkoKQBKKCkASygpAExIAdHaTUgBJS0nTkgBJfEkT0kBOVQOSQBQSAHBD1EoKQBSKC
54=kAUygrACQAGUQGiQAlKCkAJigpACcoKQAoKCkAKSgpACpIAXxBVXAryAFVcCxIAZQKIlw4
55=J4kBLlQCJ104GfnXMFQC0TUxKCkAMigpADMoKQA0SAF9QQoivVoZmOIBCwAANtQCAQwAAD
56=fIAQENAAA4yAEBDgAAOUgByQw6KCkAO0gBwSU8KCkAPSgpAD5IASUxOD9IASc+CBkAJyYQ
57=GQAl/TZCQQQzqR5DSAElJTFESAHJDEUoKQBGSAHVOUdIAdU5SEgB0QlJSAHRCUooKQBLSA
58=HNPExIASVFKk1JAV+hD05IAdUNTygpAFAoKQBRKCkAUigpAFMoKQBUKCsAIwAatwoAACQo
59=KQAlKCkAJigpACcoKQAoKCkAKSgpACooKQArKCkALCgpAC1IAcmmLkgBJx07GiiVCBoo1B
60=AnKQAyTAXBOzMoKQA0SAF1RA91RBqVRBB0RKkBEXREqQESdESpARN0RCddATpECN0KO0gB
61=0So8KCkAPUgB0cQ+SAHFJT9IAcXvQEgBxe9BSAElvTlCSAElvTlDSAEluTNESAHBO0VIAd
62=UNRkgBzTxHSAHNPEhIAc1+SUgBxQhKSAElwTRLSAHFKUxIAcUITUgBxQhOSAHJDE8oKQBQ
63=KCkAUSgpAFIoKQBTKCkAVCgpAFUoKwAiABvaIAAjKCkAJCgpACUoKQAmKCkAJygpACgoKQ
64=ApKCkAKigpACsoKQAsKCkALUgB1S4uSAHVsi9IAdlIMEgBxR4xSAHBOzIoKQAzKCkANEgB
65=bUcUbUcbjUcVbEepARZsR6kBF2xHqAFB6TlYBt0KOigpADtIAcEPPEgB2cw9SAHFJT4oKQ
66=A/KCkAQEgBxYFBSAHBRkJJATS9BkNJAVypAURIAaYBAEVIAdmKRkgBJW06RygpAEhIAdGN
67=SUgBJaEwSkgB0dpLSAHRVkxIASfuCBsA0QlOVAIlXU5PSAHRCVBIAdkcUSgpAFIoKQBTKC
68=kAVCgpAFUoKQBWKCsAIQAc3hkAIigpACMoKQAkKCkAJUkBIbUFJkkBgakBJygpACgoKQAp
69=SQEioQQqSAHZJytIAbICACwoKQAtKCkALigpAC8oKAAFMAAcAHYAAAARAAB5DwAgBgAAAD
70=EAHAD//0ABAwAAMgAcAMkBMygpADQoKQA1KCkANigpADcoKQA4KCkAOSgpADooKQA7SQFt
71=kg0APEkBeKkBPUgBpgEAPigpAD8oKQBASQE+pQRBSQExqQFCSQE2qQFDSQE5qQFESQFmqQ
72=FFSQGWqQFGKCkARygpAEgoKQBJSQFgrQVKSAGmAQBLSAHRCUxIAdEJTUkBYaUETigpAE9J
73=AWO1AlBJAVapAVFJAU6pAVJJAVSpAVNIAd0gVCgpAFUoKQBWKCkAVygrACAAHb8HAAAhKC
74=kAIigpACMoKQAkSQEhtQUlSQElqQEmSAGXAgEAJ0kBgncCAQAoSQEiqQEpSQEmawEAACpI
75=AZcCAAArSQFYtQIsSAGmAQAtKCkALigpAC8oKQAwSQF6sQUxSQFyqQEySAHRHzNIAdUCNE
76=gB1QI1SAHBUTYoKQA3KCkAOCgpADkoKQA6KCkAO0gB0Qk8SQF8oQ89SQG6qQE+yAEBAQAA
77=P8gBAQIAAEBJAVyhBEFJAUCpAUJIAaYBAEMoKQBESQFpuQJFSAHdQUYoKQBHKCkASEgBzU
78=dJSQFfuQZKSAGkAV9MHQBlrQFMVALBBE1IAbICAE4oKQBPKCkAUEkBWaUEUUkBU6kBUkgB
79=0R9TKCkAVCgpAFUoKQBWKCkAVygpAFgoKwAfAB5EAIELIEEBgYQBVk8eAMkBIihVACMoKQ
80=AkSAHJTiVIAclOJkgBlAJ1Tx6pCQJWTx4Ai04BAClABIlOAVdPHgCEqQQrVQJbqQEsSAGk
81=AVRPxwgAAC4oVQAvKCkAMCgpADEoKQAySAHdQTNIAdEJNEgBxVU1SAHNUjZIAcUpNygpAD
82=goKQA5SAHNBTooKQA7SQF0oQs8SAGmAQA9SAF2TwMAVpweAGkBBHRPqQEFdE8nQQNBTAXZ
83=BkIoKQBDKCkAREkBO6UERUkBM6kBRkgB2aBHSAGyAgBISAHRS0lIAcFRSkkBXqUES0gB1Q
84=JMKCkATUgBxaJOSAGqBQBPSAHFolBIAcEEUUgBwSVSKCkAUygpAFQoKQBVKCkAVigpAFco
85=KQBYKCkAWSgoAAIeAB8Ag3EQAUIBHwDFlyBQAckBIUgBgygBACIoKQAjSAHFSiRIAWAIAQ
86=ABACVJAX5tAQFFTx9YWU0BAkSiyAxtUh9UCJUCKU0FH0QBWQYqSAGEVWWiH+VgLFQC0WEt
87=SAGUDWxSkAZhBy9VAj9jAQAAMEgBxTQxSAGwAkTvJ60AMyhVADQoKQA1KCkANkgBxVU3SA
88=HVTzhIAclOOUgB3Qo6KCkAOygpADwoKQA9SAFhUQZtUh+NUgdsUqkBCGxSJ2UCQUwF3QpC
89=KCkAQygpAERJATqlBEVJATSpAUZIAaYBAEcoKQBISAEnTgofANVPSlQCwalLKCkATCgpAE
90=1IAc3sTkgB3QpPSAHJsVBIAcEEUUgByWRSSQE1sQVTSAHFVVRJAT21AlVIAdUCVigpAFco
91=KQBYKCkAWSgpAFooKwAdACCpCQJIVicpAB8oVQAgKCkAIUgBhaICTUwgTABHBwIAI1QCk0
92=sBACRIAYRKZVUgVFVABGdVIAB/RQEAZFXJDANXpyAAhbUCKVgGxQgqSAHRYSsoKQAsSAGZ
93=UwFVpyD5qy5UAtH7L0kBwHAJZlUgAGgBReQx1AJF5DJIAb4DADMoKQA0KCkANSgpADYoKQ
94=A3KCkAOCgpADkoKQA6SQFBoQs7SAGmAQA8KCkAPSgpAD5IAd0VP0gBzQVASAHFCEFIAdUC
95=QigpAEMoKQBESAEnpwogADixBUZUAsmbR0gB0aNISAHNUklIAdFLSkgB0UtLSAHRS0xIAa
96=4JAE1IAdEUTkgB1QJPSAHFgVBJATe5AlFIASUhK1IoKQBTSAHdulRIAdlpVUgBJ6YKIADJ
97=AVdUAiXBKVhIASWVKVlIAcEEWigpAFsoKQAcpZ8ARUodKCkAHigoAMijYQQgVALRViFIAZ
98=j4fVchRKhYGH1XIUhfiQEkQASVTwJMVydVACZUAtkGJ0gBRgUAAHxXJwUBKVQC2QYqKCkA
99=K0gBk1YCACxIAZyRfVchKP4KIQAleSAvQARwVk3sMMgBTewxyAFN7DJIAYEPAF5XIQDNJj
100=RVAlC5AjVIAaYBADYoKQA3KCkAOCgpADkoKQA6KCkAOygpADxJAVq1CT1IASUdMD5JAUy1
101=Aj9IAdE1QEgBsgIAQSgpAEIoKQBDKCkAREkBQLEFRUgBpgEARkgB2aBHSAHFVUhIAcEESU
102=gB1U9KSAHJTktIASVFNUxIAdXTTUgB0SpOSQG9qQhPyAFRglDIAVGCUcgBVS5SyAFVLlNI
103=ASXRNlRIAdFsVUgBzVJWKCkAV0gB1Q1YSAHBBFkoKQBaKCkAWygpAFwoKQAbWaiGcxQCAB
104=xIAWQBAQACAB0oKQAeKCgAaPvIWXSvzVIhQASVAgNAASJUK00IA1SyJykAJFwCmVMDVFon
105=VQAmKFUAJ0gBmLZ0WieBAClUAiOLIgMAKkgBi1kDACtIAYhZdFoivCJUDXVaIrhpIv0gIk
106=gEVwIAAC9AAc2JMEgBjAIi5D6ICXUBMlQC3UwzSAHRSzRIASVJMDVIAWAFTQA2KCkAN0gB
107=xWA4SAHBUTlIAVwEaQA6KCkAOygpADwoKQA9SAElATI+SAHVDT9IAXgHTQBAKCkAQSgpAE
108=IoKQBDKCkARCgpAEUoKQBGKCkARygpAEhIAc21SUkBYEgNSQBKSAFYAGkAS0kBQGMBAABM
109=SAGkAVSyJ80ETlQCdFpRgk/IAQEGAABQyAEBBwAAUcgBAQgAAFLIAQEJAABTSAHZU1QoKQ
110=BVKCkAVigpAFcoKQBYKCkAWSgpAFooKQBbKCkAXCgpAF0oKQAaSFGXGAMAG0gBJ60LI5EC
111=AGxdJykAHkAEi1kCAB9IAcFcIEgBlQIDWWYjTFhEB21dI1gBSQEEWAMiBDeJASRQAY1dBF
112=wEJ1UAJihVACdIAZdaBAAoSAGbKgQAKUgBIwE9BE1dIyRcImxdIhQuXAptXSOgXG1dI1Qb
113=VwIBAC5YBiWtNy9JAVdQAkkAMEgBWABpADEoKQAyKCkAM0gB1YY0SAFgBU0ANUgBjRAARL
114=jLIgAAN1QCzQU4SAFcBGkAOSgpADooKQA7KCkAPCgpAD0oKQA+KCkAPygpAEAoKQBBKCkA
115=QigpAEMoKQBESAHJekVIAWwRTQBGSAElVSFHSAElVSFISAHduklIAd26SkgBSAZpAEsoKQ
116=BMKCkATSgpAE5IAWxdAQoAAE/JAQtuXSMAdQIMbF2pAQ1sXakBDm1dIyaBIVRZBsJvDQAA
117=VcgBTcBWSAHRYVcoKQBYKCkAWSgpAFooKQBbKCkAXCgpAF0oKQBeKCsAGQAkuw4DABooKQ
118=AbSAEnBAzABGRgJykAHkAEI4A3ZGAiOCJTCAMAIFUCwUYBAARKXiQAagEBBFJQJACMBWRg
119=zQUFRQUkJJE5BURgJykAJlwCj10FACdIAW4JAAVFYCSsXWVgJEQDXAJ0vXRoiQErTAWAXG
120=ZgJACbUwIALVQCI+guZWAkJjkjL1QCxVUwSAElhTIxSAHJvDJIASW1IjNJAbxEDEkANMgB
121=WTI1yAFJ8zbIAUnzN0gBXARpADgoKQA5KCkAOigpADsoKQA8KCkAPSgpAD4oKQA/KCkAQC
122=gpAEFIASWtIUJIASVVIUNIAdUYREkBUXMRAABFSAHRz0ZIASXRIEdIASWJIkhIASUpLElI
123=ASXZLEpIAd0KS0gB2cFMSAHZwU1IAaYMAE5IAW1dD2VgJJleEGRgqQERZGCpARJkYKkBE2
124=VgJCgGDCQAZGBRKlVQCWgBUSpWSAEnBAwnrQBYKFUAWSgpAFpIAdV7W0gByRdcSAHFCF0o
125=KQBeKCkAXygpABhIUYMaAwAZKCkAGigpABtIAYRKIhUkJVBcVAV9YiUkrEIibTolSASVAh
126=9AASM4OX1iJZFhAnxiqQEDfWIlKF0MJSToOXxim8kAAAZcBycpACZQAYAPfWIlpGBlwyVE
127=eVQNfGIizEVIAXxiwwQCACtYBoi0fGLUAmTD2AZ9YiW8xSIVJCVIdUQIIm86JQA8hgEAMU
128=QIpgEAMkgBwWczSAF8YgEEAAA0yAFd/DXIAV38NsgBXfw3SAHZMjhIAdGuOUgB3Qo6KCkA
129=OygpADxIAZ94AAA9SAEl6Tk+SAHZBj8oKQBASAHZXkFIAc1dQkgBn/EAAENJAYG9BkQoKQ
130=BFKCkARkgBn44AAEdIAaoFAEhIAd0gSUgB1QJKKCkAS0gBycdMSAHJx01IAc0FTkgBfWIU
131=fWIlnWIVfGKpARZ8YqkBF3xiqQEYfWIlKF0MJZxiSS1VUAl8YkktVkgB1VpXKCkAWEgByS
132=1ZSAHJelpIASV1MFtIAdkGXCgpAF0oKQBeKCkAXygpAGAoKQAX+0UDABgoKQAZKCkAGigp
133=ABtIAZBWdGUiZGRQInRlIqA6SgEDACJcWiMXJAMAH0wFlF11ZSaVZQR0ZakBBXVlJii0DN
134=AJdWUmsGF3yCYAiVgKXcUmUAmYXnVlJqC/dWUmpMN1ZSagynRlwAR0ZcAEdmUmAIDgdmUm
135=AJBLdmUmAIfDAQAvSAyABHZlJgDNqjFUAt2OMkgBdBFNADNIAXVlCHZlJgBoAQEJAAA11Q
136=IKIhwltQILIhwlJzEBOEAE3TY5SAFACWkAOigpADsoKQA8KCkAPSgpAD5IASUVJD9IAdFh
137=QEgB0WFBKCkAQkgBgDB0Zcc0AQBEVQKCeQ4BVMgiKDZPAQEARlUChEQBSQBHSAHZdEhJAU
138=BIAkkASUgBWABpAEpIAZsnAABLSAGYJyLMMCMgTWEETVQCfABNAE5IAd1XT0gByYVQSAHR
139=VlEoKQBSKCkAUygpAFRIAWhkSZBVyAFJkFZIAcUIV0gByQxYSAElYT5ZSAElAUhaSAHNBV
140=tIAd2OXEgB1QJdKCkAXigpAF8oKQBgKCkAYSgpABa8VCJJRhcoKQAYKCkAGSgpABooKQAb
141=SAGIJW1oJ1xwWCRsaCJ0cUgBbGglsUcETWgnSGpXAgQAIFgGjDxtaCe002xoxAgiJCbECG
142=1oJ6hkbWgnrV0FQhcnAICpbWgnWAGdCihcCpykbWgnRA5UAmxowARsaCKUPlQCbGjUAmxo
143=1AJtaCckNElsaMAEbGjABCLcPcwQIsR8zBAiNUkngWcMbGipAQ1saKkBDmxoqQEPbWgnQB
144=CJADhcFYMBAAA5KCkAOigpADsoKQA8KCkAPSgpAD5IAdXeP0gBIyArItxe1y4BAEFUAslk
145=QkgBCSIAAAAAAQBDACcAfxEAAOAPACAIAAAAAAEARAAnAFhEAQUAAgBFACcAhWsBAQBGSQ
146=EmawEAAEdJAYGpAUhJASKpAUlIAaYBAEooKQBLSQFbuQJMSAGmAQBNSQE7rQFOSQExqQFP
147=SQE4qQFQSQFtqQFRKCkAUigpAFNJAUGhBFRIAc0FVSgpAFYoKQBXSQE+rQVYSQE2qQFZSA
148=HVDVpIAcUIW0kBVqEEXEkBVKkBXUgBwQReKCkAXygpAGAoKQBhKCkAYigrABUAKKsJAwAW
149=KCkAFygpABgoKQAZKCkAGigpABtJASFvCAMAHEkBgqkBHUkBJakBHkkBHWsBBAAfSAGPBQ
150=UAIEkBHncCBQAhKCkAIkgBnzYFACNIAZsGBQAkSAGPPAUAJUgBjzwFACZIAc0FJ0gBiUMF
151=QQEoq0MEAClQAZsGAwAqSAGPBQMAK0gBlwICACxIAZcCAgAtSAGXAgEALkgBiwwBAC9IAY
152=MEAQAwSAGDBAAAMUgBgwQAADJIAYMEAAAzSQFcYxoAADRIAaYBADUoKQA2KCkANygpADgo
153=KQA5KCkAOigpADsoKQA8KCkAPUgB1Q0+SAGTKgAAP0gBly4AAEBJAX9zEAEAQUgBlyMCAE
154=JIAZcYAQBDSAGPBQEAREgBkGFlayhAK1wGZmsoAIU0AUZrKACbHAEASE0FhFwDSQBJSAGd
155=CgBEa9tIAABLVAJQA2kATCgpAE1IAc1dTkkBNHsDAABPSAHdV1AoKQBRKCkAUigpAFMoKQ
156=BUKCkAVSgpAFYoKQBXKCkAWCgpAFkoKQBaKCkAW0gBkx8AAFxIAdkRXSgpAF4oKQBfKCkA
157=YCgpAGEoKQBiKCkAYygpABRIUYMeAwAVKCkAFigpABcoKQAYKCkAGSgpABpIAY88AwAbSA
158=GcNn1tKZgKAQAEAB1UAoEEBE02KVhkQAN9bSlEA0gBfW0pQG1JAQZZACm1OQZZAClQclQC
159=fW0pQG2JASRRCYdFAQB+bSkAyQEmVQIjtQInSAGMJn1tKaBGfG3dCgRcbdQCfG3VAgNcbd
160=QCfm0pAImFAlxtwQQCXG3ABH1tKUQZWQ0BXG3BBAFcbcAEfG3UAnxt3SAAXG0nKQA2UBRc
161=B2kANygpADhIAcGpOUkBUHsDAAA6SAGmAQA7KCkAPEgBwVw9SAGfKwAAPkgBgDB8bdUNAV
162=9tKQCAaAh+bSkAlCN8bdUuAlxtJ8UDREUIg2wFfG0nVQBGVAKRbAJcbdgyfm0pACe8DdwK
163=fG3AD31tKVx+dgkATEUIOYQBRNkngQBOVQJAtQJPSAHBXFAoKQBRSQFaoQRSSQFSqQFTSA
164=HZzFRJAT+1AlVJATepAVZJATWpAVdIAd0KWEgBzSZZSAHVAlooKQBbKCkAXEgB2e1dSAHR
165=CV5IAdkGXygpAGAoKQBhKCkAYigpAGMoKQBkKCkAE0hRjxQDABQoKQAVKCkAFigpABdIAY
166=88AwAYSAGLvAMAGSgpABpIAYQ/dXAqXGhFCwRW3ioAjAV1cCrpbx5MBVkDAE1oH0kBfmwB
167=dXAqsGx1cCpM3FgCdXAqrDx2cCoAjDF23ioAjDF2cCoAjDF13ipU91kGBFsAKgCJRgEABE
168=mNKkTqTAF0cNwKdXAqTJqVAitNEIZFAQB0cMkMA1Te3QoDVXAqvHh1cCqpbwJV3ipMhF0G
169=AlRwwAR0cNUCAVTeyBd0cNwKdnAqAMVrNkAPXAdpADcoKQA4SQFZbwIAADlJAU+pATpIAa
170=QBVXAqxgEAPFUCV7EBPUkBgKkBPkgBnUwBVF/MMXRwwDB0cNQCdHDUAnRw0RQDVN7fKwMA
171=RVAJnxUDAEZIASNoKXVwKrCjdHDTHwAASUAEmD10cNwgdHDVDQBWcCoAlXsAVHAngQBOWA
172=aAO3Te1S4AUCQn2QBRQATdClIoKQBTKCkAVEgB3QpVSAGLhQAAVkgB1XtXSAHJDFhJAVGh
173=JVlIAZlIAEBLJ+EBW1QCyXpcSAEl7SldSAEl7SleSAElgSFfSAHBcmAoKQBhKCkAYigpAG
174=MoKQBkKCkAZSgrABIAK78SAwATKCkAFCgpABUoKQAWKCkAF0gBjGhtcyvpbxlUApfIBAAa
175=SAGJIgRF5Cu03mxzzQUFRQIrtVoFWQArpXYFXTsrpHZsc8QTbHMnKQAiXQomZBZscyfZAC
176=RUApA1bXMrqGRtcyu8eG1zK+lvKEwFmIptcyu03mxz2QYEWQMrqG9sc8gMbHMnKQAuSAQj
177=JSYDROTZBgNMc9gGbHPVAgJF5CtQGkAWbHPABGxzwARtcyu30wAANl0KQUgFSQA3SAFYAG
178=kAOCgpADlIAYTZZOTJIgBMcycpADwogQA9SAEnbg4rAIR2bXMr+eJAQASHSgIAQUgBlDls
179=c8U0A0XkK6BnbHPcFWxz3BVtcyskbC9sc8wbbHPRKgFMc9sGAQBKSAycNmxzzDxsc9kyAU
180=xzxwgAAE5MBZQ5bHPULmxzJ9kAUUAEiTgBRLIntQFTVAKJTgFRsyskbzoBAFVUAsEPVkgB
181=gQQAWCHZHABcBCeJAVlABMEPWigpAFsoKQBcKCkAXSgpAF4oKQBfKCkAYEgB1Q1hSAGTow
182=AAYkkBbXs6AABjKCkAZCgpAGUoKQBmKCsAEQAsswYDABIoKQATKCkAFCgpABUoKQAWSAGD
183=JQMAF0kBJWwIZnYsACMtMgRU6d0KBUV2LLheZXYstHBldixIdVwGZXYsoX0GRXYsTABVAg
184=ZQWycpACBIDJgnZXYsqHp06SeBACNABIFnBlXuLLl0BkUNLFQIUAlkdicNAidMBZAJdOkn
185=OQIpVAJEBXn4KkgBgDtkdskMBEwCJykALVABlQ0EVOnVDQREdsgMZHbVAgNU6cwQZHbABG
186=R2wwQBADRQCZQNZHbMG2R2wwQAADdABIcTAAA4KCkAOSgpADooKQA7SAHdQTxIAc1+PUgB
187=J8UOLEhUWAlldixQJYkBQEEEKEUBAHTp2DJkdtQ5ZXYs9ZxETAWcFWR20BRldiykomV2LF
188=DVVwkCAEhNBVBGAQACRHYn8QNKVAKbJwEASygpAExIAZRaZHbdQQFEdtcuAQBPQATZBlAo
189=KQBRSAGUT2R20xQCAFNUAiMUJGZ2LAAjBCJldixAeF0RAUEULKWMAFghxB5kdifhAVlECN
190=UNWigpAFsoKQBcKCkAXSgpAF4oKQBfSAHBGmBIASVtL2FIAZgRZXYsVIxYEWR2xxMAAGRA
191=BN14ZSgpAGYoKQBnKCsAEAAtmAcBAAMAESgpABIoKQATKCkAFCgpABVIAdF3FkgBmCd8eN
192=MJBAAYVQIkZAt8eCLEREwBZO/BBAVF7y2ndgUAHEwFhAh9eC2oenx4wQQHRXAtr+EHACBM
193=BZn4B1QHJ1UAIihVACNIAY0mB0lTLUgHQA99eC2giH14Lb+DBQAnTAWQCSJsOidVAClUAp
194=d7BQAqSAGJOAVYnSeBACwoVQAtSAGVDQVceMgMfXgtoYgERO/MEHx4wAR8eMMEAgAzRAiQ
195=YXx4ywwBADVUAp0KAUXvLbxifXgtrGh8eMQpIlQsJykAOlgGXB1pADtIAYPrAAA8SAGTNQ
196=AAPUgBiC0ibTotQNBIBX54LQCQbCJWLC0AmO18eMwxfXgtVClMBXx41Dll7y1E1FcCBABF
197=XAojKCx8eNwVfXgtoGd+eC0AI5QpfXgtrWgCRO/JOAJceCdJBExQCckiTUgBnBV8eN1BAl
198=x4J60AUEAEjRsCWAsnMQFSVAKYJ3x41C59eC2gv3x4xAh8eMAEfXgtRL5BGgBcGtEfAUQY
199=J+EBWlwKg0YCAFsoKQBcKCkAXSgpAF5IAc0QX0kBH3sKAQBgSAGPGwAAYUgBnEx8eMQTfH
200=gnKQBkKIEAZSgpAGYoKQBnSAGLDAAAaEgBZAxNAA9IUVkAAEl6ECgpABEoKQASKCkAEygp
201=ABRIAYQpIuVJLrwgIqVXLkBtWQkEVfQuJMwldXsuoHJ0e8wFdXsuQAVIAHV7LrhIdHvFCA
202=ZEe8wFdXsuvPx2ey4AIy0yCFV7Lr2ZCFAOJykAIkQTm1MIACNIAZxMdXsuqHp1ey6pegZF
203=Ai6pbwZUe9sRBgAoWAaPGwYAKUgBiTgGVHvVGAZUeycpACxABJEqBkkqLqhvdXsuTEKNGy
204=9ABIwQdHvABHV7Lq9zAwAyQASMPHR73QoCVPTFEwJVey6gk3R71Bh0e8AEdXsuSHVUDXR7
205=1BgiXC0nKQA7SAwltS08SAHJ8z1IAZMGAQA+SQFVbAF1ey5EZkwBdHvYMnV7Lqh6dHsiHF
206=tABCLMO9gydXsuQNtUAnV7LqjddHvcFXV7LrhpdHsnKQBJQA+EdnR73RUDVHsn2QBMQASP
207=qgIATSgpAE5IAdkGT0gB2SdQSAHVAlFIASNJMANERCcxAVNUAtEJVEgBnTYCWJrABHR7yU
208=MBUBknKQBYTAWcCnR7xR4CU1AuAMBAHkFnW0AEagEBA1A6tAIBAgMAXVQCI28kAwBeSAGT
209=QAIAX0gBnBV0e9k9AVR7J7UBYkAEkxQBAGMoKQBkKCkAZSgpAGZIAZcYAQBnSAGcCnR7J2
210=kIaVQCbBRPAA4AL1QASwADAA8oKQAQKCkAESgpABIoKQATSAGQYSKdSy/hfRVUAksJAAAE
211=IXdnLwCAbAFsfskMBUT6JykAGUwFhAgiZS4vsEBsftAJbX4vtHtsftkGB0l0L6hOb34vAI
212=hoDGT6JykAIVwKIxEpB014L0A2RARtfi9YekgBbX4vvY4HWRYvUASVAiZYBoAlbH7YEWx+
213=2BFtfi9QO40FKk0FTkYBAAdNfi+33gcALFQClDltfi8ozQ8vWLxRBQVZAy+kYGx+2BFsfs
214=wQbn4vACOtWANF+i+/2wMANEAHnApsftwKbX4vr4kBADdABCOUKW9+LwBAUA1JADlUAlgA
215=aQA6KCkAO0gBlC5k+swbZPrAD29+LwBMcwYBAD9NBVOpAUBIASdFHy9cqlgCbH7ECGx+0D
216=VsfsQebH4nmQNGRAifVwMARygpAEgoKQBJKCkASkgBkNpsfid1BExUAokXA01+L0BBTxAD
217=AE5UAt0KTygpAFAoKQBRSAHRCVJIAZu2AwBTSAGJZANYLNAUbH7dCgJcMCcpAFdMBYkMAk
218=QuJ1UAWVQCmH9tfi+OfgMDSD2pAQRsfqkBBWx+yCJsfie1AV9ECI8QAgBgSAFbGQAAAkx+
219=J30FYlQCwQ9jKCkAZCgpAGVIAcUIZkgBnFdsfs0mAUT6w0YAAGlABIsMAABqKCsADQAwsw
220=IDAA4oKQAPKCkAECgpABFIAcEwEkgB0SoTSAGcIGWBMKtDBAAVVAKEE2WBMLx4ZIHUDWSB
221=zwUFABlMBYQIZIHXAgYAG1QCkzUGABxIAYAEZIHECGWBMFjzVBcijT4wJNVoBlT/IuR0lQ
222=IhWAYjGEBmgTAAI7gzZYEwUL9BBAhdiDCxdwhEgQgwACYAAAAABwAmABEAAG4QACABMACC
223=AEAABAcAJwAwACJEAQEABwAoSQEnawEGAClJASipASpJAVVrAQcAK0kBU6kBLEkBhWsBBg
224=AtSQEmawEFAC5IAZMJBQAvSQGEdQIEQwEwAFypATFRAYZrAQMAMkkBV6kBM0gBgw8CADRJ
225=ASN3AgIANUgBhwgBADZIAY8FAQA3SAGHCAAAOEkBWG8FAAA5SAGmAQA6KCkAO0kBgLkCPE
226=kBWmsBAQA9SQFMqQE+SAGDGgEAP0kBIbUCQEkBJakBQUkBf2sBAgBCSAGXGAMAQ0kBfncC
227=AwBESAGbBgQARUgBkyoEAEYoKQBHSQEebwUEAEgoKQBJKCkASkgBjyYEAEtIAYcpAwBMSA
228=GPEAMATUgByQxOSAHRCU8oKQBQKCkAUUgB0QlSSAF8DgEABABTSAHdClRIAYcIAwBVSAGf
229=FQMAVigpAFdIAcEEWCgpAFkoKQBaSQGBYwsDAFsoKQBcKCkAXSgpAF5IAZsRAwBfSQEfew
230=YCAGBIAYMaAgBhSAGbHAIAYkgBlwIDAGNIAcUTZEgBxQhlSAGXGAIAZkgBlwICAGdIAZ8K
231=AQBoSAGDBAAAaUgBgwQAAGpIAXwOTQBrKCsADAAxQAJLAAMADSgpAA4oKQAPKCkAECgpAB
232=FIAcU/EkgBnxUEABNIAZ8VBAAUSAGDGgQAFUgBmxEEABZIAdUCF0gBmwYFABhIAZcCBQAZ
233=SAGXAgYAGkgBlwIGABtIAUkUAE1zHEgBi2QGAB1JAYl7AgYAHkgBl2UGAB9IAZtTBgAgSA
234=GTFAYAIUkBJG0FB1N8MQCIqQEjVAKXewcAJEkBWXcCCAAlSQFSqQEmSQFUqQEnSAGAfX2D
235=MVgMWAJ+gzEAn2IGACpBBFtQAlEUK0gB0RQsSAHFEy1IAcUTLkgBkAl8g9AJfYMxWJBJCA
236=NaAzEAmAZ+gzEAj34DADNcAoQpfYMxRBlMBX6DMQAnfRAxUFFUAn6DMQAnfBDUAnyD2T0A
237=XYMxt5EAADtcCpcjAAA8SAGJIgBcg9sGAQA+VAKYMn2DMUQkiQxA9wICAEFIAZA1fYMxWC
238=1ABHyDzAV8g8AlfIPNEAVcgycpAEdECIkMBV2DMbeyBQBJVAKfVwUASkgBkB99gzFIPkkM
239=BFyDJykATUAEjxAEAE5IAdEJT0gBj1IFAFBIAdEJUUgB0QlSSAGceHyDww8EAFRUAo0FBF
240=yD0xQEAFZUAlkOAE2JV0gBiwwEAFhIAYsMBABZKCkAWigpAFsoKQBcKCkAXUgByQxeSAGQ
241=d36DMQCEE3yD2Cd8gydRBWJMBZgcfIMnZQJkVAKbPQMAZUgBmcEDXoMxAJxMfIPcCnyDzU
242=cBXIPMR3yD0wkAAGtECJscAABsKCkAC0jVlwIDAAwoKQANKCkADigpAA8oKQAQSAGDJQMA
243=EUgByRcSSAGAZ3WGMpoKAAVUhicpABVABJkCBVWGMqdKBQAXVAKECHSGzQUGVYYyQHhUBX
244=eGMgCHRQEAdoYyAN2DHFgGmGl1hjJYOEQEdYYyXDyJAR9ABEEBAFkGIEgBkGF0hicxASJU
245=Ap1iBl1yMqx+dIbMEHWGMrF3B1g3wA8iVSEyXAVEC3WGMijUECe9AipcCpeRBgArSAHRFC
246=xIAYOIBQAtSAGUGCJUIdAJdIbQCXWGMrh/dIbMG3WGMkxjQA90htscAwA0UAndQTVIAYhO
247=IlQhyxcAADdUAowQIlQhzBt0hicpADpABFQKaQA7SAGcTHaGMgCErXSG0DV1hjLphT9MBZ
248=NAAgBASAGIOHSGzwUDAEL0AnSG1wIEAET0AnSGzBB0hsMEBQBH4AR0hsEEBlWGMlAwTBR1
249=hjK/pAUAS0wFjRAFRSMyo4gFAE1UAp38BVSG3xUFAE9UAlwHfUFQSAGDcgUAUUgBzQVSSA
250=GTdwUAU0gBnSAFVEnAD3eGMgCDaAh0hicpAFdMBZAfdoYyACMlJgVWhjIAhc4FRQIyXJRd
251=BgVDuTIAe0QBXWJcWQZxqQFdSAGLOAQAXkgBhBN0hsMaAwBgVAKTFAMAYUgBlw0DAGJIAW
252=AIRZdjSAGTSwMAZEgBmD11hjL5zGZUAoyJdYYys8QCAGhUAoAPdIbITnSG1C50hicpAGxM
253=BZcNAABtKCkACkDYlwIDAAsoKQAMKCkADSgpAA4oKQAPSAGfNgMAEEgBwRoRSAGTCQQAEk
254=gBhHZuiTMAmHQiBSIz9YYVQASMMW2JM6xSbInDBAYAGEAElDltiTNQMEQLbYkzTEKJARtA
255=BCMjIAYAHEgBTAJpQx1IAYj+bYkzsDUiByIzAHVkBCIEIicxASFNBVC1AiJJAX6pASNIAY
256=gXbInJFwdBFDOoemyJxAhtiTNATFwGbYkzsPsiBSIzQNBUAiIFIjOpkAVNiTO7oAUALEgM
257=jDxsidAJbInQCW2JM7DEbInAD22JM0TfXAptiTNQXIkBM1AJjEciBSIzqJsiBSIzqJtsic
258=QIbInEE22JM1gHiQA5RAiAASIEItgRIgQiyAxsicQ0b4kzAB1wBWyJ0zUCAD9ECJBAbYkz
259=u1MDAEFVAoBsBWyJww8EAENUAogtbInHCAUARVQCiP5sidQNbInDBAYASEAEgEZtiTOjiA
260=YASlQCnW0FTIkn2QBMVAKZUwZNiTO5igZcRicpAE9ABJUNBkR7J1UAUVQCyU5SSAEjACds
261=idQubInVTwVdMDP9g1ZMBYFRBVR10SoFQEAnKQBZQAR4IFWGWkgBI0wrbIknuQdcVQJ8Zw
262=QFAF1IAYAabYkzJM8lBABfVAIlOSNgKCkAYUgBnRUETIncTCIEItBAbInUOWyJ1DkiBCLQ
263=S2yJ2AYiBCLYBmyJJ8EIakgMYBNNAGsoKQBsKCkAbSgpAG4oKQAJWNpIBgIAAAMACigpAA
264=soKQAMKCkADSgpAA5IAZ82AwAPSAGESmWMNIwJAQAEABFUAoAEZYw0oDtljDRcc0wEZYw0
265=JCMgBQAVTAVMAnGCFkgBmwYGABdIAZwKZYw0qNJljDTlShpABCNsLyK0IsAPZ4w0AMR0CS
266=K0IqkBAWSMqQECZIypAQNkjKkBBCK1IjRMQl0GBlkLNCZBJCNIDIWiBkUCNLhpZIzYEWWM
267=NKDVZIzEE2WMNKiQZYw0TNGdCipQCYTDZIzcFWWMNL+OBAAtQAQjtyIEAC4oKQAvSAGIkG
268=SM3ApkjNwKZIzFCAJZOjT5ijRYBpONAQA1SAGHCAEANkgBlGVkjMQIZ4w0AMVMFEkAOUAE
269=aQEBZYw0rMBljDS8NmSM1AIiDETUAmSM1CNkjMMEAwBAUAmQd2SMzAVkjMAPZYw0JOgjZI
270=zECGSMxwgGAEZECJtpBgBHSAHdQUhIASMzOAcASUgBlHBkjN1MBkSMJykATEAE2QZNSAGR
271=SwdFjDSndgcAT1QCif4HRIwnCQdRVAIjhScGUIfULmaMNADRglRABCPUR2SMJzUHVlQCVS
272=gAQYhXSQF5bAFljDSkrSK0IietAFpABHwDTQVbKCkAXCgpAF0oKQBeSAElOSNfSAElOSNg
273=SAGfIAUAYUgBI4AhZYw0tGVkjMAaZIwnlQhlTAWcTCIMRCfBCGdUAohDZIzTFAEAaVQCkF
274=YitCLUAiK0IicpAGxABJQYIrQiJ1UAbihVAG8oKQAISFGPBQMACSgpAAooKQALKCkADCgp
275=AA0oKQAOSQGAaAh9jjVgASI5ORBUAowBfY415UoSVAKbPQUAE0gBmEgilTQ1qFl9jjWjXA
276=YAFkAE1UQXSAGTCQcAGCgpABlIAZwgImUjNel6G1QCjAV9jjWdjgV8jqkBBnyOqQEHfI6p
277=AQh8jqkBCX2ONUTUTAh9jjVEUIkBI10KfkUBAH2ONUyPTAF9jjUkfCZ9jjWlSghRhzUkBC
278=J9jjWkP32ONUCZWAYiZCPUAnyO1AJ+jjUAmD19jjUkVDd9jjVMY1sGBAAvTBAjzCV8jsQI
279=fI7ECHyOxAh8jtkRAlE9NSR1JQFcB9UCAVyOxAh8jsQIfY41nY4CIpQ0qQEDfo41AIw8fI
280=4nBQE8WAmUAnyO1wICAD5UAoAlfY41oLR8jsM7BABBQASHPwQAQkgB0fBDSAEjbCR8jtgG
281=fY41qNJ9jjUkISsHXY41JuUoSFgGhEp9jjWz2gcASlQCwYhLKCkATCgpAE1IAZBLfI7JFw
282=hdjjVMN0gtfY41u7YHAFFMBSfcEdwrf441AHdIBUmFVEAEI4AsfI7FYAVYNycpAFdBBHat
283=BVhJAW+pAVkoKQBaSAHBiFtJAcWhBFzJAQEiZCPTFAUAXlQCfANBD19IASXpI2BIAY3LBF
284=yOyBd8jsAafI7UAnyO1xgCAGVZBlZ3CQIAZkgBkEsiZCPIQ3yOyEN8jtgGfI7MG3yOJykA
285=bEQIbAlNAG0oKQBuKCkAbygpAAdcT1wEIpEjCCgpAAkoKQAKKCkACygpAAwoKQANKCkADk
286=gBI9QxaZA2oHIi6SM2rIlpkDakjCLpIzakSmmQNogQSXoURAiPAQYAFUgBlFpokMMEBwAX
287=VAKABGmQNrREIukjNrREa5A2AH1kBCLoI9gGapA2AITOa5A2AG2hBB5QCckBH0gBlMhpkD
288=YmnTUhVAKQ2mmQNiSwMiKhRja8jmiQ2RwGXBrUAmmQNiYpWCdFCC50DWmQNr+OBwApVAKE
289=jGqQNgAjlD8ioUY2uJVpkDYoCRI2uKBqkDYAI2RlaZA2QGJAC2mQNrdwBAAxXAqL3QMAMk
290=gBl/8CADNIAZR7aZA2uKBpkDa4EWiQzxABADdMBZC5aZA2iZAEaJCpAQVokNgcaJDQHyLo
291=I9QCaJDUAiLpIza8jmiQyAFokMQ/aZA2rbUFSJDEEyLoIyeVCERYEZSRaJDIDGiQyAwi6C
292=PTSwcASEwFzYlJSAGVkQhIkNscCABLKFUATEgBj58IAE0oKQBOSAGAJWiQwDBokNhIaJDE
293=NCLoI8AEapA2ANl/VEQInHhpkDas1mmQNiQQPyJwNdRPIugjJykAWVgGgFEioEYnMQFbVA
294=JqkAIFUCShMANokNgRaJAnKQBfTAVUQSJ1JWBIAYg4aJDAO2mQNrPPAwBjQAQjbyQDAGRI
295=AYwFaJDcTGiQ0EtpkDawSyKgRtAfaJDQH2iQzBBokCcpAGxcCpgRIugjJ1UAbihVAAZETS
296=N/UgIABygpAAgoKQAJKCkACkgBJVEmCygpAAxIAcUIDUgBIy8yAgAOSAGEP2mQN1ByVxAD
297=ABBUAphIaZA3t5EFABJUAoBGaZA3QAVLAAYAFFQCQAEiyTUVSAGI6GmQN/GNF1QCmBEi9T
298=U3/Y4ZVAKEP2mQN6Q/aJAnXQEcQASQz2mQNygIEicpAB9ABJBAaJAnVQAhVAKI0miQJzEB
299=I1QCiDhpkDf1kSVUAiWRWiZIAYkiBlkWN7RwaZA3JEBFaZA3pIxpkDcmgTcrWAaAiGiQww
300=QEAC1UAiOIemmQN7ugBAAvVAKL3QMAMEgBjTEDSJDJIgNJkDdAV00pA0mQN7RPaZA3oZ4C
301=VNDUAmiQzBBokNQCaZA3iZAGaJCpAQdokMQIaJDQH2mQN6TOIn1HN6QeaJDIAWiQyAFokN
302=gGaJDYBiIUJCdpCENAGp+DBQBESAHVREVIAdUuRkgByUNHSAGQSwkHAEgANwAhAAAAAAgR
303=AABkEAAgCgBJADcAJQAAAAAIAEpKASYAQwAIAEtJASVEAVUCTEkBWmsBCQBNSQFUqQFOSQ
304=GFawEIAE9IAZsGBwBQSQEidwIHAFFJAR9rAQYAUkgBgwQFAFNIAYMEBQBUSQFZYwQFAFVJ
305=AVOpAVZIAWQBAQAFAFdJAXZvAQUAWEkBbakBWSgpAFooKQBbSQHFQAQBBAUAXMgBAQUFAF
306=1IAYsXBQBeSQFQQARdCl9JASdrAQQAYEkBI6kBYUkBV6kBYkgBjxsDAGNIAY8FAgBkSAGP
307=BQIAZUgBjwUCAGZIAYMEAQBnSQGIZwgBAGhIAY8FAQBpSQGEdwIAAGpIAaYBAGsoKQBsKC
308=kAbSgoAAIFADgAiXMFAQAGSQEoqQEHSAHVDQhJAYe1AglIAcEECkgBcAIBAAIACygpAAxJ
309=ASF7AgIADUgBgzsCAA5JAX93AgMAD0gBZAEBAAQAEEkBfm8BBAARSQEdawEFABJIAYcIBg
310=ATSQGDdwIGABQoKQAVSAGfCgYAFkgBhx4GABdJAVytBRhIAWQBWRkZSAGHPwYAGkgBhz8G
311=ABtIAcEEHEkBem8BBgAdSQFyqQEeSAGTQAYAHygpACAoKQAhKCkAIkkBdbkGI0gBZAFBDy
312=RIAZ9BBgAlSAGLWQYAJkgBhx4GACdJASRzBQcAKEgBizgHAClIAcEaKkkBW2MEBgArSAGX
313=RAUALEgBgwQEAC1IAYMEBAAuSAGTNQMAL0gBkwkDADBIAZcCAgAxSAGLOAIAMkgBmz0CAD
314=NIAY8FAgA0SAGTCQIANUkBhmMPAQA2SAGVAgFaRTgAlQIATgI4AGRgAQgAADlQAWgBAQkA
315=ADpJAVV7BgAAO0gBh2AAADxIAYceAAA9SAGPPAEAPusBAgA/SAGfIAMAQEgBk0sDAEFIAY
316=8FBABCSAGPRwUAQ0gBzTxESAHVREVIAdVERkgByUNHSAGHCAcASOkBCEqQOACZBglLkDgA
317=Hn0VCUiQJykATE0FgbUCTUgBg4gJAE5IAZiKapA4AJUCCEmQOFhDUAVpkDhQO0gBaJDBBA
318=ZIkNQCapA4AJwKaJDDBAUAVlwKUQYASYVXSAEnChI4AJdPBQBZVALJAVooKQBbSAF1LgZo
319=kK0xB2mQOIwJUQleQASXhgUAX0gBiBdokMMPBABhVAKDBAQAYkgBkEtqkDgAkEtpkDhUE1
320=wJaZA4QK+JAWZMBZAJaJDQCWmQOFhZQQQASpA4AIRKaJDZEQBIkCcpAGxECIUFAEGAOaUB
321=AUQWJykABkxKn0EBAAdIAZEJAUzDJ4EACVUCgGMHAQAKSAFkAYiQwwQCAAxUAoAEaJDVAg
322=NKkDkAnAppkDlMbkEHA0mQOVx+SAFokMgBapA5AIhOaJDFCAdIkCcpABVIDFEGAEkUFkgB
323=iCJpkDmrQwYAGFQCgwQGABlJAXtsAWqQOQDJhRtUAnACSYUcKCkAHSgpAB5IAcGTH0gBwZ
324=MgKCkAIUkBcGkIBlAOxRMGUS85SNhZAgZUHSdVACVMBU0CAFUNJkgBnCBokN0gBlkhOak4
325=BkmQOVQIVwUGACpMBYGIBUiQ1AJpkDmsXWiQxB5pkDmsR2iQzBBpkDm0hmqQOQCEommQOU
326=T1SAxpkDlcaIkBNPUNAUiQ1A1okMUTAEiQ1AJpkDlMhFgGaJDYHGmQOUD8lQI7UAmUvWqQ
327=OQAnCBLMPGiQ3EFokN0gAkiQwARokMgBaJDIAWmQOaOIBgBESAzRjUVJAVZ/DgcARkgBj5
328=8HAEdIAYAPaJDFCAhIkMgBaJDRCQpLkDkAgmcICgBMWAaHjAoATUgBkEtokMktCVFxObyO
329=aJDMMWiQwQQHTCvUAmmQObecBgBUUAmdCgZQJNA1aJDYJyIWJDkAiE4iFiQ5AIhOaZA59Z
330=FaRQh9cxQFAFtIAWmQCGmQOZnBCWiQzDwiFSQ5RBlRBQVJkDlQD4kBYFgGlMhpkDlUCFQC
331=apA5ACcIEsQTaZA5XJ9ABGuQOQBRRAFBfWZECJfpAgBnSAGYBmiQ2AZokMAaaJAnKQBrTA
332=VgCE0AA0jVgOBpkDok6CNksCcpAAZABJDlfns6AMkBCFQCl9MAAAlIAYxoapA6ACUlJgtU
333=AoEEAUmQOqCIaZA6TA5IAGiQJykAD0wFiENpkDooCBLIAWmQOkB4WAZokMgMIhQkJykAFU
334=QIgA8iFSQ6QHiNBRdUAoS4aZA65YEZVAJYA3l/GigpABtIAZNWBgAcSQFOZAQiFSQ6WN1N
335=AQZdRjq8NiIUJMsXBgAgTAVYA3EJIUkBfGwBaJAngQAjVAIj0CBokCdVACVUAph/IhQkJ1
336=0BJ1QCnCBpkDq0WmmQOrWRBUmQOrSRaZA6qNJokMcIBQAtRAiQQGmQOigJEjqwS2mQOrBL
337=aJDfCgEAMlgG0TUzSAGcFSIVJDq4lWqQOgAjrCFokNQCaJDMEGiQzBBokNgcaJDADyIVJD
338=qohWqQOgCIhSIUJMA7aJDfNgEAP0wQI7QiaJDQQGiQyAFokMgBaJDQS2mQOq+qBwBFRAiI
339=ZGqQOgCMn2mQOqyfaJDECGiQyAFokNAJaJDFHgtAd8QeaJDVAgpYQsQpaZA6rMBpkDpA0F
340=VACEh01AJpkDpcR1UCB0gRwQQHVEknjQdVXBWIm2iQwARokMAaaJDcK2qQOgCdTAVUHcAw
341=aJAngQBcUAlMDXV4XSgpAF5IASOQI2iQxD8iFCTESmiQ1wIDAGJMBSOsISIUJNhIaJDAO2
342=iQzwUBAGZMBYhvIhQk0AlokNgGaJDYBmiQJysAAgA7jBRRAAMoKQAEKCkABSgpAAYoKQAH
343=KCkACEgBnI5pkDvhkwpUAotZAAALSAGYSGmQOygIEsAPaJAnKQAPTAWIb2mQOygJEju8jm
344=mQO1B9VxUFABNMBYsMBQAUSAElTSAVSAHVAhZIAYQTIhUkO6R2aZA7tHAiFCTADyIVJDtY
345=OFwKIiE2O1BGiQEcRQhRRQEAaZA7UEZMAWiQJ9kAH0AETAJ9jiBIAcWXIUkBUHgCaJAnrQ
346=AjVAJwAlEJJCgpACVJAXd4AmuQOwBxqQEnVALJFyhIAZBAaZA7rIlpkDv9jitBBE94BmmQ
347=O6yUIhQkxB5pkDuwmCIUJMMEAgAwWAacCmmQO6BnaZA7VJdXCQEAM0AExUo0SAGMBWiQxw
348=gAADb0AmiQ0CpokMQeaJAnKQA6TAVUCmkAO0gBjDxpkDu3kQEAPVQCI6whaZA7oJNokNBA
349=aJDIAWiQyAFokMgBaJDURGmQO6HgBkiQJykARkgMi0MGAEdIAYxSaJDECGiQyAFokNMJCg
350=BLTAWcICIXJDsALmwYaZA7pIxokNgnaJDXAgkAUFgGjIlpkDu/jggAUlQCI70jCFRJ2DJo
351=kMQIIhQkxQgGXDvUAmiQ1AJokNAqaJAnKQBaXQpbZBNokCdVAFxUAnECACIUJCdVAF5UAi
352=cJEjusy2iQwARokNQCaZA7pM5okNgRaJDYEWiQ1BhokCdpCGdIDCWJImhIAYxHaJDLDAAA
353=ASEQPocTAAACKCkAAygpAAQoKQAFKCkABigpAAcoKQAIKCkACSgpAApIAd1MC0gBmD1pkD
354=ysiSIVJDy0RCItSDwktyICAA/sBWiQzAUiIzY8ACBjFgQAEkAEmUgESJDABGmQPKeMBQAV
355=QASTdwUAFkgBmwYFABcoKQAYSAEjsycFABlIAZNLBQAaKCkAGygpABwoKQAdKCkAHkgBjR
356=AFRXs85ZcgVALZlSEoKQAiSQFSaBciITY8WN1MASIVJDxcAEgAIi1IPCSILWuQPAB0UAJN
357=lCdZBlipAShIAdmrKUgBlDlrkDwAVWAEIhUkPFhZTAFpkDwkZCNpkDy1kQNQZtQjaZA8sI
358=1pkDy8YmmQPLhpIiE2PFAaUAlokMcIAAA0QA+HKQAANUgBjBBpkDy4U2iQwBpokCcpADlM
359=BUgJaQA6SAGAGiIVJDwkBCJpkDyo0mmQPCRzKgIAPkwFI0hGIiE2PLSRaZA8qNJokMgBaJ
360=AnEQhDWAabXgUARCgpAEVIAdE1RkgBgFFokMQIaJDIAWiQ0AlpkDy06SIsSNtTCQBM5Ahp
361=kDy4wWiQ3yAKAE9ABJyOaJDdKwlA2t0rCUiQ3CtokMwxaJDBBAdQOtQCaJDXAgYAV1wKIx
362=QvaJDITmiQxEoiFCTULmiQJykAXFkGWngva5A8AE6pAV5UAiM0KCIUJCfBCGBUAp9MAwBh
363=SAGMPGiQ0AlokNxBaJDESmiQwBpokMsiAABnRAhwDU0AaCgpAAJAzUQCaQADKCkABCgpAA
364=UoKQAGKCkABygpAAgoKQAJSAHFSgpIASeyET0AmH9xjT23hgEADUAEk0ABAA5IAZBAcI3M
365=BXCNzwUDABFABI0FA1CNwARxjT2vlAQAFEAEaBhduhUoKQAWSAGZJwRQjSetABhUAs0FGU
366=gBwQQaSAGHVQQAGygpABwoKQAdSAGNEARIdMwQcY09qaYFXRo9JJk6BUj4J1UAIlgG3Zkj
367=KCkAJCgpACVIAZ0KBVWAPeWXJ1QCnEEiyTU9q9IFAClUAiNIJXGNPURbXBhxjT27igQALE
368=AElERxjT1ACkAEcY09JNhCcI0nKQAwTAWH7wMAMUgBI2xmcY09KLARxAhxjT20kXGNPVAK
369=iQA2WQZBhgEAN0gBpgEAOCgpADkoKQA6SAGM7HGNPSixET0osRE9SGpMCHONPQCARAFF4T
370=9ZBlxoASLgWdgGcI3AMHCNJ2EHQ0wF1SNESAEjwykFAEVIAYNRBQBGSAGcTHGNPaSXcI3M
371=EHKNPQCECHKNPQCECHCNwA9wjcAPco09AIgtcI3AMCK9Iz3tlFBUDYRKcI3MBXGNPayUcY
372=09uasITNDMPHCN3SsHSRE9qMdwjcwxco09ACMkXXCN2DJwjdAJco09ACMELSLVRz0kBC1x
373=jT0kmC8i1EffFQQAX1AUlBgivCPEE3GNPbTIcI3YEXCN2BFwjccIAQBl5AhwjcQIcI3bBg
374=AAA1DHZDhNAAQoKQAFKCkABigpAAcoKQAISAGcpCIZNT6vXQAAClQCjIkiGTU+qy0AAAxU
375=Ao1oAFmKPqA7eYo+vI54is8FAgAQ7QUCWIrABHmKPq+JAwATQASIDHiK1wIEABVUAkQYIv
376=E6FkgBJTFDF0gBzQUYSAGDfQQAGUgB0SoaSQHAfAZ6ij4AaAEBAQQAHNYCAgRMFcwQeYo+
377=UIhRBQREcCfhASBMBUwCYQ8hSAHZlSJIAZX/BFBQJ9kAJFQCnSAERPTcCnmKPu2UJ0AEkR
378=QFVR0+SAdEC3mKPiQMT3qKPgCcjnmKPryOeYo+vEF5ij5MBkgAIhk1PruVBAAvXAojv08E
379=ADBIAZQjeYo+RBlMBXmKPrSRIg0jPq+JAQA0TAWI6HiKyAwiDCPIDCIMIycpADhMBUgJaQ
380=A5KCkAOkgBI5gveYo+KFkRPihZET64XniKyCIiDCPcKyIMI8wFeIrMEHmKPquQBABDSQxZ
381=eA4iDCMndQRFVAInWBHITniKyAF4itwKeIrcK3iKxAh4itgReIrYUyJIfcQTIjFZPqiFeY
382=o+VIFQECINIz7hk1FMEJxBIhg11Dl4isQeeIrIOHiKxCl4iswxeIrMMQYGAFgAPgBYAAAR
383=AABcEAAgBwAABgBZAD4AhgBAAAQFAFoAPgBXRAEBAAUAW0kBeqkBXEkBdKkBXUkBJ2sBBA
384=BeSQEjqQFfSAGXAgMAYEgBlwIDAGFIAZcCAgBiSQGIbwUCAGNIAYMEAgBk6wEBAGVIAY8F
385=AABmSAGABAIAAAQAP3AGbQAFKCkABigpAAcoKQAIKCkACUkBWXMGAAAKSQFSqQELSQFUqQ
386=EMSQF+qQENSQEkawEBAA5JASipAQ9JAVhrAQIAEEkBgKkBEUkBXGsBAwASSAGbBgMAE0gB
387=mwYDABRIAZcCBAAVSAGHHgQAFkgBgxoEABdIAZscAwAYSQGHsQkZSAHFCBpJAcBUAgEDBA
388=AbyAEBBAQAHMgBAQUEAB1IAcUIHkgB2QYfSAHBDyBIAcEPIUgBwQ8iSAHZBiNIAdkGJEgB
389=2QYlSQEgQA8BAAQAJkgBhxMEACdIAY8FBAAoSAGTHwUAKUgBkwkEACpJAYm5BitIAdUNLE
390=kBIbUCLUkBIqkBLkgBmwYDAC9IAZsGAwAwSAGbBgMAMUkBhG8FAgAySAHBMDNJAYV3AgEA
391=NEkBJmsBAAA1SAGfCgAANkgBsgIANygpADhIAZ8VAAA5SAHBBDpJAUGtATtIAdFAPEgBny
392=ABAD1IAYUTAVlQP1QeUQUBTQI/RC9LAQIAQFABjwUDAEFIAZcjAwBCSAGXAgQAQ0gBwTBE
393=SAGDBAQARUkBHUAIRWtG6wEGAEfrAQcASEgBhwgIAElIAYcICABKKCkAS0gBkwkIAExIAZ
394=cjCQBNSAGbBgkATkgBhykJAE9IAYdgCQBQSQFTYw8JAFFIAYN9CABSSAGHCAgAU0gBmzIH
395=AFRIAYcIBwBVSAF0BgEABwBWSAGBBAZOgz8AgwQGAFhVAltkBGKIPwCcCmGIP1AEWAJhiD
396=9cR0sBBABcTAWDGgQAXUgBhAhgiMMEAwBf9AJgiMx+Yog/AIQ/YIjNBQFAiM0QAUCIzQUC
397=QIgnKQAFTDRYDmkABigpAAcoKQAIKCkACUkBPWQFaYVAowEAAAtUAs0BDEgBnysAAA1IAY
398=EwAEuFQAB/ZwQBAA9UApwgaoVAAI8FAgARVAKZSAJJhUC5SAJIhcAEaoVAAJFsA0iFJykA
399=FlgG1QIXSAGAJWiFxxMDABlUAosMAwAaSAGRKgNKhUAAlQ0DSoVAANUCHUAExQgeSAHZBh
400=9IAckMIEgBj34DACEoKQAiSAHZBiNIAdkGJEgBzQUlSAGdIANJhUBQO0AhaIXMG2iFzRAE
401=SYVAoEZphUBcy40FK0UIUEQBUY0sSAGLDAQALUgBgw8EAC5IAYSBaYVARFBQBWmFQFhZiQ
402=ExQASITmmFQFDVVwICADP0AmmFQEhUVQIBSYVAuFNrhUAAvVACSQA3TAVoAQEBAAA4yQEC
403=aIWgBAEDAAA61AIBBAAAO0gBkxQAADxIAZEfAEiF0B9qhUAAjIlohdwgaIUn5QdBWAaECG
404=qFQADFKUNUApMJAwBESAGcg2mFQLONBQBG9AJohdwKaIXFCAdIhScpAEpMBZMJBwBLSAGY
405=U2qFQADFgU1UAoDgaYVArXMISIXNRwhMK902CEiF3DZohdwraYVAoHJohcUIBkiFxQgGQD
406=XYBmiFwQQFXDDdCgVIEcAEaIXcCmiF3ApohdkGA0iFJ10MXkgXiENohScxDGBUAkY5AABo
407=hcQIaIXIDGiFzAUirCEnKQAGQLeZBgBQm9PBAAAIVALJiAlJATGlBApJATOpAQtJATWpAQ
408=xIAaQBUYJBpD9xgkG4f3GCQbdwAQAQTAWZMgFRgkFMIUAHcILMBXGCQf2DFEwFdP9BGhXI
409=AQEBAwAWyAEBAgMAF0gBkNpxgkGpOAJRgkGtiQJQgicxARsorQAcSAGFuAJASyetAB5UAo
410=cTAgAfSAHdCiBIAc0FIUgBh1UCACIoKQAjKCkAJEgBxQglSAHBXCZIAdWRJ0gB0Y0oSAGR
411=CQNRgkHlYCpUAocIAwArSQFVUCMBAAQALEgBhFVwgtkcA1GCQayJcYJBWE5QBXGCQUjYiQ
412=ExWAbdxTJIAZUYAVCC2AZxgkGohXGCQShREEGQggEFAAA3WAZxggZwgrUCB3CCqQEIcIKp
413=AQlwgtQ5cILUOXCCwzAAAD5QCZRwcYJBvKRwgs0FAlgD3yACAEJQAZ8gAgBDSAGEgXGCQU
414=A2TBtwgsgBcILECHCC1zkGAEhYBoktBlCCzxAGAEpUApEJB1CCxAhwgtMqCABNQASfxQgA
415=TkgBkGxwgtwVcILNBQdQgtcNBwBSTAWZBgdQL9wrcoJBAJi2cYJBVIFIF3KCQQCUOXGCQa
416=CIcILdCgRQgt0gBEHEQaFnBEA13ApwgtwKcILHEwMAXkwQQAx5f18oKQBgSAGHPwIAYUgB
417=gBpwgsB9IgAyJykAB1wuhAh5f0LGAQAJVQI6sQEKSAHFgQsoKQAMSQE5oQQNSAGYXnl/Qr
418=dwAAAPVAKVOQBZf0ImpSARVAKIsXl/Qqgie39CAIBzCQIAFEAEeX8DIk4gQgBpAQR4f6kB
419=BXl/Qu1+GEwFzRsZSAGQd3l/QquQAgAbVAKXcAIAHEgBzQUdSAHNBR5IAYgXeX9CtS4CXX
420=JCs2wCACFABIUpAVh/zRsBUgNCAI0bAUQNzxsCACVNBVZ0GCJNIEJISU0BA00VQlDKiQEo
421=QASRCQJYf8cIAgAqVAKIZHl/Qkg+TAV4f9scAwAtQASIF3l/QlhDQAR5f0JYTokBMEAE3Q
422=oxSAGMBSJNIEKgUXl/QrCueH/cCiL4MNgcIk0gQpl/Cnh/qQELeH+pAQx4f6kBDXh/qQEO
423=eX9CQFdMEHh/1Dl5f0L5wT5YEZwreH/dKwFF1kJMLFkGAVBT3SABRQVCoH14f8gBeH/IAX
424=h/yC15f0Lla0dBB05NCQB4f8gteH/MEHh/xQgHWH/IQ3h/0B94f8kiB0w2xxMHAE9cCtV7
425=UEgBkCp5f0KwmHh/2QYGXDDVGAZEWtQueH/UOXh/zwUFAFfwCXl/QlTOTBd4f8EEA1w73U
426=wDTEEnKQBc+AZ4f80FAlh/0yoCAF9ABJ8VAgBgSAGcFXh/yHp4fycpAAhArFgOaQAJSQE+
427=YAEi8y9DADapAQtVAjSpAQxIAaQBXfxDxgEADlQCI+w0YX1D+T0QVALZPRFIAZsRAQASSA
428=HVZRNIAYAEYX1DJL8uAgAVVALZdBYoKQAXSAHVGBhIAYFcAVz82QYBXfxD9XAbQATJehxI
429=Ac0FHUgBnwoBAB5IAYXDAUUuQ62UAVFQQ0wATRoBQX1DWHqJASJMBZAJYH3MG2F9Q7CYYX
430=1DuF5hfUNIwlgGYX1DQEGJAShECNHwKUgBkM9hfUNYhYEEK1QClSMDXPzAD2B93CthfUNE
431=h08FAgAvTAWXGAIAMEgBySIxSAHZHDJIAZQCYX1DQExYBmF9Q/H7NUAE0TU2SAFx+w9hfU
432=ONfhBgfakBEWB9qQESYH2pARNjfUMAbVgKSQA8RAjJAT1IAZQ5fPzTKgAAP1QCiS0AQH3F
433=NABBfUO0e2B9yAFgfcgBYH3IAWB9yC1gfcgtf/xDAExAEIF9Q1xzTAFgfcQ0YH3cK2B9wT
434=sHSAYnKQBNRBOAJWB93SsGQAnJFwZctN0VBlA6J4EAUvgGYH3IDGB93DZgfc0FBVCS1AJg
435=fdUCBEyv1AJifUMAI3ggYX1DndsAYH2qAQEDVIupAQJhfUMkpCBgfdEJAUB90QkBQH3ARm
436=B9JysACQBESCOJAAooKQALSAHBfQxIASfsHietAA5UAiPcU2p6RADBOxBUAtU5EUgBnXgA
437=SHrDBAEAE/UCAU33RFSXQA9qekQAI89RAgAWQAQj6yMCABdIAdFWGEgBjDFpekRUHlgGaH
438=onXQEbQASZXgFN90Ttcx1VAlpJBQBpekRctUwBaXpEQK+JASBABIkMAEl6RKF9AE33RKmF
439=AEEJROFRJEwFmBxpekT1/yZUAoEPAkRwJ1UAKFQCnBVs99AUaXpEo4gCACtBBCBKEAACSH
440=onVQAtVAKPJgIALkgBhD9pekRERVAFaHrLFwIAMUAEIz8/AQAySAEjKCFpekS4iml6RChJ
441=D0RUw0QIbfdEnXgUaHqpARVoeqkBFmh6qQEXaHqpARhpekQoSA8nKQA9QA/Vez5IAYgtaX
442=pETGOVDUBUAiOUP2h6JyUFQlQC1ZxD6AFoesAEaHrMJmh6zzEFAEdMBSM0KGz32BxoeswF
443=aHrFKQZM9ycpAExYBostBgBNSAGdKwZNQUSka2h6xEpoeicxAVFMBYk4BkhTJ4EAU1QCgU
444=YFSEjLDAUAVVQCjAVoeswFaHrAMGh6wGdoetQCaXpEiXoDaHqpAQRoeqkBBWl6RChIDydV
445=C19UDZQrbPffCgIACiHAVJQCIjFORcYBAAwoVQANKCkADkgBhClxd0VMIZkFEFQCI49JAA
446=ARSAGMXXF3RfFhE/QCcXdFvfEBXfFFsWEBUHcnKQAXTAWLIgEAGEgBxeQZSAGZJwBc8Sdd
447=ARtUAsEEHEgBwQQdSAGRNQBd8UW8V3F3RUBtnRUgQASIDHF3RbCCcXdFJoEhI0AElBh98U
448=WrbwEAJVQCnwoBACZIAYAPcHfdCgFUHSetAClABI9HAQAqKCkAKygpACxIAdEJLUgBlA1x
449=d0VEh1AUcHfIF3B3J4kBMUwFiBdxd0Xx8DNUAtEfNEgBgAQi4C0nNQc2VAJUCmkANygpAD
450=hIASVFVjlIAcFyOigpADsoKQA8SQE7fAci4y1FADepAT5UAsm8P0gBI3BWfPEnJQVBVAKE
451=dn3xRaSifPHIAXF3RazAcHfDOwQARlgGiCJwd8NGBQBIVAKLpgUASUgBnysFAEooKQBLKC
452=kATEgBnSsFUHfUDXF3RUw3TBdxd0VctYkBUEwFlDl88cktBVB3zVIFQKPYMnB3wQQEUHfZ
453=PQRUrM0FBEgyzAVwd88FAwBZSAyYMnB31QICSFPZBgJQUCcpAF3sBXzxyDgi4C0nKQALXC
454=NAF2kADCgpAA0oKQAOKCkAD0gBxXYQSQFRcAZ5dEZYkI0BElUCgIQBTexGoOt5dEaosXl0
455=RuFnFkwFkSoATexGTBZcBnh0J4EAGUAEmBx5dEajOwAAG1QCnTYATexGoVwATEEngQAeKI
456=EAH0gBxQggSAElPSkhSAFMDWkAIkgBiENt7Ebl7yRUAsUTJUgBgAR5dEbljCdUApwKeHQn
457=vQIpVAIl2SEqKCkAK0gB0QksSAHRCS1IAYlOAUzsww8BAC9UAo8bAQAwSAHJDDFIAZDaeX
458=RGXEdEF23sRuHrNEAEiE55dEZUA4kANlQCgAFs7CLsapEBOFUCOIYBADlIASeZDkbh6zso
459=VQA8SQFArQU9SAEjZHAi2yxGAIO1Aj9UAskBQEkBJbUCQUgBJ5kORkgzWAJ4dMQ0eXRGWJ
460=tVAgNQU9QCeHTVAgRM7MxHeHTMR3h0yS0EWXRGoakETOwn2QBM4A94dMAPeHTYBnh0wEZs
461=7NcCBQBRWAaILXh01QIEWCzZMgRQW9gGeHTBBANYdMEEA1h0JykAWPAJeHTNBQJAYcQIeH
462=TVAgFIXtcCAQBdWAZCIgAAeHTJOAJd5keQAlEADVAiCAAAAAAAAAAOAEcAEQAAiQ8AIAEA
463=AAAAQwAPAEdUAIkAECgpABEoKQASSQEkngMAE0kBKKkBFEkBW2sBAQAVSQGFawEAABZIAc
464=0FF0kBibUCGEkBI6kBGUkBWKkBGkgBpgEAG0kBWq0BHEkBUqkBHSgpAB5JAU61Ah8oKQAg
465=SQFTtQIhSAGmAQAiKCkAI0kBXLkCJEgBxRMlSQGHtQImKCkAJygpAChIAd0VKUgBxRMqSQ
466=FUuQYrSAHRCSxIAdEJLUgB1SMuSAGbBgEAL0gBgxoBADBIAYcIAQAxSQEnsQkySAHBJTNI
467=AcEPNEkBbaEENUkBwKkBNsgBAQEAADfIAQECAAA4SAG+AwA5SAHdKzpIAcUIOygpADxIAc
468=EEPUkBgL0GPkgB3RU/SAGLLQEAQEgB3RVBSQF+bwUBAEJJAX9rAQIAQ0gBZAEBAAMAREgB
469=kwkDAEVIAYsMBABGSAGBJQRCAUcAlyMEAEhQAY9HBQBJSAGPRwQASkkBIXcJBABLSQElqQ
470=FMSQEdawEFAE1IAZMJBgBOSAGDJQYAT0gBjzwGAFBJAYatBVFIAY8QBQBSSAGXAgQAU0kB
471=VmMEBABUSQFQqQFVSAGDBAMAVkgBgwQDAFdIAZMfAwBYSAGTNQIAWUgBgw8CAFpIAZcCAQ
472=BbSAGXAgEAXEgBlwIAAF1IAWQMAQACAA1MHosBAAAOKCkADygpABAoKQARKCkAEigpABNI
473=AZMfAAAUSAHBRhVIAYAPaW9ISBKRDBdUAotOAAAYKCkAGUgB1WUaSAGFBQBJb0jGAQAcVQ
474=I/sQEdSQE1qQEeSQFZqQEfSAHFCCBIAbICACFJATutASJIAdkGI0kBwbUCJMgBUVYlSAGy
475=AgAmSAGLTgAAJ0gB3RUoSAGXLgAAKUgB3VcqKCkAKygpACxJAUG1CS1IAdUjLkgB1SMvKC
476=kAMCgpADFIAc0mMkgByRczSQE5sQk0SAHBDzVIAWhvAQMAADbJAQRqb0gAdQIFaW9IUEad
477=BjlABIMBAAA6SAHVGDtIAdEJPEkBV6UEPUgB3RU+SAGfYgAAP0gBgARpb0hAK1MFAQBBVA
478=KQYWpvSACQYWhvwARqb0gAgARrb0gAVVUGAGlvSEBiTAFqb0gAlA1rb0gAiFACQQRJXAqc
479=IGhv3Apob98KBQBMQAScCmhv2Bxpb0hQZ0gIaW9ITDdJAQVGDUgAkwkFAFFYBpQYam9IAI
480=RraG8nZQJUQASZSARMFcAEaW9IXGhQCWhv3QoCSG/cCmhv1QIBXFzUAmhv1QIASG/UAnFs
481=SUQJiQAPTIyDAQAAECgpABEoKQASKCkAEygpABQoKQAVKCkAFigpABcoKQAYKCkAGSgpAB
482=pIAdlTG0kBt7EQHMgBUWEdSQE+tQIeSAHVTx9IAbICACAoKQAhSQE6uQIiSQE0qQEjSAFw
483=bE3AJMgBRVUlSAHVWiZJATOtBSdIAc1zKEgBzVIpKCkAKkgB2X8rSAHZESxIAc0FLSgpAC
484=5IAdF3L0gB0XcwSAHZXjFIAdkGMkkBQK0QM0gB1QI0KCkANSgpADYoKQA3KCkAOEgBlVoA
485=XdtJVLiVCTpUAtEJOygpADxIAdmVPUgB2RE+SQGAlAZRbEm8THJsSQCUAnBswUYCXttJAI
486=jdcmxJAIjdcWxJWE5JCARd20lQXIkBRlwKyVlHSAGBvwNaW0kAI00gA00CSbXeA13bSbB3
487=cGzcCnBs3QoGXNvMG3FsSeVrT0wIxWtQSAGULnBszAVxbEkokA3MG3zbxQgDUWxJrHNwbN
488=UCAlzb1AJwbNUCAVzb1AJwbNUCAFwl1wIAAA9cGEgfaQAQKCkAESgpABJIAdVPE0gByU4U
489=SAFsBk0AFSgpABYoKQAXKCkAGEgBk/AAABlIAck4GkgBVAdpABtIAXhpWV4cyAFZXh1IAX
490=QDTQAeKCkAHygpACBIAcUTIUkBMUAFSQAiSAEnOg1KAHhpSbwkVAJoAUm8JUgB2XQmSQE2
491=TAZJACdJAThcAEkAKEgBwVEpKCkAKigpACsoKQAsKCkALSgpAC4oKQAvKCkAMCgpADEoKQ
492=AyKCkAMygpADQoKQA1KCkANigpADcoKQA4SAEj+CV6aUoAyRc6VALJATsoKQA8SAFIHGkA
493=PUgBwQQ+SAGAym3WSqNcAABA9AJ4adQCbdZKuF55aUq80HppSgCU9G3WSqvSAwBGRAiX0w
494=MAR0gBmF55aUp+DwAAeWlKrHN4adwKeGnIAXlpSuFnTUQIiwwFAE5IAZMJBQBPSAGZdARM
495=1s0QBFh5zxAEAFJABIwFbNbRCQNF3krtaFVABJwRemlKACP0KnhpzQUBTNbMBXhp1QIAUI
496=fVGAJd0EuACFIAEQAnKQASSAHdTBNIAdlTFEgBxbgVSAHVshZIAVQHaQAXKCkAGEgBwTsZ
497=SAF0A00AGigpABsoKQAcKCkAHSgpAB4oKQAfKCkAIEgB0c8hSAHFEyIoKQAjSQE1SA1JAC
498=RIAdVEJSgpACYoKQAnKCkAKCgpACkoKQAqKCkAKygpACxIAdGCLUgB0YIuSAHVDS8oKQAw
499=KCkAMSgpADIoKQAzKCkANCgpADUoKQA2KCkANygpADgoKQA5KCkAOigpADsoKQA8KCkAPS
500=gpAD5IASNYMmFnS7BhYWdL7WhBQAQjhCdgZ8AEYGfDBAIAREAEWCxxYUVIAYlZAkNnSwAg
501=eQICQGcnrQBIQAQjRDVhZ0smjShKVAKIDGFnS6xzY2dLAIRkCCKxJ0skTCthZ0tIX1gCYW
502=dL+cxQRAhOAgAAYWdLvW0DQWdL9d5TQASMaGBnwFx80CcpAFZABCfhDEuka2BnwQQCXNAn
503=KwARAEyQDVEAEigpABNIAdVlFEgBybEVSAFcBGkAFigpABcoKQAYSQHDeANuy0wAaAEBAQ
504=AAGtQCQcobyAFByhxIAagFUCQnDQIeKFUAH0gBJcUkIEgBxcMhSAEnigxMANUCI1QCyQEk
505=SQE3oQslSAHJeiZIAclZJygpACgoKQApKCkAKkgBJWkpK0gB2QYsSAHZfy1IAdUCLigpAC
506=8oKQAwSAHZaTFIASMnPAAAMkgB2QYzKCkANCgpADVIAdkGNkgB2QY3SAHZBjgoKQA5KCkA
507=OigpADtIASO7PgAAPEgB2QY9KCkAPkgBJQEnP0gBwX1ASAEjUyYAAEFIAZDPaWRMo2cBAE
508=P0AmlkTKPKAgBFVAKAUWlkTCRENWpkTAAjYzMCAEhABJBhaGTABCI8NMAEaWRMuHRpZEyk
509=VWpkTACILWlkTKVgBEzLwARsy9UCA0zL1AJpZExUw0s/AwBTQA9AAX14VCgpAFUoKQBWKC
510=kAV+gBIqgmw1ECABIhwCiHCAAAEygpABQoKQAVKCkAFigpABdIAc1HGEgBZWAEcWFNkWEF
511=cGGpAQYicECoAQEHAAAcTAXNXR1IAdFWHkgBzRAfKCkAICgpACFJATylBCJJAWapASNJAW
512=CpASRIAaQBSjJNAMEEJlQCwQQnSAEl1SYoSAHZzClIAc1HKigpACtJAbi1CSzIAVV7LUgB
513=zQUuSQE9oQQvSAHVAjBIASV9MTFJAVGhBDJIAdVPM0gBzQU0KCkANUgBxVU2SAEjHDAicU
514=BNJkklOFQC2QY5SAHVLjpIAdUCO0kBu7UNPMgBXRU9yAFVkT7IAVWRP0gBqgUAQEgBhGBx
515=YU2nYAAAQvQCcWFNqbEBXMUnKQBFQAQjpUEBXcVNJGAzcWFNuAoioSVNJnUlSUwFI+QzcG
516=HBBAVRtk3tXUxABCONMwRBAU0kLycEAE5QAZxtcmFNAIB9cWFNqMdyYU0AIwgzcWFNVGBM
517=D3BhyAx8xScpAFVQCVgDaWRWKCkAVygpABNcDYAEIkxMI8xSdQEVKFUAFigpABcoKQAYKC
518=kAGSgpABpIAcmbG0gByZscSAFwCk0AHSgpAB5IASIAMlUCH8gBXTYgSAFEAmkAIUgBJc07
519=IkkBaW0CAFOHTgBjqQEkVAKkAVteTgBlrQEmVQJfqQEnSAHd2yhIAd3bKUgBzUcqKCkAK0
520=gBeF5BRizIAUFGLUgBwWcuSAEljTMvSAHFCDBIAZOYAAAxSAHVAjIoKQAzKCkANCgpADUo
521=KQA2KCkANygpADgoKQA5KCkAOigpADtIAXheXY48yAFdjj3IAV2OPsgBXY4/SAGkIlleTr
522=SneV5OtLJ5Xk7lYENMBYg4el5OAIs4AQBFVQJ+aAh4XtgGeF7YBm3ATkD8RARswMAEeF7A
523=BG3ATiRtJARBsU68V3peTgAj4EN5Xk4kmCR5Xk6pZANdD05IPp0KUUwQQAFpWVIoKQBTKC
524=kAVCgpAFUoKQBWKCkAFFTLhwgAABUoKQAWKCkAFygpABgoKQAZSAGcbX26T1gXjQgbVALZ
525=lRxIAY0CAE0gT8YBAB5UAmBcRUofyAFFSiBIAcUEISgpACIoKQAjKCkAJEgB0bklSQGWvQ
526=YmKCkAJ0kBXrUCKCgpAClIAcG/KkgBzVIrKCkALEgB3dAtSAEloSUuSAEldSUvSAHV0zBI
527=AcUIMSgpADIoKQAzSAGDRgAANEgBg0YAADVIAdkGNigpADcoKQA4KCkAOSgpADooKQA7SA
528=FhXAgikiNPAGgBAQkAAD3UAgEKAAA+yQELIhwwJ9UFQFQCwcpBSAHRz0JJAYChJUNIAYAE
529=YVxPtKdhXE+wYWFcT7NhAQBHTAUjZCNgXMAEYFzABCIAPdQCYVxPpFVhXE/9V01ECJ3FA1
530=hQJ1UAT1QCiLxgXNcCAgBRVAKNBQJMYsAafLonKQBUQASQGCIcMCdVABVQZJQCIvxi2y8A
531=ABcoVQAYKCkAGSgpABpIAcWXG0gBxQgcKCkAHSgpAB4oKQAfKCkAICgpACFIAd2kIkgBJb
532=E9I0gBJa0hJEgBxbglSQFhuQ0mSAHVWicoKQAoKCkAKUgBzQUqSAHNXStIAcFcLEgBrgkA
533=LUgB3cUuSAHVTy8oKQAwKCkAMSgpADJIAd1XM0gBJWkoNCgpADVIAdlINkgB3Qo3KCkAOC
534=gpADkoKQA6KCkAO0gBfVcMaVlQiVkNaFmpAQ5oWakBD2hZJwkHQFgGzRtBKCkAQkgBJeEi
535=Q0gBI3dGAABEKCkARUgBm0gAAEZIAZxXaVlQoFxpWVCjXAIASUAEkAlpWVAkvyMDAEtUAi
536=NdIgNRnVC3WgMATVQCzAV8wt1XT1QCJQE9UEgBlAJpWVAmbSRSVAKUGGhZzBsiiCInKQAW
537=QF+ABHBWJdwoItBtJykAGSiBABooKQAbKCkAHCgpAB0oKQAeKCkAHygpACAoKQAhSAElSU
538=YiSAHZoCNIAdmgJEgBJ5E5UUyamBQJJgBRAGUAAAAAAAAnEQAAmg4AIAQAUQCWAAAAQQAo
539=SQFjXABJAClIAVgAaQAqSQFpYwEAACtIAcEELEkBWrUCLUkBTqkBLigpAC9JAVS1AjBJAW
540=2pATEoKQAySQFZtQIzSQFRqQE0SQFPqQE1SQF3qQE2SQFvqQE3SQFxqQE4SAHdCjlIAc0F
541=OkkBdaEEO0gBpgEAPCgpAD0oKQA+KCkAP0kBebEFQEgBpgEAQSgpAEJJAUG5AkNIAdEfRE
542=gB2RxFSQF+oQRGSQEkawEBAEdJASipAUhJAX9rAQIASUkBwGsBAwBKyAEBAQMAS8gBAQID
543=AExJASdjBAIATUgBhwgCAE5IAXACAQADAE9JASZvAQIAUEkBgqkBUUkBJakBUkgBZAFNBV
544=MoKwAXAFKQAlEAGCgpABkoKQAaKCkAGygpABwoKQAdKCkAHigpAB8oKQAgKCkAIUkBPkgN
545=SQAiSQE4XABJACNJAWZcAEkAJEkBYFwASQAlSQFAXABJACZJAWVcAEkAJ0kBX1wASQAoSA
546=FYAGkAKSgpACooKQArSQFYewMAACxJAT2pAS1JAVWpAS5JAVOpAS9IAcEEMEgB2UgxKCkA
547=MigpADMoKQA0SQFbpQg1SQF2qQE2SAHFCDcoKQA4SAHRVjlIAcEEOigpADtIAcEEPEgB1V
548=o9SAG6CgA+SAHVWj9JAXC5AkBIAaQBWFMnNQdCVQLBuQJDyAEBAQAAREgB2RxFSAGPUgAA
549=RkgBhUoAW1NSAB17BgEASFQCJ3oKUgB5UwN4U6kBBHhTqQEFe1NSAIV4BnpTUgCcCnpTUg
550=CdCgJYU8UTA1hTJykAUUgMdgYAA0ABJ1YAGADTMgAAGSgpABpJAT+SBQAbSQEzqQEcKCkA
551=HSgpAB5JATWhBB9IAaYBACAoKQAhKCkAIigpACNIAcmbJEkBYb0GJUkBXqkBJkkBlqkBJ0
552=gBJyIKUwDdTClUAslZKkkBYK0FK0gB1UQsSQE8tQItSAHVAi5JATu1Ai9JATGpATBJATep
553=ATFJATmpATJIAc1HMygpADRIAclDNUgBwQQ2SgH//50GNygpADgoKQA5KCkAOigpADsoKQ
554=A8SAHRCT1IAdlTPkgB1QI/KCkAQEgB0VZBSAGbDgAAQkgBYFEBAgAAQ8kBA2FRU0ywiQRF
555=VALZJ0ZIAcmmR0gBJyEKU+VKSVUCiHUGAl2kU/FLS1UCXHQCY1FTAIZoAWBR2EhjUVMAgL
556=UCT0wFZQEAYFHBBANcoScqABkA37cAABooKQAbSQE6ngYAHEgBxTQdKCkAHigpAB9IAdlT
557=ICgpACFIAc1SIkgBrgkAIygpACQoKQAlSAHBUSZIAcFRJ0gBJ8oJVADNRylUAs0FKkkBY6
558=ELK0gBpAFOn1QAyRctVALFSi5IAdUYL0kBNLEFMEgBxdkxSQFQtQIySAHZPTMoKQA0SQF6
559=oQQ1SAHBBDZIASfKCVQAyQE4KFUAOUgByWQ6SQFgpQg7SAHNBTwoKQA9KCkAPigpAD8oKQ
560=BASAHZoEFIAawJSk5UAGlOBGhOqQEFak5UAMHKRU0FV7EFRkgBJ8kJVLxMbZ9UWIVFBAFJ
561=81S9TAFITsEEAkrzVADBUUxFCCNJBQBqTlQAlfQBS/NUAIR1AgBMn8RKaE4nKgAaANXQAF
562=2ZVUy7kQUcVALZMh0oKQAeKCkAH0kBNogFQhRVAMkBIVQC1ekiSAG8A1BLJ4kBJChVACUo
563=KQAmKCkAJ0kBZb0GKEgB2TIpSAGyAgAqKCkAKygpACxJAUClBC1IAd14LkgByU4vSAHBGj
564=BIAdGYMUgB3VcySAHNRzMoKQA0KCkANUgBJ2EdVeVKN1QCwUY4KCkAOUgB1Rg6SAHBZztI
565=AcW4PEgBzRs9SAHFCD4oKQA/KCkAQEgBxRNBSQF9uRxCSAGkAVyZJ30FRChVAEVIAc0bRk
566=gBjOFj61UAh70GSFQCmeIAUUtV6U5KVQIgYQQBUUtVUDtPAQEATChVAE1IAZxMcUtVKHAJ
567=zRADWUhWTAaLABwAVuVKHUgB1UQeSAHVRB9IAYUFAEQNJ9kAIShVACIoKQAjKCkAJCgpAC
568=VIAcmFJkgB3VonSAHVkShIAdWRKUgB1Q0qKCkAKygpACxIAdEJLUgB0bEuSAEnGglWACeN
569=Elb57TFABCVNIDJIAdFLM0gBJekuNEgByTg1SAEnGQlWKBoJVgDVkThABNVEOUgBxa06SA
570=HVRDtIAc0bPEgBwQQ9SAHBBD4oKQA/KCkAQCgpAEFIAdkRQkgBJVkyQ0gB1SNEKCkARSgp
571=AEYoKQBHKCkASEgB0UtJSAHRS0ooKQBLKCkATCgpAE0oKQBOSAGFSgBQ2tyhAQAAHQAnKQ
572=AeKCkAHygpACAoKQAhKCkAIigpACMoKQAkSAGL8wAAJUkBub0cJsoBAQBapVcAdgICAFSs
573=J+EBKUAEqAVcjidVACsoVQAsKCkALUgB0UAuSAHNXS9IAc1dMEgBwXIxSAElmSQySAElOS
574=MzSAHZMjRIAdUCNUgB1QI2SAHNPDdIAdFAOEkBYbUUOUgBJWEoOkgBxYw7SAHZBjxJAWWt
575=BT1IAcEEPkgBwQQ/KCkAQCgpAEFIAd3bQkgBoAhcjidJBEQoVQBFKCkARigpAEcoKQBIKC
576=kASSgpAEooKQBLKCkATCgpAE0oKQAd428AAB4oKQAfKCkAICgpACEoKQAiSAElqTwjSAHV
577=GCQoKQAlSAFwQAEDAAAmyAFN9yfIAU33KEgB2QYpKCkAKkgBJTUzK0gBwQQsKCkALSgpAC
578=4oKQAvSAHNUjBIAcUTMUgB3YMySAHFPzMoKQA0SAHRNTUoKQA2KCkANygpADgoKQA5SAHB
579=RjpJAWO1FDtIAdEJPEgBwQQ9SAHBBD5IAcEEPygpAEAoKQBBSAHRFEJIAScsEcjwIrwjJy
580=kARUEEuKEPRsgBSW9HSAGyAgBIKCkASSgpAEooKQBLKCkATCgqAB4AJcdGAAAfKCkAICgp
581=ACEoKQAiKCkAIygpACQoKQAlSAFxQAZxQFmRggd8g6kBCHyDJ7UBKUwFyRcqSAElRTUrSA
582=HVAiwoKQAtKCkALigpAC8oKQAwKCkAMUkBeqkIMkgB3SszKCkANEgB2TI1SQG6rQU2yAFR
583=KjfIAV2ZOEgBzQU5KCkAOigpADsoKQA8KCkAPSgpAD4oKQA/KCkAQCgpAEFIASd8ECd1BE
584=NUAqITAEQoKQBFSAFwQEUTRsgBXW1HSAHNBUgoKQBJKCkASigpAEsoKgAfANj1IvwgJykA
585=IVQCJR07IkgBJRE0I0gBJeUzJEgB1Q0lKCkAJigpACcoKQAoKCkAKSgpACpIASXBKStIAd
586=EJLEgBwQ8tSAHVDS5IAcEEL0gBwQQwSAHBBDFIAcEEMkgB2X8zSAHdNjQoKQA1SAF4PU0m
587=NsgBTZQ3yAFNlDhIAdkGOSgpADpJAWatDDtIAcG/PEgBzQU9KCkAPigpAD8oKQBAKCkAQU
588=gBJ7gHJ9UFQ1QCpAxYPSdVAEUoVQBGKCkARygpAEgoKQBJKCkASigpACAmizkAACFIASfi
589=TlsAJUEvI1QCyQEkSAHZPSUoKQAmSAHJLSdIAdEUKCgpACkoKQAqKCkAKygpACxIASUJKC
590=1IASUJKC5IAdEJL0gBwQQwSAHJ/jFIAcEEMkgBJ2EHWybdJzRUAsEwNUgBYDtdjjbIAV2O
591=N8gBXY44SAHNBTkoKQA6SAHF+jtIASU1KDxIAc0FPSgpAD4oKQA/KCkAQCgpAEFIAdGNQk
592=gBJQUiQ0gB3bpESAHBGkUoKQBGKCkARygpAEgoKQBJKCoAIQDP3gAAIkgBzSYjSAElxSQk
593=SAHVOSUoKQAmKCkAJ0gB1TkoSAHZESkoKQAqKCkAKygpACxIAdUNLUgB1Q0uSAElKUIvSA
594=HdNjBIAd0KMUgBJ6omXADVIzNUAt0rNCgpADUoKQA2KCkANygpADgoKQA5KCkAOkgBJwoH
595=XAAnCQdc9UQ9QATVDT4oKQA/KCkAQCgpAEFIAdEUQkgB2XRDSAHBGkQoKQBFKCkARigpAE
596=coKQBIKCsAIgBdJtlCI0gB0QkkSAHRKiVIAd02JigpACdIAdVlKEgB2QYpKCkAKigpACso
597=KQAsSAHV6S1JAcW9Bi7IAV3bL0gBsgIAMEgBJfklMUgBJ90cXSixBl3lKTRABMUpNSgpAD
598=YoKQA3SAHdpDhIAd2kOUgB2QY6SAElmSQ7SAEl4S08SAEl0TY9KCkAPkgBxQg/SAHFCEAo
599=KQBBSAEnswZdAHSlGkNUAqQBQaldxgEARShVAEYoKQBHKCoAIwDHEAAAJEgB3aQlSAHNXS
600=YoKQAnSAHNXShIAc0MKSgpACooKQArKCkALEgBJ1oGXgB4Mln4LlQCaAFJ0i9IASd9G14m
601=qTwxVALJDDJIAScZFF4oWQZeJvk7NUAE3Rg2KCkAN0gBJWEzOEgByWQ5SAHRKjooKQA7KC
602=kAPEgBxWs9SAHFCD5IASV5Kz9IAcUIQEgBzTFBSAHNMUJIAckXQygpAEQoKQBFKCkARigp
603=ACT0eCK8OdQVIjwpJykAJyiBACgoKQApKCkAKigpACsoKQAsSAEl2SEtSAF0LlX/LsgBVf
604=8vSAHFPzBIAc08MUgB1RgySAEnAQZfKAIGXwDBJTVABMElNigpADcoKQA4SAHdGDlIAdkn
605=OkgBwWc7SAHJODxIAclkPUgB1S4+SAHZBj8oKQBASAHZlUFIAd0VQigpAEMoKQBEKCkARS
606=gqACUA1G1oLScpACcoVQAoKCkAKSgpACooKQArKCkALCgpAC1IAWgtSfMuyAFJ8y9IAdEU
607=MCgpADFJAXu5AjJIAcVKM0gBxR40SAHBiDVIAdUjNigpADdIAcEwOCgpADlIAdEqOkgB2Q
608=Y7SAHRKjxIAckMPSgpAD5IAc0QPygpAEAoKQBBSAHR+0JIAaYXAEMoKQBEKCoAJgDYDiI8
609=NCcpACgoVQApKCkAKigpACsoKQAsKCkALUgBcCoBCAAALsgBCQkAAC8AYQD//wAAABEAAF
610=UE5AkGAAAwAGEAPwAAYAACMQBhADljAQAAMkkBdqkBM0oB//+NATQoKQA1KCkANigpADdJ
611=AWmKBQA4SQFhqQE5SQFjqQE6SAHRCTsoKQA8KCkAPSgpAD5JAW25Bj9JAXKpAUBJAXSpAU
612=FIAaYBAEIoKQBDKCsAJwBi3gMAKCgpACkoKQAqKCkAKygpACwoKQAtSAHdFS4oKQAvKCkA
613=MCgpADEoKQAySQF6qQ8zSAHJFzRIAcEaNUgB3Qo2KCkANygpADgoKQA5KCkAOigpADsoKQ
614=A8SAHdCj1IAdUNPkgBwSU/SAG2EQBAKCkAQSgpAEIoKgAoAMs1AAApKCkAKigpACsoKQAs
615=KCkALUgBwRouKCkALygpADAoKQAxKCkAMigpADMoKQA0SAHZJzVIAcEaNkgB2Rw3KCkAOC
616=gpADlIAc0FOkgBzQU7KCkAPEkBcKEhPUgBpgEAPigpAD8oKQBAKCkAQSgrACkAZNYGACoo
617=KQArKCkALCgpAC1IASdKBGQAyQEvVQI9rQgwSAHVAjEoKQAyKCkAMygpADQoKQA1SAGiCA
618=A2SAHBJTdIAdEfOEgBxT85SAHNBTpIAc0FO0gBzQU8SAHNBT1IAc0FPigpAD8oKQBAKCsA
619=KgBlygUAKygpACwoKQAtSAHNGy4oKQAvSQFAoQcwSAGmAQAxKCkAMigpADNIAcUINCgpAD
620=UoKQA2SAHFCDcoKQA4KCkAOSgpADooKQA7KCkAPCgpAD0oKQA+KCkAPygrACsAZtINACwo
621=KQAtSAHRFC4oKQAvSAHRBTBIAdk9MUgB1QIyKCkAMygpADRIAdEJNSgpADYoKQA3SQHEqQ
622=g4ygEBAEq2ZgB0AgECAAA61AIBAwAAO8gBAQQAADxIAbYGAD0oKQA+KCsALABn3gMALUgB
623=zRAuKCkAL0gBxQQwSQE6rQExSQEzqQEySQE1qQEzSAGmAQA0SQG3rQE1yAFdFTZIAckMN0
624=gBahcFAF3FZ5UYBmAaqQEHYBqpAQhgGqkBCWAaJ70CPUQIpAxJF2jybC4AJykAL0gBwQQw
625=SAEn6QJoWE6dAjJVAjSGAQAzSAGkAUoXaABoF1EqNVQCaAFRKjZIASfoAieJATgoVQA5SA
626=HFCDooKQA7KCkAPCgrAC4Aaf0VL0gB2QYwSQE+rQExSQE2qQEySQE4qQEzSAGkAVAU0+0A
627=ADUoVQA2KCkAN0gB3RU4KCkAOSgpADpIAdEJOygrAC8AatICADAoKQAxKCkAMigpADMoKQ
628=A0KCkANSgpADYoKQA3KCkAOEgBxRM5KCkAOigrADAAa+0QMSgpADIoKQAzKCkANCgpADUo
629=KQA2KCkANygpADgoKQA5SAHPEDEAbPUNMigpADMoKQA0KCkANSgpADYoKQA3KCkAOCgqAD
630=IA1dAAUEsnKQA0KFUANSgpADYoKQA3KCsAMwBu5RM0KCkANSgpADYoKwA0AG/sBQg1AG8A
631=AAAAAAAAABEAAA==

[Lighting]
Red=1.000000
Blue=0.500000
Green=0.500000
Level=0.032000
Ground=0.000000
IonRed=1.000000
Ambient=1.000000
IonBlue=1.000000
IonGreen=1.000000
IonLevel=0.032000
IonGround=0.000000
IonAmbient=1.000000
DominatorRed=0.850000
DominatorBlue=0.300000
DominatorGreen=0.200000
DominatorLevel=0.000000
DominatorGround=0.000000
DominatorAmbient=1.500000
DominatorAmbientChangeRate=0.009000

[Map]
Size=0,0,60,52
Theater=LUNAR
LocalSize=2,4,56,46

[Neutral]
IQ=0
Edge=North
Color=Grey
Allies=Neutral
Country=Neutral
Credits=0
NodeCount=0
TechLevel=1
PercentBuilt=0
PlayerControl=no

[Nod]
IQ=0
Edge=North
Color=Gold
Allies=Nod
Country=Nod
Credits=0
NodeCount=0
TechLevel=1
PercentBuilt=0
PlayerControl=no

[NorthKorea]
IQ=0
Edge=North
Color=DarkRed
Allies=NorthKorea
Country=NorthKorea
Credits=0
NodeCount=0
TechLevel=1
PercentBuilt=0
PlayerControl=no

[OverlayDataPack]
1=BQAAIP4AIACABQAAIP4AIACAKAAAIP46AACCBgr+/gEAgQX+/wEA/wUEOgL/+wE6BoED/g
2=QACoEJ/sAVAIAFAAAg/gAgAIAeAAAg/i8WAIEG/gQACoEM/voBAIEFYAX++wEA/8wFNBiA
3=DAAAIP4zAACCCgn+yx8AgAUAACD+ACAAgAUAACD+ACAAgAUAACD+ACAAgAUAACD+ACAAgA
4=UAACD+ACAAgAUAACD+ACAAgAUAACD+ACAAgAUAACD+ACAAgAUAACD+ACAAgAUAACD+ACAA
5=gAUAACD+ACAAgAUAACD+ACAAgAUAACD+ACAAgAUAACD+ACAAgAUAACD+ACAAgAUAACD+AC
6=AAgAUAACD+ACAAgAUAACD+ACAAgAUAACD+ACAAgAUAACD+ACAAgAUAACD+ACAAgAUAACD+
7=ACAAgAUAACD+ACAAgAUAACD+ACAAgAUAACD+ACAAgAUAACD+ACAAgA==

[OverlayPack]
1=BQAAIP4AIP+AIwAAIP4yEP+B+P4HAP+Brv4DCP+B9/7sA/+Bqf4HAP+BqP7MA/+AYQAAIP
2=46AP+C+vr+/gH///8BOwD/BgQ5Av/xAToGgarIMQD+BAD6/usB/4Go/ggC/4H0/vIB/4Gp
3=/hEG///zATQO/jUA/4Gu/tUB/4Gr/hkC/4Gv/tAB/4Gx/gcA/4Gs/tUB/4B5AAAg/jAA/4
4=Gs/vUB/4Gw/h4A/4Gt/vMB/4Gsy0QCyDAAgWb+3gH/IfeBqv7xAf/LRQKCrqn+7QH/gfT+
5=KQL/ga7/uQN0Cv4xAP+Br/7mA/+B9/4jAP+Bq//xASIKgbH+/gP/gfXJKA7/9gEwAGH2z0
6=UC/+4BOAj+vQH/gGkAACD+NAD/gbD+HQD/ga7+BwD/gWb+0AH/gan++wH/gav+EQL/0ysC
7=gfb+7gH/ga3+/wH/gaxZ7f7kBf/LPwqB9P4MAv+Bqv71Af//8wE5EP4GAPr++gH/Ifv/+w
8=E0FnIF/wgEORj/vwEnBIA2AAAg/jMA/4L6+v4LAv+B9/71A/+Bqf4JBP+BrP7/Af+Bq/7s
9=Af+BZv4QBP+B+f70Af+B9v7MC/+ABQAAIP4AIP+ABQAAIP4AIP+ABQAAIP4AIP+ABQAAIP
10=4AIP+ABQAAIP4AIP+ABQAAIP4AIP+ABQAAIP4AIP+ABQAAIP4AIP+ABQAAIP4AIP+ABQAA
11=IP4AIP+ABQAAIP4AIP+ABQAAIP4AIP+ABQAAIP4AIP+ABQAAIP4AIP+ABQAAIP4AIP+ABQ
12=AAIP4AIP+ABQAAIP4AIP+ABQAAIP4AIP+ABQAAIP4AIP+ABQAAIP4AIP+ABQAAIP4AIP+A
13=BQAAIP4AIP+ABQAAIP4AIP+ABQAAIP4AIP+ABQAAIP4AIP+ABQAAIP4AIP+A

[Russians]
IQ=0
Edge=North
Color=DarkRed
Allies=Russians
Country=Russians
Credits=0
NodeCount=0
TechLevel=1
PercentBuilt=0
PlayerControl=no

[Scorpion]
IQ=0
Edge=North
Color=ThirdLoad
Allies=Scorpion
Country=Scorpion
Credits=0
NodeCount=0
TechLevel=1
PercentBuilt=0
PlayerControl=no

[Special]
IQ=0
Edge=North
Color=Grey
Allies=Special
Country=Special
Credits=0
NodeCount=0
TechLevel=1
PercentBuilt=0
PlayerControl=no

[SpecialFlags]
Inert=no
FogOfWar=no
IonStorms=no
MCVDeploy=no
Meteorites=no
Visceroids=yes
FixedAlliance=no
TiberiumGrows=yes
InitialVeteran=no
HarvesterImmune=no
TiberiumSpreads=yes
TiberiumExplosive=no
DestroyableBridges=yes

[Structures]
0=Neutral,SUPPLYDOCK,256,30,55,64,None,1,0,1,0,0,None,None,None,0,0
1=Neutral,SUPPLYDOCK,256,89,55,64,None,1,0,1,0,0,None,None,None,0,0
2=Neutral,CAMISL,256,50,18,64,None,1,0,1,0,0,None,None,None,0,0
3=Neutral,CAMISL,256,58,91,64,None,1,0,1,0,0,None,None,None,0,0
4=Neutral,CASTRF,256,56,18,64,None,1,0,1,0,0,None,None,None,0,0
5=Neutral,CAART,256,48,77,32,None,1,0,1,0,0,None,None,None,0,0
6=Neutral,CASTRF,256,53,94,64,None,1,0,1,0,0,None,None,None,0,0
7=Neutral,SUPPLYDOCK,256,57,17,64,None,1,0,1,0,0,None,None,None,0,0
8=Neutral,CALUNR01,256,45,53,64,None,1,0,1,0,0,None,None,None,0,0
9=Neutral,CALUNR01,256,79,62,64,None,1,0,1,0,0,None,None,None,0,0
10=Neutral,YAROCK,256,55,63,64,None,1,0,1,0,0,None,None,None,0,0
11=Neutral,YASBIO,256,53,68,64,None,1,0,1,0,0,None,None,None,0,0
12=Neutral,YASBIO,256,57,68,64,None,1,0,1,0,0,None,None,None,0,0
13=Neutral,YASBIO,256,59,70,64,None,1,0,1,0,0,None,None,None,0,0
14=Neutral,YASBIO,256,63,65,64,None,1,0,1,0,0,None,None,None,0,0
15=Neutral,YASBIO,256,60,67,64,None,1,0,1,0,0,None,None,None,0,0
16=Neutral,YASBIO,256,52,65,64,None,1,0,1,0,0,None,None,None,0,0
17=Neutral,YASBIO,256,53,61,64,None,1,0,1,0,0,None,None,None,0,0
18=Neutral,YASBIO,256,57,60,64,None,1,0,1,0,0,None,None,None,0,0
19=Neutral,YASBIO,256,53,58,64,None,1,0,1,0,0,None,None,None,0,0
20=Neutral,YASBIO,256,58,58,64,None,1,0,1,0,0,None,None,None,0,0
21=Neutral,CAART,256,60,34,160,None,1,0,1,0,0,None,None,None,0,0
22=Neutral,NEGLAMP,256,56,62,64,None,1,0,1,0,0,None,None,None,0,0
23=Neutral,CAEXPS,256,58,86,64,None,1,0,1,0,0,None,None,None,0,0
24=Neutral,CAEXPS,256,54,26,64,None,1,0,1,0,0,None,None,None,0,0
25=Neutral,CAMACH,256,29,55,64,None,1,0,1,0,0,None,None,None,0,0
26=Neutral,CAMACH,256,87,53,64,None,1,0,1,0,0,None,None,None,0,0

[TaskForces]

[UriArmy]
IQ=0
Edge=North
Color=ThirdLoad
Allies=UriArmy
Country=UriArmy
Credits=0
NodeCount=0
TechLevel=1
PercentBuilt=0
PlayerControl=no

[Waypoints]
0=81039
1=29074

[YuriCountry]
IQ=0
Edge=North
Color=ThirdLoad
Allies=YuriCountry
Country=YuriCountry
Credits=0
NodeCount=0
TechLevel=1
PercentBuilt=0
PlayerControl=no



[Digest]
1=7hbL7FvEGAH0E/nFg57/vaOFVdg=


 