; Map created with FinalAlert 2(tm) Mission Editor
; Get it at http://www.westwood.com
; note that all comments were truncated

[Header]
Width=62
Height=59
StartX=225
StartY=38
Waypoint1=232,44
Waypoint2=255,44
Waypoint3=278,42
Waypoint4=279,66
Waypoint5=279,88
Waypoint6=254,91
Waypoint7=233,90
Waypoint8=233,67
NumberStartingPoints=8

[TerrainTypes]


[Preview]
Size=0,0,130,65

[PreviewPack]
1=DRIAIAmgpK2Ym6Wgo6ykqLE5LABIA0AESABAAQOdoaqanqevAYOHkzMsAFgEQARIAEABKo
2=8Ae4CMWAG8AgOEiJN4fYmsAQN3e4h7f4usAQOBhZGMkJqsAVgHQAFIAEABSABAAUgAQAEB
3=mJuloCALzAIDio6ZpqqyrAcqrAEDkJSemp6ovAIqLABQFCdcAyo8AirsAyofAZicpUgMvw
4=igpK1AAUgAQAFIAEABSABAATrMAogGQARIAFwaSABAAUgAQAFIAEABDJCUnqOnsJOXoaCk
5=rZufqEgnSABAEEgAXCZIAEABSABAAUgAQBZYBFAOSAAGmJymiIyXfICMXAVEFAOMkJuKj5
6=lcAgacoKmjp6+nq7NTAoaKlUsGn6OsWARAAawHTAFAAUgAUAVIAEAcJy8AlZmjSBJAE0gA
7=QAFIAEABSABAAUgAQAFIAEABWARIAEwHQBasEEwTUAhYAVARSABQLEgAXCwGwsTKoaWuhI
8=iUUBFcBYwBb0ODiJNQGksSjJCaSABMB0gAQAS8AkgDQApIAEABSABAASqMAFgEUAUGpqmx
9=m56ohIeTTAFUElwRVABME0gAQAFIAEABSABAAWgA7GFMAVACSABAAUgAQAEDmp2npKewSA
10=AnHAREF1AavA5ID0ABSABAAUgAQAFIAEABSxuSlqBID1ARSACAGXwvSDBcCAOkqLC4u8FM
11=OkwBSx6jpq9IAFAjmQSaWFVAB0gAQAdIAEABSABAAUgAQAFDGaKlrqwTWBNAAUgAQAFIAE
12=ABSABAAUgAQAFLAJCUnifcCifMAkwlUXGggE9MPUQvrENAAVMFgoeSQBNYQypsCFMFnqKr
13=Uy+lqbFAAUgJQAdYHFAdSABAAUgAWAdYBFAUSABAAQADlpmjf4KOo6Wutri/lpminqGqpa
14=iwQBNIAEATSABAAUgAQAFIAEABSABUBkwHQAFIAFACSABAAUgAQAFIAFwOWBZQL1wjTFu8
15=DkxJQAFIAEAQSABAAUgAQAFIAFApoApMCkwHQAdTMqeqs0wHBZygqX2BjaKmeCisAbwvrw
16=eMkJpAB0gAQAdIAEABSABAAUgAQAFIAEMBqKuzQEwnbAJAAUgAUBRIAEABSABAAUgAQQGQ
17=nHdUDwGChpKgjC5YKCqsBEwTzC6ME6xDSAxcFydsCFxErAdcAirsAEAWSABQHUgAQAFIBl
18=AXXCNMCkQOXB0DjpKcWF5tXDUGjpGcj5Oden6LpReoTg2bpVgTUBRIAEABSABAAWgAPiwM
19=WJFQEVgoSAw5/AUnPAJYEFwFahKIk1wFXBdMHEAxTBlAkUwBrGFcTUsAh4uWSEtEC0gAQA
20=dMBEwHSABAAUgAQAFIAEABSABAAVsHoaStWGFQF1gxUDhcF0wBrHYqLABcd0xbSA9QI6wH
21=WAdAAUgAQAFIAEABSABABK9haG57WQeQjMRIRVAdRBdM1khjXHQwbAJEAlAsvFNLMKCkrU
22=gAQAoqrAcHZmt6V1xsk5agpXyJAa+lqLEqzAJYFkQOSABAAUgAuAdAAUgAUAJIAEABvAVM
23=GUwQSBUnLANYAVgTrEBYLkABSABAAUgAQAG/EYWJlFChSBJcFCecCAPBw8mipq9QHUsnvL
24=/FVAxABEgAQAQnTAFIGyqsAaATTARMIrxWTAFAE7wFSDZMAawERE0nDBRcC0BAMHwETAdc
25=CEgMQAdMAUwErAFbQ5CUnlxfUHRZQ5w1zBpQBSdsAlwjQzSkp69dCKD8LzYsAFSTTAQqzA
26=JYFlAURCBcCEgAQAFqAKStrExMAVACpC9MQEABuBZYK1wIehaIk0wBQC5IAEABSABAAVko
27=jJzXJ+wPA36CjmNod0gGQBNMQ1BfA7y+xMXHzLytTA1AAU/EnKCpTAdc8kAcXDVIAFBiTA
28=pAB0gATAdIAEABSABAAUgAQARYDUAESABABydcAFAUSAwDpqmymZ2mUAJIYLwsTAFIAEAH
29=SABQAqwHSEhYDScsAEArzARaVaiwRCBQBUwfUCa8PlxiQB9ID0wTBoyQmp+iq3N3hFCMVH
30=hYvgOkpq+pq7NIBlAISAZQC0gPTAFYDUABXAJQAqwNTBZAAUgAQAFIWlwsLfwOVAZcBUA0
31=J+wAKjwUVAMDdHiFj5KdTARQEVgfUBFICUAKSABAAVgBTARIAEAESABQCFgcrBBQAkgAUA
32=JcGir8C1wLrE9YTwGEiJSQnIBIk1wLrApYBydsC1gHXCxIA1wgWBxBEKCcvFwCQAFIAEAB
33=SABcDqwHTARAEEhCUAJIAEAESCFQAkgVQARIAEABSABcCKyRVFpMBKwBTENNE5yc11xiUA
34=hcFFxWSEUnvAYJm56nk5ahu73DubvCTO5MB0gAQA1cTXALIx8ujJCaQBZIAEwWTA1cAkgA
35=QAFIAEwTSAlAMVx3QAdIAEwHrAEnvABME7wCXCZcIFDLRMtXA6eqsk8BsbO7TA1ABFhDQA
36=FMCkAKWAFcCEgAUB0qrAFYDVApvAK8Skx/QAesAUxMQFisT0wEUB1IA0wKWCUnDAJcAkBA
37=Sw+jpq5MAVgQvAtIGFAOSABQAkgAQAFID0AHXBFABCfcAVwCSABABEQCJ+wArARYFlAIXB
38=FcO1QDXBRYc1wvSBJQL04fhYkl/CxAglALWApAB1gEQApIAE4KoqUi0C4nXABPBP8AAKgA
39=QARIAEwESABABEgPJywGSBtANEgAQARIAEAESABAAUhIVABMAUAEoAFMAUABSABAAUgAWD
40=1IAEhvVABQAlwFUBFcAjO8AFkNgOAAWBZMEKwuXAVQHUgATwfCxMpMTLwdTB9NCpAvLAxI
41=JFA+RA5TNZ+hq00BoJxfWDRAKKwBTApAAUgAQAFEC1AdWA1QDkgAWAFYBFAISANUeFCGSA
42=lMB0AEWBZQIIkAm1guWARIAE0HFIAAWA0q/BpMK0gGQApIAEABRAWsCi1cAEgDvC8qFABc
43=O6wTTBBQ1KwBQBNAAUgAUAJIAEABSAlcR0gATAFIAFACSABAAVgHUEGsAawESCdcAqwBXA
44=Un0AGsBCdcBkAE5TCAUB1IBkAESABMHEgGQBlIAEAZrH9Y9FwdiR8UW0+coKlErVCSTCVI
45=FUgAUA5MB1QnKnwBJ1wAUAsnnAIn7AOsEyesAUwESABTCJ6hqkABrS6MadibSBVQBUsAnK
46=CpWF5RksNOQ4eSrEZMQ1ARSBhAkVxKQApIAFEXjCMsLax2WAFQAkgAQAFIAEABJxgCjQ2m
47=JwwFWAFMEEgAQAFIAEABSABAAUgAQAFcHUwHJ5gGUAJIAFwCSABcAkgAUAtIAEABSABAAU
48=gAQAEnrAEnIAC8CEgDQARIAEABSABAAVgoQApIAEAKrATMHAKqs5CUnicsDFD1ryKlqbFA
49=HyeMA101oPxfQApIA1AgWApMAScsBicMAicgAEAEegSAjKwHSCFAAbwvSANQDljTUHFECE
50=xDTB9AAVhbUAtIA0CUSBVNAZycwljBQBNZAYxhN5pcd0gJQARIAEwQrAdIA1wIegF/i1wL
51=J8wCTARABCe8AEABTEZMDUwiXLxYAUAESABAAUgAQAFIAEABJ4wAXA4nTAFAEEgDQAQtPA
52=gnyANAAVwFWBBABEwQQAdIAEABSABAAVgHUBRcDlAISABcCEgAQDFIFUAfXK1MYbzCWAdE
53=FFgcQARYYUAKMOwAQARQCEgATARcBVwLSABADUgJWBCoAFgBUAusBFgEQAFIAEABXAVAAS
54=ePA7W4v0ghUD5ZMZzscFgEQDRIAFACTDcqLAxMB0gAQARIAEA6JywAQAFIAFACrExID1AR
55=WAFQAkgAQAFcCEB5J1wAXKoDlJehl5qkSANABEgAQAFIAEABqACsAbwUTBlQIFwCUAJIAE
56=ABSABAAUwZQAqsAVgBQAFIAEABSABcJqwiTAdAAUgAQAFIAEAESABABEgAXBG8AlAIUZKQ
57=jMFMf1waSPNAT1ySQAFYOkCFTQSgNRwuUGVYTFAyXAtUAKw3XAtcBawrrAFYAUABSABAAU
58=gAQAFIAEABWA1RC4x5W5tYAVACSABcHVAOXJJMAUNDoqauXBFIAFARSAxASXwCKTwCQCUn
59=7ABAAUgAQAREBUABWBy8BUwHvB1cFCegFkABVDBYBFwFTDQnjABIBlACKiwDWAFMBEgAQA
60=EnXANMHyqMACesAUwESABQBVxBTBlbPZueqFw1QBBYAVAdWENABEgATARcAkgVSABQDkhO
61=UIBIHlwCTOJcGkg5QARUIVQkvAVIA0ABSABAAUgAQAFYBFAXrAFYAUABSABAAUgAQAFEC0
62=ABSABMAVgETBxEAkwNWAFQAkgAQAFcFFwOrF5YAVw+vAJYkVDUA7K1vbi6wVwRXB1IGEAo
63=SABAASccAUAivAVMB1AgJ1wAUAJIAFACXAtcBUgAQAdIAEABSABAAVkQoSYsVEwBTBO8Ak
64=gDQAFIALgHVABIAFwIvBdcAkAESABQAkgAXAJIAEABWBNADUwlQARIAEAEvCxIDAN5fYqF
65=iJSzbqirs0QUXAVIAEAHTApAAUgATAFILUgDSABQEUwfUQKcnLBI4UAKSABMCkgDXAJYHE
66=ABSAZMFrwFTAFMmrw7SIoJdXqHVlxsYGV0dHiFXAVIAEAESABQFFROqABACifsAEAESABA
67=BFwRXJKsAVgBXDJYAVCkXHFAAVgHJ4wDrENIElwISABAAUgSXBGsAVgBUAtYRlAgXAhACq
68=xtXAJABL8UjJCaUHdEJkxtUAVAClgBQAFcAkwBSABAIlwFTAdIAFAISAAqfAEnHAFIDCe8
69=J0wEXAJIAEAHSABUCScPAp6hqk8xpaiwIYA5QAoqDAW8BbwXrBNMB0AHWB9AMUwKKhwWUA
70=VIAEAESABAAUgAQAFIAFwFWApQBVAOAAamqLF8gI2WmqOFiZRZXm2cn6mZnKaoqrNABEgA
71=TARIALQwVABMB1AISABAASoMAl8anKCpUCBQ0VwFgQewvBGQFCIcWEgnQCUz3ARACkgATA
72=pIAEwHvC9QFEAuWBlMClwUTK+8d0yvQCJEAkAQSANcAkgPUG5MT1ALWAFECKwQSDBECEwK
73=UAtIAEABSABUA0gAQARQLEABMI0AjCP8Jkh1UFNYBCeMAEgJUAhIAFAISABAAYgbIqxeSA
74=O8FH8Fo6ycjGG8sCeMACfsAyrsAEgYXAtIAEAHSABIBkQ+VwClp7BAECdcAFAUWAdYKyrt
75=AIwsPDtAQL+heHyIRAVIAFAjTApRApCs1iMsJ0iWWMRMJUAlvAJYBFALSCdIKlwLQBZYGV
76=A1RAhPCsHDySHTK5qeqCFYVSTcTFxrXAVIAEAEXAW4NFwFTwSjp69IM1AaTzSgpK0njABM
77=JUgAUAVIAEABSABAAVgETASsPS0sA0QRrAdEEUwESABAGbACrAdYBy2cAlgcTARMEFwUvL
78=NMASeMAEwHXB1HXISHk1wdWAq8NVwCJywAXIlADbyGTBNMLlgHQBNMAVAUWweKj5lYHEAT
79=rCVIA1wFJ1wAUAJYJUxeWARQIEQLQAdcBU0ihCOsZ0wBTA0kHDFYlEwBSANAJVgWUDIqjA
80=C8AlwIUBSsAUwHQBxYCkwKSAZAE1gHUAJIMyrcAVwFSANQO0ifQCVIAEQUXAtMBLwFVBIq
81=/AIqLABBGZCcRFwjXAVYAVAISAxMBEgATD1NfKDs0FQJQA0nvANcDrwUTRacJhxPXC9ARt
82=4CjplAAb0XfiM8UEgqREdIbCe8BlwvJxwBvA5YEEMWjJCaWA28JlkrkCaMVFgcUBQnTBBd
83=ZZycblwCQEBYJUAfWBZUDLwCUM5MB0wWQFhMDV0RoCPMMlgEQBNUA1ACTCtACrwdSC1MQE
84=woUE1MAUwErAFQEVQSWP1IAFwFXAhID0AZXAhQZUjPUDtIbFwIrA1MEIANIvxrvQWQ/Cwn
85=/AJMLlgKSAlABFwIQBasAbAXrAFMIlAUrCJcAlAUrAF+MqOsvClcFEABWAdcoViIQBBLIc
86=LEykwxJywAWDpYB1gBXCBAGUxPSBVAAUgYUCZIHkQRXAhcHSTMJkwTXBS8YkwEXD5ABFAR
87=WBxAAUwQQI5cUFQhTAFcCEwHXDhYBEAxXDVQC6wNXBpQOLwCTAdAE1glQAdYLkwWWBBAFk
88=gSUA4nLAAnjQOMjJ28C0wBQAEnjABQC0gJTBxID1ACWBZDEMXHzEgwrAEIpKewvL/Ftbi/
89=oKQRAACBEgAgAAOtpKixoKOsnKCpfYGNuLvBoaWuoKRwAgAMwsTKgoeSgYWRjJCamp6nm5
90=+oe4CMg4eTpqqymJymWwSipq5cBQGQlJ6cjAcDn6OsjJCbWAEDmp6oh4uWTAFIBgyEiJOK
91=jpmkqLDBw8nDxMpMDUMKmJylUAIDpamxtbi/QAQGeH2Jk5ehvL/FWwGkp7BbCqCjrCccAU
92=wHSANQEUgPQBAn3wEUFBRIA0AQTApfFIKGkkABA6ers6Onr0cIo6avSANNDaDsGVAFvAtL
93=A52hqkAQQBlYDU8NkpagUBFYH1ARWAdQCEgSKlwAXB1UD1AgXAVQBUsJp6qzWA1AH0gMQB
94=9IGycsAEwEXAsDd3uIe3+LSAZQDrwgUAtQCLwCTAFAAQOIjJd8gIxMBFAUWA1ACkgnBo6S
95=nLy+xMXHzEwoQA28AkAHTAFICVALXBpQIEgMQAdbAYSIlCd4AlAXTB9IAEwETAq8LEQdJ3
96=wEXBoDoqavhoqVUAtMCkw0WARcDkgeUAKsGUwxUAtUA1wLWC5MDbwXWAFAELwFXA5cEbwU
97=TAFfApCUnlAXvAVYB1AFXAJAAVgcvyCgpK28EUgDQAqvH4yQmkwQvBdMIkwEWApQF0gSJ+
98=wAXBdMEFQDUxeDiJNACkgArApAQ0gPQA2sOqwWWAFADYkJsVgrUBonLABAB0gATAdIAEAB
99=RAtuQKixXEpMBEgAXw6coKlIBkw6TAGRL7BcEVwjQBOsDUgDRAVIGEgSSABQDkgAUBpMHy
100=eMAEgwJ1wGTARMCkgzkQixTAQsLQymQC4q7ABMGVwXWARcDlwXUAtfEYyQmlwITBasAVgW
101=TCKsEEhXXBREDkAHSAZME6wHrCW8LLwdrAdICUAErBlcBSdsCKwQW0NobntUCUwKvDJcBZ
102=Br3CAnnAhME1wRSABQC1gfUBEqrAEnbAVcEVwITBx+KaStWAFAAawHWC5UG1wLUAJIAFwC
103=SABAAUg/QApcOCosAEAWSAxQIEgDQAEnLANQDqwQWBBUCawBTARQCFgBQAG8GlgHQApcHV
104=ARSB5cEVhJTRyQnFZYYUwcSCqsKCd8BFgBTExYBEATTRagcIl8IE0BnPxEXCxADUgATA1I
105=DCd8AUwBTAcn3AFcFEgAQAdcFEwHWChQDlgQXBSsJVwUvAtMi0cChYmVTBxQTUyLQBNYSV
106=ACSDNQEVQzQBNIAFwgvB1MClAFmAdBTLFADSpsBUgMbhOosUQIBqKkrX6CjoSHk1AFSABc
107=GkgAQAFICawrUAVMGUQCXAJQC1kKjHF0mkwKSAC8FypcAEQFrAdQC0AESANQEUgAQAFIAE
108=ABSABACqwuTAq8C1wRXB1NLpyMx1wyTBxIq1BZXLBMClgBQBxfAp6iq1gEQAdYIkwrvAVI
109=AydsBUwBJ7wMYg2GkifsAFwRSABMFlgNUAtYOlAISAlAE0gAQBNcaEAcWApAB1gBQARYK0
110=MEmp6oQAEnrAFMFlQbUAVZB5D83VwOQB9bB4yQmkwHQQGgeEN8L0ABSABcCEgAQAFYBEwr
111=SABQDkgAUAVfEZOWoLwCSB5MBFgcQEkqjABYBFwCvAWsAVgBQApIAFM7hYmUUDhYFlACSA
112=BQAlgHUBQnLABAB0gAQAdIACpsAkAiJ1wAXAVIHlAaWAcnvAlMCkAoRBFAZE8xkJSeSrSK
113=j1H4sUABrCVMFkwKvBdMGVwvSAZAIkgAQF5ILUAEX1+gpK1IJ0AETD0qvB5MN0gAUAJMDU
114=BDSABAYVhhUA68pJkNsKwESANQZUgAQARcBYwQJfwgRDtYEExkQAFMDSpsCyecAlwCSABA
115=HFwjUAWsAVwFUCBIAFAjSABYCqxMWAQqfARABEgAqAZMLqABTAQBkJSeoIw9S2ljaHcnHA
116=RAAVwFQApIHkAESABQBUwNXA4FpqmxmJulo6YicCW8AlwRUAVIALwFUB1ITlwFrC6sBEjG
117=TAcnLABQKUg2XFBIJ0AuJ8wITQScnGhcL0wErAqwKVQwVBJiHIeSrAdEAiesAUwrJ7wGTA
118=pAMUQFUBdYEFApS1SHipZUEie8AF8CjpKcRAJAAUQFUA5bInh8iEwKTEC8FEgDQAcnLABA
119=AUgAcgKXoUABSABMAUgAUBdILVIjjJBsiyf8BUAEQBZQF0gAYBkjzClMBFwCA5WZo5GVoE
120=xzQAFQKVgQQAFcAkgAQApcEUAKSABMCkgqTCK8AkgDQAFIAEABSABUBkgkrBxQAlgQQDFc
121=BUwNvCNbYZCUnlgrWKxJS6Ds1lhPUAVYClARiQCbQARALkwETAe8AkgzQAG8F0wKTAFEFE
122=wWXA5AUkwlUBRUDExhvAJMDUwKJ8wCUHFILUAxSBJMCrwCSBVMK0gDUAVfYpygqUgwpDVQ
123=wkwQSABMEEwNWARQC0wQTBasEEwHKiwAUAJYCkATrARIA0ATSQCA4ABMAVACSABAAUgVQB
124=ZfFKKlrkgYQAFIAKgDUC9IAEQpSABAAUgAQAG0A6AEWAdMBycsAEAuvA4qPAK8O1QMUAJc
125=BVAdrQSMec2brAdMYU0cnIxbTBxQMlgoSAZYHFyAvIxMBEwoWA1fAoyQmkwERBFAFlgBUA
126=JMAVwXSABQFEwBSABMDVQAWAFMFlwCTAFUV0QjWC5MEEgAXEd+I6OsrBBcBUATvAJIFUA0
127=QAdQAl8OsrW9rAFFCJwpPCBAB0gATAS8OFgHTC5IAEABSABAAUgAWBNUGEANWARcI+UwgE
128=AHSABQAkgAQAFbE6KlrlQMQBZIAEABagCkrScsAEABSAByAqOsQAFcBUgAXHpMCqwNSLFc
129=CEAcQC5cDlACSABAAUgAQAFIAEABSABQEVgEUA5MFidsAkwiXBqsskgDTExQCFzCTGFcL1
130=guUAVAB0wurAdMBEwBXwWhpK1bFpqdp7wCWGRMEwZma3liZ3ZxdYNMAQaeoaqenqOnqbCs
131=YUwWTAdQXFiRUClc/kRcrIJMEFA+J/wUTDpID0BhSABAQFgNXF9QBVQAWARAH1gHUB1IGF
132=A1TApQFKw3TBxQHUgAQAFIAEwZrBNEBUABSABQBUg/QAREGrwyUAInLANMFkgAJ5wFbAGI
133=wEABSAArXABERyMAO1gQWCVMDUgMWApAAUQLXBdYCiesAbwCSANAAUgAQAFYFkAESACsBE
134=wiSE5QIEgbXB1YAVAjXMJc9UwTQAFYMVgfRAtMFlwyRA5IG1BlTAFMK1wmUC9YK0gACY6R
135=nHp+i3N3hUJIWlwCDKmrtJGUnoR2bFtHPWdsekQCQBlIAEwZUAVYDUwNTI5YEEABJwwCVA
136=NIS1AUSANALlhDQGFQLyqcDkAZSABMGUgATB+sE1wIQDFIAFAsXAJQFKwcXAJAAUgJhQ6x
137=UCavB4yQmiGQI1jrRA5MBLgTTAFIAFAUSABAAWgAOC4MkJRFTLBIVEAKSABQDkgAXBFIAF
138=wXTAo/bAhMBCc8AlgrWA1MCkDQSx7Bw8knrApYH0gJQA1EHUBSzxmnsJzsgkgbJ/wCA0VL
139=XSIoPldjqauzTFVEZQqrrranpadGR1KDh5KgkEpADUAcSAasN1AvRAJQEUgAQAGsDUwZWA
140=1IM0AxXAInPAhPAYaKlVAsQEBUAEAfSABQBUgAUAvMEybMO1AFSABcAkgAQAFLAP8AAKgA
141=XAVAJUgATyWHipZMT1RCWBZIAEwTSABEEUgAQAFIALgHQAFIAFACSABAAUgAQAFMHCcMBU
142=wKUBFJP4wjzCxcF6wNXA5AQ0gAQBasBEhaUCZcAlDasAtIA1wFrH9cAlwsSF1QX0wBTE+s
143=BEgeUIZIA1wmSGBBDZyMx1gBTBCsGUAuQBNcj0QRBp+iq21yf21xf1ySDKSmr6Snr5eapI
144=WIlJueqEAKXB1IAFwLXJi8LEyOUF9YEFBBSHJMeawNSHIqPAhQLFwCVEJcAkwQJ7wGTAFY
145=CkAKSABQCCcsACdMAVwCoCIqFABAIkgAVBUq/AJIGEwrSABAAUgAQAFoADUsDFUYkIxhTC
146=hcCFkQjHDsAZqgpK0qoAGsAUwQXBpIA0ABSABQMkgAQAdIHkAZvDJITkAEWBxMNEiQTE9M
147=CkAuJK06kCNMPUxkXAVYDVAXSEhMUqwESAlMH0gSQEkDp6qydHmGJ+wbSAMGmp2mpaeweX
148=2KUB0nXABcL6wNUDgnLAxQm1FBoJxlTA1AAVgBTHBMFkwBSABAAUxPTENIV1DgTENAGVgK
149=UBFIA0AEXCZMDUwBXBRIA1QPSBVcAkgAUAJIAKAiVABcAlAXvAJYBFwXTK9ASUwuUAhIAE
150=ABSABAAUgAuARAAUgAUAJIAEABSABAAVwRSBgqrAFcGkgSRFlUDCcIAEQIWARQAkgVKmwI
151=UC9YW0ATSABMEKxSTAFME1xNUFxIAFEdoiaPP5ygqVguQB9YIlglSAZQOEwlUA5Yalw1SD
152=BAE0gATxOMkJonwAUDo6auen6KVDADk5agpaiwKF4Ap7BMDbwOrGFQF1AUTGFMFkgAUBFc
153=QUwuSAxMQ0gPUAVQC1wCRAVQFLwaRBFAGVRvA2pvfVZba1R4AqOlrqepIuw8UCMnzAhQFK
154=wKWAcqTApQAkgAUAJIAFCkvBdUDEABSABAAWgANS0MkCbsNkwHNkwBUBSsEFw+QAFIAEAB
155=XCNQg1cYa299QwGgpK1YBKw0J0wKTCtMSVgKWARYIlQnXCCsAUAxSCdMLlgBXCC8R1gBXD
156=WsAUwWUBdIAEABS8OdoKlfkpaZoyG8JFxfWA1AFl87kJSeMNwBrFJcX1AyWARQDkQsTD1c
157=MifMCF0ynCk8CFgQrARAKAlzd4STlqGPkp2mqLFYoLwLSBtAH1gEQBlNCqAmLD+sAVgBQA
158=FIAEABvBcqLAlIGEAZSABUA0wEQAFIAFACSABBAZCMkVwCTFtIDEwrSwygpK1AEEBPWEZA
159=ELwCSANAAUgAQAFIAEAWWARDB42RnEQjWARQFEgAQARIA1wdXZKQKew2TE8njB5MASS8Wk
160=w0J3wEX1Ohpa1MkUgAXA5IIVgTUBRcdCcsAFgBUAJIAEABWAQnCABMakA6WApQDlguUBEn
161=DQKgTE8jjGNEAlgTWKNEXEyjUAVQCF8Xmp6oTAdIRVAIXBpcBUgAXAIDsbO6u73DrAFIA1
162=waSABABEgAQDGsAUAKQAFIAFACvCa8BbwXSCpQAlxEQBZYRkAZRA5ABEQRXCO8AkkbqCPs
163=IUwWvAhICUABrARAB1hPSANADbwCSANAAUgAQAFIAEABSAxADawBWARAAUgAXQKMeMolDG
164=hfLJygqURTUCxcHUwQWC5UGEmxoicOYoiTTARIY08EpqmydBWcuUmrkPx0XAJAFlQSYBkj
165=jDNYAUAZWAFMMb8CmZ2mWAG9C4yMELwXTBNMLlhzQGFYK0wuWAF+NY6ZXW6cI2wgTHBQF0
166=gAXBddGqAmvD9cBUwBvAhIA0AESABAAUgAYAEjXEJMAUwKVIEkzCBAOliXSB5cAkQdSABA
167=CkgtXAioAKwKTAFAAUgAQAEqfAEnmBVcAkgAQASsQLyJTApcDkgAQAFIAEABSABAAUgAQA
168=FZEIwmTCWsB0senKCpTHNAf1hPQAFYAVAyXB1QIFglXAtMRlAvTAdQAiosAFDFbASMMUQU
169=TD2sQ1wyJ5ACSBtYBLwvVQmQKZxQTAesLrwXWBNQFFwFUHFIw0gJXBFIBrw1XAInDAJIJ1
170=AFXxGMkJpZVaDsrFw4XAJIAFwISABABEgDXBdIAEABXAhQF1TVQC5YgljKTC5QBUgAUAVI
171=AC28AEgGQAdIAEABSABAAbwOJ7wAKowDQARIAEwESABAAUg8UBpMCnAFjEBIFVA+SABQCE
172=wBSBVILawuQLJIBkAHvV+c/E1cHawEKtwQSDNQC1AjQB+sAVkWjCbsdXoNf4tcDkAKJ3gC
173=UAJIHkAorGRIA0wNWFtAAUjnqAlcLEQ4VBJMB1wFsAKsBHjQI5x0XDVIM1RvWGpQBVgEUA
174=VIAJ0IpkgMVAZQUFgBXAtYHEATrAFYAUABSABAAUgATM1QBV8RpaiwUAJIAFACRAIn7ABY
175=AVACWElUAEwBQAFUA1wFTAFMH6woXA5AEEgAQAFIAC2sAVh2QIhcBSpcAFh/A5KVoJ+hq1
176=jHTBBIAFxBA8XHzJCUnksbuLvBXC9QHaxPTAdcL1gHrF4qvQOcKXwcKCwAI6xkWBMn3AdN
177=B4ycU6BPVA9MIkxhJ1wAXD5YCkwuSABAECosDEghSB5YB00EoJxrTD1AAUQFUGJME0ABWB
178=NcoUwKUCBQBbwjTARIAEAESABAAUgAQAFIAEABWCisBEABSAZQJlAIQAesAVglTARIAFAF
179=SABAAQqbn6iEiJOEiJOgpK13EQAArBIAIAh7iHt/i3t/i4OHk0gABJqep6SosXdSAoCMWA
180=FIA08BgoaSUAJLAJufqFgBUAJLAKCkrUgAUAJIAEMBnaGqTAcDfYGNkpWgrAFcAkQIAAmK
181=jpmmqrKkp7Cgo6ySlqClqbGnq7OYnKWcoKlTBaOmr0wBA6SosLi7wVMFiIyXSwB8gIxIBg
182=aBhZGeoquDiJNbCqOnr78Fn6OsQQQUgAAKjJCahIiThoqVh4uWqG0KplsBeH2JXwiMkJtY
183=CkgPSABdBXuMGUwKTxCipq5QDlgNUA4JvL7ExcfMw8TKnKCpSAxAE1wFQAFIA0MEmp6oTB
184=BIHlgKXB1YCqwfXBFAHAOCh5KTl6FMHEwfKqwBWA1cF1wFUAVIAEABSABYClgEUAVIAEAK
185=WwqMkJpcAkAESACoA0ABSABQAmgDCICMoqStfoKOhIeTVANIAEAHSABAAVgHvBFQBUgAXA
186=V+GqStrCVIAyecAkwBQASsDUwKjSKmVANQEUAcA7y/xcLEykwKQASsIlsitbi/rDRIA0Ac
187=RAVQC1grUBpYBFAIWAFfI5icpkwfXAJMCrwOTCJcAlgiQAFYKEwBvBRMEEwNWC5ADbwFA5
188=CUnpqeqEg/UAhYE1wXSEKABAGwp6qzWAQnvABMBFwRvAtcCEAQVABcO1grTAFLD4qPmVgB
189=XBS8O1QVUAK8F0wNTBZIAFAFSAxADVgETBZcC0ATvAVYGUAKvEdbIqCkrVgBQApIBlgBJ7
190=8Ak5agSAZIA0gbTASsAVgBTAqYEHw4XAVIAEAEXAsqXABMASqvAYWJlVwLvE28DkgSTBxY
191=CkAHXB1MIkQLTARUCUwZJ+8DnKCpvAVcAkAETAGoBkBzoAFYB0ANSANMB7wXrB9EAkwQWA
192=RABFgrUAVIAEwBSgChpWBhQApcJlAdrARbYbK1vZgxf3SQlJ5ID0ATXG5QHUgzUAhYLkAQ
193=WAFQAlsBoKStSAlISFgBTBa8I0wKUwKEiJRAAUgSTBNIA0AHLSwAQwrBw8lAIkhCTEYDkJ
194=SeoKStTBNcC1gBQElcBUwTWAdcFEwZUA5UAFACWAFAHL0CjCkcEDBcACccASqvAY6SnCfc
195=AUwKvHdMW1wvWA1QMkgPXQKQjFVMYUwNWAFADUwEQQqgkBRcFFACTAFIAEwBXAsn3AQq/A
196=JQFCfsA0ABvCNIRaBVrCtcArAIXFZMAagDTCtUKqwoXAtMClgNUCxMAUANrARYB0AHrCJM
197=rEwQvBpYpkUvnIysRBpcGkQjUA5cGkAHJ18AkJSeWDRUDFgKXFC8CFsxoKStrARZoJApDA
198=hABFgfUAhIOUABSAlQd0wWXA5IEkATSABcFEgDTARYNCdcAEC2UAWsCkwNUAVYClA+TARc
199=DqwiQBZNH6CMK0wKWBZIAEwxTAFcAqwEQBBABEgAQA1IA0wKTAFEDkwETBxYAUQFTB9cDr
200=ybSAxABEgDUAVIEkAEA4+SnaOmrkwEXGJHg4yQmk0okIA9UAJbCqCkrVwFWCVcEVgNrBlM
201=AUAQvBFcBVMyhYmUULNIBlwFWA1AJVwLUAWsoFwaTBy8CFguXAKZBLFcBUghWElQdFwCQI
202=LOOqewTApcBbwUXAVIFagGTAG8U0gtXFZYClAUWARcEUwHXBdIAFA4WAdQFEgAXAInfAFQ
203=Ebx6TBOUCXzsTAcn3AFMPUwHXA5cHVAdVABECFBcTF5cBUgDUMJcNVwCrA1MBEABVABAHF
204=gQQJQqrAFIFUQOXxqcoKlQSlgKTA1cO0wZUBdMClAFSAlABAaYm6Wpq7OlqLBcIFQwsA5Q
205=OFwUQBlYB1AsXA5AK7wdTA1MAUgJUFxILUAxSABQC0vkY2h3SBVABEgGUF+8BVgKQA2sH0
206=gDTAe8AqwBJxwBXBGoD0wHUBpYIlwaTCJcAid4CFALSHhXCYyQmlwIJMwgXBRcLEg5SAC8
207=AqwKVBJVHpycblwUQAesKEwBQAGwI0gYUFO8BVQkXB1IDEATWB9MELBZmQ2bvAJME1wsWy
208=6MkJpIAEwEXCxAEKxwrApMB0wWWA1AB1wpUBdAAagbQAdUElQATAdUY6wKXFBABEMxnqGq
209=WASgB0AEWBBMHFgoUCBMZ1QGWAFAkU0NnCaMJEgkJ8wCXAVQLEgbXEQqjANIBlwgM1wAQB
210=C8Alw7XAhYBEQRUBpcAkwNUAhYOkAcvAJME1AXSAyVA7FAB1guUAVEFycMBUgGTBNIFUAK
211=XBFUA1hkVAZMAV0IkIh7TChAClgiUCNABEABSABMAVwIQChAEEABXFNAEFgKgQGxUEGsCk
212=ghXA6scFwRTAS8I1wUUBG8CEgJSANYBEA6WBBIDLw4TBBcAlgTuAFcL0gARA5YDaMKjJCa
213=XClQAkQsQAFYOkQFWBZAAVsBoqavWAFQO1wIQFhYDUQLTAdBapzsTFAOoApcSkABTxaMkJ
214=pQDkQgXCZAB1wCTB9YQ1BiWAdQHUgDUBdcAlwFrAGJHrCsUkg5UCCsAUwrJ3wBTwSgpK0n
215=fAFACkgATApcEVwIWApAAUwKTARYAawBUAisAUwHXAioHkwTQAeoTlwmQChIAEABSABQCK
216=wBWAdMEFsfaG57XBFQCCfcAVwLJ7gEQDFIAEA0QAdACkgDXB1MPVxKJ6wEQCgnPAVYH0wB
217=VABMK1wFrAqsVUAiTC5ME1w7UHpIAEgJXCxYAVAgVANAB6wKWAdAB7wCTARMAbwOTGpwFy
218=OsMUgwUAJIAEAESwCipK0hGymHipZQOFwOJ1wAXAVEF1AdTARAMVgBUCBIpVw1rARcDkwf
219=WCVcLFwOUAVMBKgDVABIAEAHSABQAkgATAdIACc8AkgGKiwArAdABFwIQAdIAEAHSABAAU
220=gAQAFcBVAISABMBEgATAdMHFAjRFNMKEgAXFBQCFEvkIxqWCVAAVg6QDRMXiqsB0AHRB1M
221=CqwiSAlAIlgcTBlYH1AITwGcoKlcAkQ1TC5MK1QJfgWHk5BWfNREAkBGXAtMakgAoApDIo
222=yQmkAiWCVMAUw9XA5YJawKXQWgI/wgSAlAAUgAQAFIAEA3oARMAVACWKlAE0wQXAInvANA
223=BKwBXCNMAUgAQAS8BUgGQAFIAEAESA9AJVwjUAJIAFACWBAn3AFIA1MapqmxQ9yjpq5ABE
224=gArAQqrAFcCFgEQBlI7VAFA7a4v5mcpkixUAVIAFwFXAhMBEgAQA1YEExhSABQaEwNXJJI
225=AEBYWF5QI0gqQARcblwLrCtIBlAXSABcAlg3UCNYMUxYRAJAAVglUAVYAUwBrApYDUwBvA
226=5cAipMAUAEvAVIPEwEVAlQNUsnnKCpJwwCXDVYAUAxTEBQCFQnTBNMCkwBSBJYAVgQQAGs
227=GawTUAhAH0wEUCknXABAAUgAQARIAEABSABAAUgAUwV0eIUh2CZcBUwKSABAAUgAQARIAL
228=gBTBygAVwCJ6wBXA5NRoCAAFwCQARIA1wRTApAB0gAQAEACYyQmpaZo1hebWNod5CUnpaZ
229=onp+i6Ciq6Snr1BEWBNAMVgEUAWsAUwKTCJYCkAKrDFcOEAfTCJBAaDsTwaOkZyUl6GXmq
230=RMLkBVVABAB1guUCmsEFgBQDdIBkAQTAFcAqwHTAonXABIFSrcASfgAFwFJwwCWBBMZ1gf
231=qAxQdKzfrHZcC6wTXAhIAEAZSABAAUgAQAFIAFAOSABQCFgHQBwnXABAAUgAQARIAFAIWB
232=lYIkMEp6qyTwGxs7tIBlAOrAdIJEABSABQAkgAXBQn7ABAAUgAhDDQAEAETA1AVbwFTAdc
233=O68Be3+MSAwJV1xsaW58Z2t6qKuzWK9QoUgGJ7wATAFMBEgGXEdUUU0QnJzgXFNcDrwCTw
234=ShpK1UaQONkZxrb31UMLwLTDRQEVgHUA5cGkwBqABMAUAEWC5AK0wHXAhJHowjfEZcAkgA
235=UAJIAFAFRAVIAEgDkAIivEJdLJwmXCRMBExkrENYYUDTWDpQPkwTXBSJBrFID1wISABcCE
236=gAQAGsDVgZQARIAFAIvBRIA0AESABAASePAKWosEsApKavVABMCkQprBZAB6gAWAdcVkgG
237=QAdIAEABSABAAUgAQAGsMEwEJ7AAMCwAry6SlaBA1kghUFBIAC28AEgMUBRULUzBrAFYEE
238=xPXBRcTUwcXAUnPAVMMVgBQA1IAEABSABAAUgAXBFYOkkYjEgtkOaoM1wCXAhQAkgAUAVY
239=HFBiXAVMrEQOSwCbnqhMaliOUAJIAExhvCxNl5AjPDtALkAEJywASxKgpK2sGVhJQApYAU
240=AHSA9EDicMAlACJ48A/wAAJwgAUBFIA7wFQAFIAEwBSABAAUgAQAFIISeMAFgBUAK8CFwm
241=TBlIAFAvSABAAUgAQAFIAFQYWARQBUgAQCVYEFAmTChQAifsACosAEAHVBVABLwFJywAQA
242=FICVBHSMNQCFgBTARMT0gPWDFc9VgKUAJYB1AOSANQO1gKUAhIAFwpJywAQAFIAFACSABA
243=OlwFSABIBlACSABQAkgApAJbDXl9ikwKW6afoqtQdEAESABABFg0TBlABFwRWF5QAlhDQ2
244=RobntMAUgSXMJMJUAEWAFcBUgAQAFIAEABSABAAUgAQAFQC1A7J/wFJyAAWApABEgATARI
245=AEwNRAVQGkwBUQKQI0wirQGgJmhaTBZIAEAZSABAAUgkQCKsAVgBQAEtTAEnrAFAAUAESA
246=BMBEgAQAFIAEABSABgAZhVrAF6AX+LTFVQHUhLSBJAHFhPrA1cTUxDSCpAH7wFQAQnzAK8
247=AlgBTBm8CEwBJ/ACTBlQU1QJRAJMAUBDrARcCFAISABQBVyAXAJMK0wBSABMAbwOvRGQjC
248=IBp6uzoOAiTAFAQ0gSUGJcNVwCSAa4B0wQNnwQVCFIAEwQXAVIAEABSABQF6wNXBEnkAJc
249=AkAESABAAbwLrAFUFUwZrAFIA0AHWAFyAn+LLewAQA0tCABcC0AfSABAAUgAUReiKWxcvB
250=dcAlQJSAlAOkxhQARYlyS8LVECoSOoU0geUAhIAFAFSABcAio8AkgSrEMq9AFABEgAQBZI
251=AFwdTA24B1QArCVUAEwBVAlMKFQATAFYE6gGXAtYwVDUTQecKYwYUAhIFVA1XHRMCifcAU
252=AHTOtACicIAEAKWARUCUgAUAhIAEABSABAAUgAQAFIAEABSABcDkgAMLwATA1cArgEVABI
253=AFAFSABAAUgAQAFIAEABSABAAUgATEBYFkwoTAFAE6ghWApQCEgAQAFIAEABSxWMkJpYBF
254=AsrAdYW1wCSABABEgDTGFIG1ACXBcBFBQUnCmMHq0HjCQNL4YlXGlQCEgAUA5IAFAIvA4q
255=FABcAkAEv2uEiJNQCFgERBRINiq4BFACvEpcC1wFbRCHIvxoTMS88lwITCJYB0AESABcjC
256=dsCFACSNUGl5qkhYiUlJehuApcC24Kf4tAGVwdTApIAFAIKmwLWAFMCrgEWB9AAScMBVAF
257=SANAFlwCTAEqXABfEZWZo1wIQAS8QVwITARYslgEvAV+F4iTWAdMCkgAUAJIAEABSABAAU
258=gAXAVIAEAHvAgnXABECCfsCVwaTAFQ41gETAGsCq0HkJyDXQKg/ONYHEAQWAFQAlQSRCy0
259=MFwFTAq8AkgDQAFIAEABSABAAVgEQCVIAEAQWARAJbwCSAlYAUgASBhILVRCWMFcHVgEQA
260=pcL1AvTDpQF1zFUAVICUAHSwCeoapMMVCbSMwnvABIBkAESABABEgAJ1wATBYnLABMBFAL
261=SABAAVwLUAVIAFAFSFFQAkgAuwGlqLFQL0sAmp6oQCK8F0gGQARIJEAHSwCYm6VD1qSnr1
262=gHXAJIAEAEXAJQBSeMCUwBvAJMEEQLWBBEHVgEUAK8CEghQT2cnF8kDTuQjC5I80wHRCxA
263=B18LoKStWw2SlZ8nnAJQCEgDXAJIAEAESABQDicsAEABSHVABFwCQAEnHAEnLwOMkJpMBE
264=gAQARMCkBAUS+QiA9ALlwUVA9cNUkznIwTrKNYAUAWSAZABEgYrBCsAbgBtACtBKDsylwI
265=XAK8HUgGKiwAQApYBEMKk5ahQAFDLpGVoFwFTAFcHUcjoqWuQAFIAEwBVANUEkgAQwSMkJ
266=pIPwNzd4SPk51D1qOlriHTK6mrs0gDJ0wBWApcCEgAQAFEICd8BEwEJwwCXAhAH1giUCBb
267=JYWJlVwUUB0k7DxIG1w1QApQU1wCDFdcbFJXZ1VaamJndoSHk7wISAlQGkgeQA1EFEAWSB
268=hMAVgoUA5YB0AHQ1iZnaZcBUQCVAlQBUgSQAFYBEABSABAAawNTBAisSqoJahNVB5cHUQF
269=SAZcCLwUTBZcBawBSA9AEEgAQAFIAEABSABAAawEWARQC0gAQAEnvABMAUgAUAJQEUMBo6
270=evSGlMFlAXvCxQDgmVmaOYm6WgpK2kqLERAAAjAgYDCpibpZibpaCjrKCjrJjsAQAJo6ew
271=goaSoKStpKixm56nk5ahu73DubvCpaiwUAJIAFwCSAAGmJymg4eTmp6nTAEJnaGqd3uIe3
272=+LpamxQARIAFACAAl8gIykqLC1uL+kp7C4u8GIjJeCh5KTl6F9gY1ABAaeoquDiJOKjpkn
273=rwGNkZtYAVQDDGBldHh8iZeapJufqISIk1gKXAIGo6evoaStoqWuJ58ClZmjSABYAVAXfg
274=KcplILmZ10ElwLSABMEEgAQAG8CEgJUBRIAEAKCYyQmoyQm4SIlJicpVMLoaWuSABDBHh9
275=iVAUSBJAB0gAUAVIAFwFSwCBhZFICVACVB5AAUgATAFIAEwfRwimqrJPAXuAjCdcAEABSA
276=BQAkgAUBRIAFwUSABAAUgAQAFqAKStJywAQAFIAHICo6xfGpCUnkAxTwegpK1IAEIBoqVg
277=AawBWAFAATBcA1wUWBNIALwyTAS8LFsBkpagWzGnqrNMB0MWnKCpSy2fo6xQBawcTARcBU
278=gAQAQDp6qyrK62sCNQBUw3Wx+MkJpYHFAUSAC8FEABSAAwLABQCEgAXAhEMkABvAhYK0AN
279=vAhICXwsn0HCxMpPAZygqUs8p6uzXBRMAawTTAdIAFwITElAB6wBWAFAAUgAQAFIAFAgWA
280=pDH4yQmlACSABQAkgAQAFIAEMBmp6oXCkDpqmxo6avSBVAFkgACaCjrKCjrJibpZibpREA
281=AA==

[AITriggerTypesEnable]
043F40BC-G=yes
043F521C-G=yes
043F874C-G=yes
044082BC-G=yes
05CB5B6C-G=yes
05CB830C-G=yes
05CBAEDC-G=yes
05CBC04C-G=yes
05CBC19C-G=yes
05CBC2EC-G=yes
05FC088C-G=yes
05FC0C9C-G=yes
05FC13EC-G=yes
05FC1A8C-G=yes
05FC1C5C-G=yes
05FC333C-G=yes
05FC37CC-G=yes
05FC3C9C-G=yes
05FC50EC-G=yes
05FC747C-G=yes
05FC75CC-G=yes
05FFA7DC-G=yes
05FFB18C-G=yes
06002BFC-G=yes
0611A1EC-G=yes
0611A33C-G=yes
0612B11C-G=yes
0612CD8C-G=yes
0612EAEC-G=yes
0612F46C-G=yes
0612F9AC-G=yes
0616004C-G=yes
06C551AC-G=yes
078F4B2C-G=yes
07C04C7C-G=yes
07C04EDC-G=yes
07C0B14C-G=yes
07C30A5C-G=yes
07C310BC-G=yes
07C3266C-G=yes
07C329FC-G=yes
07C330CC-G=yes
07C33DDC-G=yes
07C4853C-G=yes
08A3EEDC-G=yes
08B902EC-G=yes
08B90B1C-G=yes
08B911BC-G=yes
08B9154C-G=yes
08B9213C-G=yes
08B9305C-G=yes
08B9356C-G=yes
08B940EC-G=yes
08B9423C-G=yes
08B9483C-G=yes
08B9586C-G=yes
08B9641C-G=yes
08B9708C-G=yes
08B9767C-G=yes
08B97C6C-G=yes
0A31295C-G=yes
0A44F17C-G=yes
0A44F2CC-G=yes
0A452C6C-G=yes
0A452E5C-G=yes
0AA845AC-G=yes
0AA846FC-G=yes
0ABC484C-G=yes
0AD2BAEC-G=yes
0C0C7AEC-G=yes
0C0D184C-G=yes
0C0D251C-G=yes
0C1245AC-G=yes
0C1246FC-G=yes
0C32599C-G=yes
0C32D84C-G=yes
0C87B45C-G=yes
0C87B99C-G=yes
0C87E5AC-G=yes
0C8B81BC-G=yes
0C8BC5AC-G=yes
0C8C2AEC-G=yes
0C8C2C3C-G=yes
0C8C430C-G=yes
0C8C4C3C-G=yes
0C8C51BC-G=yes
0C8C56FC-G=yes
0C8C645C-G=yes
0C8C6EDC-G=yes
0C8C71BC-G=yes
0C8E2C3C-G=yes
0C8EE1BC-G=yes
0C8EEAEC-G=yes
0C8EEEDC-G=yes
0C91D45C-G=yes
0C92C1BC-G=yes
0C92C45C-G=yes
0C955AEC-G=yes
0C955C3C-G=yes
0C9561BC-G=yes
0C9565AC-G=yes
0C96F45C-G=yes
0C96F5AC-G=yes
0CA1F84C-G=yes
0CA24D8C-G=yes
0CA2A04C-G=yes
0CA2B06C-G=yes
0CA2D99C-G=yes
0CA2FEDC-G=yes
0CA5945C-G=yes
0CA6621C-G=yes
0CA6AEDC-G=yes
0CAD0B2C-G=yes
0CAD0C7C-G=yes
0CAD0DCC-G=yes
0CAD130C-G=yes
0CAD145C-G=yes
0CAD25AC-G=yes
0CAD2AEC-G=yes
0CAD2C3C-G=yes
0CAD5AEC-G=yes
0CADD99C-G=yes
0CADDEDC-G=yes
0CB29EDC-G=yes
0CB2CEDC-G=yes
0CDF899C-G=yes
0CDF8D8C-G=yes
0CDF8EDC-G=yes
0CE2395C-G=yes
0CE23AAC-G=yes
0CE26B5C-G=yes
0CE26CAC-G=yes
0CE2E8DC-G=yes
0CE2EA2C-G=yes
0CE44D0C-G=yes
0D022B1C-G=yes
0D022C6C-G=yes
0D052AEC-G=yes
0D0803CC-G=yes
0D08461C-G=yes
0D0848BC-G=yes
0D084A0C-G=yes
0D084B5C-G=yes
0D0873DC-G=yes
0D087D8C-G=yes
0D0B3B9C-G=yes
0D2769BC-G=yes
0D2C41EC-G=yes
0D2C448C-G=yes
0D2C45DC-G=yes
0D53099C-G=yes
0D53130C-G=yes
0D53430C-G=yes
0D535EDC-G=yes
0D62145C-G=yes
0D6215AC-G=yes
0D6216FC-G=yes
0D62199C-G=yes
0ECCB2BC-G=yes
0ECCB40C-G=yes
0ECCB55C-G=yes
0ECCB7FC-G=yes
0ECCBC3C-G=yes
0ECCF14C-G=yes
0ECCF29C-G=yes
0ECCF68C-G=yes
0ECCFA7C-G=yes
0ECCFCAC-G=yes

[Alliance]
IQ=0
Edge=North
Color=AlliedLoad
Allies=Alliance
Country=Alliance
Credits=0
NodeCount=0
TechLevel=1
PercentBuilt=0
PlayerControl=no

[Americans]
IQ=0
Edge=North
Color=AlliedLoad
Allies=Americans
Country=Americans
Credits=0
NodeCount=0
TechLevel=1
PercentBuilt=0
PlayerControl=no

[Basic]
Name=Monster Moon
Percent=0
GameMode=standard
HomeCell=98
InitTime=10000
Official=no
EndOfGame=no
FreeRadar=no
MaxPlayer=8
MinPlayer=2
SkipScore=no
TrainCrate=no
TruckCrate=no
AltHomeCell=99
OneTimeOnly=no
CarryOverCap=0
NewINIFormat=4
NextScenario=
SkipMapSelect=no
CarryOverMoney=0.000000
AltNextScenario=
MultiplayerOnly=1
IceGrowthEnabled=yes
VeinGrowthEnabled=yes
TiberiumGrowthEnabled=yes
IgnoreGlobalAITriggers=no
TiberiumDeathToVisceroid=no

[British]
IQ=0
Edge=North
Color=AlliedLoad
Allies=British
Country=British
Credits=0
NodeCount=0
TechLevel=1
PercentBuilt=0
PlayerControl=no

[CellTags]

[China]
IQ=0
Edge=North
Color=DarkRed
Allies=China
Country=China
Credits=0
NodeCount=0
TechLevel=1
PercentBuilt=0
PlayerControl=no

[Confederation]
IQ=0
Edge=North
Color=DarkRed
Allies=Confederation
Country=Confederation
Credits=0
NodeCount=0
TechLevel=1
PercentBuilt=0
PlayerControl=no

[FA2spVersionControl]
Version=1

[French]
IQ=0
Edge=North
Color=AlliedLoad
Allies=French
Country=French
Credits=0
NodeCount=0
TechLevel=1
PercentBuilt=0
PlayerControl=no

[GDI]
IQ=0
Edge=North
Color=Gold
Allies=GDI
Country=GDI
Credits=0
NodeCount=0
TechLevel=1
PercentBuilt=0
PlayerControl=no

[Germans]
IQ=0
Edge=North
Color=DarkRed
Allies=Germans
Country=Germans
Credits=0
NodeCount=0
TechLevel=1
PercentBuilt=0
PlayerControl=no

[Germany]
IQ=0
Edge=North
Color=AlliedLoad
Allies=Germany
Country=Germany
Credits=0
NodeCount=0
TechLevel=1
PercentBuilt=0
PlayerControl=no

[Greece]
IQ=0
Edge=North
Color=AlliedLoad
Allies=Greece
Country=Greece
Credits=0
NodeCount=0
TechLevel=1
PercentBuilt=0
PlayerControl=no

[Headquaters]
IQ=0
Edge=North
Color=ThirdLoad
Allies=Headquaters
Country=Headquaters
Credits=0
NodeCount=0
TechLevel=1
PercentBuilt=0
PlayerControl=no

[Houses]
0=Americans
1=Alliance
2=French
3=Germany
4=British
5=Greece
6=Russians
7=NorthKorea
8=Germans
9=Confederation
10=China
11=YuriCountry
12=UriArmy
13=Headquaters
14=Scorpion
15=GDI
16=Nod
17=Neutral
18=Special
19=UnitedStates
20=Europeans
21=Pacific
22=USSR
23=Latin
24=Chinese
25=PsiCorps
26=ScorpionCell
27=Headquaters
28=Guild1
29=Guild2
30=Guild3

[IsoMapPack5]
1=LQ8AIAlBAAEAbQAAAAACAEBOAG0AQwACAEEoKQBCKCgAAT8AAwDBBEAoKQBBKCkAQigpAE
2=MoKwA+AAT5Bj8oKQBAKCkAQSgpAEIoKQBDKCkARCgrAD0ABfEJPigpAD8oKQBAKCkAQSgp
3=AEIoKQBDKCkARCgpAEUoKAACPAAGAHJYIEEfPUgBxR4+KCkAPygpAEAoKQBBKCkAQigpAE
4=MoKQBEKCkARSgpAEYoKwA7AAd5DgBBDzwoKQA9SQF9fwICAD5IAdkRPygpAEAoKQBBKCkA
5=QigpAEMoKQBEKCkARSgpAEYoKQBHSQFwtw06AAhgAXkRO0kBvnMBAgA8yAEBAQIAPckBAm
6=YTCABgBAEDAgA/1QIEZUoI8TVBVALJF0IoKQBDKCkARCgpAEUoKQBGSAHNMUdJAXStEEhJ
7=AUGrATkACWABcRQ6KCkAO0gBeREFfRUJhRMGfBWpAQd8FakBCHwVqQEJfxUJAHt4CWVgCf
8=FAQlAJzRBDKCkAREgBwRpFSAHNJkZIAWAISThHKCkASCgpAElJATtkBAICADgACkwATwEC
9=ADlIAUABtRgKhAFFCDtUAnUYCnUYCpUYC3QYqQEMdBipAQ10GKkBDnQYJwUBQUQI1Q1CSQ
10=EzZwsCAENJATWpAURJAXqpAUVIAd0rRkgBcAJNEEcoKQBIKCkASUkBOmcEAgBKSQExqwE3
11=AAtYQ0wBbRsLXABIAGwbJykAOkAETAJ5HDtIAW0bD20bC40bEGwbqQERbBupARJsG6kBE2
12=wbJzEBQUQIzRBCSAHNEEMoKQBESAHFHkVIAcUeRkgBzRBHKCkASCgpAElIAd0KSkgB3QpL
13=SQE4fAYDAgA2AAwA3Qo3SQE0tQI4SAFkAU0mOSgpADpJAT17AgIAO0gBZR4UZR4MhR4VZB
14=6pARZkHqkBF2QeqQEYZR4MSAdICG5SDADZEUJQCckBQygpAEQoKQBFSAHFE0ZIAVwHdS5H
15=KCkASCgpAElJAT5kBHU5DO1SS1QCcAJBGkwoKwA1AA3tEDYoKQA3KCkAOEgByS05SAHFCD
16=pIAckMO0gB2Sc8SAHNBT1IAc0FPigpAD8oKQBASAHZMkFIAdEfQigpAEMoKQBEKCkARUgB
17=Jx0EDYQMQRpHVAKPAQIASCgpAEkoKQBKKCkASygpAEwoKQBNKCgAATQADgDFEzVIAcUTNi
18=gpADcoKQA4KCkAOUgB0R86SAHZETtIAcElPEgByU49SAHBBD4oKQA/KCkAQEgBzRBBSAHN
19=EEIoKQBDKCkARCgpAEVIAckMRkgByQxHKCkASCgpAEkoKQBKKCkASygpAExIAdGNTUgBzT
20=xOSAHbETMAD+lZNEgB1QI1KCkANigpADcoKQA4KCkAOUgB1Tk6SAHdFTsoKQA8KCkAPSgp
21=AD4oKQA/SAHRFEBJATZoCGVrD1h6TwECAEJUAsUTQ0gBwQRESAHBJUVIAUQFeWlGKCkARy
22=gpAEhIAc1+SUgBzQVKKCkASygpAExIAd02TUgBwQ9OKCkATygrADIAEIwJXVczSAHVRDRI
23=AdkGNSgpADYoKQA3KCkAOCgpADlIASckBSddATtUAowMbJQnVQA9VALNJj5IAcE7P0gBxQ
24=hASAHZBkEoKQBCSQE8eAJkzicxAURUAnACVRhFKCkARigpAEdIAdUNSEgB1S5JSAHZBkoo
25=KQBLSQE/ewICAExIAd0gTSgpAE4oKQBPKCkAUEgByBcBMQARAMkBMkgBbAlFEzMoKQA0SA
26=HJLTVIAd1BNkgB1Q03KCkAOEgBwQQ5SAHJFzpIAd0KOygpADwoKQA9SAHRQD5IAd0KP0gB
27=xQhASAHFCEEoKQBCSQFAeAJ9KxFgAW1SRFQCjwECAEUoKQBGKCkAR0gB2QZISQG6cwUCAE
28=nKAQECRvoRAHQCAQICAEtUAn4DAAJdKxH1nE1UAtEUTkgBxR5PKCkAUEgByRdRSQGAaAgC
29=AgAwABLlCDFIASfVBRJ4A2kXM1QCwWc0SAGbAgIANSgpADZIAc0xN0gByQw4SAHNBTkoKQ
30=A6KCkAOygpADwoKQA9SAHRCT5IAdkRP0gB0QlAKCkAQSgpAEIoKQBDKCkAREgByRdFSAHF
31=CEYoKQBHKCkASEgBfSsDdS4SiS0EdC6pAQV1LhL9pExMBcktTUgB0RROSQEhbwwCAE9JAS
32=KpAVBIAdUCUUkBJbUCUkgBkEsCAwAvABMm4SIwSAHdCjFIAd0KMkgBdAZZPTNIAdUjNEgB
33=wdU1SAHBBDYoKQA3KCkAOEkBvGQEIt4nEwBoAUVKOtQCRUo7yAFRHzxIAWgFVQ09KCkAPk
34=gBnBUiFCQnvQJAVALdjkFIAdkRQkgBxQhDSAHFgURIAclDRUgBwQRGSAHZikdIAcUISEgB
35=bTEGbTETjTEHbDGpAQhtMRPxVkxMBc1dTUgByQxOSQF+bAxvMRMAJqkBUFQCwTBRSAGDDw
36=MAUkgBly4DAFMoKAABLgAUAMk4L0gB1S4wSAHVDTEoKQAySAHJFzNIAXANWSc0SAHFrTVI
37=AdUCNigpADcoKQA4SAF4MklOOcgBSU46yAFdIDvIAV0gPEgBiBcinSoU7Uc+VAKUGGU0FC
38=Y1KEAoVQBBSAHFSkJIAdkRQygpAEQoKQBFSAHdNkZIAd0KRygpAEhIAcU/SSgpAEooKQBL
39=SAHNMUxIAcVgTUkBg2cPAgBOSAHNMU9JAUF3AgMAUEgBZAEBAAMAUUgBlC5kNMAaZTQUJE
40=8gAwBUQASIDAMDAC0AFQDFCC5JAYVpCAJGaxUAwQ8wVALBDzFIAcE7MkgBxTQzSAF0Bp02
41=FfFLNVQC2Rw2KCkAN0gB2T04SAF8Nk1SOcoBCQJVBxWSbAoCRIapAQts9yddAT1MBdEqPi
42=gpAD8oKQBAKCkAQSgpAEJIAcEPQ0gB3RVEKCkARSgpAEZIAcV2R0gB1Q1IKCkASSgpAEpI
43=AYQpZGsnzQRMVAKfTAMATUgBnSADXTYVUL9JDwNUnM0FA142FQCcK302FaBnfzYVAEBIBV
44=U5U0UIJ2kBAl82FQCJqQFVVQIjqwEsABZYOE0BAlsAFgAoRAEBAAIALlQC0XcvSAHBRjBI
45=AZ26A19cFgCGrQUyVALFHjNJATe1AjRIAcV2NSgpADZIAckiN0gB3WI4SAF1OQx9pBaJOA
46=10OakBDnQ5qAEjfTwWXDxMDHVwFlwQiQE+RAjdCj8oKQBAKCkAQSgpAEJIAcEPQ0gBXQcA
47=RR5EKCkARSgpAEZIAc0bR0gByQxIKCkASUgB0QlKSAHZXktIAc0mTEgBhAh0OdwVdTkWJK
48=AldjkWACNMIHU5FrlpBFZwFgCYaXY5FgDJOFNQCd02VEgBl0QCAFVIAZdEAgBWSAHTFCsA
49=F7MJAwAsSAGQCW88FwB/aB5tPBdYZEwBbuEXAJ82AwAwTAWAGm08FyiPBxcAQEoFAAJdnh
50=f1ezRMBZRPIl0iF7RPIkZAFwCBiAJNChe0hiINRBe8V208F2kJAFEJOkQIjAFsPCdVADxU
51=AowmbTwXKIwHJykAP0AE2RxASAHdTEFIAdUCQigpAENIAdF3REgB1Q1FSAHZJ0ZIAdkGRy
52=gpAEgoKQBJSAGIIm3hF7A1ZnYXAI+1AwBMQASMEGw8xB5tPBck9EBvPBcAJGQPbzwXAIip
53=AVFYBpU5A0/hFwCEdQICTOHYMmR2J8UDVUwFiAxsPN8KAgBXVAJ0BkcpKgAYqwwCACtIAc
54=F9LEgBiAxlPxgo5QcYJGhKZT8YgAhJhTBNBUBwAWU/GO33MlQC2bYzSAHNRzRIAcWBNUgB
55=yYU2SAHdQTdIAdkGOEgB1Tk5SAHFVTpIAdkyO0gBfQ4AbbUY7Uc9VALZMj4oKQA/SAHNMU
56=BIAdkGQUgByU5CSAHBJUNIAdmrREgBzQVFSAHNBUZIAc0FR0gB1Q1ISAHVAklIAcUISkgB
57=JWUjS0gBwXJMSAGVOQJNtRigO23sGOGpT0AEgA9lPxj9eFFVAod5AgJGPxgAxTRTVALBJV
58=RIAdkcVUgBaAVVI1YoKQBXKCkAWCgrACkAGfVlKkgByS0rKCkALEgB1S4tSAGcjmeBGQBA
59=bAx9QRnxFDBABNnBMUgB3fwySAHZPTNIAdWcNEgBiRcDUXwZXH5VCQNLfxkAOUQBUUs3QA
60=TdxThIAYwFZIEnvQI6VALBMDtIAdEUPEgBYQgAZYEZ6UM+VALNBT9IAcU0QEgBzQVBKCkA
61=QigpAEMoKQBEKCkARSgpAEYoKQBHSAEliSJISAHduklIAcFcSkkBLXgNZYEZQOZMASJdOB
62=n5oE1ABNkGTkgBwSVPSAHBZ1BIAckiUUgB1ZFSSAHdNlNIAdkcVCgpAFVIAdUjVkgBWQ4A
63=VSNXKCkAWEgB0QlZSAHTCSgAGogFTQUpSAHBMCpIAckMK0gB2V4sSAHVTy1IAYSXdUQaJv
64=0gL1UCLngJIh47GgDNGzFUAt1iMkgBzUczSAHdpDRIAZwKdUQa/Uw2VALNaDdIAdFhOEgB
65=0RQ5SAHRFDooKQA7SAGQCXSGJ20DPVQCYBNZHD5IAck4P0gB1QJASAGAMCKcSyfZAEJUAs
66=EEQygpAEQoKQBFKCkARigpAEdIAckMSEgB2WlJSAHVZUpIAdVlS0gBwSVMSAHVAk1IAdUC
67=TkgBwSVPSAGUWnWGGvHwUVQCySJSSAHJIlMoKQBUKCkAVUgB1SNWSAHNG1dIAclDWEgBxQ
68=hZKCkAWigrACcAG0x5QQcCTZkbXABLAAIAKVQCzRAqSAGQFGTOJ4EALFQC2astSAEjVCFs
69=RycxAS9UAsElMEgBwSUxSAEliSIySAHJTjNIAdlINEgBiC1tRxv10zZVAoJAE1k9N0gBJ8
70=UZGyaNKDlUAtkcOigpADsoKQA8SAGMlGSMJxUDPlQClA0iVDcnVQBAVQJAtQ1BSAFlAQAi
71=jVQbJBwlIuZJGwDdbURABMkBRUgBxXZGSAHZBkdIAckMSEgBxR5JSAHRYUpIAdEfS0gBnD
72=YirCHIDCKtIRv5q05ABMlvT0gB1f9QSAHZaVFIAd02UkgBySJTKCkAVCgpAFVIAcE7VkgB
73=3RVXSAHFCFhIAcUIWSgpAFooKQBbKCsAJgAc6dInKCkAKEgB1SMpSAHFVSpIAdUNKygpAC
74=woKQAtKCkALkgB2ScvSAHZJzBIAdEfMUgB0R8ySAHdCjNIAdVPNEgBgBoHAwA1ABwANwAA
75=ABEAAGYPACAGAAMANgAcADkAQAAEAwA3ABwAhkQBAQACADhJAT6pATlJATapATpJATGpAT
76=tJATSpATxIAWQBWQY9KCkAPkkBQHsCAgA/SAFkAQEAAgBAKCkAQSgpAEJJATpnBAIAQ0gB
77=yQxEKCkARSgpAEZJATOtBUdIAcUTSEgBlxgCAElJASGhBEpJASWpAUtIAYsMAwBMSAGLFw
78=MATUkBJ6EETkkBI6kBT0kBO6kBUEgB1Q1RSAHVDVIoKQBTKCkAVEkBOLkGVUgBZAFFHlYo
79=KQBXSAGPEAIAWEgB2RxZKCkAWigpAFtIAZMUAgBcSQF5dAkCAgAlAB1hAQBdCiZIAdEJJ0
80=gBxRMoKCkAKUgByQwqSQE1YwcCACtIAWQBRQgsKCkALSgpAC5IAcU/L0gB0R8wSAHFCDFI
81=AcUIMigpADNJAYB7AgIANEkBPGsBAwA1SAHdKzZJAYh1AgJfTB0ALqkBOFUCg6kBOUkBIq
82=kBOkgBzRs7SAHdIDxIAXwDSRc9KCkAPigpAD8oKQBASQE9cwUCAEFIAWQBWQZCSAHdCkNI
83=AdUjRCgpAEUoKQBGSAHBD0dIAcVKSEgB3RVJSAHRS0pIAYNGAwBLSAGcCn1MHVxoSA99TB
84=3la05ABI8FAgBPSAGPBQIAUEgB1Q1RSAFQBm08UigpAFMoKQBUKCkAVSgpAFYoKQBXSAHJ
85=OFhIAclDWUgB1Q1aKCkAW0gB0VZcSQF2Zw8CAF1JAW+oAQIkAB4AcKkBJUgBZAFFKSZJAU
86=BvAQIAJ0gBZAEBAAIAKCgpAClIAc0QKkgByQwrSAHNBSwoKQAtKCkALigpAC9IAdE1MEgB
87=1SMxSAHNMTJIAc0xM0gBzTE0SAEn9wkeACZ5DQJXnB4AgqkBN0AEzQU4SAGXRAMAOUgBzZ
88=86SAHJFztIAdknPEgBxWA9SAFsCUUePkgBhAh1nB6QAlUCQFQCyRdBSAHNaEJIAcEwQygp
89=AEQoKQBFKCkARkgBzSZHSAHFa0hIAY1HA1acHgCfCgMASlQCnAp1Tx5Yb1gQdU8eSDNJAQ
90=JWnB4AyZtOTAXFE09IAc0bUEgB1Q1RSAFQBrRPJ0EDU1UCuHsCAgBUyAEBAQIAVUgB0R9W
91=SAF8A1EfVygpAFgoKQBZSAHBD1pIAdU5W0kBd3wGd5weAG2pAV1UAskBXigrACMAH+EEJC
92=gpACVIAcVVJkkBcaUIJ0gBgCVtUh9QO1sCAgApVAJAAW0bKigpACsoKQAsSQE/ZwQCAC1I
93=AZ0rAkmVH6stAgAvVAKLLQIAMEgB1RgxSAHFNDJIAYUIA0gG2QYDSTIfRFBAC2WiH1yfiQ
94=E2TQU3RAFR8DcoKQA4SAGcCm1SH/1XOlQCzV07SAHdpDxIAdEqPUgB3RU+SAHRFD9IAdUC
95=QEgB1QJBKCkAQkgB0UBDKCkARCgpAEVIAclDRkgByW9HSAHNaEhIAYwQblIfAIgMbFInxQ
96=NLQASECGxSJ0EDTVQC1RhOSAGEdmWiH2AiZTRQVAKPAQIAUUgBkyoCAFJIAdVwU0gBbVIC
97=blIfAGkBA25SHwCbEQIAVkAE0R9XSAEleSBYSAHdCllIAc0FWkgBkxQCAFtIAdmgXEgBwV
98=FdKCkAXigpAF8oKwAiACD5UyMoKQAkKCkAJSgpACZIAc2qJ0kBQHwRZ1UgAH2pASlUAmQB
99=AQACACooKQArKCkALCgpAC1IAdUYLkgBgDBlVSCsMWZVIACFSgJHAiAAJGMLAgAyTQUoqQ
100=EzSAGAMGVVIPWGNVQCwfY2KCkAN0gB2QY4SAGcpGVVIPVaOlQCiy0DADtIAc2qPEgB0RQ9
101=SAHRFD4oKQA/KCkAQCgpAEFIAckXQkgB1U9DSAHRYURIAdlIRUgBwQRGSAHZU0dIAYeBAw
102=BISAGAD2RVyCJkVSfFA0tABMUeTEkBh7UjTUgBJ/YUIACAJWVVIHgDpFUnKQBRTAWYAmVV
103=IOFRU1QCwVFUKCkAVUgBmBFkVdsRAgBXVALFCFgoKQBZSQFAewICAFpJAXupAVtIAdlTXC
104=gpAF0oKQBeKCkAXygpAGAoKwAhACHxViIoKQAjKCkAJCgpACUoKQAmKCkAJ0gB0a4oSAGI
105=LWatIQDZdCpUAnkVACLsKZwzbSYsVALNBS1IAd0gLigpAC8oKQAwKCkAMUgB3QoySAHRrj
106=NIAZgyfVch6aY1VALJ/jZIAdVEN0gBxWA4SQGJaRMCQsQhAMkBOlQCwVw7SQGEoQQ8SAGP
107=XQIAPUgB3RU+KCkAP0gBwalAKCkAQUgB2YpCSAHdFUNJAUF/CgMAREkBhWsBAgBFSQF/qQ
108=FGSAGDngMAR0gBnAp9VyH1yElUApwKfFcnxQNLVALZHExIAd0rTUgB1U9OSAHJF09IAcUp
109=UEgBfA5FNFFIAdkGUkgBzQVTKCkAVCgpAFUoKQBWSAGQFH1XIVQpWwkCAFhUAkABeT1ZKC
110=kAWigpAFtIASekFSchCl1UAtVaXigpAF8oKQBgKCkAYSgrACAAIulZISgpACIoKQAjKCkA
111=JCgpACUoKQAmKCkAJ0gBwbQoSAHFlylIAdWRKkgBzRsrKCkALEgB1UQtSAHZJy4oKQAvKC
112=kAMCgpADFIAd0KMkgB1UQzSAGAD3ZaIgCIOCL9ICKkayLlPiImUTE3TAXZETgoKQA5KCkA
113=OkkBfmUEAlWyIulkPFQCwUY9SAGXDQIAPkgB2RE/SAGMdiLmPiIA0a5BVALZBkJIAdlpQ0
114=gBwWdESAEl4S1FSAHJsUZIAWkQAHVaIvnMSFQCyW9JSAHFCEpIAclkS0gB1chMSAHRFE1I
115=Ad0rTigpAE9IAckXUEgBlA0i/SAi6bFSVALZBlNIAdFWVEgB1QJVSAHFCFZIAcUIVygpAF
116=goKQBZKCkAWigpAFtIASdUCydNCl1UAidUCydVAF8oVQBgKCkAYSgpAGIoKwAfACPhXCAo
117=KQAhKCkAIigpACMoKQAkKCkAJSgpACYoKQAnSAEnrQsjVD9MHmW4IyTwOiIEIpjffXgrTA
118=VYA2kBLCgpAC1IAdkyLkgB0SovSAHRKjAoKQAxSAHdKzJIASetCyOkNG1dI/WcNUAE1Zw2
119=SAHFSjdIAcFROEgBwVE5SAHFVTpJAS10FGxdIiwmTQECXPZwIokBPUAE2XQ+SAHZET9IAd
120=kRQEgB1U9BSAHBtEJIAckMQ0gB1VpESAGJpgNFuCMmFSRGVAIlFSRHSAHdV0hIASXBNElI
121=AcFnSkgBxWBLSAGTLQIATEgB0SpNSAHRKk4oKQBPSAGUIyL0QJAGeTJRVALZBlJIAc0bU0
122=gBSB9hBFRIAdEfVUgB3QpWSAGcFWS4JzEBWFQC2QZZKCkAWigpAFtJAXpkBCL/NiMAcqkB
123=XVQCJ6wLJ9EKXyhVAGAoKQBhKCkAYigpAGMoKwAeACT5Xh8oKAAiGCvJDCEoVQAiKCkAIy
124=gpACQoKQAlKCkAJkgB3RUnKCkAKEkBdbUYKUgBZAFZ4iooKQArKCkALEgBlPQitTgk9WUu
125=VALZBi9IAcktMEgByS0xSAHZMjJIAclOM0kBQHwGZWAk8aM1VALJQzZIAdGjN0gBaAVBqT
126=hIAdlTOUgBxUo6SAGQOGRg0QkBRmAkACNPKwEAPUAEkQkBXn0kAIAPIgRDaCVEC3a9JAAl
127=KSxBTAXRCUJIASWJIkNIAUUFAE0QREgBJfklRUgBJb1PRkgByRdHSAHFCEhIAdlTSUgBk9
128=oCAEooKQBLKCkATEgBwSVNSAGXDQIATigpAE8oKQBQKCkAUUgB1S5SSAHVLlNIAcFcVEgB
129=0QlVKCkAVigpAFcoKQBYSAHFdllIAdkGWkgBxT9bSAHdClxIAcEEXUgBzcBeSAHFVV8oKQ
130=BgKCkAYSgpAGIoKQBjKCkAZCgqAB0Al44AAAIhXkQlAMkMH1QCyQwgKCkAISgpACIoKQAj
131=KCkAJCgpACVIAc3AJkgBxR4nSAHBGigoKQApSAGAnmXDJSRcIiJtLyUm3ScsQATZBi0oKQ
132=AuSQG3eAIibjolAGgBAQECADBUAnACQRoxSAGYSCJsOmB1XQICWQslJmUuNEAE2Ug1SAHR
133=FDZIAc1oN0gBUAZtUjhIAdGuOUgBlQICScwlp2sBADtUApAJfGLQKnxiwA9+YiUAyWQ/TQ
134=VBaAh8YiIYNEwBIl1ZJSZJUUJABIwIIvxigAFtEERUAoAaZcMlJqkmRlQCzUdHSAHFYEhI
135=AdHlSSgpAEooKQBLKCkATEgBJ1wM1A18YicpAE9ABEgUdURQKCkAUSgpAFIoKQBTKCkAVC
136=gpAFUoKQBWSAHZPVdIAd0VWEgB3RVZSAElJTFaSAEiHEZVOVvJAQFlwyVAjkMSAgBdVALR
137=Vl5IAdFWXygpAGAoKQBhKCkAYigpAGMoKQBkKCkAZSgrABwAJia1Qx1IAVgOfCAiIFjA1S
138=IISsEPIEAEyAEiEDXIASJ4LMkBIyiBACQoKQAlSQF0YQsCQQEmXKpMASIeXCYAJZlmKFwC
139=TAJhDylIAcGeKkgB3TYrSAHBBCwoKQAtKCkALkgBaWQCdWUmlWUDdmUmAM1HMUAEwTAySA
140=EjHFF1ZSZEZkULAk0gJiQzIgIANUAEwQ82SAEntAwjQCVlVThUAie0DNQCdWUmsFZ0ZdQC
141=dGUnKQA9WAZODQAAdmUmACN9MQFAFCJ4QFwCdGV0iYkBQUwFixcDAEJIAZ8VAwBDKCkARE
142=gBIzgjdWUmUAGZBkZAASWFJ0dIAd26SEgB3bpJKCkASkgBySJLKCkATCgpAE1IAc21TkgB
143=QAxlNE9IAc2JUEgB1QJRSAGcFSIkRydRBVNUAs1dVEgBzQVVKCkAVkgB0RRXSAHRFFhIAc
144=UTWUgBzTFaSAF0ZU08W8gBTTxcSAGUhnZlJgDRVl5UAiW1Il9IAdlTYCgpAGEoKQBiKCkA
145=YygpAGQoKQBlKCkAZkgB3QobqKNpIhxIAc0QHUgB2BwlPGFhBB9UAtx4IvRMxQghVALEEy
146=J4N8kBI1QCwAQiKCLAZ8CxcQkmQQRAbAxvaCcAfKkBKFQC3Y4pSAHZJyooKQArSAHVkSwo
147=KQAtSAHFNC5IAW0JAGxoI1QidQ0wKFUAMUgB2RwySAHNBTNJAUBsAWxoJ9kANVQCzQU2SA
148=EloSU3SAElkSM4SAGAyiI0SSfZADpUApxlb2gnAIF8CmxoJykAPUAE1QI+SAGMuG5oJwAl
149=oSVAVQJBewYDAEFIAYULAk1oJ/niQ1QCJakmREgBjNYiNUkns64DAEZUAiWNKEdIAQkhAA
150=AAAAIASAAnAIMRAAAvDwAgCAAAAAACAEkAJwAiRAEFAAIASgAnADqpAUtJATGpAUxJATSp
151=AU1IAWQBTQVOKCkAT0kBQHsCAgBQSAFkAQEAAgBRKCkAUkgB3QpTSAHdClRJATNzBQIAVU
152=kBNakBVkgBZAFFCFcoKQBYSAHFCFlIAcUIWkgBxQhbKCkAXEgBwQRdSAHBBF5IAckMX0kB
153=em8MAgBgSQFyqQFhSQFtqQFiKCkAYygpAGQoKQBlSQFwrQVmSAFkAV0VZygrABoAKJACVQ
154=IbKCkAHEkBQH8CAgAdSAFkAQEAAgAeSQF7bwECAB9JAXSpASBJAUGpASFJAXapASJIAcEP
155=I0kBO7UCJEgB2RwlSQE5tQImSAFkAUkMJygpAChJAT57AgIAKUgBwSUqKCkAKygpACwoKQ
156=AtKCkALkgB1Q0vSQE3sQkwKCkAMUkBNrUCMkgB2REzSAFwAlkRNCgpADVIAdkRNkgB0Qk3
157=KCkAOEgB1Q05SAHJODpJASF3CQIAO0kBHqkBPEkBgqkBPSgpAD4oKQA/SQEtoQRASQGIqQ
158=FBSQEjqQFCSAFkAVEUQ0gByQxESQElewICAEVJATxrAQMARkkBJmsBAgBHSAHBBEhIAZ82
159=AwBJSQGGoQRKSAHdV0tIAdUuTEkBOKEETUkBuKkBTsgBAQECAE9IAXACWRFQKCkAUUgBxT
160=9SSAHRCVMoKQBUKCkAVUgByQxWSAHRCVcoKQBYSAHFE1lIAdEJWigpAFsoKQBcKCkAXUgB
161=zTxeKCkAX0gB2T1gSAHVDWFIAd1XYkgB0WxjSAHJb2QoKQBlSAHFYGZJAT1rCAIAZ0gBZA
162=FdIGgoKQAZRFjBkxpIAcEEGygpABwoKQAdKCkAHigpAB8oKQAgKCkAIUgB3YMiSAHZESNI
163=AcElJEgBwQ8lSAHBDyYoKQAnKCkAKCgpAClIAcUIKkgB2ScrSAHVLiwoKQAtKCkALkgByT
164=gvSAHVDTAoKQAxKCkAMigpADMoKQA0KCkANSgpADYoKQA3KCkAOEgB0RQ5SAHZHDpJASRk
165=D3xtfIZPAQIAPFQCg1EDAD1IAZt0AwA+SAGbdAMAP0gByWRASAHNc0FIAcXOQkgB0WxDSA
166=HNaERIAd0KRUgBlCN+bSkAkUsDXW0pr60CAEhABI2tAl9tKQCEQBNVREpUAtUYS0gB1RhM
167=SAF8A0EETUgBfG0BAgIATskBA31tKZwDQQRQVAKMAWXZKfniUlQCmxECAFMoKQBUSAHJDF
168=VIAdkGVigpAFdJAT97AgIAWEgBxQhZKCkAWigpAFsoKQBcSAHdCl1IAWAIRRNeKCkAXygp
169=AGAoKQBhSAHdV2JIAd1XY0gBkyoCAGRIAZM1AgBlKCkAZkgB1Q1nSAHVDWgoKQBpSAHECA
170=EYACoA1RgZSAHJWRpIAYc0AgAbSAHFCBxJAUFsAXXeKmABItkhHlQCjAF03idVACAoVQAh
171=KCkAIkgBwQ8jSAHBDyRIAd0VJUgB0QkmKCkAJygpACgoKQApSQFAcQUCQAEn4QErUAHBRi
172=xIAckMLUgByQwuSAF0BgEAAgAvKCkAMCgpADEoKQAySAHFlzNIAdkGNEgB1QI1SAHVAjZI
173=Ac0bN0gB2TI4SAHNEDkoKQA6SAGEa3dwKgCAaAh1cCpMbkwBdnAqAIwxdnAqAIgXdHDbHA
174=MAQEQIjzEDAEFIAc1zQkgByW9DSAFICQIAAAMAREgBifMDVN4nMQFGVQInZAR33ioALqkB
175=SFQCxQhJSAEnFA7HEwIAS1QChxMCAExIAdUYTUgBYAhRKk5IAclkT0gB3SBQKCkAUUgByS
176=JSKCkAUygpAFRIAYQeIjwpxx4CAFZUAskMVygpAFhIAdk9WUgB3QpaKCkAWygpAFxIAd0K
177=XUgB0QleKCkAXygpAGAoKQBhSAHBGmJIAcEaY0gB1Q1kKCkAZSgpAGYoKQBnSAHZaWhIAc
178=EPaUgByRdqSAHTCRcAK+FyGEgB3RUZSAHZBhooKQAbKCkAHCgpAB0oKQAeKCkAHygpACBI
179=AcEaIUgBJakmIkgBwTsjSQExew0CACRIAc0QJUgBcAJNPCYoKQAnKCkAKCgpACkoKQAqSA
180=HVDStIAckMLEgByQwtKCkALkgBxUovSAHVDTAoKQAxKCkAMkgB2SczSQEzcQUCRGUn+QQ1
181=KFUANkgB1Q03KCkAOEgB2RE5KCkAOkgB1fQ7SAHR5TxJAYmpDD1IAcHVPkkBQHQCbXMr5d
182=lAVALBBEFIAYuFAwBCSAFoBUFyQ0gByW9ESAHNBUVIAdEJRkkBhXAFb3MrAH+pAUhVAkFo
183=ASJGKisAzX5KVQKBdAJtcysmBThMVAIjeysCAE1IAX0DAGXkK4QBSQFPVALZJ1BIAdUjUS
184=gpAFIoKQBTKCkAVEgB3UFVSAGUCWxzJ10BVyhVAFhIAZ+OAgBZSAHJLVpIAdUNW0gB1QJc
185=SAHVLl1IAd0KXigpAF8oKQBgKCkAYSgpAGJIAdUNY0gB3QpkSAHVDWUoKQBmSAHVDWdIAd
186=UNaCgpAGlIAdUjakgBxQhrKCsAFgAso7QCABcoKQAYSAHNBRlIAclZGkgByQwbKCkAHCgp
187=AB0oKQAeKCkAHygpACAoKQAhKCkAIigpACNIAd0VJEgBzRAlSAHNECZIAc0QJygpACgoKQ
188=ApKCkAKigpACsoKQAsSAHdKy1IAckMLkgBxSkvSAHJDDAoKQAxSAHZfzJIAdkGMygpADQo
189=KQA1KCkANigpADdIAclOOEgByQw5SAElwSk6SQGDewICADtIASVFKjxIAZdlAgA9SAHdeD
190=5IAd14P0gBJbU4QEgB0WxBSAGEKWV2LCadKkNUAsFyREgB0QlFSAEl6TlGSAHRCUdIAcEE
191=SEgB1XtJSAHFgUpIAdl/S0gB2QZMSAHdK01IAd02TkgBaBuFdiwkeCAidUYs8cRRQATRKl
192=IoKQBTKCkAVEgB2SdVSAHRCVYoKQBXKCkAWCgpAFkoKQBaSAHNiVtIAcUIXCgpAF0oKQBe
193=SAElFSRfSAHVsmBIAcEaYUkBumsIAgBiyAEBAQIAY8kBAiJMKyeZA2VUAtFLZkgBdAZdIG
194=coKQBoSAHVDWlIAd0gakgB2X9rSAHFCGxIAcBGARUALQDJARZIAc1HF0gBzUcYSAGTQAIA
195=GUgB2ScaSAHNEBsoKQAcKCkAHSgpAB4oKQAfKCkAICgpACEoKQAiSAHJZCNIAckXJCgpAC
196=VIAc0bJkgBxSknSAHZESgoKQApSAHRCSpIAc0FK0gBzQUsKCkALUkBQHsCAgAuSAFlAQAi
197=VSwtRGZTAQIAMChVADEoKQAySAHFVTNIAd0VNEgB0RQ1KCkANigpADdIAcUpOEgBQQwAVQ
198=05SAEl/Ss6SAHJZDtIAd3bPEgBxTQ9SAHFND5IAcU/P0gB2RxASAHRCUFJAUBsDH14Lenz
199=Q1UCLncCAgBESAElHTtFSAHdCkZIAd0KR0gB3QpISAHdCklIAZNhAwBKSAHRFEtIASXtSk
200=xIAdEJTUgBjAVl7y14DmUeT1QCjAF9eC3pelFUAsUpUigpAFMoKQBUSAHJWVVIAcUIVkgB
201=3RVXSAHdFVhIAcEEWSgpAFpIAdkRW0gBwQRcKCkAXUgB0QleSAHVOV8oKQBgSAHJOGFIAX
202=14A354LQBpAQR8eKkBBXx4J8UDZUwF1Q1mKCkAZygpAGhIAd1taUgByQxqSAHZdGtIAdFA
203=bEgBJYUybUkBQWMLAwAURFjBtBVIAdG5FkgBxUoXSAElDU8YSAHVDRlIAdUNGkgBbQkAIs
204=w7jERxNRwoVQAdKCkAHkgBgA8izDsnrQAgVALFCCEoKQAiKCkAIygpACQoKQAlSAHZaSZI
205=AdkRJ0gB0QkoSAGUGCKkVye1ASpUAtUYK0gBxT8sSAHZBi0oKQAuSAHRgi9IAdlIMEgBzQ
206=UxKCkAMigpADMoKQA0SAHVDTVIAclDNigpADdIAckXOEgB3TY5SAHRNTpIAYUIA1b0LgCH
207=wwMAPFQCI2k0A06OLgDFND5UAo8FAgA/SAHdCkBIAcHrQUgB2fhCSAHJ6ENIAcU/REgBhD
208=QizDsnXQFGVALJLUdIAd0gSEgBJ3cPLgBAbCJ1ey6zxAMAS0AEi3oDAExIASVRPE1IAdEJ
209=TkgBwTBPSAFhCAB0eyexBlEoVQBSKCkAUygpAFQoKQBVKCkAVkgB3SBXSAHVLlhIAZgnIl
210=wtxykCAFpUAsElW0gBzRBcKCkAXUgB0QleSAHRCV8oKQBgSAHJImFIAWl6BnV7LpV7B3R7
211=qQEIdHsnbQNlTAXZU2ZIAcEPZygpAGhIAcEPaUgB0RRqSAHVLmtIAdE1bEgBJW0kbUgBJX
212=UlbkgBnw0CABMh1EaQFG1+LyYRNBVUAt1MFkgBl5wDABdIAcVKGEgBzRAZSAHRHxpIAcUp
213=GygpABwoKQAdSAHBOx5IAc0bHygpACBIAdEfIUgBwQQiSQG5bwECACPJAQEiLj0vAHQCAQ
214=ICACVUAnwDVUQmSAHFEydIAdkRKEgB0RQpSAHVAipIAdUCKygpACxIAcEELUgBmGll+i+E
215=DEkML1QCjAFk+idVADEoVQAyKCkAMygpADRIAcUTNUgB1dM2KCkAN0gBjzECADhIAdU5OU
216=gBk40DADpIAZgGbX4vUARUEG1+L/3xPUAE0Xc+SAHVDT9IAZkGAlJxLwAlgUJBVALNG0JI
217=AUkJAE0bQ0gB0YJESAEltS1FSAHJ80ZIAcnHRygpAEhIAZzTIrRZIvRrWAki33QvAB1FAQ
218=Bvfi8AH6kBTEwF0QlNSAGEgWX6L1wbRAQitVkvvJlsficpAFFMBc1HUkgBRAV9FVNIAZcj
219=AgBUSAHBBFVIAcEEVkgB2YpXSAHdIFgoKQBZSAHRQFooKQBbSAHRQFwoKQBdSAHNBV4oKQ
220=BfSAHdNmBIAcEPYUgBxRNiSAHVLmNIAd0KZCgpAGVIAd0KZkgB1RhnSAHRCWhIAdU5aUgB
221=1Q1qSAHRNWtIAdV7bEgB0UBtSAHJx25IAcl6b0gBk2wDABIhTCrBvxNIAdk9FEgBI+MiAw
222=AVSAGLFwMAFkgBgA9lgTDtyxhUAt0rGUgB3SsaKCkAG0gBzRscKCkAHSgpAB5IAckiHygp
223=ACBIAcmbIUgB3SAiSAFtfgNlgTCZfwRkgakBBWWBMIgFSVkmTAXNJidIAc0QKEgB0RQpKC
224=gACioAMAAxAAAAAAIAKwARAAATEAAgATAAMQBAAAQCACwAMAA4RAEBAAIALUgBZAFJAS5J
225=AbtvAQIAL8oBAQJCATAAdgICAlQHqAEBAwIAMlwCaAVZBjMoKQA0SQE8ewICADVJASGpAT
226=ZJAYOpATdJASKpAThJASSpATlJAYipATooKQA7SQGJtQI8SQEjqQE9SQE7qQE+SAHVGD9J
227=ASd3AgEAQEgBmwYBAEEoKQBCSQEooQRDSQFBawECAERJAYCpAUVJAT9rAQMARkkBN6kBR0
228=kBOakBSEkBhWsBAgBJSQEdqQFKSAGXGAMAS0gBkxQDAExIAZsRAgBNSAGXAgIATkkBOrkG
229=T0gBzTFQKCkAUSgpAFJJATWtBVNIAWQBSS1USQFAbwECAFVIAWQBAQACAFYoKQBXKCkAWC
230=gpAFlIAcEPWkgBwQ9bKCkAXCgpAF0oKQBeSQE0bwwCAF9IAWQBVQ1gKCkAYSgpAGIoKQBj
231=SAHVDWRIAdUNZSgpAGZIAd0KZ0gB3QpoSAHNR2lIAc1HakkBgmcEAgBrSAHNR2xIAcEEbU
232=kBJaEEbkgBi0MDAG9IAYsMAwBwSQEmoQQRRVgzqQESSAHdKxNIAdFAFEgBjxADABVIAck4
233=FkgBj0cCABdIAdEJGEgB1VoZKCkAGkgB0RQbSAHdIBxJATahDx0oKQAeKCkAH0gBwSUgSA
234=GLFwIAIUgBdAZVLiJJAblMAQEGAgAjyAEBBwIAJMgBAQgCACVIAZMfAgAmSAHRCSdIAdEJ
235=KEgBQQgAUQkpKCkAKkkBPnsCAgArSAHZaSxIAXACTQUtKCkALkgBZYEEfYMxkYIFfIOoAU
236=UTMcAERRMySQE9awgCADNIAWQBUQk0SAGcK36DMQDVLjZUAoNyAwA3SAHRbDhIAc08OUkB
237=HmsIAgA6SAHdKztIAXACXQo8KCkAPUgByQw+SAGLOAEAP0gBlHB+gzEAgSUBXYMxXJRPCA
238=EAQkAEn3gBAENIAZk9AV2DMUwsQwQCAEVUApmKAl6DMQDJAUdUAo8FAgBISAHJQ0lJAS1U
239=BkUTSkkBIKkBS0gBzQVMSQGEtQJNSAGcjnyDYChbAgIAT1QCyThQKCkAUSgpAFJIAcE7U0
240=gBUAZhO1QoKQBVSQG8eAJ+gzEAaAEBAQIAV9QCUblYyAFRuVlIAcVVWkgBwQ9bKCkAXCgp
241=AF0oKQBeSAHNEF9IAXANRR5gKCkAYSgpAGJIAZcuAgBjSAHJDGQoKQBlKCkAZigpAGdIAY
242=uxAgBoSAHZU2lIAc1HakkBQWUPA16DMQDNR2xVAn93AgIAbUgBnysDAG5IAZRwfIPILX2D
243=MVhOUwUDAHFABNW9EETcTAJxKhFIAdUjEkgBxR4TSAHNEBRIAYhOdYYy7RAWVALNEBdIAc
244=0QGEgBgxoDABlIAdUNGkkBhnsNAgAbSQFAqQEcSAHFYB1IAdGNHkgBxWAfSAHFEyBIAdEq
245=IUgByZsiSAFtCQB1hjKEAUkBJChVACVIAdl/JkgBlyMCACdIAcktKEgBnwYCACkoKQAqKC
246=kAKygpACwoKQAtSAHZfy5IAXSGTZQvyQEJdYYygYgKIlQhqQELIlUhMkR8XA11hjJEh4kB
247=NFgG2RE1SAGbdAIANkgBJdEgN0gBl3sCADhIAcnzOUgBmH91hjJYppEJO1QCwVE8SAHZwT
248=1IAcE7PkgBjDF1hjJEh1gGdYYyRA6JAUFABIktAVaGMgCIOHWGMryZd4YyALhIBUktRUwF
249=aQEBdoYyAMkiR1QCzUdISQFBbwUDAElIAcGISkgB1d5LSAHNiUxJAS5sBSJWITIA0UBOVA
250=LJOE9IAck4UCgpAFFIAZ8VAgBSSAHZHFNIAWwJURRUKCkAVUgBaIVJvFbIAUm8V8gBSbxY
251=yAFJvFlIAcEPWkgBwQ9bSAHVDVwoKQBdKCkAXkgBzRBfSAHNEGAoKQBhKCkAYkgBwVxjSA
252=HdCmQoKQBlKCkAZkgB3QpnSAHBZ2hIAcFnaUgBxSlqSAHNR2tIAc1HbEgB0UttSAHBBG5I
253=Adm2b0gBwX1wSAHRS3FIAdnBckgB0QkPtFdhiBBIAZt/AgARSAHBJRJIAd0VE0gB3UEUSQ
254=FAbCJtiTNI+U8BAgAWVAIlkSMXSAHBDxhIAcEPGUgB0RQaSAHZSBtIAdVEHEgB1ZEdSAHJ
255=Th5IAY9dAgAfSAHVOSBIAdEUIUgB1S4iSAHVZSMoKQAkSAHRjSVIAVQVZR4mKCkAJygpAC
256=goKQApKCkAKigpACtIAcElLEgBnKQihjIzAMElLlQCbYkMIgUiM4GIDWyJqQEObImpAQ9t
257=iTMoLBEnBQE0RAjJQzVIAdFsNkgBwSU3SAHBBDhIAdUuOUgBwfY6SAHBiDtIAdUjPCgpAD
258=1IAd0VPkgBjDFuiTMAgFFtiTOwdyIGIjMAmD1uiTMAgw8BAENYBoAPbYkzjIlB9kVUAmyJ
259=QfZGSAGDUQIAR0gB0VZISAHdQUlIAd1BSkgBnI4ihTIz9dNMVALdpE1IAZAUIgQi0BQiBy
260=IzAIF7OQIAUEAE1SNRSAHVRFJIAdVEU0gByUNUSAGEoiKFMjMj2CFBv1ZUAniKQb9XyAFB
261=v1jIAUG/WUgBcA0BAAIAWigpAFtIAdl/XEgByS1dKCkAXkgByS1fSAHFCGAoKQBhSAHRNW
262=JIAd0VYygpAGQoKQBlKCkAZkgBxc5nSAHNc2hIAcUpaUgBzSZqSAHZSGtIAcElbEgBlzkC
263=AG1IAcEEbkgBgzsCAG9JAUBgFiIGIjMA1XBxVALdFXJIAdEqc0gB0R8OSGHFPw9IAWAIAQ
264=ACABAoKQARKCkAEkgBzQUTSAHVRBRIAdVEFUgB1UQWSAHRghdIAdkRGEgByQwZSAHdIBpI
265=Ad0gG0gBJc0lHEgBJ4QRkDICAAADAB5UAsElH0gBh2ACACBIAcElIUgBxUoiSAHFNCNIAc
266=UeJCgpACVIAckiJkgB3YMnSAHJTihIAd0VKSgpACpIAZwVIowzxBMiDEQnKQAtQQRAfwYC
267=AC5IAWUBAGSMJ4EAMFQCwZMxSAHNEDJIAdAUfIuVBQJNAjQkICAijTM0q/4DADZcAt0gN0
268=gB0UA4SAHRuTlIAcnHOkgB2V47SAHJDDwoKQA9KCkAPkgB2RE/SQE1bRcCSYo0qMdljDT9
269=jkJABIAPZIyVFQBZHERUAslORUgB0QlGSAHBD0dIAdUCSEgByQxJSAHdQUpIAZxMZYw0KI
270=URNCbtNE1ABN1MTkgBjzEDAE9IAdEfUEgBJWUjUUgB1URSSAHVRFNIAYsMAgBUSAF0HEkX
271=VUgBeIpZwVbIAVnBV8gBWcFYyAFZwVlIAdkGWigpAFtIAcktXEgBxR5dSAHBUV5IAcWBX0
272=gBxQhgKCkAYUgBxRNiSAHNfmNIAdUYZEgB1RhlSAHBBGZIAcEEZ0gBmDIijTM0r9YDAGlU
273=ApcuAwBqSAGULiKMM8M7AgBsVALZBm1IAZtTAwBuSAGRYQNGjDQA3StwVALRS3FIAcUeck
274=gBxR5zKCkAdCgqAA0AbORPHgIADkgBi0YCAA9IAUwCbUcQSAGUOSJkI4gUdQISVALJehNI
275=AZcYAgAUSAGLBAIAFUgB1ZEWSAEloSUXSAHRQBhIAdUjGUgB2RwaSAGLLQMAG0gBJ90RNf
276=1MHVQC3UweSAGTFAMAH0gByZsgSAHVcCFIAckMIkgBxTQjSAHJFyRIAdFAJUgB0R8mSAGc
277=CiKUNJgZZR4oKFUAKSgpACpIAcktK0gB3SAsSAGAByJkI4ABZQguVALdCi8oKQAwKCgAIq
278=RCxRMyVALFEzNIAdlTNEgBwXI1SAGMBX2ONSZ1OzdUAslDOEgBybw5SAHZfzpIAd1BO0gB
279=yQw8KCkAPSgpAD5IAc0FPygpAEBIAdWyQSgpAEIoKQBDSAHdIERIAcUIRUgB1Q1GSAHVAk
280=dIAdUCSEgB2RxJSAHZHEpJAUBwJn2ONaOeAgBMVALZ7U1IAc1HTkgBzQVPSAHNR1BIAc3W
281=UUgBi1kDAFJIAdUjU0gByThUSAHJF1VIAYQ3ImxFgAFpOFdUAnQRAQACAFgoKQBZKCkAWi
282=gpAFtIAd0KXEgBzRtdSAHFCF4oKQBfKCkAYCgpAGFIAZNhAgBiSAHJImNIAdUYZEgB2Rxl
283=SAHZHGZIAcmFZ0gBgxoDAGhIAZQufY41UNVUEHyOJykAa0AEgR0DXI6AAXH7bVQCxYxuSA
284=ElVSFvSAHRjXBIAdFLcUgB1TlySAGXDQIAc0gB1QJ0SAHVAnUoKQAMUBHBJQ1IAcEEDigp
285=AA9IAZcYAgAQSAHZdBFIAUwYeTISKCkAE0gB0QkUSAHRCRVJATVwBSKdNTYkDC4iplc2AM
286=1HGEAEwYgZSAFoBQEAAwAaSAGAMHWRNvVPHFQC1U8dSAHFCB5IAcUIH0gBzSYgSAHZlSFI
287=Ad02IkgBzZQjSAHNlCRIAc2UJUgBgA8ipFeQJ3kcJ1QChxMCACgoKQApKCkAKkgB0R8rSA
288=HRHywoKQAtSAHFKS5IAd14LygpADBIAYCIIpw1J6AEIlxE0RQzQATJATRIAdAf0EhhRjZU
289=AtEfN0gBwUY4SAHBRjlIAYSXIs5GNgDdYjtUApsGAQA8SAGbBgEAPUgBmycBAD5IAdkGP0
290=gB2QZASAHZBkFIAdkGQkgB2QZDSAHZBkRIAdkGRUgBxSlGSAHJLUdJAbd4AiKmVzYAaQEB
291=IiVoNvHPSkAEiwwCAEtIAYgMd5E2AEF7BgMATVQCmBEinTU2JgVZT1QC0R9QSAHZdFFJAU
292=C5BlJIASc1EjZIHVgCIhQkbCmJAVVABNU5VkgByThXKCkAWCgpAFlIAc1dWkgBXAdtR1tI
293=AdkcXEgB1QJdKCkAXigpAF8oKQBgKCkAYUgBxQhiSAEnNRI2QDZbCQMAZFQC1VplSAElHU
294=ZmSAHBJWdIAYwxdJHEP3WRNiYNI2pABM0Fa0gBiFl1kTYkB04DAG1UAsElbkgB3Y5vSAHJ
295=WXBIAc08cUgBXBJxH3JIAYgtdJEnOQ10VAKLDAIAdUgBnwICAHZIAcUIC1jqyS0MSAHBMA
296=0oKQAOKCkADygpABBIASeMEpwSbRASVALZERNIAZwgIsQkcGRcAiLEJCLUMIkBFkAEJfEk
297=F0kBh1ACAQACABhIAdVPGUgBwSUaSAGQCW2UN1ABUwUDABxAAZ94AwAdSAHNUh5IASUlJh
298=9IASUlJiBIAd14IUgBiyIDACJIAZMfAwAjSAHRCSRIAcEwJUgBjAVslCLgIUAPIsQkJ8UD
299=KEAETAJxHylIAdE1KkgBxSkrKCkALCgpAC1IAdknLkgBJTEtL0gB3Y4wKCgAIlhfyRcyVA
300=KLDAMAM0gB3RU0SAGNEANdzTf9TDZUAsByZCaQdyJcWSfpAjlABI8mAQA6SAGXLgEAO0gB
301=mAZtlDdQk0QLbZQ3vINtlDesfiIsSCcpAEAo2QBBSAGMwCIsSCfZAENUAskMREgBgzsBAE
302=VIAUAMeSdGSQFAbwECAEdIAWGTAm2UN4yUCgMCAEkANwA7AAAAAAIRAAAbEAAgCgBKADcA
303=NQAAAAACAEtKASQAQwACAExJAYhEAVUCTUkBI6kBTkgBZAFVAk8oKQBQSAHZBlFJAShnBA
304=IAUkkBJqkBU0kBg6kBVEkBIqkBVUkBPqkBVkkBMakBVygpAFgoKQBZSQE0oQRaSAFkAU0Q
305=W0kBQG8BAgBcSAFkAQEAAgBdKCkAXkkBO3sCAgBfSQE3qQFgKCkAYUkBOLUCYkkBgKkBY0
306=kBOmsBAwBkSQE1qQFlSAHBGmZJASV3AgIAZ0gBZAEBAAMAaEkBJ28BAgBpSAHNJmpJAX+1
307=AmtJAUBrAQMAbEgBzQVtSAHNBW5IAYMEAgBvSAFoBQEAAgBwKCkAcSgpAHIoKQBzKCkAdE
308=kBQH8GAgB1SAFkAQEAAgB2KCkAdygoAAEKADgAmxwCAAtIAcEwDCgpAA0oKQAOKCkADygp
309=ABAoKQARSQEzew0CABJJATmpARNIAWQBTRAUKCkAFUgBxT8WSAHZMhcoKQAYSAGXLgIAGU
310=gB0UsaSQGJdwkCABsoKQAcKCkAHUkBLqEEHkkBgqkBH0gB0TUgSQE/dwIDACFJATapASJI
311=AZNLAwAjSAHZMiRIAdkyJUgBwSUmSAHBJSdIAcUeKCgpAClIAcEEKigpACsoKQAsSAGDDw
312=IALUgB1U8uSAHVTy9IAdEUMEgBlyMDADFIAZcNAwAySAHdFTNIAd0VNEgBxXY1SAHJFzZJ
313=AUF5HAJePjgAjQUBTgI4AIcpAQA5UAGNBQFOQTgAlWUBWgA4AJcNAQA8QASXDQEAPUgBbA
314=kBAAEAPkgBkxQBAD9IAZMUAQBASAHZBkFIAZ8gAQBCSAHVAkNIAYM7AQBESAGDOwEARUgB
315=2RFGSAGDiAEAR0gBiwwCAEhIAYsMAgBJSAGdCgJGlzgAhBNklydtA0xBBId3FAEATUgB0Q
316=lOSQEhdwICAE9IAdWRUEgB1URRSAHVRFJIAWgFSXpTSAGbJwMAVEgB2X9VSAHRmFZIAclZ
317=V0gBwTtYSAHRFFkoKQBaSAGTHwIAW0gBiAxkl4lAAElkXVQCgzACAF5IAc0bX0gByRdgSA
318=HJF2FIAc0QYkgBxYxjSAGYEWaXOACbEQMAZVQCgzADAGZIAYUpA0WXOFQ/VBBmlzgAzRtp
319=QATdCmpIAYc0AgBrSAGFNAJFlzhYZFsGAgBtVQI9RAFJF25IAWQBSQFvKCkAcCgpAHEoKQ
320=ByKCkAcygpAHQoKQB1KCkAdkgByQx3SAHJDHgoKQAJTBjNJgpIAdUuCygpAAwoKQANKCkA
321=DigpAA8oKQAQKCkAEUgBwTASSAHBDxNJAbhvAQIAFMgBAQECABVIAXACUR8WKCkAFygpAB
322=hIAcGIGUgBgzACABpIAZgyfZk5v20CABxUAtVEHUgB0YIeSQFBbwwDAB9IAZ94AgAgSAHN
323=fiFIAY9dAgAiSQE8rQUjSQGGawECACRIAdlpJUgBiUMCVT45SItFBAJMgycpAChABMUpKS
324=gpACpIAdkGK0gBm1YCACxIAdlTLUgB2VMuSQEtWApJIi9IAc1HMEgB0RQxSAGIInyZcJBR
325=BQNPIDkAhUQBWQY0QASbHAEANUgByXo2SAGFCAFfmTkAhGwFfZk5WJBMAX2ZOUQDiQE6TA
326=WcFX2ZObBhfJnUDX2ZOVQeTQUAXZk5paIAQgk5AIsMAABARAibaQEAQUgB0QlCKCkAQygp
327=AERIAYA7fZk5UAFfCgEARkABjGh8mckMAVyZyQwBXZk5UA9MBXyZxBN+mTkAnzYBAExECF
328=kDAFGuTUkBfm8BAQBOSAHNfk9IAYM7AwBQSAGPEAMAUUgBk/ADAFJIAYcpAgBTSAGNGwJd
329=mTlAulcJAwBVVALZf1ZIAck4V0gBxYFYSAGTNQIAWUgByUNaKCkAW0gByVlcKCkAXUgBzQ
330=VeSAHZaV9IAdVaYEgBRRAARa1hSAHFP2JIAY8mAgBjSAHBXGRIAckXZUkBQHwGfJnIOCIk
331=JtMqAgBoQAR8A10KaUgBhykCAGpIAcmFa0gBgCV8mcBGfJknBQxuQATBGm8oKQBwSAHNc3
332=FJAblvDAIAcsgBAQECAHPIAQECAgB0SAGYMiIkJid1D3ZUAt0gd0gBYAgBAAIAeCgpAHko
333=KQAIRPLBBAlIAcEwCkgB0SoLKCkADCgpAA0oKQAOKCkADygpABAoKQARSAHZERJIAdUNE0
334=gBdJxVGBTJAQN0nIUQAF0VFlQCzQUXKCkAGEgBnI4i1CYnrQAaVAKQAXWcOvGNHFQCwQ8d
335=SAHZPR5IAcmFH0gBI1widpw6AMWMIVQC1fQiSQFAcBAi1SY6QJlMAXacOgDdVyVABN1XJk
336=gBnHh1nDqlgQJQfCc5AilABNkRKkgB1Q0rSAHRCSxIAcEPLUgBi9IDAC5IAdFLL0gBlwIC
337=ADBIAcFcMUgB0RQySAHVcDNIAc0bNEgB0Zg1SAGFCAFBFDpctUAadZw6uO10nJwoZYE5TA
338=WRCQBBATrllztQAZsnAAA8KCkAPUgBlA10nMQIdJzIDHScJwUBQUwFxQhCSAGfbQAAQ0gB
339=1Q1ESAHBBEVIAcEERkgBjF10nHiuiRdIVAKAO3ScywwBAEpUApsGAQBLSAGcjnSc3DYi1i
340=Y6AIgtdJzQFCLUJsUIAlacOgDRglFECMkBUkgBmBx2nDoA0aNUVAKEP3WcOlzLRxMDAFZU
341=AtGjV0gByThYSAGMBXScJ5UIWlQCgL8i1CYnwQhcVALVcF1IAcEEXkgB2eJfSAGTHwIAYE
342=gBjyYCAGFIAdEUYkgB3UxjSAElGSpkSAGTHwIAZUgBVRUAUZhmSAHRo2dIAd0KaEgB3Qpp
343=SAHdCmpIAdVwa0gBhAh0nMQ/dZw6vwICAG5AAdUYbygpAHBIAdFhcUgBdJxZf3LJAQR2nD
344=oAdQIFdJwnXQF1QATZJ3ZIAd0gd0gBzRB4KCkAeUgBg0YCAHpIAc4QBwCYs2WMCCgpAAlI
345=AZMMAgAKSAHJLQtIAdkGDCgpAA0oKQAOKCkADygpABAoKQARKCkAEkgBn0ECABNIAd0VFE
346=gBgBJtnzuvRwIAFlQCxcMXKCkAGEgB2REZSAHNyxpIAd0VG0gBwQQcKCkAHUgBzQUeKCkA
347=H0gB2cwgSAHNiSFJAUFrEwMAIkgBgXICTYM7QJlYAmyflBVhRiVABIRrIoUnO+WiJ1QCxa
348=IoSAHRKilIAdk9KkgB1Q0rSAFswAEAAwAsyAEBAQMALUgBkEttnzskiyICAC9UApScbZ87
349=pZcCRb07o5MCADJABNlTM0gBVBVtPDRIAYhvIoQnbJdcAmyfyC1snycpADhMBYQ0IoQnwA
350=9sn8UeAFkDO0wARAhtnzskCygAAD1MAoQpbJ8nrQA/VQJ3igUAQEkBb6kBQUkBdakBQkgB
351=kGxtnztMLJkCRFUCeYYBAEVIAcEERkgBl3AAAEdIAYubAABISAGcDW6fOwCMEG6fOwCdKw
352=FMn5oDAAAirE0nKQBNWAaHDAIATkgByWRPSAGECG2fO+3hUVQC1YZSSAHBO1NIAYQTIoQn
353=J2kIVVUCQGALbZ87JNMrAgBXVALZMlhIAdWRWUgB1d5aSAHdCltIAcFGXEgBwUZdSAHZBl
354=5IAdkGX0gB2QZgSAF9DgBsnyfpAmJUAtWcY0gBmB8ixDrYPSLFOjskHCQihCfYPSKEJ8w8
355=IoQnzAUirE3YPSKFJztYTlwNIsQ6J4EAbEgMxXZtSAHVcG4oKQBvKCkAcEgBzRtxSAF1nA
356=YihSc7gZ4HbJ+pAQhsn4AXaTh1TAVYDmkBdigpAHdIAYR2IoQnJ60AeVQCzQV6SAHRKntI
357=AcUTBlX3cWcEAgAHSAHRQAhIAdUYCUgB2asKSAFoBV0rC0gB0QkMSAHRCQ0oKQAOKCkADy
358=gpABAoKQARSAHRHxJIAd0KEygpABRIAckMFUgByQwWKCkAFygpABhIAdEJGUgB0QkaKCkA
359=G0gB3cUcSAHBGh1IAc0FHigpAB9IAZyOIjUoPOWMIVQCiG8izjs8AMlZI1QCxWAkSAHBBC
360=VIAYxzZqI8AJkyA0FhPPGYKEAE2REpSAHZESpIAYd2AgArSAFlogJmojwAaQEDZ6I8AEBg
361=FmWiPCYZKi9MBdFhMEgB0WExSAGYQGWiPOHKM1QC1Xs0SAEnRRQ8JFw4ZaI8tFpkoiI4Tl
362=gNIjUoPFgXSQEARGXQH2aiPADNlDtQCYQTZ6I8AH2IBUWiPFwCjQE+4AEiNyg8AHaQAlMZ
363=PABwqQFBKIEAQkgByaZDSAHJpkRJAW2tBUVIAdUCRkgBnFdlojygnmSiJ0EDSUAEnCtkot
364=Q5ZaI8v8UBAExABJw2IjUoPLzbIjQoikAAACI0KNQYZKLLDAIAUVgGlBEizTs8JiFBU1QC
365=zZRUSAHdjlVIAcnoVkgBzUdXSAGHCAIAWEgBxT9ZSAHBRlpIAYQ0IjQoIpAtVAUiDU88Ji
366=VSXUAE2QZeSAHZBl9IAd3xYEgByUNhSAHZEWJIAYN9AwBjSAEj0CBkotwKZKLbPQIAZkAE
367=3RVnSAHBcmhIAd1taUgBXBJhJWpIAcEEa0gBxXZsKCkAbSgpAG4oKQBvKCkAcCgpAHFIAc
368=VVckgByQxzKCkAdCgpAHUoKQB2KCkAdygpAHgoKQB5KCkAekgB1XB7SAHdFXwoKQAFRFiL
369=TgIABigpAAdIAYtOAgAISAGfRAIACUgB0RQKSAGcKyKtYz27aQIADFQCyQwNKCkADigpAA
370=8oKQAQKCkAEUgByS0SSAHJDBMoKQAUSAHVLhVIAckMFigpABcoKQAYSAHRCRlIAdEJGigp
371=ABsoKQAcKCkAHSgpAB5IAdmKH0gB1Q0gSAHdxSEoKQAiKCkAIygpACRIAcE7JUgB1acmSA
372=HJpidIAd1XKEgB3ZkpSAHFaypIAclZK0gBmBF9pD0k6CN9pD27lQIALkAE3QovSAHJZDBI
373=AcVrMUgB2ScySAHBGjNIAcElNEgBmBEi5ig9AJgRfaQ9XERAKHyk1w0AADhMBZRlfaQ9UA
374=FABH+kPQB6hAFe7j0AJd0nPFgDlEQi5CgntWM+VALNnz9IAZRPItY8PQDJAUFUAs2fQkgB
375=1QJDKCkARCgpAEVJAXKhD0ZIAcWtR0gBlC59pD27oAAASVQCgyUAAEpIAZMqAQBLSAGAO3
376=yk3ysBAE1UApyOfKQjGEF5f09UAtFhUEgBiAx8pMgMIpV2Pf3mU0AEJ9Q8xAgi1Tw95eRW
377=QASEFyLlKD0mGSpYVALFP1lIAc2qWkgBlC59pD2k2X2kPSidFD35+F5MBZgcIpR2xzQDAG
378=BUApcNAwBhSAHdCmJJAYh4AiJtUD2nwwIAZFUCQHQCfKQnvQJmVAKUOSLmKD0AjKoi5CjA
379=OyLkKNgcIuQoIphESAgi5CgnfRBsRAjVT20oKQBuKCkAbygpAHAoKQBxSAHFVXJIAVQKbT
380=FzKCkAdEgBlTkCRU89JiEgdlQC1XB3SAHZBngoKQB5KCkAeigpAHtIAdVlfEgB3RV9KCkA
381=BFgvj1ICAAUoKAAEBgA+AG0AABEAAPoPACAHAAACAAcAPgBwAEAABAIACAA+ADpEAVUCCU
382=kBNakBCkgBZAFVAgtIAcEEDEkBNnsCAgANSQExqQEOKCkADygpABAoKQARSQE0rQUSSAFk
383=AV0KEygpABRJAT57AgIAFUgByQwWSAHJDBcoKQAYKCkAGUkBM7kGGigpABsoKQAcSQE5oQ
384=QdSAFkAUEPHkgB1Q0fSAHVDSAoKQAhKCkAIkgBzRAjKCkAJEgB2QYlSAHJDCZJAYBvDAIA
385=J0kBQWsBAwAoSQGFawECAClJAX+pASpIAWQBAQADACtIAZsRAwAsSQE4ewIDAC1IAdkGLk
386=kBJHcCAgAvSQGJqQEwSQEjqQExSAHFNDJIAcUTMygpADRIAdEUNUkBhnsGAQA2SQE8qQE3
387=SAGXAgAAOEgBcAJNADlIAZ0KAEZEPgCLQwAAO1QCUANpADxJAXljAQAAPUgBpAFDAT4Adq
388=0BP1EBv6kBQMgBAQEAAEHIAQECAABCyAEBAwAAQ0kBba0FREgBm1MAAEVIAbICAEZIAd0K
389=R0kBdbkCSEkBPakBSUgBgzAAAEpIAZMqAQBLSAGLIgEATEgBg1EBAE1IAZMqAQBOSQEoZw
390=gBAE9IAYceAgBQSAHRS1EoKQBSSAGfIAIAU0gBhwgCAFRIAYcIAgBVSQEmcwkCAFZJASKp
391=AVdIAcU/WEgByUNZSAHNBVpJAYKtBVtIAdkGXEgBlxgCAF1IAck4XkgBmxwCAF9IAYMEAw
392=BgSAGDBAMAYUgB3QpiSAHRCWNIAd0VZEgB2UhlSAHZSGZJAbitEGfIAQEBAgBoSAFwAkFn
393=aUkBO28BAgBqSAHdYmsoKQBsKCkAbSgpAG4oKQBvKCkAcCgpAHFIAZteAgBySAFkDFUNcy
394=gpAHRIAdkydUgBwQ92KCkAd0gB0TV4SAHFNHlIAdEJeigpAHtIAY8mAgB8SAGLQwIAfSgp
395=AH5IAdgRAQMAPwCPUgIABCgpAAUoKQAGKCkAB0gBkFZsqmBfSw8CAAlUAtEJCkgBTAJ9rw
396=tJAUBvAQIADEgBZQEAbao/QG1TAQIADlQC2RwPKCkAECgpABEoKQASSAHFHhNIAVwHaQwU
397=KCkAFSgpABZIAcUpF0gByQwYKCkAGSgpABooKQAbSAGDZwIAHEgByQwdKCkAHigpAB8oKQ
398=AgKCkAISgpACJIAc0QI0gB3QokSQEhYwsCACVJAYOpASZJAS2pASdIAdFWKEkBLrUCKUkB
399=JakBKkkBJ6kBK0gBzQUsKCkALUgBzV0uSAHJWS9IAc1HMCgpADFIAcUTMkgBeApFNDNIAY
400=sMAQA0SAGJDAFCoz8AnApuqj8AJ04VPwAnTRU/WKaNCDlYBpQubao/VAiVAjtVAneEAVQH
401=yE5vqj8Ab7UCPkAEgVEAQgE/AGyqAQQAAEBQAWkBBWyqtQIGbKqpAQdsqgE/AP//iQhETA
402=XJAUVIAd0KRkgBk1YAAEdJAT+KBQBISAGTHwAASUgBlIZuqj8AhR4ATao/QNuRBUxABJQ5
403=bao/TCFUAm+qPwCARgEAAUyqJ1ULUEwFkx8CAFEoKQBSKCkAU0gByVlUSAGECGyq3RIDTq
404=o/AMmbV0AExT9YSAGbMgIAWUgBybFaSQFBbxADAFtIAdkGXEgB0UtdSAHRo15IAcG0X0gB
405=mKBuqj8AaQEBbKonDQJiQASDOwIAY0gB2UhkSQE3dw0CAGVIAYuxAgBmSAFkCAECAgBnyQ
406=EDbKrTCQIAaVQC1ZFqSAHVkWtIAcElbEgB1QJtSAHVAm4oKQBvKCkAcEgBnzYCAHFIAXQR
407=UVZyKCkAcygpAHRIAcEPdUgByQx2SAHJDHcoKQB4KCkAeUgBxTR6SAHJDHsoKQB8KCkAfU
408=gBl1oCAH5IAYtOAgB/SAGJWQJNE0D5qwNQWdUCBCgpAAUoKQAGKCkABygpAAhIAd0KCUkB
409=cX8RAgAKSAEjTyACAAtIAXACTQ0MSAGcLmatQADZHA5UAskBDygpABBIAckiEUgBwQQSSA
410=HdKxNIAd0KFCgpABUoKQAWSAGfYgIAF0gBxQgYKCkAGSgpABooKQAbKCkAHEgBwZMdSAHV
411=Lh5IAcEPH0gBwRogSAHNBSEoKQAiSAHBDyNIAckXJEgBxWslSAHJZCZIAdVaJ0gBlQICUX
412=xAvHgi9ipAAJcCAwAqQATNBStIAc0QLEgBxWAtKCkALkgBzRAvSAHRKjAoKQAxKCkAMkgB
413=2RwzSAGIDGStfJxMHmatQACYHGWtQLenAQA37AUi9CoinClPBQAAOVQCgA9krcwFIvUqQC
414=ZxKjxABIhOZ61AAMWUBkz/qQEBZa1Aha0IZK2pAQlkrakBCmStqQELZ61AALqlCERcCmgB
415=RQhFyAEBAgAARkgB1Q1HSAGFVQBErSe9AklUAowbZa1AoKlkrcMwAABMQASEdmStwBpkrc
416=AEZK3QCSL2KkAAyS1RWAafIAIAUigpAFNIAd1BVEgBiLxnrUAAiHQYIvcqQAAgqQFXQATN
417=qlhIAcGpWUgB3a9aSAHdr1tIAc0FXEgBl3ADAF1IAdkGXkgB2QZfSAGQo2WtQIWtA2atQA
418=DRCWJABIDrZa1ASONfEQIAZFQCQQEAS3plAECFAQBmrUAAlA1lrUD1AmgogQBpKCkAaigp
419=AGtIAZcFAgBsSAGdBgJQkiclBW5UAsUpb0gBxSlwKCkAcUgB0VZySAHFCHMoKQB0KCkAdS
420=gpAHZIAd2Dd0gB3Qp4KCkAeUgBxTR6SAHdCntJAXtsASL1KkAkeCAi9ConIRV+QAScTGSt
421=J1UAgChVAAFUeMEEAigpAAMoKQAEKCkABSgpAAYoKQAHKCkACCgpAAlIASMoIX2vQSYhKw
422=tUAtUjDEgBZRcAfK8iDDhQASKlK0HlVQ9ABMUeEEgBWQMATQURSAGbXgIAEkgBwQQTSAHB
423=BBQoKQAVSAHd8RZIAdEqFygpABgoKQAZKCkAGigpABsoKQAcKCkAHUgBwQ8eSAHBDx8oKQ
424=AgSAHVOSFIAcEPIigpACNIAcUIJEgB3W0lSAHVZSZIAclkJ0gBJV0iKEgBzQUpSAEj+SUC
425=Xa9BJMMpAgArVAIl2SwsSAElZSMtSAHFCC5IASNEKiL1QEGnawEAMFQCkQkBXeBBWLxLGg
426=EAMlUCQEYBAAJVrEEkoCV+r0EAkAl8r8A7fa9BKPwVzAV8r8wFfK/MBX6vQQAjEDR9r0Eo
427=/RVBQG14DUF3QZyvXaQ+TBBpsQN9r0Gdrwx8r6kBDXyvqQEOfK+pAQ99r0Gcr1kGREQIfa
428=8EIvRAtQIFfK8ntQFHQASEYH6vQQDJsUlUAog4fK/MG36vQQCAMHyvwyUAAE1NBUBkF3yv
429=wAR9r0EkgywBAFBABIM7AQBRSAGcCn2vQVgtXAYi9EDIIiL0QCdZBlVNBYdcAwEAAQBWSA
430=HFCFdIAY8QAgBYSQEgYAQipCvbEQIAWlUCH7UCW0gBJSErXEgBgA99r0FU5EcEAwBeVAKX
431=9AMAXygpAGBIASPIKn6vQQCH7wIAYlQC2WljSAHdV2RIAUgJbXNlKCkAZkgBlA19r0FcR0
432=gEIqQrJykAaUAExYFqSAFYA2UIaygpAGwoKQBtKCkAbigpAG9IAckMcEgB0WxxSAGQSyL0
433=QCOAIn0Kc1QCyQx0KCkAdSgpAHZIAdEJd0gB0Ql4KCkAeSgpAHpIAckXe0gB3Qp8SAEjPE
434=p8r9BLIqQrJykAf0AEn0wCAIAoKQCBKCsAAgBCp2ACAAMoKQAEKCkABSgpAAYoKQAHKCkA
435=CCgpAAlIASf8FSJcTVgUIv0rQulODEAEjDx9r0JUA0gAfK8nKQAPQATFrRBIAc0FEUgBRA
436=VxKhJIAc2JE0gB1QIUKCkAFUgBxQgWSAHRKhcoKQAYKCkAGSgpABooKQAbSAHZ7RwoKQAd
437=SAHNPB5IAcEPHygpACBIAdU5IUgBwQ8iKCkAI0gB3QokSAHNGyVIASUpLCZIASP9IANNpE
438=LlYChUAtUNKUgBgAR+r0IA0a4rVAIlOSMsSAGMBSL0VicFAS5UAoiFfK/UAn2vQlCeVAV9
439=r0KkjH2vQumxM1gG1Q00SAGAcn2vQqDrfK/AOyL9K0IkuSgBVKzIDH6vQgCAD36vQgAjID
440=Z/r0IAclwOSQA8XAqYUyL+K0IAcK5Jpj5UAmgBSaY/SQG9QAVJAEDJAQF+r0IAdAJNtULU
441=AlGuQ0gBcK4BBgAARMkBB32vQpWyCHyvzF0ipEEnDQJITAWQViKkQdBWfa9CRBlYDn6vQg
442=AliVlMTAWYoHyvwyUAAE5UAiMAMnyvJx0EUFQCgDt8r9wKfK/cCn2vQlw8SwwBAFRMBSOX
443=KQEAVUgBlC58rydZBldUAtWyWEgB1bJZSAGYEX2vQv3xW1QCJ/wVwDB8r9UNAlyvyBci9F
444=bIbyL8KyeBAGFECJgRfK/YPSL9K0K47SL8K9gGIqRBJykAZlgGxWBnSAHFYGgoKQBpKCkA
445=akgBI6sxAgBrSAHJm2xIAUIiAAAi/CvbUwIAbihVAG9IAdV7cEgBwXJxSAHZBnIoKQBzKC
446=kAdCgpAHUoKQB2SAHdFXdIAd0VeCgpAHkoKQB6SAHVDXtIAYhZIvwrx0oCAH1UAohZfK8n
447=VQB/KFUAgCgpAIEoKwADAEP9rwQoKQAFKCkABigpAAcoKQAIKCkACUgBmGki0itDACNMYn
448=OuQwBAbCIieVdDYgEAAHOuQwC5cAFwrqgBAQECAA9ECHQCAQICABBIAXwDTQURSAHF7xJI
449=AdUjE0kBNWcEAgAUSAFkAU0FFSgpABZIAdEqF0gBwZ4YKCkAGUgB0QkaSAHF+htIAXB3UQ
450=kcyAFFEx3IAUUTHkgB1Q0fSAHFEyBIAdEJISgpACJIAd0KI0gB3aQkSAElcSolSAHJpiZI
451=AYDKca5DJMApItFBQyTAKSLRQUMm2TcqTAWIeiLQK9AqIslsQ794AgAtQATBZy5IASMPOQ
452=EAL0gBlAJwriKMaVwYcq5DAIzAca5DWPOVAjNNBUBGAQACTW1DrMBwrifZADZABIQeca5D
453=UARQBXCuzAVxrkPlrTpMBcmbO0gBRAVpADxIASPQIHGuQ5CuSaY+VAJwrkmmP0gBeKtdr0
454=DIAUEEQcgBQQRCyAFNqkPJAQlzrkMAwWAMcK6oAU21RkAEzRBHSAG+AwBISAHNEElIASP8
455=THGuQyQ4OXCu3GIi0StDJoEsTUwFgDBwrsAwcK7ENCLRK0Pl2VFMBSV9MVJIAcmmU0kBhH
456=AQcq5DANm2VVQC0SpWSAEjcyoBAFdIAcU0WEgBgw8BAFlIAYC0ca5D8fBbVALFSlxIAYQ/
457=IslsQ/WyXlQC1bJfSAFpEABwrt82AgBhVALVWmJIAZgRca5DvNBwrsQecK4nKQBmTAXdbW
458=dIAdkGaCgpAGkoKQBqKCkAa0gByWRsSAGYEXGuQ7D7cK7ZUwJIMie1AXAorQBxKCkAcigp
459=AHMoKQB0KCkAdSgoAAF2AEMAEQAAJBAAIAk6AAAAAAIAdwBDADFEAQEAAgB4KCkAeUkBNL
460=UCekgBZAFBBHtJAXpvAQIAfEkBbakBfSgpAH4oKQB/KCkAgCgoAAEEAEQA2QYFKCkABigp
461=AAcoKQAISQFwqQwJSQE/qQEKSQE1qQELSAFkAUUTDCgpAA1JAblYAgEDAgAOyAEBBAIAD8
462=gBAQUCABBIAV0DAFkGEUgB3SASSAHdIBNIAdEfFEgBzQUVSAHNEBZJATh7AgIAF0gBZAFR
463=CRgoKQAZSQE+ewICABpIAc0FG0kBulQCRRMcyAFFEx3IAUUTHkgBXANlEx9IAcUTIEgBxR
464=MhKCkAIkgB0RQjSQGAfwYCACRIAZMUAwAlSQEzdwIDACZJATapASdJATmpAShJAYZrAQIA
465=KUkBQKkBKkkBJKkBK0kBiakBLEkBI6kBLUkBJ2sBAQAuSAGXAgEAL0gBlwIAADBIAZkGAE
466=NLRAAobwUAADJUAp8KAQAzSAGDBAEANEkBLmMEAQA1SQEiqQE2SAGTHwEAN0gBmxwBADhI
467=AZ8VAAA5SQF2bwUAADpIAYdKAAA7SQFvtQI8SAHVAj1JAcVUAgEIAAA+yAEBCQAAP0kBvV
468=QCAQoAAEDIAQELAABByAEBDAAAQsoBDQBWV0QAbgUOAE8CRADBWAYBAgAARVABaAEBAwAA
469=RkgB1Q1HSAHNEEhIAdUCSSgpAEooKQBLKCkATEgBj10AAE1IAYMlAABOSAHZJ09IAckiUE
470=gBgzsBAFFJATVYEQEAAQBSSQF+qQFTSQEmqQFUSAHRKlVJATy1AlZJASGpAVdJAYOpAVhJ
471=ASWpAVlIAY8FAgBaSAHRS1tIAXwDAQADAFxJAYVvAQIAXUgBkwkCAF5IAYcIAgBfSAGfQQ
472=IAYEgBl0QCAGFIAd1iYkgBgzsCAGNIAWwJAQACAGQoKQBlSQE7ewICAGZIAcVgZygpAGgo
473=KQBpKCkAaigpAGtIAckMbEgBbAlJDG1JAUBvAQIAbkgBZAEBAAIAbygpAHAoKQBxKCkAci
474=gpAHNIAZNsAgB0SAGPMQIAdSgpAHZIAd0VdygpAHhIAZdwAgB5SAHRgnpIAc0QeygpAHxI
475=AYNcAgB9SAGbSAIAfigpAH8oKQAFSFHBBAYoKQAHKCkACCgpAAlJAXV7DQIACkgBzTwLSA
476=FwAl0gDEkBPW8BAgANSAFhqQZiqUUAaQEHYKmqAQgCQalFZQUAWQYRTAWbUwIAEkgB0R8T
477=KCkAFEgBn44CABVIAZ8GAgAWKCkAFygpABgoKQAZKCkAGigpABtIAWCpRRMcyAFFEx3IAU
478=UTHkgByQwfSAHFEyBIAcEwIUgB0RQiSAHVRCNIAYhvYalFpZcCQqlFAIAlYqlFANVaJ00F
479=iG0MAl0ERUihTAFiqUUAm2kCACpABItvAgArSAHBRixIAd0gLUgBnJlgqcQpYqlFAJQCYa
480=lFRJJcCmKpRQCUcGGpRUSdVAJhqUVYpokBNFAJ2X81SQGEUAJRgjZIAZxtYalFRKhYAmCp
481=J4kBOUAEhPpjqUUAclwDSQA7VALJATwoKQA9SAGcTGGpRbj4YalFkaMPYKmpARBgqakBEW
482=CpqQESYKmpARNhqUWBqQRgqakBBWCpJ10BRyi1AUgoKQBJSAHFE0ooKQBLSAHFE0xJAXRI
483=GEkATUgBWABpAE5IAdknT0gBn0EBAFBIAZxBYKkndQRSVAKPBQEAU0kBQX8HAgBUSAGbMg
484=EAVUkBQHcCAQBWSAHNBVdIAXACAQACAFgoKQBZSQFAeAJhqUVY808BAgBbVAKdugJBqUVY
485=85UCXVQC1adeSAGVcANAqSeBAGBUAsVKYUgBUAZpb2JIAZhTYKnYSGCpJykAZUAEhB5hqU
486=VM8kMHAgBnVALFYGgoKQBpKCkAakgBlyMCAGtIAdmVbEgBXAdhD20oKQBuKCkAbygpAHAo
487=KQBxKCkAcigpAHMoKQB0SAHRFHVIAcUTdigpAHdIAdl0eEgBzRB5KCkAeigpAHsoKQB8SA
488=EnIBXAXGCp30wCAAZU94dKAgAHSAGbSAIACEgBn/ECAAlIAdUNCkgB0RQLSQE3ewICAAxI
489=AdUjDUgBcQIAaaZGhAFJAQ9UAsXZEEgB3cURSAHZHBIoKQATSAHZHBRIAYgIaKYnMQEWKF
490=UAFygpABhIAckMGUkBNXwGIuwpJ9kAG1QCcAJZERwoKQAdKCkAHigpAB9JAUBzBQIAIEgB
491=ZAEBAAIAIUgB0R8iSAHJFyNIAdUNJEgBkGFppkYoyRRG4VwnQQSCdAlppkZcqkwBaKbRFA
492=NIpietACtMBcGpLEgB2V4tSAElZSMuSAGUAmim2AZrpkYAgVgKSQAxQASYaWqmRgCIF2qm
493=RgCcKyLtKUZE6kQFIuwpxwgBADZYBt0KN0gBWQMAQak4SAGADyLsKSeJATpUAowFIu4pRg
494=CJvABBH0a3sgAAPUAE2as+SAGcTGmmRommFGimqQEVaKapARZopqkBF2imqQEYaaZG8a5F
495=UAmEVWimJ1UARyhVAEhIAZ9XAABJSAGLQwAASkgBkzUAAEtJAXySGwBMSAHBBE1IAcEETk
496=gBlzkAAE9IAYSMaaZGQEFcBmim3CAi7CnUOWim1DlopidRBVVECIAlaaZGu6ABAFdUApmg
497=AUim3woCAFlUAowFaaZGoOBppkag4Gimyy0DAF1MBZtpAwBeSAGMUmqmRgCP7AMAYFQCmL
498=Yi7SlGv+YCAGJUAsV2Y0gBWBl9mWQoKQBlSAGc5mmmRijJFEZYQ1cFAgBoQASXDQIAaUgB
499=0QlqSAFYA3EJaygpAGwoKQBtKCkAbigpAG9IAYMwAgBwSAGDGgIAcUgBjTECWPInUQVzVA
500=LJDHRIAdEUdUgBzbV2KCkAd0gB0RR4SAHRCXlIAcUIeigpAHtIAcndfEgBiEMi7SlGTFhU
501=BXKjRwCIWXKjRwCM7HGjR/MqCgBHp2sCAAtIAVAGfSAMKCkADSgpAA4oKQAPSAGPcwIAEE
502=gB3RURKCkAEigpABMoKQAUSQE1bAxxo0dgAXUNFlQCjAEiYD4nZQIYVALdChkoKQAaSAHJ
503=LRtIAdEJHEgBxQgdSAGT8AIAHkgB1QIfKCkAICgpACFIAdUYIkgBzTEjSAHJQyRIAZhpca
504=NHtJEiPilHAJfIAwAnQATRVihIASWVKSlIASWVKSpIAZRlIj0pR79iAwAsVALBXC1IAd0V
505=LkgBI3g2caNH5XYwVAKFawFEWs8mAQAyVAKYSHCjyDhxo0e8bXGjR/FANkwFlA0iPCknBQ
506=E4VAIjBTgBWm5HAMkMOlQCyaY7SAGUAnCj0B9yo0cAgDAiPSlH6aY/TAWA9nGjR+GeQVQC
507=wZ5CKCkAQygpAERIAdmrRUgBzQVGSAHVAkdIAdUCSEgBJ3IURwCQH3GjR1gilTxLQATFE0
508=xIAYxHImA+1CMiYD7UI3GjR0S+WAZxo0fpm1FYBpA1cKPDJQIAU1QCRAVlVVRIAdE1VUgB
509=0SpWSAGUcHGjR/XTWFUCHXwGcaNH9elaVAKQKnCjwA9yo0cAgA8iYD7ILXCjyBdxo0dMTV
510=QJImI+RwAnYz5HAEBRAgBwoye9AmNIDIA7Ij0pRyZhM2VUAsEPZkkBQLkGZ0gBZQEAcKMn
511=MQFpKFUAaigpAGsoKQBsSAHNn21IAZQuImA+yEMiYD7YMnCjJykAcUwFmPhwoye9AnNUAs
512=0QdCgpAHUoKQB2KCkAd0gBhD8i3VNHJGg0ImA+JzEBekAE0Ql7KCkAfEgB3xUIAEi8V3mg
513=SKxHIlg9JykAC0AEiHoijShIjAlVIw1UAowBIo0oSPWnD1QCnUwCWKAnBQERVALNiRIoKQ
514=ATKCkAFEgB3SAVSAHdChYoKQAXSAHBkxhIAckMGSgpABooKQAbSAHRCRxIAdEJHUgBxQge
515=SAHFNB9JATVkBCKMKCdtAyFUAiOlIAJVgEi9jgJNTEjtRyRABCNQJnmgSKBneaBI7VInQA
516=TdVyhIAYCIIo4oSAAl5SgqVALFCCtIAd2kLEgByVktSQFApRMuSAGECHmgSCTDKQEAMChV
517=ADFIASOUKXmgSEwWXAZ4oMQTeaBIKBgU1wICADZYBt0KN0gBxQg4SQEtQQgAeaBIVB5NAQ
518=FFvUi1pwFJPUgmaT88TAWUT3mgSEAKTAV5oEio6CKOKEgAJxoUSADRmEFYBtGYQigpAENI
519=Ad2ZREgBiAkiWj1IAJj4IowoxTQAVVdIufgARQVIuPgijCgngQBKXAKYPSKMKCdlAkxUAo
520=xHeaBItGV4oNQjeaBISB1ID3mgSLC5Io0oSOWiUkQIgDsijCgn2QtUVALJTlVIAdEqVkgB
521=0SpXSAGYPSKPKEgAf0UMAHmgSOHgWkAElKd4oNcYAgBcVALZ7V1IAYAaeKDcK3mgSOGpYE
522=AE0UthSAHJm2JIAYixIlg92Bx4oCfhAWVABMEPZkgBYBNFE2dIAd26aEgB1QJpKCkAaigp
523=AGtIAc2JbEgBnSsCRN7XLgIAblQC2X9vKCkAcEgBzQVxKCkAckgBwXJzSAHBD3QoKQB1KC
524=kAdigpAHcoKQB4KCkAeSgpAHooKQB7SAEjjDNhnkmwVmGeSbBWIt0nSZwOXiAMACcpAA1I
525=AdkGDkgByRcPKCkAEEgB0UARSAGICCIcUScFARMoVQAUSAGAZyLeJ0kA2asWVALZBhdIAc
526=EEGEgB1Q0ZKCkAGigpABsoKQAcSAHJmx1IAdUuHigpAB8oKQAgSAEj1CYiUTxJsGFhnkmo
527=hWGeSflTJEwFhBMiQWZJKMETSfVPJ0AEgFwiUTxJJA85AwApVAKIDCJQPNscAwArVAKLZA
528=IALEgB0VYtSAHRVi5IAdFWL0gBgQ8CQJ4nJQUxKFUAMkgBnFdhnkm0/2Ce1Bgi3SdJJGwk
529=YZ5JJJ0qAlkASbV7AkEfSbyZYJ7IF2Ce3EFgntgcIt0nSazAYZ5JpK1gnsAPY55JAHiAFk
530=kRSaimIlE8SfmVQlwV2aBDSAHZoERJAXG5BkVIAaYBAEZIAYRrYJ7cFWCe3CBjnkkAfbEF
531=Sk0FQKkBS0kBeakBTEgB1QJNSAEjFCRhnkm0yGGeSSjBE0m0/2Ce0DUi3CcnJQVTRAiIkC
532=JQPM8FAgBVVALJTlZIAdF3V0gBiBAiHVFJtKdinkkAJR0wWkAEI8hsYJ7QKmCexxMCAF1A
533=BJQNYJ7bdAMAX1QCxUpgSAGDZwMAYUgBxUpiSAGQrmKeSQCE2WCeJ+EBZUAEzexmSAHRFG
534=dIAZQNItwnyC0iUDzLLQIAakAEzQVrSAHNBWxIAc1+bUgBIjVfAGKeSQBoAQEBAgBv1AIB
535=AgIAcEgB2QZxSAHJenIoKQBzSAHZJ3RIAdUNdSgpAHZIAZ9BAgB3SAHNBXhIAc0FeSgpAH
536=ooKwAKAEpQUUgEaZtKXABIACIsJycpAA1ABE0CAEkXDkgB0RQPSAHRFBBIAdkcEUgBzQUS
537=KCkAEygpABQoKQAVKCkAFigpABcoKQAYSAHVnBlIAdUNGigpABsoKQAcSAHMEAkdAEoAIQ
538=AAAAACAB4RAABoEAAgCABKACIAAAAAAgAfSgEhAEMAAgAgSQGDRAFVAiFJASKpASJJAR2p
539=ASNJASepASRJASipASVJATprAQMAJkkBOakBJ0gBzQUoSQGJdwICACkoKQAqKCkAK0gB0Q
540=ksSQFBbwUDAC1JASZrAQIALkgBxRMvSAHFEzBIAckXMUgB1QIySAGbBgEAM0kBgWcIAQA0
541=SQElqQE1SAHZBjZIAdkGN0kBPGMEAgA4SAHFCDlIAYMEAQA6SAGbHAEAO0kBM28FAQA8SQ
542=E1qQE9SAGbBgAAPkgBmwYAAD9JAXhjBAAAQEkBPqkBQUkBN6kBQkgBjyYAAENJAXq1AkRJ
543=AW2pAUVJAXWpAUZIAY8QAABHSQExtQJISAGbEQAASUgBmREAQwFKAHuhBEtRAXSpAUxIAZ
544=MfAABNSAGLIgAATkgBnwMBAE9IAYsMAQBQSQE0ewIBAFFIAZsGAQBSSAGbBgEAU0gBgxoC
545=AFRJATZvBQIAVUgBhxMCAFZIAYcIAgBXSAF8A1FLWCgpAFlIAZ8KAgBaSAGfCgIAW0kBP3
546=MFAwBcSAGDJQMAXUgBkwkDAF5IAdFLX0kBiG8FAgBgSAHZSGFJATt3AgMAYkgBnysDAGNI
547=AYc0AgBkSQGCYwQCAGVIAZM1AgBmSAFwAlEUZ0gBzRtoSAHNG2lIAZsRAgBqSAGXLgIAa0
548=gBxR5sSAGTFAIAbUkBulQJAQMCAG7IAQEEAgBvyAEBBQIAcEgBiy0CAHFIAcUIcigpAHNI
549=AdEJdEgBTQkARRN1KCkAdkgBxQh3SAHNBXhIAc0FeUkBPWwBAgIACwBLYAFlCAwoKQANKC
550=kADkgB0QkPSAHZERBIAd0KEUgBiwgCABIoKQATSAHJDBRIAcEEFSgpABZJAbd7AgIAF8gB
551=AQECABhIAXACQRoZSAHBDxpIAcktGygpABxJAThzBQIAHUkBfqkBHkgB1TkfSAHNRyBJAU
552=FjBAMAIUgBwQQiSAHBBCNJAR9jBAIAJEkBf6kBJUkBQGgBcphLANFLJ1UCI3cCAgAoSAGE
553=SnGYS0iLWwICACpUAp9tAgArSQEkUAIBAAIALEgBwZ4tSAHNUi5IAcUTL0kBha0FMEgB2a
554=sxSAHdFTJIAc1SM0gByWQ0SAHRVjVIAcEaNkkBhLEJN0gB0VY4SAGbXgIAOUkBhmAEcZhL
555=UJNMAXKYSwCMPHCYJykAPUwFgRoBXgRLAJgGcphLAMGTQEEEc0AISQBBSQFvXABJAEJIAc
556=2UQ0gBRAJpAERJAXxjAQAARUgBpgEARkgBmD1wmMMPAABIVAKYEXGYS1y1lQVKVAKRHwBC
557=AUsAj8AAAExQAZAfcZhLWLFNBQFQmNgycphLAJhIcZhLQLqBBFFZBoBFAQBymEsA0VZTVA
558=LZU1TJAQFxmEtEvlAFcJjECHGYS1RKlQJYTAWbEQIAWUgBmBFwmN0KA1CYJxkJXEAE0UBd
559=SAGYzHGYS0DmkQlfVALBO2BIAdEJYUkBQF0DAHCYJzEBY1QC0QlkSQFBoQRlSAGQNXCYJ6
560=EPZ1QCmycCAGhIAd0VaUgB0UtqSAHBRmtIAY8mAgBsSAHNfm1JAbpJDAZymEsAaQEHcJip
561=AQhwmCehBHFMBYs4AgByKCkAc0gB0Ql0SAFMCWmQdSgpAHZIAZ9BAgB3SAHFCHhIAdmrDE
562=A+2QYNSAHVcA5IAd0VD0gB2QYQSAHJhRFIAdkGEkgB2QYTSAHNBRRIAckMFUgBm14CABZI
563=AX1BAnqVTABoAUW4GFQCi9ICABlIAcEaGkgB3SsbSAHdKxxIAd0rHUgBxYweSAGLTgMAH0
564=gBxYwgSAHVOSFIAZMUAwAiSAGTdwMAI0gByYUkSAHFjCVIAcWMJkgBzZQnSAHFHihIAdEq
565=KUgBxR4qKCkAK0gB0R8sSAHRHy1IAckMLkgBxRMvSAHBkzBJAS1tDAJRh0xUok8BAgAyVA
566=LBBDNIAd1XNEgBWQMAXVc1SAHFHjZJAS57AgIAN0gBzSY4SAHNJjlIAZAJeZVMTCFRBQFR
567=fExEkokBPEAEhT8BTXhM9Xs+VAKYBnmVTOmFQFQCnwoAAEFIAdWRQkgBSAlpAENIAYM7AA
568=BESAGIInmVTKm8AFmVTKyJeZVMVB50BliVJykASVgGnEEiziVMAISMeZVMTBZNBQFYA9MJ
569=AQBNUAHJF05IAYRVeZVMuIp4lcgXIs4lTACEKXqVTACXhgIAU1gGbFJZU1TIAVlTVUgBwQ
570=RWSAHNUldIAYcIAgBYSAFQEW0xWSgpAFpIAZgGepVMAN1MXFQC0VZdSAGcg3mVTEA2TwgD
571=AF9UAtlTYEgBwTthSAHBRmJIAY8xAgBjSAHBRmRIAdFWZUgB0UBmSAHRQGdIAd0VaEgB1W
572=VpSAHRCWpIAc0Fa0gBgDt4lSd1BG1UAkgUZYxuSAGYaXiVwDB4ldw2IswlJykAckwFyWRz
573=SAGbMgIAdEgB0Ql1KCkAdkgBiCJ4lScFAQ1IO4+1AgAOSAHZBg9IAdUCEEgB1QIRKCkAEk
574=gB2XQTSAHNEBQoKQAVSAGQS2GTTYEIAGCTJykAGEAEmAJhk031RBpUAoNRAgAbSAHRxBxI
575=AcUpHUgByS0eSQFAaAhhk03xQCBUAtFAIUgBwQQiSAHZPSNIAd2OJEgByS0lSAGNaAJN20
576=2vaAIAJ1QCJdksKEgBhGAiHSVNuGkiHCUnKQArQATdICwoKQAtSAHNlC5IAc0bL0gBZBdF
577=jDBIAc0bMUgBzRsySAHZSDNIAckXNEgBJc0wNUgB1Rg2SAHFHjdIAd0KOEgBwes5SAGHKQ
578=IAOkgBlA1hk02wjSIcJScpAD1ABJhTIh4lTQCFjAFaAE0AlxgBAEBABIQIYJPbBgAAQlQC
579=gFwiMThNrJ9hk02sn2GTTSZtJEZMBZAUYJMngQBIVAKcKyIdJU2wo2GTTShgEswFYJPABG
580=GTTemQTkQIjBBhk03pkFBUApcNAgBRSAGDGgIAUkgBlA1gkye5B1RUAtFAVUgB2WlWSAHd
581=NldIAdkyWEgB2TJZSAHBiFpIASdgEidNClxUAtXTXUgBzYleKCkAX0gBxQhgSAGfKwIAYU
582=gB3UFiSAGIOCIxOE0keCsiMDgnOQ1lQATRFGZIAYceAwBnKCkAaEgBh3YDAGlIAZscAwBq
583=SAHFomtIAcFGbEgBlBgiMDgniQFuVAKECGCTJ9kLcFQC2V5xKCkAckgB2X9zSAGYEWCTJz
584=EBdShVAHYoKwAOAE6IBQEAAgAPKCkAECgpABFIAck4EkgBwQ8TKCkAFCgpABUoKQAWSAGE
585=HmmQTvV7GChVABlIAd0VGkgB0TUbSAHZMhxIAYuFAwAdSAGTYQMAHkgB0UAfSAHBciBIAc
586=UIIUgB2T0iSAHBBCNIAZAJIik3Tu2JJVQCwRomSAHZESdIAYwiIig3J3UEKVQC0bkqSAHJ
587=WStIAcUILCgpAC1IAdEJLkgBxRMvSAHFEzBIAdkcMUgBnysDADJIAYVgA10lTlSiVRACTX
588=hOtXsCQIInOQI2TAXdCjdIAc2UOEgBxR45SQG4QAhBOzrIAQEBAgA7SAHdIDxIAYNRAgA9
589=SAGEYGiQ1A1pkE6siWmQTqf6AQBBTAWBtAFJkE5IEk8MAQBDVAKECGiQxAhpkE5Ul0AEIm
590=0kTrSGaJAngQBIWAYjBCJpkE6wo2mQTqyJImwkxB5okMQIaJDABCIoN8MEAgBPUQlBcw0C
591=AFBIAZREIm4kTgCULiJtJE4kGCoiPErMGyI9Sk5MLFwGIig3yAwiKDfIDCIpN06z5QMAWF
592=wKmBwiKDcngQBaVQJAQAhNy1tIAcl6XEgByS1dSAHRYV5IAdUuX0gBwYhgSAGJFwNJkE5Q
593=4FcJAgBiVAKIFyJuJE4AwTtkVAKMJiI8SicNAmZUAoUeAkiQ2BwiKTdOQNBQCWiQ2BxokC
594=eJAWtYBt0KbEgBJwgSJ1EFblQC2V5vSAHNXXAoKQBxKCkAckgB2V5zSAFaDgAAaJAnMQF1
595=VAKYHHKNTwDdIBBEN80FESgpABJIAc2fE0gBwQ8UKCkAFSgpABYoKQAXKCkAGEgB2XQZSA
596=GHawIAGkgB2ScbSAHVvRxIAZQNcY1PrOFxjU/hvx9ABNU5IEgB1TkhKCkAIigpACNIAd0V
597=JCgpACUoKQAmSAHBJSdIAdEfKCgpACkoKQAqKCkAK0gBzTEsSAHNGy1IAdUNLkgBxRMvSA
598=GLpgIAMEgByYUxSAHFSjJIAcmQM0gBmTIDQmFPACVtLzVUAsElNkgBJdFBN0gBI7QiIvFb
599=T0SHUBci3khPAHGNAiK8I6kBA3ONTwBAXgMAAl1nT7RaIiM2TwCHdAJyjU8AI2wvcY1PuH
600=9wjScpAEH0DXGNT/WRQ1QCjxsBAERIAYBycI3YBnGNT+GIRyiBAEhIAZg9co1PAJOuAQBK
601=VAKDUQEAS0gBYRMAco1PAIwmcY1P9YZOQASQbCK9I0/5ilBUAoxocI3IInGNTyQcJXGNT5
602=gKXSBUTAXRbFVIAdl/VkgBmxEDAFdIAZQ5cI3LZAMAWVQCgA8i3EjDDwIAW1QCgw8CAFxI
603=AZ9XAgBdSAHRS15IAYcPAgBfSAGAGiLwWycFAWFUAsUIYkgBwVxjSAGcKyK8I9QYcY1PUL
604=9bCQMAZkAElC5wjcgtcY1PKLERT0hJjQVqTAXFomtIAZgcIiE2T/HwbVQC1Q1uSAFRBgBB
605=JW9IAc1dcEgBiCIiIDYn2QByVALZHHNIAdkGdCgpABBUwNUCESgpABJIAd0KE0gB3QoUKC
606=kAFSgpABYoKQAXSAHVDRhIAd1iGUgBI/wreYpQqE4iGTVQXOxLDwMAHEAEnI55ilCnYAIA
607=HlQC1S4fSAHdNiBIAdkRISgpACIoKQAjKCkAJCgpACUoKQAmSAHRFCdIASLsP0UpKMkBAS
608=IZNVBYEkgAIhk1UPF3K0AETAJ1LiwoKQAtSAHBJS5IAdGNLygpADBIAdGNMUgByTgySAHd
609=TDNIAcWMNEgBwUY1SAGXcAIANkgBJW0vN0gB1UQ4SAHJIjlIAckMOkgBmHR4isQpIhk1UL
610=jieIrAGnmKUOlvP1gGyU5ASAHRFEFIAZgReYpQJHQlIg0jUOWMREAEJZEjRUgBjxABAEYo
611=KQBHSAGTCQEASEgBmycBAEkoKQBKKCkASygpAExIAYQeeopQACN4YiIOI1AAI1heeYpQ4Z
612=NQTAXNEFFIAYA7eIonbQNTVALFdlRIAYAEIg0jUKSXIg0jUKSXIg8jUABAdBR4itgnIgwj
613=2Cd4itBWeopQAIQeeYpQ+XRdKIkBXkgBbQkAeIonRQlgVALJLWFIAYgXIgwjJwUBY1QC0R
614=RkSAHVRGVIAdVEZkgBnAoiGDXfCgMAaFQCnEEiDSNQKFkRUCaBLGtABMnSbEgB0VZtSAHV
615=DW5IAZwKIhg13AoifEfYPXmKUFBRSAQiOVpQt/8CAHMo2wARAFFUA0gAIjxrJykAE1QChx
616=MCABRIAdF3FSgpABZIAcFnF0gBhIEiPWtRuFMiHUZRuz0DABpABI8mAwAbSAGIF2GIUfWG
617=HVQC1YYeSAFREQBBMB9IAc0QIEgB1Q0hSAHZESJIAdUCI0gB1QIkKCkAJSgpACZIAYAPCA
618=IAJwBRALcAAAACEQAA4g8AIAABAgAoAFEAtwAAAAMCACkAUQA7AEMAAgAqSQExRAEBAAIA
619=K0kBM6kBLEkBNakBLUgBZAFBBC4oKQAvKCkAMEkBOmcEAgAxSAHRCTJIAcUIM0kBgKEENE
620=gBZAEBAAMANUkBP28BAwA2SQE0qQE3SQGGawECADhJAT6pATlJATipATpJASdpAQFHGFEA
621=I6kBPFQCZAEBAAEAPUkBQG8BAQA+SQEkqQE/SQEoqQFASAHdFUFIAdEUQkkBJqEEQ0kBg6
622=kBREkBIqkBRUgBmxEBAEZJATa1AkdIAYsXAQBISQEhtQJJSAHFCEpIAcUIS0gBfANRFExI
623=AdEUTUkBJXsCAQBOSAHNEE9IAcUIUEgBxQhRSAHZBlJIAZMqAQBTSAGHEwIAVEgBwSVVSA
624=GbEQIAVkgBiwwCAFdIAXANQTBYSAHJLVlIAd1BWkgByThbSAGbHAIAXEgB1QJdSAHVAl5J
625=ATd3CQIAX0kBOakBYEgBZAEBAAIAYSgpAGJIAdUuY0gBxQhkSAHBMGVIAZM1AgBmSQGJaw
626=gCAGdIAZ82AgBoSAGHCAMAaUgBmxEDAGpIAYcIAwBrSAGbJwIAbEgBjyYCAG1IAdUjbkgB
627=3RVvSAHdFXBIAXANXRVxKCkAcigrABIAUkxNSwQCABNIAYMPAgAUKCkAFUgB1S4WSAHVLh
628=dIAYs4AgAYSQEtQAhJDBlIAc0bGkgBzRsbSQFAYwQDABxIAdUYHUgB1RgeSAHFNB9IAYtO
629=AgAgSAF0BgEAAgAhSQE8bwECACJIAWQBVQIjSAHRHyRIAdUuJSgpACZIAckXJ0gB2QYoKC
630=kAKUgBlC5phVJEfEgEaIUnKQAsQATJIi1IAcGILkgBmzICAC9IAVEGAFkRMEgB0QkxSAHZ
631=ETJIAcEaM0gB0UA0SAHBJTVIAcElNkkBQHcJAwA3SAHBJThIAcktOUgBzSY6SQGEbAVrhV
632=IAQakBPFQChDRphVJQJVgCaIUngQA/QATFa0BIAd0VQUgB2RxCSAHZHENIAdkcREgBmxEB
633=AEVIAZgRaIUniQFHVAKIF2qFUgDJDElUAkQQdSNKSAHFCEtIAcUITEgBk3cBAE1IAdFATk
634=gBzRBPSAHNEFBIAcUIUUgBxQhSSAHFCFNIAZAfaIXHEwIAVVUCf3AQaYVSYAFUxEqFUgCH
635=rQIAWEAEh60CAFlIAckiWkgBzUdbSAGcBmqFUgDBUV1VArp7AgIAXskBAWqFUgB0AgECAg
636=BgVALBGmFIAcEaYkgB3UFjSAFgCAEAAgBkSAHJWWVIAc0FZkgB3XhnSAGQKmqFUgCQFGmF
637=UlzLTAhohScpAGtMBY0mA0uFUgCFXANJDG1UAtUjbkgBmycCAG9IAcVKcEkBQa0FcUgBZA
638=FZBhNEsMlZFEgBySIVSAHRCRZIAYMwAgAXSAGFCANSglMA3a8ZVALRCRpIAcVgG0gB2V4c
639=SAHNMR1IAc0xHkgBmxwCAB9IAc0mIEgB0QkhSAHBBCJIAYUeAk3mU5wDSRckVAKPAQIAJS
640=gpACYoKQAnKCkAKCgpAClIAd0KKkgB3WIrKCkALCgpAC0oKQAuSAHRFC9IAcEPMEgBwUYx
641=SAHVAjJIAdk9M0gB2bY0SAHVGDVIAcElNkgByYU3SAHNJjhIAcktOUgBzTw6SAHJZDtJAY
642=F5DQFBVlNAIEwBcoJTAMEEPkAEk0ABAD9IAYs4AQBASAHRH0FIAdEfQkgB0UBDKCkAREgB
643=yRdFSAHJF0ZIAckMR0gByQxISAHJDElIAVERAEU0SkkBPW8BAgBLSAFkAVUCTEgBwWdNSA
644=HNEE4oKQBPSAHZEVBIAcEPUUgBxQhSSAHZU1NIAYAPcILQH3CCyCJxglPlgVdMBdVPWEgB
645=zRBZSAHBO1pIAckMWygpAFxIAc08XUgBeX8DcYJThYEEcIKpAQVxglOwdyL9IFPlzmJYBt
646=kcY0gBwRpkSAHVDWVIAckMZkgBzRtnSAHNG2hJAUBwBXCCJ0EDalQCwUZrSAGECHGCUyhS
647=EFMA0aNuQASNMQNQgiehBHBUAog4Ik4gVADLARUAVKdKAgAWSAF+DgADWX9U5SkYVQIuew
648=ICABlIAYNRAgAaSQEetQIbSAHJFxxIAYfZAgAdSAHVLh5IAckiH0gBwTAgSAFhCAAiTiBU
649=AM1oIlQCzQUjSAHVpyRIAcUpJUgB2QYmKCkAJ0gB1Q0oSAHZBilIAdEJKigpACsoKQAsKC
650=kALSgpAC5IAdEUL0gB1Q0wSAHZaTFIAdkRMkgBwQQzKCkANEgBwRo1SAHZETZIAdkGN0gB
651=0YI4SAHBOzlIAZ1tAkFLVKv+AgA7VALVRDxJAYJ7DQIAPUgB1b0+SAEjhTICWn9UAN14QF
652=QC0R9BSAHVvUJIAYO0AQBDSAGXkQEAREgBjBAiTSBUUA9PDAIARlQCyRdHSAHJF0hIAVgD
653=bX5JSAHBD0pIAdUNS0gB2QZMSAHVAk0oKQBOSAHZEU9IAdEJUEkBQG8BAgBRSAHFHlJIAd
654=FLU0gBjTwDQgFUAJfpAwBVUAF0BlFWVkgBwdVXSAHFE1hIAc0QWSgpAFpIAYcIAgBbSAGE
655=CCJNIFRIrFMBAgBdVAJ5fwZ5f1SZfwd4f6kBCHh/J6EEYUwFyQxiKCkAY0gB2UhkSAFUCm
656=0mZUgBkHci+TBUJHQlIvkwVCTfJwMAaEAEhzQCAGlIAdGYakgB1XtrSAGECHl/VKzAIvgw
657=Jx0PbkAEhFV4f99BAwAVSCXdChZIAZg9ffxV5QgYVAIn8y9VAIdgFmJ9VQDNBRtABMUIHE
658=gBxRMdSAGXDQIAHkgB3SAfSAHRHyBIAW0JAGF9VYQBSQEiVALZBiNIAdkGJEgB2QYlSAGR
659=BQJBFFVUYFEBAlGSVeWtKEAE2QYpKCkAKigpACsoKQAsKCkALSgpAC4oKQAvSAHBZzBIAc
660=nSMSgpADJIAcEEM0gBzUc0SAFcEmE7NUgBwRo2SAHFEzdIAcFnOEgBJd0nOUgByf46SAHN
661=fjtIAc1dPEgBnQoDQH0nhQY+VALZtj9IAdl/QEgBnUECSUhVRCRDBwEAQlQChDRhfVVUCJ
662=UCRFQCjBBhfVXxrkZUAsUeR0gBwTBISAFQBm0bSSgpAEpIAcmbS0gB2QZMKCkATUgB1XtO
663=SAHdeE9IAckXUCgpAFFIAcUeUkgB1XtTSAGECGB9wBp+/FUAmJV+/FUAjBsinEAnRQlYWA
664=bBMFlIAdUYWkgB1RhbSAHRglxIAcU0XUgB2ZVeKCkAXygpAGBIAc0FYSgpAGIoKQBjSAGf
665=FQIAZEgB1Q1lSAHZMmZIAdW9Z0gB1RhoSAHVGGlIAYP2AgBqSAGHNAIAa0gBiC1hfVW/ug
666=MAbVQCg1EDAG5IAZkcA033Vvf/FwBWQEFUECLpLlYo6S5WSAJIAGp6VgDZERtMBc0QHEgB
667=gDBt91bxbB5UAtEfH0gB2RwgSAFICWlDIUgB2QYiSAHNBSMoKQAkSAGQFCLoLicNAiZUAo
668=wbaHontQEoVALFCClIAdFLKkgB1QIrKCkALCgpAC0oKQAuSAHVDS9IAdEUMCgpADEoKQAy
669=SAFovFWRM8gBAQECADTIAQECAgA1SAHFSjZIAc0QN0gByQw4SAHFKTlIAcE7OkgByaY7SQ
670=FBcRADXcpWrHNt91btqj5ABIU/A0z3J7EGQFUCQHgGaHrUAml6VriganpWAIwxbPfUOWl6
671=VqhkIjw/ywwBAEdQCdUYSEgBzV1JSAHRmEpIAdl0S0gB2XRMKCkATUgB0Y1OSAHd0E9IAY
672=c/AwBQSAGdCgNO91YAyQFSVAKTFAMAU0gBycdUSAHJTlVIAYQIaXpWpPpoeieVCFhABMkX
673=WUgB1S5aSAFxIwBs9yetAFxUAs0FXUgB0TVeKCkAXygpAGAoKQBhKCkAYkgByQxjSAHJDG
674=QoKQBlSAHRVmZIAZRwbPfEHiI8PycpAGlABNEJakgB1URrSAHVRGwoKQBtSAHDRhcAV+lD
675=GEgBxcMZSAHBMBpIAcUTG0gB2SccSAHVZR0oKQAeSAGAMCLfPVcAuHwGIjBOqQEBffFXJr
676=EnIkwFxQgjKCkAJEgBxQglSAFgCFUuJigpACdIAdUuKEgBzQUpSAHNBSpIAc0mK0gByQws
677=KCkALSgpAC5IAcUIL0gBxQgwSAHZHDFIAdXpMkgBcncDAllNVyN9JgRwd6kBBXB3J20DNk
678=wF3UE3KCkAOEgB0Qk5SAHVDTpIAd2vO0gBlAJxd1cmnTU9VALFYD5IAYi8cndXANE1QFQC
679=0TVBSQGEaAhzd1cAQKkBQ1QCnG1xd1ckmC9xd1e4tnF3VyRgKHB3JxUDSFgGxUpJSAGHCA
680=IASkgByehLSAGDJQMATEgBjxsDAE1JAYVjDwIATkgByRdPSAGcNnF3V7S9cXdXXJ9TBQMA
681=UkAExXZTSAHFdlRIAYgMfPHMBXF3V0wGSABxd1eslCIwTtwKIjBOJ60AWkQIRgUAAHB3J9
682=kAXFQCmBEi4C0n2QBeVALdNl8oKQBgKCkAYSgpAGIoKQBjSAGQH3zxJ4kBZVQCwQ9mKCkA
683=Z0gBwQ9oSAHVDWkoKQBqSAHBfWsoKQBsSAHXpxgAWP26GUgBwSUaSAHBJRtIAd02HEgBzR
684=AdKCkAHigpAB9IAXh0Uc8gyAFBXCFJAUB8BiLNXFhgAXknI1QCjQECVPknVQAlVAKAyiLY
685=LCdVACdUAoRVInhtJ1UAKVQCxQgqKCkAKygpACwoKQAtKCkALigpAC9IAdkcMEgB2ScxSA
686=HFHjJIAXl0Bnl0WJl0B3h0qQEIeXRY6ZA2TAXFCDcoKQA4SAHRgjlIAdleOkgB2V47SQFB
687=eBh5dFj1cD1UAsEEPkgBiJB5dFi7zAMAQFQC3WJBSAGQd3l0WCRkRG3sWCRkRHh03Ap4dC
688=eBAEZYBogMeHQnFQNIVALdFUlIAc2JSkgBgyUDAEtIAZgceXRY/W1NVAKMEHh0ww8CAE9U
689=AskXUEgB2QZRSAGIDHl0WCaFJ1NUAogMInlMWKh6eHQnKQBWQASI83l0WCS0WXh0J4EAWU
690=AEiwwCAFpIAc1oW0gBeSsAInw8J5kDXVQCzQVeKCkAX0gBybxgKCkAYSgpAGJIAdkGY0gB
691=1URkSAHJDGUoKQBmKCkAZ0gBJ5gOJ70CaVQCxQhqSAHJQ2tJAYN0CSLBSln3kRoAWekiG0
692=gB2QYcSAFoBU0bHSgpAB5IAYRKfeZZnANBBCBUAowBfOYnVQAiKFUAIygpACRIAc0xJUgB
693=xR4mSAHBMCdIAdUCKEgB1QIpKCkAKkgBwTArSAHBDywoKQAtKCkALigpAC9IAcElMEgByQ
694=wxKCkAMkgB3QozSAHdCjRIAd0VNUgB2QY2KCkAN0gBzSY4SAHJLTlIAYRgIsFKWbnXA0Uu
695=WeWiPEAEJWUjPUgBg5MDAD5IAc3LP0gBCokAAAAAAgBAAFkAIwARAAACDwAgBQAAAAIAQQ
696=BZXABIAAQCAEIAWQA/RAFVAkNJATepAUQoKQBFKCkARkkBM6EER0kBNKkBSEkBIakBSUkB
697=JakBSkkBOmsBAwBLSQExqQFMSQE4qQFNSAFkAQEAAwBOSQEnbwECAE9JASipAVBJAUBrAQ
698=MAUUgBwQRSSQEjdwICAFNIAYsMAgBUSAGLDAIAVSgpAFZIAZcNAgBXSAF0BgEAAgBYSQE+
699=bQECQwFZADapAVpQAc0FW0gBcAJNBVxIAc0FXUgByQxeSAHRH19IAc0FYCgpAGEoKQBiSA
700=HFCGNIAdUNZEkBNX8GAgBlSAFkAVUNZigpAGdIAc0baEgBwQ9pSAHBD2pJAYB8BgMCABoA
701=WgDBBBsoKQAcSAHJDB1IAWgFSQweSQF3bwECAB9JAW+pASAoKQAhKCkAIkkBcaEEI0gB1U
702=QkSAHVGCVIAcEPJigpACcoKQAoKCkAKSgpACpIAcUIK0gB0RQsSAFwDVEULSgpAC5JATt7
703=AgIAL0gB1Q0wKCkAMSgpADIoKQAzSAHFVTRIAdkGNSgpADYoKQA3SAHRKjhJASS1DTlJAY
704=epATpJAYmpATtIAdVPPEkBf7UCPUkBPGsBAwA+SQGGaQECVWpaTABPAQIAQFQCxWtBSAHF
705=HkJIAcFnQ0kBg0gFUR9EKCkARUkBIrUCRkgB3UFHSAHdFUhIAdFASUgBhzQDAEpIAZwram
706=9aAJdaAwBMVALNaE1IAcEaTkgBwRpPSAHRH1BIAcEEUUgBwQRSSAHNMVNIAdEqVCgpAFVI
707=AcUTVkgBZBdBGlcoKQBYKCkAWSgpAFooKQBbKCkAXCgpAF1IAdEfXkgBgxoCAF9IAckMYC
708=gpAGEoKQBiKCkAYygpAGRJAUB8BmlvWmABAgAAAgBmVAKPAQIAZ0gB1Q1oSAGHKQIAaUgB
709=zxsbAFv9bRxIAdkRHUgBxQgeSQF2bAFzbFsAbakBIFQCyQEhKCkAIigpACNIAcFyJEgByW
710=8lSAHZESZIAdUuJygpACgoKQApSAHRFCpIAXwOTRsrSAHFCCxIAdVPLUgBwQQuSAHBBC9I
711=AckMMCgpADEoKQAyKCkAMygpADQoKQA1KCkANkgB2Sc3KCkAOEgB0WE5KCkAOkgBxXY7SA
712=HRFDxIAcFcPUkBQGAWc2xbACZoAXJsWwDBZ0BABNVlQUgBgHJ+21sAxQhDVAJ0BkXORCgp
713=AEVIAcV2RkgBzbVHSAHFKUhIAd1iSUkBiGkIAlJsWwDJAUsoVQBMSAHVZU1IAdVlTkgBzR
714=tPKCkAUEgB3SBRSAHBBFJIAcEwU0gB2SdUSAHVAlVIAclOVkgBdREAfdtbhAFJAVgoVQBZ
715=KCkAWigpAFsoKQBcKCkAXUkBQG8IAgBeSAFlAQBwbCddAWBUAsEaYUgB3RViKCkAY0gB3T
716=ZkSAHFCGUoKQBmKCkAZ0gBxTRoSAHPBRwAXIQBQQ8dSQFBcwECAB5IASc5DVwoOA0nKQAh
717=QATFayIoKQAjKCkAJEkBcLEJJUgBzTwmSAHRKicoKQAoKCkAKUgB0UAqSAFgCEUTK0gB1W
718=UsSAHNMS1IAcEELkgBwQQvSAHJDDAoKQAxKCkAMigpADMoKQA0KCkANUgBzRA2SQG5bwwC
719=ADfKAQECWrtcAHQCAQICADlUAnwDURQ6SAHNEDtIAcUIPEgByVk9SAHdVz5IASXNJT9JAU
720=FrCAMAQEgB3WJBSAHRNUJIAcUIQ0gB0cRESAHFCEVIAc1zRkgBwXJHSAHFCEhIAWQMURRJ
721=SAHB4EpJAYJ7AgIAS0gB2QZMSAHJTk1IAcUpTkgB3WJPSAHBMFBIAWAIXQpRSAHNPFJIAc
722=EEU0gBwQRUSAHZEVVIAdUCVigpAFdIAcEPWEgB1VpZSAHNBVpJAT1tAQJUVyfRClxUAnAC
723=TRBdKCkAXigpAF8oKQBgSAHFNGFIAcEaYkgB2RxjSAHJF2RIAd0KZUgBnPxu1lwA1XBnVA
724=LYBgEdAF0AJYUnHkgB3WIfKCkAICgpACEoKQAiKCkAIygpACQoKQAlSAHJ0iZIAckXJ0gB
725=wQ8oKCkAKUgByU4qSAHJFytJAUBvAQIALEgBZAEBAAIALSgpAC5IAd0KL0gB3QowKCkAMS
726=gpADIoKQAzKCkANCgpADVIAdknNkgBaWQDYWddlWUEYGepAQViZ10A2T06TAXBDztIAdUY
727=PEgBxVU9SAHFVT5JAS14GH3QXfnBQFQCzcBBSAHBGkJIAdE1Q0gBxUpESAHV00VIAWwJVd
728=NGSAHJb0dIAcVVSEgBgwQCAElIAdkGSkgBxXZLSAHZBkxIAcEPTUgB3SBOSQG6aAginjVd
729=AGgBAQECAFDUAkGIUUgBfANZMlIoKQBTKCkAVEgB2RFVSAHNBVZIAdknV0gB2SdYKCkAWU
730=gB0R9aSAHBBFtIAdUCXEgBySJdSAHdCl4oKQBfSAHJDGBIAdkyYUkBeXMFAgBiSQFAqQFj
731=SAHVAmRIAXECACKxJ12EAUkBZlQC1SMeUN0niQxeKGwZJykAISiBACIoKQAjKCkAJCgpAC
732=VIAdnMJkgByZAnSAHVeyhIAdEfKSgpACpIAdEfK0gBlBRpZF6EAV0VLVQCzX4uSAHRCS9I
733=AdEJMCgpADEoKQAySAHNBTNIAc0FNEgB2Sc1SAGPDAIANkgBaWQGaWReiWQHaGSpAQhqZF
734=4AzSY6TAXRCTtIAdEJPEgBzVI9SQFBYAsiqSZeKKomXgDBZ0BABMm8QUgB3QpCSAHdFUNI
735=AdFWREgBxc5FSAHN1kZIAdFsR0gBzVJISAHZdElIAScqQl4AJeUzS1QC2QZMSAHZBk1IAX
736=gVSS1OSAF8YkmFT8gBSYVQyAFJhVFIAc0FUigpAFMoKQBUSAHFP1VIAcFcVkgBzSZXKCkA
737=WCgpAFkoKQBaKCkAWygpAFxIAcktXUgBzRBeKCkAX0gBxSlgSAHZJ2FIASXxJGJIASV9MW
738=NIAdleZEgB3bplSAHfCh8AXygwDCcpACEoVQAiKCkAIygpACQoKQAlKCkAJkgBwQ8nSAHV
739=DShIAd0VKUgBxT8qSAHJFytIAdkRLCgpAC1JAbd7AgIALskBASJxQF/5UzBUAsktMUgB0Q
740=kySAF0Bk08M0gBxTQ0SAHRKjVIAcEENigpADdIAd2OOEgB1Tk5SAHJDDooKQA7SAHVDTxI
741=AdFWPUgB0VY+SAElmSQ/SQFBeA0ioiVfANm2QVUCQHQCIt4yXwDJWUNUAiWNM0RIAc1oRU
742=gBzWhGSAHRFEdIAcEaSEgBwXJJSAHVDUpIAdUNS0gB2QZMSAHZBk1IAWgQAQACAE5IAXBh
743=UYJPyAFRglDIAVGCUUgBzQVSSAElQSRTSAHVAlQoKQBVSAHVLlZIAdk9VygpAFhIAdEqWS
744=gpAFpIAc0FWygpAFxIAcktXUgB1Q1eKCkAX0kBQHsCAgBgSAElQSRhSAHZXmIoKQBjKCkA
745=ZEgBxbggQAfNBSEoKQAiKCkAIygpACQoKQAlKCkAJigpACdIAd0KKEgBxRMpSAFsFAEAAg
746=AqKCkAK0gB2TIsSAHFwy1IAXheVfQuyAFNlC9IAdEqMEgBySIxSAHdCjIoKQAzKCkANEkB
747=QGcEAgA1SAFlAQBtwGCEAUkBN1QCzXM4SAHZMjkoKQA6SAHVDTtIAcVVPEgB2VM9SAHZUz
748=5IAdFhP0gB0WFASQEufw0CAEFIAcFcQkgB2bZDSAF8AwEAAwBEKCkARUgB3VdGSAHRH0dI
749=AdkRSEgB1Q1JSAHVDUpIAcG/S0gB2QZMSAEn2QtgkA1RH05UAowBIpgkJ1UAUChVAFFIAc
750=U0UkgBxQhTSAHZBlQoKQBVKCkAVigpAFcoKQBYSAHJLVlIAdUYWkgB0QlbKCkAXCgpAF1I
751=AdVaXkgB2atfKCkAYEgB3VdhKCkAYigpAGMoKwAhAGH1vSIoKQAjKCkAJCgpACUoKQAmKC
752=kAJygpAChIAcm8KUgB1RgqSAHNJitIAcVKLCgpAC1IAc1dLkgB2QYvKCkAMCgpADEoKQAy
753=KCkAM0gByZA0SAHFCDUoKQA2KCkAN0gB0UA4SAHZETlIAdU5OkgB1Vo7SAHNUjxIAYsMAw
754=A9SAEloTs+SAHZXj9IAdleQEgBJYFYQUgBmxEDAEJIASUxIkNIAScCPWEAyQFFVALdYkZI
755=Ad1iRygpAEhIAdUNSSgpAEooKQBLSAHNEExIAdFLTUgB3StOSAGYEWFcYSblM1BUAt3bUU
756=gBySJSKCkAU0gBwQRUSAHRCVVIAdEJVigpAFcoKQBYSAEloSVZSAHNBVooKQBbKCkAXCgp
757=AF1IASXhIl5IAclZXygpAGAoKQBhKCkAYigrACIAYvVaIygpACQoKQAlKCkAJigpACcoKQ
758=AoSAHZtilIAckXKkgB0SorSAHBJSwoKQAtKCkALkgBzSYvKCkAMEgB2ScxSAHdCjJIAclk
759=M0gB3Qo0SAHFCDVIAdkGNkgB2QY3KCkAOEgBxRM5SAEnKQtiJglUO1QCmwYDADxIAYRgal
760=liACMkUiK/LmIAOWcEAwA/QQSFaAEi/mJiAM2qQVQCxVVCSAHNqkNIAckXREgB0RRFSAEl
761=BSJGSAEjCzMDAEdIAdUNSCgpAEkoKQBKSAGECCL9YmImbSRMVAKfFQIATUgBJU0gTkgBkA
762=lqWWIA1QJQVALJAVFIAcUpUigpAFMoKQBUSAHBJVVIAWAeTcBWKCkAV0gBzRtYSAHRCVlI
763=AdkyWigpAFtIAYsXAgBcSAHRCV1IAScoCydNCl9UAtVaYCgpAGEoKwAjAGP9VyQoKQAlKC
764=kAJigpACcoKQAoKCkAKUgBybEqSAHJQytIAdUYLCgpAC0oKQAuKCkALygpADBIAcElMUgB
765=zRsySAHdCjNIAd0KNCgpADUoKQA2SAHNJjcoKQA4SAHRNTlIAcHgOkgByU47SAEl2Sw8SA
766=GAD3FWYyZVNz5UAs1SP0gBzVJASAHdNkFIAcEPQigpAENIAd0VREgBzRtFSAHBD0ZIAd0K
767=RygpAEgoKQBJSAHFE0pJAUBoE3FWYybNO0xUAsW4TUgB1bJOSAHNy09IAcEEUEgBwQRRSA
768=HNXVJIAdEUUygpAFRIAc0mVUgBh3YCAFZIAWkQACI9YGMmPDQLWABjADEAAAAAAgBZAGMR
769=AABGDwAgCAAxAAAAAAIAWgBj6QFbKCkAXEoBNQBDAAIAXUkBekQBAQACAF5JAW2pAV8oKQ
770=BgKCgAASQAZADBBCUoKQAmKCkAJygpACgoKQApSQFwvQoqSQE+qQErSAHRFCwoKQAtKCkA
771=LigpAC8oKQAwSQE0pQgxSAFkAUkXMkgB3QozSAHdCjQoKQA1KCkANkkBNn8GAgA3SQE4qQ
772=E4SAFkAVEJOUkBIW8BAgA6SQGCqQE7SQElqQE8SQEnqQE9SQEjqQE+SQE7qQE/SQEzqQFA
773=SAHZEUEoKQBCKCkAQygpAEQoKQBFSAHFCEYoKQBHKCkASEgByThJSQEktQ1KSQEoqQFLSA
774=GbEQMATEgBjwUDAE1JASahBE5IAcEaT0kBPXcCAwBQSAHBBFFJASJ3AgIAUkkBOqkBU0gB
775=wTBUSAFwAk0mVSgpAFYoKQBXSAHZMlhIAdUuWSgpAFooKQBbSAHBJVwoKQBdSAGIF3pTZA
776=DFVV9UAichCmXuUiYAJykAJygpACgoKQApSQF0YxYCACpIAWQBSRcrSAHNGyxIAc0QLSgp
777=AC4oKQAvKCkAMCgpADFJATl3CQIAMkgBZAFdCjNIAd0KNEgB3Qo1SAHZJzZIAd1MN0kBg3
778=8GAgA4KCkAOUgBxTQ6SAHVOTtIAZcNAwA8SQGGuQY9SAGDBAIAPkgB1Q0/KCkAQCgpAEEo
779=KQBCKCkAQygpAEQoKQBFKCkARigpAEdIAdU5SCgpAElIAdE1SkkBgKUTS0gBkEBiUWUAmA
780=ZiUWUAg1wDAE5BBDdvBQMAT0gBwQRQSAGTCQMAUUgB2RxSSAHRKlNIAcUpVEgBYAhVLlVJ
781=AUFvAQIAVkgBZAFVAldJAbtvAQIAWMgBAQECAFnKAQICXqRlAGAEAQMCAFtUAskMXEgBmB
782=F+pGUA1Q1eVAJsCVwKAiYAZgBybwECACcoKQAoSAHdTClIAXwDTQUqSQE/bwECACtIAd0K
783=LEgB0TUtKCkALigpAC8oKQAwSAHZlTFIAWwJXQoyKCkAM0gByRc0SAHdCjVIAckXNkgB2T
784=I3SAGFCANKTmYAj0cDADlUAtkyOkgBmQYDUQNmXBtVBQJKTmYAwZ49QATVDT5IAdUNPygp
785=AEBIAdkcQSgpAEIoKQBDKCkAREgBxQhFKCkARkgBjxACAEdIAUUQAEUeSCgpAElJATx7Ag
786=IASkgB2aBLSQGJtQJMSAHFok1IAYwFa05mALhgBGhOqQEBbZ9mXBtYAmtOZgCGRAFVDVJY
787=Bp9XAgBTSAHRFFRIAZtTAgBVSAFoBU0FVigpAFdIAWVKBGlOZpFLBWhOqQEGaE6pAQdoTs
788=MPAgBcWAbRCV1JAUBsAXJLZwDXDSgAZ2wCfSApKCkAKigpACsoKQAsSAHJFy1IAc0xLkgB
789=1RgvSAHFSjBIAYMLAgAxKCkAMigpADNIAdk9NEgB0Qk1SAHFCDZIAcEwN0gB1S44SAGYBn
790=FLZ/l/OlQCmAZxS2fpLTxUAslkPUgB0RQ+SAHVDT9IAZsGAgBASAHdFUEoKQBCKCkAQygp
791=AERIAd0gRUgB0QlGSAHRCUdIAdEJSCgpAElIAdkGSkgBn2ICAEtIAc0xTEgB2WlNSAGQNX
792=FLZ5FLAnBLqQEDcUtnKHIJZwDN7FJYBs3sU0gB1Q1USAHRFFVIAcEPVkgBg78CAFdIAXFL
793=CHFLZ5FLCXBLqQEKcEupAQtxS2egD3BLJ+8IKABogB4BAAIAKSgpACooKQArKCkALCgpAC
794=0oKQAuSAGbaQIAL0gBm2kCADDIAVmrMUgBmIp54mi1vQJZAGhAjk0PAl6paADB4DVNBYNQ
795=AlkRNkgBySI3SQF/tQI4SAGUDXlIaPWROlQC3Uw7SAHRKjxIAcUIPUgBmAZ44ifFAz9UAn
796=gKVQ1ASQG+bwECAEHIAUkXQsgBRcNDyAFFw0TIAUl6RUgBdAZFCEYoKQBHKCkASCgpAEko
797=KQBKSAGQYXlIaEAgTwgCAExUAsFnTUgBxZdOSAHNG09IAYQpeUhoXHNYBm2UaFy1iQFSQA
798=TRH1NIAcUpVEgB3SBVSAHdIFZIAVEGAEkXV0gBeUgMeUhomUgNeEipAQ54SKkBD3tIaABA
799=fAZhRmliAQAAIh0laVTDVAFx2mlQO4oBLAAnKQAtKCkALkgB3W0vSAFgRl0rMMgBXSsxSA
800=HVIzJIAcG/M0gB1UQ0SAElQSQ1SAElySo2SQGFXA5ZETdIASfDCGkAQHQCYUZp/W06QATF
801=CDtJAUGhBDxIAdW9PUgBwSU+SAF8AwEAAgA/KCkAQEgBYEZRuUHIAVG5QsgBUblDyAFNc0
802=TIAU1zRUgBnxUCAEZIAd0KRygpAEhIAY88AgBJSAHNfkpIAdmgSygpAExIAcEETUgB1ZFO
803=SAHVkU9IAYyJYUZpvExhRmnhZ1JABNFLU0gB3SBUSAHdIFVIAc0xVkgBJ9wRJ+UHWFQC1R
804=hZKCkAWkgBkAlqQ2oAxwgrAGqzVgIALCgpAC1IAc08LkgB0QkvKCkAMCgpADFIAdEJMkgB
805=2UgzSAHFHjRIAZknA0HlauUeNlQC3WI3SQEtbAwiiy1qAIipATlUAt0gOkgBJVU3O0gB1X
806=A8SAEnvCMnQQM+VALBMD9IAcEwQEgBaENdr0HIAV2vQsgBUWxDyAFRbETIAVFsRUgBzRtG
807=SAHRCUdIAWwUVU9ISAHBBElIAd1BSkgB0cRLSAHVAkwoKQBNSAHdK05IAcWMT0gBxR5QSQ
808=FAbAxqQ2oAzWhSVALNBVNIAcElVEgB3SBVSAHJZFZIAWEIAGnSauWBWFQC1SNZKCsAKwBr
809=KBAIJykALShVAC5IAdkGL0gBI0gwYsprAMkBMVQCxT8ySAHRgjNIAcl6NEgBgCVxQGsoEQ
810=hr+V43QATVGDhIAcUIOUgByUM6SAHBBDtIAYRKItEra+mbPVQCyS0+KCkAP0gByS1ASAFw
811=QEmmQcgBARACAELIAQERAgBDyAEBEgIARMgBARMCAEVIAYgXfIMndQRHVALJIkhIAcEPSU
812=gB3SBKSAHBMEtIAcUITEgBzQVNKCkATkgB0UtPSAHNPFBIAd1BUUgB1WVSSQGCYAsi0itr
813=ANXIVFQCcAJZPVVIAYSMIpw1J3UEV1QCwQ9YKCsALABs5T8tSAHRVi5IAdUYL0gBzTEwSA
814=HZ1zFIAcEPMkgB3bozSAEjjSgDXDvcCnk9bFgBTxMDADZABNGYN0gBTQIAXRU4SAHFHjlI
815=Ac08OkgBzTw7SAHFEzxIAdUYPSgpAD4oKQA/SAEnugdsAHk9FCL8IKkBFXg9qQEWeD2pAR
816=d4PakBGHk9bPGjRlAJ1Q1HKCkASEgByQxJSAFw5VUYSskBASL+IGwAwTBMVALFCE0oKQBO
817=KCkAT0gBxT9QSAHJplFIAZMfAwBSSAGDBAMAU0gB0UBUSAHNMVVIAc0xVkgBwQ9XSAHPJi
818=0AbSYtJy5IAdkGL0gBzXMwSQFBcTEDTUFt/fEyVALJbzNIAcFRNEgBiFlhO20kuChgOyfZ
819=ADdABNkROEgBeApVIzlIAYAaIuFObb1BAlCSI6hIcUA8QASfCgIAPUgBzSY+KCkAPygpAE
820=BIAYgiYDsnBQFCVALVDUNIAcX6REgB1QJFSAHJDEZIAckMRygpAEhIASdhB20koDAi8Dqp
821=AQNgOye1AUxMBdEJTUgB0QlOKCkAT0gB0QlQSAEnYQdtqENhO21AYkwTYTtto6kDAFRMBY
822=8bAwBVSAHZPVZIAd82LgBuRCSZBi9IAdniMEgBxTQxSAGTHwMAMkgBxQgzSAHZPTRJAUBB
823=CABpOG79rzZVAod0AiLtVW4mIUE4VALdNjlIAcVKOigpADtIAc3APEgBwQQ9SAHJIj4oKQ
824=A/SAHBBEBIAcWMQUgBfQ4AbXNuhAFJAUNUAt0rREgBxa1FSAHdCkYoKQBHKCkASCgpAElI
825=AYQpaDgnXQFLVAKMlCJtL26jMAIATVQC3QpOKCkAT0gBJwsHbgB+bxMCAFFUAtUuUkgBJT
826=EiU0gBwTBUSAGUcGk4brTTAgMALwBv5WswSAHNMTFIAYD2cTVv7TEzVALNMTRIAckMNUgB
827=0aM2SAHZMjdIAdUjOEgB3RU5SAF4FUUpOigpADsoKQA8KCkAPUgByS0+SAHZMj9IAcUIQC
828=gpAEEoKQBCKCkAQ0gBxQhESAHFKUUoKQBGKCkARygpAEgoKQBJSAHJF0pIAcEPSygpAEwo
829=KQBNSAHVDU5IAdUNT0gBxQhQSAHBylFIAc0mUkgBnGJ+5m8AwQRUVALfNjAAcPE1MUgBkA
830=l5MnAmDUQzVALVLjRIAdUuNSgpADZIAdkRNygpADhIAZMJAgA5SQG3cBt6oHAAaQEBeKAj
831=DGa4oCcpAD1NBUCtBT5IAWUBACK4MyeBAEAoVQBBSAHFE0JIAcUTQ0gB2RFEKCkARSgpAE
832=YoKQBHKCkASCgpAEkoKQBKSAHdCksoKQBMKCkATUgB1XtOKCkATygpAFBIAcmFUUgB0QlS
833=SAHRFFNIAcd2MQBx7csySAEl0SAzSAHFPzRIAdUNNSgpADZIAdEJNygpADhIAScBBnGVLg
834=JgMKgBXbo7QATdKzwoKQA9KCkAPigpAD8oKQBASAHVLkFIAdkRQigpAENIAdkRRCgpAEUo
835=KQBGKCkARygpAEgoKQBJKCkASkgByQxLSAHdCkxIAcV2TUgB1RhOKCkATygpAFAoKQBRSA
836=GMlCIBaXH7oDIAcuG/M0gBgJMiLEgjHF15UzVUAskMNkgBzTE3SAHFEzhIAcUTOUgBzTw6
837=KCkAOygpADxIAdk9PUgB3Qo+KCkAPygpAEBJAUBkBGj+JzkCQlQCcQIAIi0ncibVJkRUAs
838=0QRSgpAEYoKQBHKCkASCgpAElIAdVESkgB3QpLSQFAbAF8xSfhAU1UAs2JTkgBfAMBAAIA
839=TygpAFAoKQBRKCsAMwBzJukjNEgB2QY1KCkANkgB1S43SAHBBDhIAcktOUgBzRs6KCkAOy
840=gpADwoKQA9SAHBMD5IAcktP0gB3QpAKCkAQSgpAEIoKQBDSAHVRERIAc08RUgBzRBGKCkA
841=RygpAEhIAc0FSUgB2VNKSAHBD0soKQBMSAHNaE1IAd0KTkgByRdPKCkAUEgB1hg0ACMUZ6
842=5SdADF+jZUAsk4N0gB1Q04SAEn+gR0AMkMOlQCyQE7KCkAPCgpAD0oKQA+KCkAP0gBzRBA
843=SAHJDEEoKQBCKCkAQygoAAhEAHQAAAAAAAACABEAAAwESwgJRQB0ADoAAAAAAgBGSgExAE
844=MAAgBHSQE0RAFVAkhIAWQBSQFJKCkASigpAEsoKQBMSQE6cwUCAE1IAdEJTigpAE8oKwA1
845=AHVkBWEPNkkBQHMBAgA3SAFkAQEAAgA4SAHRCTlIAdEJOigpADsoKQA8KCkAPSgpAD4oKQ
846=A/KCkAQEkBNW8MAgBBSAFkAVUNQkkBO28BAgBDSAHBBERIAXACQQRFSQE+bAFiJXUA2RFH
847=VALJAUhIAdkGSUgBaAVZBkpJAT9vAQIAS0kBM6kBTEgB2QZNKCkATigrADYAdmQFdSM3KC
848=kAOEgBJ0kEdu0QOlQC0Qk7KCkAPCgpAD0oKQA+KCkAPygpAEBJATh8DWgiJ+EBQlQCxR5D
849=SAHJDERJATmtBUVIAWQBWRxGSAHNBUdJATZ7AgIASEgB3QpJSAFwAk0FSigpAEtIAcEaTE
850=gByQxNKCsANwB3lAZZBjhIAckMOUgBzQU6KCkAOygpADwoKQA9SAHZET4oKQA/SAHFE0BI
851=AYwMcB8ntQFCKFUAQ0kBPGcEAgBESQG8qQFFyQEBfkF3AHUCAmBnqQEDcB8nMQFJTAV0Bl
852=UYSigpAEtIASfxA3f3OTgAeIgFTQU5SAHBBDpIAcUeOygpADxIAdl0PUgBnwYCAD4oKQA/
853=KCkAQEkBPWQEeBwniQFCVAIn2gt4ANEJRFQCYBoBBAIARckBBXkceJkcBngcqQEHeBwnMQ
854=FJTAVkDEkXSigpAEtIAdQYATkAeQDJATpIASdBA3nxHzxUAtkyPUgB0Qk+KCkAPygpAEBI
855=AdEJQUgBxWtCSAHdCkNIASdBA3mJFwhgGqkBCWAaqQEKYBqpAQthGnmcDlUYSUQIjwECAE
856=ooKAABOgB6AMVKO0gB3RU8SAHNBT0oKQA+SAHZfz9JATdnBAIAQEgB0RRBKCkAQigpAENI
857=ASfpAnqJFwxoF6kBDWgXqQEOaBepAQ9qF3oA1TlJRAjLIjsAe3kOAEEaPCgpAD0oKQA+KC
858=kAP0kBfXQFcRR7SElMAWFGe+UeQkAE0R9DKCkAREgBJ1AQJ7UBRlQCXAdhD0coKQBISQFA
859=eAICAgA8AHxgAWEEPSgpAD4oKQA/SQFBaAR5EXxcZUwBexF8AG9EAQEAAgBCQATJAUNJAX
860=G1AkRIAWQBQQRFKCkARigpAEdIAcAlAT0AfQDZtj5IAZMXAgA/SAHdCkBJAW10CWIPfQDJ
861=AUIoVQBDKCkAREgB2QZFSAHZEUZIAWAIWBEBPgB+AMElP0gBjK1tG379CkFUAieIASdVAE
862=MoVQBEKCkARSgrAD8Af+UIQCgpAEEoKQBCKCkAQygpAEQoKwBAAIDlCEEoKQBCKCkAQygr
863=AEEAgewFCEIAgQBtAAAAAAIAEQAA

[Lighting]
Red=0.300000
Blue=0.100000
Green=0.200000
Level=0.032000
Ground=0.000000
IonRed=1.000000
Ambient=1.000000
IonBlue=1.000000
IonGreen=1.000000
IonLevel=0.032000
IonGround=0.000000
IonAmbient=1.000000
DominatorRed=0.850000
DominatorBlue=0.300000
DominatorGreen=0.200000
DominatorLevel=0.000000
DominatorGround=0.000000
DominatorAmbient=1.500000
DominatorAmbientChangeRate=0.009000

[Map]
Size=0,0,65,65
Theater=LUNAR
LocalSize=1,4,63,58

[Neutral]
IQ=0
Edge=North
Color=Grey
Allies=Neutral
Country=Neutral
Credits=0
NodeCount=0
TechLevel=1
PercentBuilt=0
PlayerControl=no

[Nod]
IQ=0
Edge=North
Color=Gold
Allies=Nod
Country=Nod
Credits=0
NodeCount=0
TechLevel=1
PercentBuilt=0
PlayerControl=no

[NorthKorea]
IQ=0
Edge=North
Color=DarkRed
Allies=NorthKorea
Country=NorthKorea
Credits=0
NodeCount=0
TechLevel=1
PercentBuilt=0
PlayerControl=no

[OverlayDataPack]
1=BQAAIP4AIP+ADAAAIP5NFv+BAP+yCWYOgBUAACD+Ogb/gQD/EwwxAP7sC///xgFEDIArAA
2=Ag/mgK/4EA/8sDsgb/twNoCv8IBBcK/1MC8RECCP/3AT4W/wgENA7+uAH/gDoAACD+UgD/
3=gQD+2QP/c9oQCv/aA1IA/zACBgL/4ANMAP8eAioAyywE//wFTgT//QNFFP/pAToK/84DTB
4=CAEAAAIP4cAP+BAP4lHP//vgMcAIAVAAAg/jsE/4EA/hQK//8VCjsE/5sHgAyABQAAIP4A
5=IP+ABQAAIP4AIP+ABQAAIP4AIP+ABQAAIP4AIP+ABQAAIP4AIP+ABQAAIP4AIP+ABQAAIP
6=4AIP+ABQAAIP4AIP+ABQAAIP4AIP+ABQAAIP4AIP+ABQAAIP4AIP+ABQAAIP4AIP+ABQAA
7=IP4AIP+ABQAAIP4AIP+ABQAAIP4AIP+ABQAAIP4AIP+ABQAAIP4AIP+ABQAAIP4AIP+ABQ
8=AAIP4AIP+ABQAAIP4AIP+ABQAAIP4AIP+ABQAAIP4AIP+ABQAAIP4AIP+ABQAAIP4AIP+A
9=BQAAIP4AIP+A

[OverlayPack]
1=BQAAIP4AIP+AEQAAIP5NFv+Brf7nB/+B9P7KAf+AFwAAIP46Bv+BqP4JBv+Bq/71Ef+BrP
2=7FAf+AMQAAIP5oCv+Bqv62A/+Bqf4UAP+Br/4HBP+BqP4BBP+B9v8KAjcU0h8O/uIB/4H0
3=/r8F/4BWAAAg/lIA/4Gu/tkD/4H5/gkA/4GsyikE/vYF/4H2/g8A/4H4/xEEOQb+5gH/gf
4=X+CQD/gar+7wX//wcCTBD/9gFMDv4QAP+Bq/4PAP+Bqf/fA2QU/scB/4ARAAAg/hwA/4Gt
5=/iUc/4H4/r0D/4AXAAAg/jsE/4Gs/hQK/4Gr/uQL/4Go/soF/4AFAAAg/gAg/4AFAAAg/g
6=Ag/4AFAAAg/gAg/4AFAAAg/gAg/4AFAAAg/gAg/4AFAAAg/gAg/4AFAAAg/gAg/4AFAAAg
7=/gAg/4AFAAAg/gAg/4AFAAAg/gAg/4AFAAAg/gAg/4AFAAAg/gAg/4AFAAAg/gAg/4AFAA
8=Ag/gAg/4AFAAAg/gAg/4AFAAAg/gAg/4AFAAAg/gAg/4AFAAAg/gAg/4AFAAAg/gAg/4AF
9=AAAg/gAg/4AFAAAg/gAg/4AFAAAg/gAg/4AFAAAg/gAg/4AFAAAg/gAg/4AFAAAg/gAg/4
10=A=

[Russians]
IQ=0
Edge=North
Color=DarkRed
Allies=Russians
Country=Russians
Credits=0
NodeCount=0
TechLevel=1
PercentBuilt=0
PlayerControl=no

[Scorpion]
IQ=0
Edge=North
Color=ThirdLoad
Allies=Scorpion
Country=Scorpion
Credits=0
NodeCount=0
TechLevel=1
PercentBuilt=0
PlayerControl=no

[Special]
IQ=0
Edge=North
Color=Grey
Allies=Special
Country=Special
Credits=0
NodeCount=0
TechLevel=1
PercentBuilt=0
PlayerControl=no

[SpecialFlags]
Inert=no
FogOfWar=no
IonStorms=no
MCVDeploy=no
Meteorites=no
Visceroids=yes
FixedAlliance=no
TiberiumGrows=yes
InitialVeteran=no
HarvesterImmune=no
TiberiumSpreads=yes
TiberiumExplosive=no
DestroyableBridges=yes

[Structures]
0=Neutral,CAPOWR,256,45,98,64,None,1,0,1,0,0,None,None,None,0,0
1=Neutral,CAPOWR,256,22,61,64,None,1,0,1,0,0,None,None,None,0,0
2=Neutral,CAPOWR,256,51,44,64,None,1,0,1,0,0,None,None,None,0,0
3=Neutral,CAPOWR,256,72,18,64,None,1,0,1,0,0,None,None,None,0,0
4=Neutral,CAPOWR,256,86,35,64,None,1,0,1,0,0,None,None,None,0,0
5=Neutral,CAPOWR,256,109,71,64,None,1,0,1,0,0,None,None,None,0,0
6=Neutral,CAPOWR,256,95,86,64,None,1,0,1,0,0,None,None,None,0,0
7=Neutral,CAPOWR,256,59,113,64,None,1,0,1,0,0,None,None,None,0,0
8=Neutral,CAEXPS,256,65,68,64,None,1,0,1,0,0,None,None,None,0,0
9=Neutral,CAEXPS,256,69,64,64,None,1,0,1,0,0,None,None,None,0,0
10=Neutral,CAEXPS,256,72,71,64,None,1,0,1,0,0,None,None,None,0,0

[TaskForces]

[UriArmy]
IQ=0
Edge=North
Color=ThirdLoad
Allies=UriArmy
Country=UriArmy
Credits=0
NodeCount=0
TechLevel=1
PercentBuilt=0
PlayerControl=no

[Waypoints]
0=68020
1=44043
2=19064
3=42089
4=65111
5=93089
6=113067
7=90044

[YuriCountry]
IQ=0
Edge=North
Color=ThirdLoad
Allies=YuriCountry
Country=YuriCountry
Credits=0
NodeCount=0
TechLevel=1
PercentBuilt=0
PlayerControl=no



[Digest]
1=IGaoXgQBbAKkHwBTyclLnRO8KlE=


 